01-19 17:17:31.193  5249  5761 W InputManager-JNI: Input channel object 'c3ac0a5 PopupWindow:b683a7f (client)' was disposed without first being removed with the input manager!
01-19 17:17:31.194  5249  5761 D InputTransport: Input channel destroyed: 'c3ac0a5', fd=642
01-19 17:17:31.194  5599  5670 I ViewRootImpl@16b766[test]: setView = android.widget.FrameLayout@290bafd TM=true
01-19 17:17:31.197  3761  3761 D InputTransport: Input channel destroyed: 'c3ac0a5', fd=119
01-19 17:17:31.197  5249  5548 V WindowManager: Relayout Window{80f88f7 u0 Splash Screen com.myapp.alist.test}: viewVisibility=0 req=1080x2340 d0
01-19 17:17:31.198  4945  4965 I SurfaceFlinger: id=4437 createSurf (1080x2340),-3 flag=40004, Splash Screen com.myapp.alist.test$_5599#0
01-19 17:17:31.200  5249  5548 V WindowManager: Relayout hash=80f88f7, pid=5599: mAttrs={(0,0)(fillxfill) sim={adjust=pan} ty=APPLICATION_STARTING fmt=TRANSLUCENT
01-19 17:17:31.200  5249  5548 V WindowManager:   fl=81030118
01-19 17:17:31.200  5249  5548 V WindowManager:   pfl=36000010
01-19 17:17:31.200  5249  5548 V WindowManager:   apr=LIGHT_STATUS_BARS LIGHT_NAVIGATION_BARS
01-19 17:17:31.200  5249  5548 V WindowManager:   bhv=DEFAULT
01-19 17:17:31.200  5249  5548 V WindowManager:   fitSides= naviIconColor=0}
01-19 17:17:31.202  5599  5670 I ViewRootImpl@16b766[test]: Relayout returned: old=(0,0,1080,2340) new=(0,0,1080,2340) req=(1080,2340)0 dur=6 res=0x7 s={true 527950311424} ch=true fn=-1
01-19 17:17:31.203  5599  5670 I ViewRootImpl@16b766[test]: [DP] dp(1) 0 android.view.ViewRootImpl.reportNextDraw:11442 android.view.ViewRootImpl.performTraversals:4198 android.view.ViewRootImpl.doTraversal:2924
01-19 17:17:31.203  5599  5797 D OpenGLRenderer: eglCreateWindowSurface
01-19 17:17:31.203  5599  5670 D ViewRootImpl@16b766[test]: Creating frameDrawingCallback nextDrawUseBlastSync=false reportNextDraw=true hasBlurUpdates=false
01-19 17:17:31.203  5599  5670 D ViewRootImpl@16b766[test]: Creating frameCompleteCallback
01-19 17:17:31.203  3761  3761 D LifecycleMonitor: Lifecycle status change: com.myapp.alist.ui.MainActivity@1e4a9e8 in: PAUSED
01-19 17:17:31.203  3761  3761 V ActivityScenario: Update currentActivityStage to PAUSED, currentActivity=com.myapp.alist.ui.MainActivity@1e4a9e8
01-19 17:17:31.203  5599  6320 D ViewRootImpl@16b766[test]: Received frameDrawingCallback frameNum=1. Creating transactionCompleteCallback=false
01-19 17:17:31.208  5599  5797 D ViewRootImpl@16b766[test]: Received frameCompleteCallback  lastAcquiredFrameNum=1 lastAttemptedDrawFrameNum=1
01-19 17:17:31.208  5599  5670 I ViewRootImpl@16b766[test]: [DP] pdf(0) 0 android.view.ViewRootImpl.lambda$addFrameCompleteCallbackIfNeeded$3$ViewRootImpl:5000 android.view.ViewRootImpl$$ExternalSyntheticLambda16.run:6 android.os.Handler.handleCallback:938
01-19 17:17:31.208  5599  5670 I ViewRootImpl@16b766[test]: [DP] rdf()
01-19 17:17:31.208  5599  5670 D ViewRootImpl@16b766[test]: reportDrawFinished (fn: -1)
01-19 17:17:31.209  5249  5548 D InputDispatcher: Focused application set to (0): 336a61b
01-19 17:17:31.210  4945  4945 I Layer   : id=4431 removeFromCurrentState PopupWindow:b683a7f$_3761#0 (111)
01-19 17:17:31.210  4945  4945 I Layer   : id=4428 removeFromCurrentState c3ac0a5 PopupWindow:b683a7f#0 (111)
01-19 17:17:31.210  4945  4945 I SurfaceFlinger: id=4428 Removed c3ac0a5 PopupWindow:b683a7f#0 (111)
01-19 17:17:31.210  4945  4945 I SurfaceFlinger: id=4431 Removed PopupWindow:b683a7f$_3761#0 (111)
01-19 17:17:31.211  4945  4945 I Layer   : id=4428 Destroyed c3ac0a5 PopupWindow:b683a7f#0
01-19 17:17:31.213  4945  4945 I Layer   : id=4431 Destroyed PopupWindow:b683a7f$_3761#0
01-19 17:17:31.216  4945  4945 D SurfaceFlinger: Display 0 HWC layers:
01-19 17:17:31.216  4945  4945 D SurfaceFlinger:      DEVICE | 0x759a59cec0 | 0102 | RGBA_8888    |    0.0    0.0 1080.0 2340.0 |    0    0 1080 2340 | com.myapp.alist/com.myapp.alist.ui.MainActivity$_3761#0
01-19 17:17:31.216  4945  4945 D SurfaceFlinger:      DEVICE | 0x759a4c04c0 | 0100 | RGBA_8888    |    0.0    0.0 1080.0   78.0 |    0    0 1080   78 | StatusBar$_5599#0
01-19 17:17:31.216  4945  4945 D SurfaceFlinger:      DEVICE | 0x759a4bfac0 | 0100 | RGBA_8888    |    0.0    0.0   67.0  362.0 | 1013 1637 1080 1999 | com.samsung.android.app.cocktailbars[...]rservice.CocktailBarService$_12823#0
01-19 17:17:31.216  4945  4945 D SurfaceFlinger:      DEVICE | 0x7579018900 | 0100 | RGBA_8888    |    0.0    0.0 1080.0  126.0 |    0 2214 1080 2340 | NavigationBar0$_5599#0
01-19 17:17:31.216  4945  4945 D SurfaceFlinger:      DEVICE | 0x759a4bdcc0 | 0140 | RGBA_8888    |    0.0    0.0 1080.0  151.0 |    0    0 1080  151 | ScreenDecorOverlay$_5599#0
01-19 17:17:31.216  4945  4945 D SurfaceFlinger:      DEVICE | 0x7564e1ba00 | 0140 | RGBA_8888    |    0.0    0.0 1080.0  151.0 |    0 2189 1080 2340 | ScreenDecorOverlayBottom$_5599#0
01-19 17:17:31.216  4945  4945 D SurfaceFlinger:
01-19 17:17:31.222  5599  5599 D FullscreenTaskListener: Fullscreen Task Appeared: #54, caller=com.android.wm.shell.ShellTaskOrganizer.onTaskAppeared:387 com.android.wm.shell.ShellTaskOrganizer.onTaskAppeared:376 android.window.TaskOrganizer$1.lambda$onTaskAppeared$4$TaskOrganizer$1:297
01-19 17:17:31.222  3761  3761 I ViewRootImpl@e1b2006[MainActivity]: handleAppVisibility mAppVisible=true visible=false
01-19 17:17:31.228  4945  4945 I Layer   : id=4438 Destroyed Screenshot Parent
01-19 17:17:31.231  3761  3787 D OpenGLRenderer: setSurface called with nullptr
01-19 17:17:31.231  3761  3787 D OpenGLRenderer: setSurface() destroyed EGLSurface
01-19 17:17:31.231  3761  3787 D OpenGLRenderer: destroyEglSurface
01-19 17:17:31.231  5249  5262 D InputDispatcher: Focus left window (0): ed0c352 com.myapp.alist/com.myapp.alist.ui.MainActivity
01-19 17:17:31.232  5249  5524 D NetdEventListenerService: DNS Requested by : 104, 1000, 0
01-19 17:17:31.233  4945  4965 I SurfaceFlinger: id=4439 createSurf (0x0),-1 flag=24000, Surface(name=1e58e32 StatusBar)/@0xf9f1b57 - animation-leash of insets_animation#1
01-19 17:17:31.234  4945  4965 I SurfaceFlinger: id=4440 createSurf (0x0),-1 flag=24000, Surface(name=9c44ca3 NavigationBar0)/@0x49015f3 - animation-leash of insets_animation#1
01-19 17:17:31.236  5599  5670 D InsetsSourceConsumer: ensureControlAlpha: for ITYPE_NAVIGATION_BAR on Splash Screen com.myapp.alist.test
01-19 17:17:31.237  5599  5670 D InsetsSourceConsumer: ensureControlAlpha: for ITYPE_STATUS_BAR on Splash Screen com.myapp.alist.test
01-19 17:17:31.238  5249  5754 V WindowManager: Relayout Window{ed0c352 u0 com.myapp.alist/com.myapp.alist.ui.MainActivity}: viewVisibility=8 req=1080x2340 d0
01-19 17:17:31.240  5249  5754 V WindowManager: Relayout hash=ed0c352, pid=3761: mAttrs={(0,0)(fillxfill) sim={adjust=resize forwardNavigation} ty=BASE_APPLICATION wanim=0x1030303
01-19 17:17:31.240  5249  5754 V WindowManager:   fl=81810100
01-19 17:17:31.240  5249  5754 V WindowManager:   pfl=12020040
01-19 17:17:31.240  5249  5754 V WindowManager:   vsysui=500
01-19 17:17:31.240  5249  5754 V WindowManager:   apr=LIGHT_NAVIGATION_BARS
01-19 17:17:31.240  5249  5754 V WindowManager:   bhv=DEFAULT
01-19 17:17:31.240  5249  5754 V WindowManager:   fitSides= naviIconColor=0
01-19 17:17:31.240  5249  5754 V WindowManager:   sfl=100000}
01-19 17:17:31.243  4945  4945 I Layer   : id=4432 removeFromCurrentState Surface(name=1e58e32 StatusBar)/@0xf9f1b57 - animation-leash of insets_animation#0 (111)
01-19 17:17:31.243  3761  3761 I ViewRootImpl@e1b2006[MainActivity]: Relayout returned: old=(0,0,1080,2340) new=(0,0,1080,2340) req=(1080,2340)8 dur=8 res=0x5 s={false 0} ch=true fn=102
01-19 17:17:31.243  4945  4945 I Layer   : id=4433 removeFromCurrentState Surface(name=9c44ca3 NavigationBar0)/@0x49015f3 - animation-leash of insets_animation#0 (111)
01-19 17:17:31.243  4945  4945 I SurfaceFlinger: id=4432 Removed Surface(name=1e58e32 StatusBar)/@0xf9f1b57 - animation-leash of insets_animation#0 (111)
01-19 17:17:31.243  4945  4945 I SurfaceFlinger: id=4433 Removed Surface(name=9c44ca3 NavigationBar0)/@0x49015f3 - animation-leash of insets_animation#0 (111)
01-19 17:17:31.244  4945  4945 I Layer   : id=4432 Destroyed Surface(name=1e58e32 StatusBar)/@0xf9f1b57 - animation-leash of insets_animation#0
01-19 17:17:31.244  4945  4945 I Layer   : id=4433 Destroyed Surface(name=9c44ca3 NavigationBar0)/@0x49015f3 - animation-leash of insets_animation#0
01-19 17:17:31.246  3761  3761 I ViewRootImpl@e1b2006[MainActivity]: MSG_WINDOW_FOCUS_CHANGED 0 1
01-19 17:17:31.248  4945  4945 D SurfaceFlinger: Display 0 HWC layers:
01-19 17:17:31.248  4945  4945 D SurfaceFlinger:      DEVICE | 0x7564e1b140 | 0100 | RGBA_8888    |    0.0    0.0 1080.0 2340.0 |    0    0 1080 2340 | Splash Screen com.myapp.alist.test$_5599#0
01-19 17:17:31.248  4945  4945 D SurfaceFlinger:      DEVICE | 0x759a4c04c0 | 0100 | RGBA_8888    |    0.0    0.0 1080.0   78.0 |    0    0 1080   78 | StatusBar$_5599#0
01-19 17:17:31.248  4945  4945 D SurfaceFlinger:      DEVICE | 0x759a4bfac0 | 0100 | RGBA_8888    |    0.0    0.0   67.0  362.0 | 1013 1637 1080 1999 | com.samsung.android.app.cocktailbars[...]rservice.CocktailBarService$_12823#0
01-19 17:17:31.248  4945  4945 D SurfaceFlinger:      DEVICE | 0x7579018900 | 0100 | RGBA_8888    |    0.0    0.0 1080.0  126.0 |    0 2214 1080 2340 | NavigationBar0$_5599#0
01-19 17:17:31.248  4945  4945 D SurfaceFlinger:      DEVICE | 0x759a4bdcc0 | 0140 | RGBA_8888    |    0.0    0.0 1080.0  151.0 |    0    0 1080  151 | ScreenDecorOverlay$_5599#0
01-19 17:17:31.248  4945  4945 D SurfaceFlinger:      DEVICE | 0x7564e1ba00 | 0140 | RGBA_8888    |    0.0    0.0 1080.0  151.0 |    0 2189 1080 2340 | ScreenDecorOverlayBottom$_5599#0
01-19 17:17:31.248  4945  4945 D SurfaceFlinger:
01-19 17:17:31.250  5599  5599 D NavigationBar: onSystemBarAttributesChanged() -  displayId:0, appearance:24 (APPEARANCE_LIGHT_STATUS_BARS APPEARANCE_LIGHT_NAVIGATION_BARS ), navbarColorManagedByIme:false
01-19 17:17:31.252  5599  5599 D SecLightBarControlHelper: updateStatus(BLACK icon) NumLightStacks:1, NumStacks:1, IndexLightStack:0, StatusBarMode:0, StatusBarState:SHD, NeedDarkFontFromWallpaper:false, isWhiteKeyguardStatusBarBySettings:false
01-19 17:17:31.256  3910  3910 I DecorView: [INFO] isPopOver=false, config=true
01-19 17:17:31.256  3910  3910 I DecorView: updateCaptionType >> DecorView@d850b6c[], isFloating=false, isApplication=true, hasWindowControllerCallback=true, hasWindowDecorCaption=false
01-19 17:17:31.256  3910  3910 D DecorView: setCaptionType = 0, this = DecorView@d850b6c[]
01-19 17:17:31.257  5249  6708 I MediaSessionMonitor: Media session stopped : controllerList empty
01-19 17:17:31.257 12823 12823 I Utils   : HomePackage : com.sec.android.app.launcher, resumePackageName : com.myapp.alist.test
01-19 17:17:31.259  3910  3910 I DecorView: getCurrentDensityDpi: from real metrics. densityDpi=420 msg=resources_loaded
01-19 17:17:31.268  3910  3910 I MSHandlerLifeCycle: isMultiSplitHandlerRequested: ignored. pkg=com.myapp.alist.test parent=null callers=com.android.internal.policy.DecorView.setVisibility:4295 android.app.ActivityThread.handleResumeActivity:5383 android.app.servertransaction.ResumeActivityItem.execute:54 android.app.servertransaction.ActivityTransactionItem.execute:45 android.app.servertransaction.TransactionExecutor.executeLifecycleState:176
01-19 17:17:31.268  3910  3910 I MSHandlerLifeCycle: removeMultiSplitHandler: no exist. decor=DecorView@d850b6c[]
01-19 17:17:31.268  3761  3761 I ViewRootImpl@e1b2006[MainActivity]: stopped(true) old=false
01-19 17:17:31.269  5249  7671 V WindowManager: Relayout Window{1d9a2ce u0 NotificationShade}: viewVisibility=4 req=1080x2340 d0
01-19 17:17:31.271  3761  3761 D LifecycleMonitor: Lifecycle status change: com.myapp.alist.ui.MainActivity@1e4a9e8 in: STOPPED
01-19 17:17:31.271  5249  7671 V WindowManager: Relayout hash=1d9a2ce, pid=5599: mAttrs={(0,0)(fillxfill) gr=TOP CENTER_VERTICAL sim={adjust=resize} layoutInDisplayCutoutMode=always ty=2040 fmt=TRANSLUCENT
01-19 17:17:31.271  5249  7671 V WindowManager:   fl=81840048
01-19 17:17:31.271  5249  7671 V WindowManager:   pfl=1b000000
01-19 17:17:31.271  5249  7671 V WindowManager:   vsysui=2000
01-19 17:17:31.271  5249  7671 V WindowManager:   apr=LIGHT_STATUS_BARS
01-19 17:17:31.271  5249  7671 V WindowManager:   bhv=SHOW_TRANSIENT_BARS_BY_SWIPE naviIconColor=0
01-19 17:17:31.271  5249  7671 V WindowManager:   sfl=42000}
01-19 17:17:31.271  5599  5599 I ViewRootImpl@7de5e0e[NotificationShade]: Relayout returned: old=(0,0,1080,2340) new=(0,0,1080,2340) req=(1080,2340)4 dur=3 res=0x1 s={false 0} ch=false fn=-1
01-19 17:17:31.272  3761  3761 V ActivityScenario: Update currentActivityStage to STOPPED, currentActivity=com.myapp.alist.ui.MainActivity@1e4a9e8
01-19 17:17:31.273  5599  5599 D KeyguardBottomAreaShortcutView: updateCameraVisibility isCameraDisabled:false visible:true
01-19 17:17:31.273  5249  7671 D InputTransport: Input channel constructed: '84dffa6', fd=647
01-19 17:17:31.273  5249  7671 D InputTransport: Input channel constructed: '84dffa6', fd=651
01-19 17:17:31.274  5599  5599 D KeyguardBottomAreaShortcutView: mIndicationArea margin start : 163, end : 163, bottom : 150
01-19 17:17:31.274  5249  7671 D InputTransport: Input channel constructed: '84dffa6', fd=660
01-19 17:17:31.274  4945  4965 I SurfaceFlinger: id=4441 createSurf (0x0),-1 flag=80004, 84dffa6 com.myapp.alist.test/androidx.test.core.app.InstrumentationActivityInvoker$EmptyActivity#0
01-19 17:17:31.275  5599  5599 D QS      : setQSExpansion 0.0 -110.774994
01-19 17:17:31.275  5599  5599 D QS      : setQSExpansion 0.0 -110.774994
01-19 17:17:31.277  5249  7671 D InputTransport: Input channel destroyed: '84dffa6', fd=660
01-19 17:17:31.278  5599  5599 D IndicatorGardenInputProperty: updateRotation() prv:-1 >> new:0
01-19 17:17:31.279  5599  5599 D DeviceState: getDeviceResolutionPixelSize - currentDensity = 420 deviceDensity = 420 initialDisplaySizeFactor = 1080 currentDisplaySizeFactor = 1080 initialDisplayDensity = 420 proportionalDensity = 420 proportionalPixel = 0
01-19 17:17:31.279  5599  5599 D DeviceState: getDeviceResolutionPixelSize - currentDensity = 420 deviceDensity = 420 initialDisplaySizeFactor = 1080 currentDisplaySizeFactor = 1080 initialDisplayDensity = 420 proportionalDensity = 420 proportionalPixel = 0
01-19 17:17:31.279  5599  5599 D DeviceState: getDeviceResolutionPixelSize - currentDensity = 420 deviceDensity = 420 initialDisplaySizeFactor = 1080 currentDisplaySizeFactor = 1080 initialDisplayDensity = 420 proportionalDensity = 420 proportionalPixel = 0
01-19 17:17:31.279  5599  5599 E IndicatorGardenAlgorithmBasicCutout: NOT MATCH !!!! resourceHeight:78, cutoutHeight:83 ([IndicatorGardenInputProperty]  Rotation(0-0,90-1,180-2,270-3)0, Density:2.625, ScreenWidthSize:1080, CoverSidePadding:0, mIndicatorGardenCenterOffset:11, mCameraCutoutCropSize:80, mGardenPaddingStart:21, mIndicatorCornerPadding:0, mCameraSidePadding:0, mCameraTopMargin:0, DpCutout:DisplayCutout{insets=Rect(0, 83 - 0, 0) waterfall=Insets{left=0, top=0, right=0, bottom=0} boundingRect={Bounds=[Rect(0, 0 - 0, 0), Rect(443, 0 - 637, 83), Rect(0, 0 - 0, 0), Rect(0, 0 - 0, 0)]} cutoutPathParserInfo={CutoutPathParserInfo{displayWidth=1080 displayHeight=2340 density={2.625} cutoutSpec={M36.95,0C26.35,0,24.15,3.8,23.15,9.8 l-0.1,0.7c-1.7,9.6-9.3,17.2-18.9,18.9c-12.7,2.2-24.8-6.2-27-18.9 c0,0-0.1-0.7-0.1-0.7C-24.15,3.8,-26.25,0,-36.95,0Z @dp} rotation={0} scale={1.0}}}})
01-19 17:17:31.280  5599  5599 E IndicatorGardenAlgorithmBasicCutout: NOT MATCH !!!! resourceHeight:78, cutoutHeight:83 ([IndicatorGardenInputProperty]  Rotation(0-0,90-1,180-2,270-3)0, Density:2.625, ScreenWidthSize:1080, CoverSidePadding:0, mIndicatorGardenCenterOffset:11, mCameraCutoutCropSize:80, mGardenPaddingStart:21, mIndicatorCornerPadding:0, mCameraSidePadding:0, mCameraTopMargin:0, DpCutout:DisplayCutout{insets=Rect(0, 83 - 0, 0) waterfall=Insets{left=0, top=0, right=0, bottom=0} boundingRect={Bounds=[Rect(0, 0 - 0, 0), Rect(443, 0 - 637, 83), Rect(0, 0 - 0, 0), Rect(0, 0 - 0, 0)]} cutoutPathParserInfo={CutoutPathParserInfo{displayWidth=1080 displayHeight=2340 density={2.625} cutoutSpec={M36.95,0C26.35,0,24.15,3.8,23.15,9.8 l-0.1,0.7c-1.7,9.6-9.3,17.2-18.9,18.9c-12.7,2.2-24.8-6.2-27-18.9 c0,0-0.1-0.7-0.1-0.7C-24.15,3.8,-26.25,0,-36.95,0Z @dp} rotation={0} scale={1.0}}}})
01-19 17:17:31.280  3761  3761 I MSHandlerLifeCycle: isMultiSplitHandlerRequested: windowingMode=1 isFullscreen=true isPopOver=false isHidden=false skipActivityType=false isHandlerType=false this: DecorView@2d72371[MainActivity]
01-19 17:17:31.280  3761  3761 I MSHandlerLifeCycle: removeMultiSplitHandler: no exist. decor=DecorView@2d72371[MainActivity]
01-19 17:17:31.281  3910  3910 I ViewRootImpl@96d7258[InstrumentationActivityInvoker$EmptyActivity]: setView = com.android.internal.policy.DecorView@d850b6c TM=true
01-19 17:17:31.282  3910  3910 I MSHandlerLifeCycle: isMultiSplitHandlerRequested: windowingMode=1 isFullscreen=true isPopOver=false isHidden=false skipActivityType=false isHandlerType=false this: DecorView@d850b6c[InstrumentationActivityInvoker$EmptyActivity]
01-19 17:17:31.282  3910  3910 I MSHandlerLifeCycle: removeMultiSplitHandler: no exist. decor=DecorView@d850b6c[InstrumentationActivityInvoker$EmptyActivity]
01-19 17:17:31.289  5249  5754 V WindowManager: Relayout Window{84dffa6 u0 com.myapp.alist.test/androidx.test.core.app.InstrumentationActivityInvoker$EmptyActivity}: viewVisibility=0 req=1080x2340 d0
01-19 17:17:31.290  4945  4965 I SurfaceFlinger: id=4442 createSurf (1080x2340),-3 flag=40004, com.myapp.alist.test/androidx.test.core.app.InstrumentationActivityInvoker$EmptyActivity$_3910#0
01-19 17:17:31.293  4945  4965 I SurfaceFlinger: id=4443 createSurf (0x0),-1 flag=24000, Surface(name=1e58e32 StatusBar)/@0xf9f1b57 - animation-leash of insets_animation#0
01-19 17:17:31.294  4945  4965 I SurfaceFlinger: id=4444 createSurf (0x0),-1 flag=24000, Surface(name=9c44ca3 NavigationBar0)/@0x49015f3 - animation-leash of insets_animation#0
01-19 17:17:31.296  5249  5754 V WindowManager: Relayout hash=84dffa6, pid=3910: mAttrs={(0,0)(fillxfill) sim={adjust=pan forwardNavigation} ty=BASE_APPLICATION
01-19 17:17:31.296  5249  5754 V WindowManager:   fl=81810100
01-19 17:17:31.296  5249  5754 V WindowManager:   pfl=12020040
01-19 17:17:31.296  5249  5754 V WindowManager:   apr=LIGHT_NAVIGATION_BARS
01-19 17:17:31.296  5249  5754 V WindowManager:   bhv=DEFAULT
01-19 17:17:31.296  5249  5754 V WindowManager:   fitSides= naviIconColor=0
01-19 17:17:31.296  5249  5754 V WindowManager:   sfl=100000}
01-19 17:17:31.297  5599  5599 D NavigationBar: onSystemBarAttributesChanged() -  displayId:0, appearance:16 (APPEARANCE_LIGHT_NAVIGATION_BARS ), navbarColorManagedByIme:false
01-19 17:17:31.298  5249  5754 V WindowManager: Relayout Window{ed0c352 u0 com.myapp.alist/com.myapp.alist.ui.MainActivity}: viewVisibility=8 req=1080x2340 d0
01-19 17:17:31.300  5249  5754 V WindowManager: Relayout hash=ed0c352, pid=3761: mAttrs={(0,0)(fillxfill) sim={adjust=pan} ty=BASE_APPLICATION wanim=0x1030303
01-19 17:17:31.300  5249  5754 V WindowManager:   fl=81810100
01-19 17:17:31.300  5249  5754 V WindowManager:   pfl=12020040
01-19 17:17:31.300  5249  5754 V WindowManager:   vsysui=500
01-19 17:17:31.300  5249  5754 V WindowManager:   apr=LIGHT_NAVIGATION_BARS
01-19 17:17:31.300  5249  5754 V WindowManager:   bhv=DEFAULT
01-19 17:17:31.300  5249  5754 V WindowManager:   fitSides= naviIconColor=0
01-19 17:17:31.300  5249  5754 V WindowManager:   sfl=100000}
01-19 17:17:31.303  3910  3910 I ViewRootImpl@96d7258[InstrumentationActivityInvoker$EmptyActivity]: Relayout returned: old=(0,0,1080,2340) new=(0,0,1080,2340) req=(1080,2340)0 dur=13 res=0x7 s={true 527945785344} ch=true fn=-1
01-19 17:17:31.305  3910  3931 D OpenGLRenderer: eglCreateWindowSurface
01-19 17:17:31.305  3761  3761 I ViewRootImpl@e1b2006[MainActivity]: Relayout returned: old=(0,0,1080,2340) new=(0,0,1080,2340) req=(1080,2340)8 dur=8 res=0x5 s={false 0} ch=false fn=-1
01-19 17:17:31.306  3910  3910 I ViewRootImpl@96d7258[InstrumentationActivityInvoker$EmptyActivity]: [DP] dp(1) 1 android.view.ViewRootImpl.reportNextDraw:11442 android.view.ViewRootImpl.performTraversals:4198 android.view.ViewRootImpl.doTraversal:2924
01-19 17:17:31.307  3910  3910 D ViewRootImpl@96d7258[InstrumentationActivityInvoker$EmptyActivity]: Creating frameDrawingCallback nextDrawUseBlastSync=false reportNextDraw=true hasBlurUpdates=false
01-19 17:17:31.307  3910  3910 D ViewRootImpl@96d7258[InstrumentationActivityInvoker$EmptyActivity]: Creating frameCompleteCallback
01-19 17:17:31.309  3910  3947 D ViewRootImpl@96d7258[InstrumentationActivityInvoker$EmptyActivity]: Received frameDrawingCallback frameNum=1. Creating transactionCompleteCallback=false
01-19 17:17:31.310  4945  4945 I Layer   : id=4440 removeFromCurrentState Surface(name=9c44ca3 NavigationBar0)/@0x49015f3 - animation-leash of insets_animation#1 (113)
01-19 17:17:31.310  4945  4945 I Layer   : id=68 removeFromCurrentState 9c44ca3 NavigationBar0#0 (113)
01-19 17:17:31.310  4945  4945 I Layer   : id=76 removeFromCurrentState NavigationBar0$_5599#0 (113)
01-19 17:17:31.310  4945  4945 I Layer   : id=4439 removeFromCurrentState Surface(name=1e58e32 StatusBar)/@0xf9f1b57 - animation-leash of insets_animation#1 (113)
01-19 17:17:31.310  4945  4945 I Layer   : id=68 addToCurrentState 9c44ca3 NavigationBar0#0 (113)
01-19 17:17:31.310  4945  4945 I Layer   : id=76 addToCurrentState NavigationBar0$_5599#0 (113)
01-19 17:17:31.310  4945  4945 I SurfaceFlinger: id=4440 Removed Surface(name=9c44ca3 NavigationBar0)/@0x49015f3 - animation-leash of insets_animation#1 (113)
01-19 17:17:31.310  4945  4945 I SurfaceFlinger: id=4439 Removed Surface(name=1e58e32 StatusBar)/@0xf9f1b57 - animation-leash of insets_animation#1 (113)
01-19 17:17:31.311  4945  4945 I Layer   : id=4439 Destroyed Surface(name=1e58e32 StatusBar)/@0xf9f1b57 - animation-leash of insets_animation#1
01-19 17:17:31.311  4945  4945 I Layer   : id=4440 Destroyed Surface(name=9c44ca3 NavigationBar0)/@0x49015f3 - animation-leash of insets_animation#1
01-19 17:17:31.312  5249  5761 D InputDispatcher: Focus request (0): 84dffa6 com.myapp.alist.test/androidx.test.core.app.InstrumentationActivityInvoker$EmptyActivity but waiting because NOT_VISIBLE
01-19 17:17:31.318  3910  3931 D ViewRootImpl@96d7258[InstrumentationActivityInvoker$EmptyActivity]: Received frameCompleteCallback  lastAcquiredFrameNum=1 lastAttemptedDrawFrameNum=1
01-19 17:17:31.320  3910  3910 I ViewRootImpl@96d7258[InstrumentationActivityInvoker$EmptyActivity]: [DP] pdf(0) 1 android.view.ViewRootImpl.lambda$addFrameCompleteCallbackIfNeeded$3$ViewRootImpl:5000 android.view.ViewRootImpl$$ExternalSyntheticLambda16.run:6 android.os.Handler.handleCallback:938
01-19 17:17:31.320  3910  3910 I ViewRootImpl@96d7258[InstrumentationActivityInvoker$EmptyActivity]: [DP] rdf()
01-19 17:17:31.320  3910  3910 D ViewRootImpl@96d7258[InstrumentationActivityInvoker$EmptyActivity]: reportDrawFinished (fn: -1)
01-19 17:17:31.323  6080 21397 I RecentModel: onTaskStackChangedBackground
01-19 17:17:31.324  3910  3910 D InsetsSourceConsumer: ensureControlAlpha: for ITYPE_NAVIGATION_BAR on com.myapp.alist.test/androidx.test.core.app.InstrumentationActivityInvoker$EmptyActivity
01-19 17:17:31.326  5249  5290 I SemDvfsHyPerManager: acquire hyper - AMS_RESUME_TAIL/5249@15, type = -999
01-19 17:17:31.326  5249  5290 I SemDvfsHyPerManager: acquire hyper - AMS_ACT_LAZY/5249@16, type = -999
01-19 17:17:31.326  5249  5286 W ziparchive: Unable to open '/data/app/~~mFjZV1JOIlDMHOV5lGneyg==/com.myapp.alist.test-I21t63fUTbI4aEwHvngOhQ==/base.dm': No such file or directory
01-19 17:17:31.327  4945  4945 I Layer   : id=4409 removeFromCurrentState com.myapp.alist/com.myapp.alist.ui.MainActivity$_3761#0 (111)
01-19 17:17:31.327  4945  4945 E SurfaceFlinger: Attempt to update InputPolicyFlags without permission ACCESS_SURFACE_FLINGER
01-19 17:17:31.327  4879  4941 I HYPER-HAL: [RequestManager.cpp]acquire(): Acquired ID : 13857495  [5249 / 15]    HINT : AMS_RESUME_TAIL    list :
01-19 17:17:31.328  5249  5286 I PkgPredictorService-SecIpmManagerServiceImpl: reportToNAP uid:10358 com.myapp.alist.test/androidx.test.core.app.InstrumentationActivityInvoker$EmptyActivity thisTime:155
01-19 17:17:31.329  4879  4941 I HYPER-HAL: [RequestManager.cpp]releaseLocked(): Released ID : 13878565
01-19 17:17:31.329  4945  5860 I SurfaceFlinger: id=4445 createSurf (0x0),-1 flag=24000, Surface(name=84dffa6 com.myapp.alist.test/androidx.test.core.app.InstrumentationActivityInvoker$EmptyActivity)/@0x69f3b2c - animation-leash of starting_reveal#0
01-19 17:17:31.330  3761  3761 D LifecycleMonitor: Lifecycle status change: com.myapp.alist.ui.MainActivity@1e4a9e8 in: DESTROYED
01-19 17:17:31.330  3910  3910 D InsetsSourceConsumer: ensureControlAlpha: for ITYPE_STATUS_BAR on com.myapp.alist.test/androidx.test.core.app.InstrumentationActivityInvoker$EmptyActivity
01-19 17:17:31.331  3761  3761 V ActivityScenario: Update currentActivityStage to DESTROYED, currentActivity=null
01-19 17:17:31.340  4945  4966 I SurfaceFlinger: id=4409 Removed com.myapp.alist/com.myapp.alist.ui.MainActivity$_3761#0 (112)
01-19 17:17:31.344  4945  4945 I Layer   : id=4409 Destroyed com.myapp.alist/com.myapp.alist.ui.MainActivity$_3761#0
01-19 17:17:31.345  5599  6321 I ViewRootImpl@16b766[test]: mWNT: t = android.view.SurfaceControl$Transaction@6b309f9 fN = 2 android.view.SyncRtSurfaceTransactionApplier.applyTransaction:94 android.view.SyncRtSurfaceTransactionApplier.lambda$scheduleApply$0$SyncRtSurfaceTransactionApplier:71 android.view.SyncRtSurfaceTransactionApplier$$ExternalSyntheticLambda0.onFrameDraw:4
01-19 17:17:31.345  5599  6321 I ViewRootImpl@16b766[test]: mWNT: merge t to BBQ
01-19 17:17:31.346  5249  7644 D InputDispatcher: Focus entered window (0): 84dffa6 com.myapp.alist.test/androidx.test.core.app.InstrumentationActivityInvoker$EmptyActivity
01-19 17:17:31.348  3761  3761 I MSHandlerLifeCycle: removeMultiSplitHandler: no exist. decor=DecorView@2d72371[MainActivity]
01-19 17:17:31.348  3910  3910 I ViewRootImpl@96d7258[InstrumentationActivityInvoker$EmptyActivity]: MSG_WINDOW_FOCUS_CHANGED 1 1
01-19 17:17:31.349  5599  6321 I ViewRootImpl@16b766[test]: mWNT: t = android.view.SurfaceControl$Transaction@6db4d3e fN = 2 android.view.SyncRtSurfaceTransactionApplier.applyTransaction:94 android.view.SyncRtSurfaceTransactionApplier.lambda$scheduleApply$0$SyncRtSurfaceTransactionApplier:71 android.view.SyncRtSurfaceTransactionApplier$$ExternalSyntheticLambda0.onFrameDraw:4
01-19 17:17:31.349  5599  6321 I ViewRootImpl@16b766[test]: mWNT: merge t to BBQ
01-19 17:17:31.349  4945  4945 D SurfaceFlinger: Display 0 HWC layers:
01-19 17:17:31.349  4945  4945 D SurfaceFlinger:      DEVICE | 0x7578fb8500 | 0102 | RGBA_8888    |    0.0    0.0 1080.0 2340.0 |    0    0 1080 2340 | com.myapp.alist.test/androidx.test.c[...]ctivityInvoker$EmptyActivity$_3910#0
01-19 17:17:31.349  4945  4945 D SurfaceFlinger:      DEVICE | 0x7564e1b140 | 0100 | RGBA_8888    |    0.0    0.0 1080.0 2340.0 |    0    0 1080 2340 | Splash Screen com.myapp.alist.test$_5599#0
01-19 17:17:31.349  4945  4945 D SurfaceFlinger:      DEVICE | 0x7579019580 | 0100 | RGBA_8888    |    0.0    0.0 1080.0   78.0 |    0    0 1080   78 | StatusBar$_5599#0
01-19 17:17:31.349  4945  4945 D SurfaceFlinger:      DEVICE | 0x759a4bfac0 | 0100 | RGBA_8888    |    0.0    0.0   67.0  362.0 | 1013 1637 1080 1999 | com.samsung.android.app.cocktailbars[...]rservice.CocktailBarService$_12823#0
01-19 17:17:31.349  4945  4945 D SurfaceFlinger:      DEVICE | 0x7579018900 | 0100 | RGBA_8888    |    0.0    0.0 1080.0  126.0 |    0 2214 1080 2340 | NavigationBar0$_5599#0
01-19 17:17:31.349  4945  4945 D SurfaceFlinger:      DEVICE | 0x759a4bdcc0 | 0140 | RGBA_8888    |    0.0    0.0 1080.0  151.0 |    0    0 1080  151 | ScreenDecorOverlay$_5599#0
01-19 17:17:31.349  4945  4945 D SurfaceFlinger:      DEVICE | 0x7564e1ba00 | 0140 | RGBA_8888    |    0.0    0.0 1080.0  151.0 |    0 2189 1080 2340 | ScreenDecorOv
01-19 17:17:31.349  4945  4945 D SurfaceFlinger: erlayBottom$_5599#0
01-19 17:17:31.349  4945  4945 D SurfaceFlinger:
01-19 17:17:31.350  3761  3787 D OpenGLRenderer: setSurface called with nullptr
01-19 17:17:31.351  3761  3761 I ViewRootImpl@e1b2006[MainActivity]: dispatchDetachedFromWindow
01-19 17:17:31.353  5249  5780 D InputTransport: Input channel destroyed: 'ed0c352', fd=926
01-19 17:17:31.353  5249  5780 W InputManager-JNI: Input channel object 'ed0c352 com.myapp.alist/com.myapp.alist.ui.MainActivity (client)' was disposed without first being removed with the input manager!
01-19 17:17:31.353  5249  5780 D InputTransport: Input channel destroyed: 'ed0c352', fd=933
01-19 17:17:31.353  3910  3910 D InputMethodManager: startInputInner - Id : 0
01-19 17:17:31.353  3910  3910 I InputMethodManager: startInputInner - mService.startInputOrWindowGainedFocus
01-19 17:17:31.354  4945  4965 I SurfaceFlinger: id=4446 createSurf (0x0),-1 flag=24004, Surface(name=30ecb98 InputMethod)/@0x153cb62 - animation-leash of insets_animation#1
01-19 17:17:31.357  3761  3761 D InputTransport: Input channel destroyed: 'ed0c352', fd=104
01-19 17:17:31.359  5249  7644 D InputMethodManagerService: mDesktopModeManager null!
01-19 17:17:31.359  5249  7644 V InputMethodManagerService: getDisplayIdOfInputMethodWindowToBeAdded : 0
01-19 17:17:31.359  5249  7644 D InputTransport: Input channel constructed: 'ClientS', fd=660
01-19 17:17:31.359  5249  7644 D InputTransport: Input channel constructed: 'ClientS', fd=717
01-19 17:17:31.360  5249  7644 D InputTransport: Input channel destroyed: 'ClientS', fd=717
01-19 17:17:31.360  4945  4945 I Layer   : id=4408 removeFromCurrentState ed0c352 com.myapp.alist/com.myapp.alist.ui.MainActivity#0 (112)
01-19 17:17:31.360  4945  4945 I Layer   : id=4414 removeFromCurrentState Surface(name=30ecb98 InputMethod)/@0x153cb62 - animation-leash of insets_animation#0 (112)
01-19 17:17:31.360  4945  4945 I SurfaceFlinger: id=4408 Removed ed0c352 com.myapp.alist/com.myapp.alist.ui.MainActivity#0 (112)
01-19 17:17:31.360  4945  4945 I SurfaceFlinger: id=4414 Removed Surface(name=30ecb98 InputMethod)/@0x153cb62 - animation-leash of insets_animation#0 (112)
01-19 17:17:31.361  4945  4945 I Layer   : id=4408 Destroyed ed0c352 com.myapp.alist/com.myapp.alist.ui.MainActivity#0
01-19 17:17:31.361  4945  4945 I Layer   : id=4414 Destroyed Surface(name=30ecb98 InputMethod)/@0x153cb62 - animation-leash of insets_animation#0
01-19 17:17:31.361  5599  6320 I ViewRootImpl@16b766[test]: mWNT: t = android.view.SurfaceControl$Transaction@8dcf79f fN = 3 android.view.SyncRtSurfaceTransactionApplier.applyTransaction:94 android.view.SyncRtSurfaceTransactionApplier.lambda$scheduleApply$0$SyncRtSurfaceTransactionApplier:71 android.view.SyncRtSurfaceTransactionApplier$$ExternalSyntheticLambda0.onFrameDraw:4
01-19 17:17:31.361  5599  6320 I ViewRootImpl@16b766[test]: mWNT: merge t to BBQ
01-19 17:17:31.362  5249  5780 W InputMethodManagerService: onSessionCreated
01-19 17:17:31.363  4945  4965 I SurfaceFlinger: id=4447 createSurf (0x0),-1 flag=24004, Task=53#1
01-19 17:17:31.362  7974  7974 I MSHandlerLifeCycle: isMultiSplitHandlerRequested: ignored. pkg=com.samsung.android.honeyboard isActivity=false callers=com.android.internal.policy.DecorView.setVisibility:4295 android.app.Dialog.hide:741 android.inputmethodservice.InputMethodService.removeImeSurface:1143 android.inputmethodservice.InputMethodService.scheduleImeSurfaceRemoval:1136 android.inputmethodservice.InputMethodService.access$1400:354
01-19 17:17:31.365  7974  7974 I MSHandlerLifeCycle: removeMultiSplitHandler: no exist. decor=DecorView@73efe47[InputMethod]
01-19 17:17:31.365  5249  5780 D InputMethodManagerService: checkDisplayOfStartInputAndUpdateKeyboard display Id 0last 0
01-19 17:17:31.366  5249  5780 D InputTransport: Input channel constructed: 'ClientS', fd=717
01-19 17:17:31.366  3761  3761 D InputTransport: Input channel destroyed: 'ClientS', fd=118
01-19 17:17:31.366  5249  5780 D InputTransport: Input channel destroyed: 'ClientS', fd=717
01-19 17:17:31.368  7974  7974 I HBD     : HoneyBoardService onFinishInput
01-19 17:17:31.370  3910  3910 D InputMethodManager: startInputInner - Id : 0
01-19 17:17:31.370  7974  7974 I HBD     : a IC have been unbinding,  InputConnectionWrapper{idHash=#7db3cce mMissingMethods=}
01-19 17:17:31.370  7974  7974 I HBD     : HoneyBoardService [PF_CL][onFinishInput]  1880192 ns
01-19 17:17:31.371  7974  7974 I HBD     : HoneyBoardService [IMI] onStartInput - caller pid : 3910 , caller uid : 10358
01-19 17:17:31.371  7974  7974 I HBD     : j updateConfigs
01-19 17:17:31.371  7974  7974 I HBD     : j isEnabledNightMode : false
01-19 17:17:31.371  7974  7974 I HBD     : a IC have been binding, InputConnectionWrapper{idHash=#12fa383 mMissingMethods=}
01-19 17:17:31.371  4945  6920 I SurfaceFlinger: id=4448 createSurf (0x0),-1 flag=24004, Surface(name=30ecb98 InputMethod)/@0x153cb62 - animation-leash of insets_animation#0
01-19 17:17:31.372  7974  7974 I HBD     : h [EditorInputType]setPrivateImeOptionsToTable privateImeOptions ( null )
01-19 17:17:31.372  7974  7974 I HBD     : b incognitoMode : false
01-19 17:17:31.372  7974  7974 I HBD     : a needOff = true , isForceOff = false, isNullInputClass : true
01-19 17:17:31.373  7974  7974 I HBD     : h getDefaultInputRange : UNKNOWN
01-19 17:17:31.373  7974  7974 I HBD     : h getDefaultInputRange : UNKNOWN
01-19 17:17:31.373  7974  7974 I HBD     : h getDefaultInputRange : UNKNOWN
01-19 17:17:31.377  4945  4945 I Layer   : id=4399 removeFromCurrentState ActivityRecord{b50248e u0 com.myapp.alist/.ui.MainActivity t53}#0 (112)
01-19 17:17:31.377  4945  4945 I Layer   : id=4398 removeFromCurrentState Task=53#0 (112)
01-19 17:17:31.377  4945  4945 I Layer   : id=4447 removeFromCurrentState Task=53#1 (112)
01-19 17:17:31.377  4945  4945 I Layer   : id=4446 removeFromCurrentState Surface(name=30ecb98 InputMethod)/@0x153cb62 - animation-leash of insets_animation#1 (112)
01-19 17:17:31.377  4945  4945 I SurfaceFlinger: id=4399 Removed ActivityRecord{b50248e u0 com.myapp.alist/.ui.MainActivity t53}#0 (112)
01-19 17:17:31.377  4945  4945 I SurfaceFlinger: id=4447 Removed Task=53#1 (112)
01-19 17:17:31.377  4945  4945 I Layer   : id=4447 Destroyed Task=53#1
01-19 17:17:31.377  4945  4945 I Layer   : id=4399 Destroyed ActivityRecord{b50248e u0 com.myapp.alist/.ui.MainActivity t53}#0
01-19 17:17:31.379  3761  3781 I TestRunner: finished: testSelectButton_clickSelectButtonAndGetExpectedText(com.myapp.alist.ui.MainActivityClickSelectEspressoInstrumentationTest)
