01-19 17:17:20.928  5249  7671 D InputDispatcher: Inject key (3761): action=1, f=0x8, d=-1, time=5473049000000
01-19 17:17:20.928  5249  5413 I InputDispatcher: Delivering key to (3761): action: 0x1 (0), f=0x8, m=0x0, d=0, '7e491a1'
01-19 17:17:20.933  7974  7974 I HBD     : b getTBC , flag: 1 , start: 3 , end: 3 , length: 3 , composingLength: 0 , isKCC: false
01-19 17:17:20.935  7974  7974 I HBD     : b getTAC , flag: 1 , start: 3 , end: 3 , length: 3 , composingLength: 0 , isKCC: false
01-19 17:17:20.937  4945  4945 E SurfaceFlinger: Attempt to update InputPolicyFlags without permission ACCESS_SURFACE_FLINGER
01-19 17:17:20.940  7974  7974 I HBD     : al EBD cm f 1
01-19 17:17:20.941  7974  7974 I HBD     : HoneyBoardService onKeyUp r:b8579efb consumed:false
01-19 17:17:20.941  3761  3761 I ViewRootImpl@ceb39a2[MainActivity]: ViewPostIme key 1
01-19 17:17:20.945  5249  7671 D InputDispatcher: Inject key (3761): action=0, f=0x8, d=-1, time=5473067000000
01-19 17:17:20.945  5249  5413 I InputDispatcher: Delivering key to (3761): action: 0x0 (0), f=0x8, m=0x0, d=0, '7e491a1'
01-19 17:17:20.946  7974  7974 I HBD     : a skip onKeyDown as physical keyboard not connected
01-19 17:17:20.947  7974  7974 I HBD     : HoneyBoardService onKeyDown r:9af55fd4 consumed:false
01-19 17:17:20.947  3761  3761 I ViewRootImpl@ceb39a2[MainActivity]: ViewPostIme key 0
01-19 17:17:20.998  7974  7974 I HBD     : bd ous -  3 ,  3 ,  4 ,  4 ,  -1 ,  -1
01-19 17:17:20.999  5249  9011 D InputDispatcher: Inject key (3761): action=1, f=0x8, d=-1, time=5473121000000
01-19 17:17:21.000  5249  5413 I InputDispatcher: Delivering key to (3761): action: 0x1 (0), f=0x8, m=0x0, d=0, '7e491a1'
01-19 17:17:21.003  7974  7974 I HBD     : b getTBC , flag: 1 , start: 4 , end: 4 , length: 4 , composingLength: 0 , isKCC: false
01-19 17:17:21.004  4945  4945 E SurfaceFlinger: Attempt to update InputPolicyFlags without permission ACCESS_SURFACE_FLINGER
01-19 17:17:21.005  7974  7974 I HBD     : b getTAC , flag: 1 , start: 4 , end: 4 , length: 4 , composingLength: 0 , isKCC: false
01-19 17:17:21.011  7974  7974 I HBD     : al EBD cm f 1
01-19 17:17:21.012  7974  7974 I HBD     : HoneyBoardService onKeyUp r:c7c76168 consumed:false
01-19 17:17:21.013  3761  3761 I ViewRootImpl@ceb39a2[MainActivity]: ViewPostIme key 1
01-19 17:17:21.016  5249  9011 D InputDispatcher: Inject key (3761): action=0, f=0x8, d=-1, time=5473138000000
01-19 17:17:21.017  5249  5413 I InputDispatcher: Delivering key to (3761): action: 0x0 (0), f=0x8, m=0x0, d=0, '7e491a1'
01-19 17:17:21.018  7974  7974 I HBD     : a skip onKeyDown as physical keyboard not connected
01-19 17:17:21.018  7974  7974 I HBD     : HoneyBoardService onKeyDown r:decb28af consumed:false
01-19 17:17:21.019  3761  3761 I ViewRootImpl@ceb39a2[MainActivity]: ViewPostIme key 0
01-19 17:17:21.048  4504  4504 W keymaster_tee: [WRN]begin req PARAMS: A32 B32 P1
01-19 17:17:21.051  4503 18892 I keystore2: keystore2::security_level: In create_operation. Success to create IKeystoreOperation. 10198, None
01-19 17:17:21.063  7974  7974 I HBD     : bd ous -  4 ,  4 ,  5 ,  5 ,  -1 ,  -1
01-19 17:17:21.066  5249  7671 D InputDispatcher: Inject key (3761): action=1, f=0x8, d=-1, time=5473186000000
01-19 17:17:21.067  5249  5413 I InputDispatcher: Delivering key to (3761): action: 0x1 (0), f=0x8, m=0x0, d=0, '7e491a1'
01-19 17:17:21.067  7974  7974 I HBD     : b getTBC , flag: 1 , start: 5 , end: 5 , length: 5 , composingLength: 0 , isKCC: false
01-19 17:17:21.069  7974  7974 I HBD     : b getTAC , flag: 1 , start: 5 , end: 5 , length: 5 , composingLength: 0 , isKCC: false
01-19 17:17:21.071  4945  4945 E SurfaceFlinger: Attempt to update InputPolicyFlags without permission ACCESS_SURFACE_FLINGER
01-19 17:17:21.075  7974  7974 I HBD     : al EBD cm f 1
01-19 17:17:21.075  7974  7974 I HBD     : HoneyBoardService onKeyUp r:c1d1575c consumed:false
01-19 17:17:21.076  3761  3761 I ViewRootImpl@ceb39a2[MainActivity]: ViewPostIme key 1
01-19 17:17:21.082  5249  7671 D InputDispatcher: Inject key (3761): action=0, f=0x8, d=-1, time=5473203000000
01-19 17:17:21.083  5249  5413 I InputDispatcher: Delivering key to (3761): action: 0x0 (0), f=0x8, m=0x0, d=0, '7e491a1'
01-19 17:17:21.084  7974  7974 I HBD     : a skip onKeyDown as physical keyboard not connected
01-19 17:17:21.085  7974  7974 I HBD     : HoneyBoardService onKeyDown r:a0507f53 consumed:false
01-19 17:17:21.085  3761  3761 I ViewRootImpl@ceb39a2[MainActivity]: ViewPostIme key 0
01-19 17:17:21.089  4504  4504 W keymaster_tee: [WRN]begin req PARAMS: A32 B32 P1
01-19 17:17:21.090  4503 18892 I keystore2: keystore2::security_level: In create_operation. Success to create IKeystoreOperation. 10198, None
01-19 17:17:21.126  5249  7671 D InputDispatcher: Inject key (3761): action=1, f=0x8, d=-1, time=5473248000000
01-19 17:17:21.126  5249  5413 I InputDispatcher: Delivering key to (3761): action: 0x1 (0), f=0x8, m=0x0, d=0, '7e491a1'
01-19 17:17:21.128  7974  7974 I HBD     : bd ous -  5 ,  5 ,  6 ,  6 ,  -1 ,  -1
01-19 17:17:21.131  4504  4504 W keymaster_tee: [WRN]begin req PARAMS: A32 B32 P1
01-19 17:17:21.132  4503 18892 I keystore2: keystore2::security_level: In create_operation. Success to create IKeystoreOperation. 10198, None
01-19 17:17:21.133  7974  7974 I HBD     : b getTBC , flag: 1 , start: 6 , end: 6 , length: 6 , composingLength: 0 , isKCC: false
01-19 17:17:21.135  7974  7974 I HBD     : b getTAC , flag: 1 , start: 6 , end: 6 , length: 6 , composingLength: 0 , isKCC: false
01-19 17:17:21.137  4945  4945 E SurfaceFlinger: Attempt to update InputPolicyFlags without permission ACCESS_SURFACE_FLINGER
01-19 17:17:21.141  7974  7974 I HBD     : al EBD cm f 1
01-19 17:17:21.141  7974  7974 I HBD     : HoneyBoardService onKeyUp r:c5c2cd75 consumed:false
01-19 17:17:21.142  3761  3761 I ViewRootImpl@ceb39a2[MainActivity]: ViewPostIme key 1
01-19 17:17:21.147  5249  7671 D InputDispatcher: Inject key (3761): action=0, f=0x8, d=-1, time=5473267000000
01-19 17:17:21.147  5249  5413 I InputDispatcher: Delivering key to (3761): action: 0x0 (0), f=0x8, m=0x0, d=0, '7e491a1'
01-19 17:17:21.148  7974  7974 I HBD     : a skip onKeyDown as physical keyboard not connected
01-19 17:17:21.149  7974  7974 I HBD     : HoneyBoardService onKeyDown r:b6a2c799 consumed:false
01-19 17:17:21.150  3761  3761 I ViewRootImpl@ceb39a2[MainActivity]: ViewPostIme key 0
01-19 17:17:21.193  7974  7974 I HBD     : bd ous -  6 ,  6 ,  7 ,  7 ,  -1 ,  -1
01-19 17:17:21.196  5249  9011 D InputDispatcher: Inject key (3761): action=1, f=0x8, d=-1, time=5473316000000
01-19 17:17:21.196  5249  5413 I InputDispatcher: Delivering key to (3761): action: 0x1 (0), f=0x8, m=0x0, d=0, '7e491a1'
01-19 17:17:21.197  7974  7974 I HBD     : b getTBC , flag: 1 , start: 7 , end: 7 , length: 7 , composingLength: 0 , isKCC: false
01-19 17:17:21.199  7974  7974 I HBD     : b getTAC , flag: 1 , start: 7 , end: 7 , length: 7 , composingLength: 0 , isKCC: false
01-19 17:17:21.204  4945  4945 E SurfaceFlinger: Attempt to update InputPolicyFlags without permission ACCESS_SURFACE_FLINGER
01-19 17:17:21.205  7974  7974 I HBD     : al EBD cm f 1
01-19 17:17:21.205  7974  7974 I HBD     : HoneyBoardService onKeyUp r:fc8dd7bd consumed:false
01-19 17:17:21.206  3761  3761 I ViewRootImpl@ceb39a2[MainActivity]: ViewPostIme key 1
01-19 17:17:21.210  5249  9011 D InputDispatcher: Inject key (3761): action=0, f=0x8, d=-1, time=5473332000000
01-19 17:17:21.210  5249  5413 I InputDispatcher: Delivering key to (3761): action: 0x0 (0), f=0x8, m=0x0, d=0, '7e491a1'
01-19 17:17:21.211  7974  7974 I HBD     : a skip onKeyDown as physical keyboard not connected
01-19 17:17:21.212  7974  7974 I HBD     : HoneyBoardService onKeyDown r:60c6f12f consumed:false
01-19 17:17:21.212  3761  3761 I ViewRootImpl@ceb39a2[MainActivity]: ViewPostIme key 0
01-19 17:17:21.230  5249  5504 D SemNscXgbMsL1: Probability - Cloud gaming: [0.04415229]
01-19 17:17:21.230  5249  5504 D SemNscXgbMsL1: Probability - Real time: [0.10864212]
01-19 17:17:21.230  5249  5504 D SemNscXgbMsL1: Probability - Non real time: [0.915227]
01-19 17:17:21.230  5249  5504 D SemNscXgbMsL1: 1 sample inference time: 0.801462 msecs
01-19 17:17:21.232  5249  5504 D SemNscXgbL2Rt: L2 RT 1 sample inference time: 1.754115 msecs
01-19 17:17:21.233  5249  5504 D SemNscXgbL2Nrt: L2 NRT 1 sample inference time: 0.813654 msecs
01-19 17:17:21.258  5249  7671 D InputDispatcher: Inject key (3761): action=1, f=0x8, d=-1, time=5473380000000
01-19 17:17:21.258  5249  5413 I InputDispatcher: Delivering key to (3761): action: 0x1 (0), f=0x8, m=0x0, d=0, '7e491a1'
01-19 17:17:21.260  7974  7974 I HBD     : bd ous -  7 ,  7 ,  8 ,  8 ,  -1 ,  -1
01-19 17:17:21.269  7974  7974 I HBD     : b getTBC , flag: 1 , start: 8 , end: 8 , length: 8 , composingLength: 0 , isKCC: false
01-19 17:17:21.271  4945  4945 E SurfaceFlinger: Attempt to update InputPolicyFlags without permission ACCESS_SURFACE_FLINGER
01-19 17:17:21.271  7974  7974 I HBD     : b getTAC , flag: 1 , start: 8 , end: 8 , length: 8 , composingLength: 0 , isKCC: false
01-19 17:17:21.277  7974  7974 I HBD     : al EBD cm f 1
01-19 17:17:21.278  7974  7974 I HBD     : HoneyBoardService onKeyUp r:bc9bbce1 consumed:false
01-19 17:17:21.279  3761  3761 I ViewRootImpl@ceb39a2[MainActivity]: ViewPostIme key 1
01-19 17:17:21.282  5249  7671 D InputDispatcher: Inject key (3761): action=0, f=0x8, d=-1, time=5473404000000
01-19 17:17:21.283  5249  5413 I InputDispatcher: Delivering key to (3761): action: 0x0 (0), f=0x8, m=0x0, d=0, '7e491a1'
01-19 17:17:21.284  7974  7974 I HBD     : a skip onKeyDown as physical keyboard not connected
01-19 17:17:21.284  7974  7974 I HBD     : HoneyBoardService onKeyDown r:2fa85278 consumed:false
01-19 17:17:21.285  3761  3761 I ViewRootImpl@ceb39a2[MainActivity]: ViewPostIme key 0
01-19 17:17:21.329  7974  7974 I HBD     : bd ous -  8 ,  8 ,  9 ,  9 ,  -1 ,  -1
01-19 17:17:21.330  5249  7671 D InputDispatcher: Inject key (3761): action=1, f=0x8, d=-1, time=5473452000000
01-19 17:17:21.330  5249  5413 I InputDispatcher: Delivering key to (3761): action: 0x1 (0), f=0x8, m=0x0, d=0, '7e491a1'
01-19 17:17:21.333  7974  7974 I HBD     : b getTBC , flag: 1 , start: 9 , end: 9 , length: 9 , composingLength: 0 , isKCC: false
01-19 17:17:21.335  7974  7974 I HBD     : b getTAC , flag: 1 , start: 9 , end: 9 , length: 9 , composingLength: 0 , isKCC: false
01-19 17:17:21.338  4945  4945 E SurfaceFlinger: Attempt to update InputPolicyFlags without permission ACCESS_SURFACE_FLINGER
01-19 17:17:21.340  7974  7974 I HBD     : al EBD cm f 1
01-19 17:17:21.341  7974  7974 I HBD     : HoneyBoardService onKeyUp r:0c2032df consumed:false
01-19 17:17:21.341  3761  3761 I ViewRootImpl@ceb39a2[MainActivity]: ViewPostIme key 1
01-19 17:17:21.345  5249  7671 D InputDispatcher: Inject key (3761): action=0, f=0x8, d=-1, time=5473467000000
01-19 17:17:21.346  5249  5413 I InputDispatcher: Delivering key to (3761): action: 0x0 (0), f=0x8, m=0x0, d=0, '7e491a1'
01-19 17:17:21.346  7974  7974 I HBD     : a skip onKeyDown as physical keyboard not connected
01-19 17:17:21.347  7974  7974 I HBD     : HoneyBoardService onKeyDown r:c14d607a consumed:false
01-19 17:17:21.348  3761  3761 I ViewRootImpl@ceb39a2[MainActivity]: ViewPostIme key 0
01-19 17:17:21.353  4504  4504 W keymaster_tee: [WRN]begin req PARAMS: A32 B32 P1
01-19 17:17:21.358  4503 18892 I keystore2: keystore2::security_level: In create_operation. Success to create IKeystoreOperation. 10198, None
01-19 17:17:21.393  7974  7974 I HBD     : bd ous -  9 ,  9 ,  10 ,  10 ,  -1 ,  -1
01-19 17:17:21.395  5249  9011 D InputDispatcher: Inject key (3761): action=1, f=0x8, d=-1, time=5473516000000
01-19 17:17:21.395  5249  5413 I InputDispatcher: Delivering key to (3761): action: 0x1 (0), f=0x8, m=0x0, d=0, '7e491a1'
01-19 17:17:21.399  4504  4504 W keymaster_tee: [WRN]begin req PARAMS: A32 B32 P1
01-19 17:17:21.400  4503 18892 I keystore2: keystore2::security_level: In create_operation. Success to create IKeystoreOperation. 10198, None
01-19 17:17:21.403  7974  7974 I HBD     : b getTBC , flag: 1 , start: 10 , end: 10 , length: 10 , composingLength: 0 , isKCC: false
01-19 17:17:21.405  4945  4945 E SurfaceFlinger: Attempt to update InputPolicyFlags without permission ACCESS_SURFACE_FLINGER
01-19 17:17:21.406  7974  7974 I HBD     : b getTAC , flag: 1 , start: 10 , end: 10 , length: 10 , composingLength: 0 , isKCC: false
01-19 17:17:21.416  7974  7974 I HBD     : al EBD cm f 1
01-19 17:17:21.417  7974  7974 I HBD     : HoneyBoardService onKeyUp r:37530d34 consumed:false
01-19 17:17:21.419  3761  3761 I ViewRootImpl@ceb39a2[MainActivity]: ViewPostIme key 1
01-19 17:17:21.422  4504  4504 W keymaster_tee: [WRN]begin req PARAMS: A32 B32 P1
01-19 17:17:21.423  5249  9011 D InputDispatcher: Inject key (3761): action=0, f=0x8, d=-1, time=5473544000000
01-19 17:17:21.423  5249  5413 I InputDispatcher: Delivering key to (3761): action: 0x0 (0), f=0x8, m=0x0, d=0, '7e491a1'
01-19 17:17:21.425  7974  7974 I HBD     : a skip onKeyDown as physical keyboard not connected
01-19 17:17:21.425  7974  7974 I HBD     : HoneyBoardService onKeyDown r:d2b64923 consumed:false
01-19 17:17:21.426  4503 20990 I keystore2: keystore2::security_level: In create_operation. Success to create IKeystoreOperation. 10198, None
01-19 17:17:21.427  3761  3761 I ViewRootImpl@ceb39a2[MainActivity]: ViewPostIme key 0
01-19 17:17:21.466  7974  7974 I HBD     : bd ous -  10 ,  10 ,  11 ,  11 ,  -1 ,  -1
01-19 17:17:21.472  4945  4945 E SurfaceFlinger: Attempt to update InputPolicyFlags without permission ACCESS_SURFACE_FLINGER
01-19 17:17:21.474  7974  7974 I HBD     : b getTBC , flag: 1 , start: 11 , end: 11 , length: 11 , composingLength: 0 , isKCC: false
01-19 17:17:21.489  7974  7974 I HBD     : b getTAC , flag: 1 , start: 11 , end: 11 , length: 11 , composingLength: 0 , isKCC: false
01-19 17:17:21.490  5249  9011 D InputDispatcher: Inject key (3761): action=1, f=0x8, d=-1, time=5473611000000
01-19 17:17:21.490  5249  5413 I InputDispatcher: Delivering key to (3761): action: 0x1 (0), f=0x8, m=0x0, d=0, '7e491a1'
01-19 17:17:21.496  7974  7974 I HBD     : al EBD cm f 1
01-19 17:17:21.498  7974  7974 I HBD     : HoneyBoardService onKeyUp r:38c32285 consumed:false
01-19 17:17:21.500  3761  3761 I ViewRootImpl@ceb39a2[MainActivity]: ViewPostIme key 1
01-19 17:17:21.503  5249  9011 D InputDispatcher: Inject key (3761): action=0, f=0x8, d=-1, time=5473625000000
01-19 17:17:21.504  5249  5413 I InputDispatcher: Delivering key to (3761): action: 0x0 (0), f=0x8, m=0x0, d=0, '7e491a1'
01-19 17:17:21.505  7974  7974 I HBD     : a skip onKeyDown as physical keyboard not connected
01-19 17:17:21.505  4945  4945 E SurfaceFlinger: Attempt to update InputPolicyFlags without permission ACCESS_SURFACE_FLINGER
01-19 17:17:21.505  7974  7974 I HBD     : HoneyBoardService onKeyDown r:d23113c3 consumed:false
01-19 17:17:21.506  3761  3761 I ViewRootImpl@ceb39a2[MainActivity]: ViewPostIme key 0
01-19 17:17:21.544  7974  7974 I HBD     : bd ous -  11 ,  11 ,  12 ,  12 ,  -1 ,  -1
01-19 17:17:21.552  5249  9011 D InputDispatcher: Inject key (3761): action=1, f=0x8, d=-1, time=5473667000000
01-19 17:17:21.552  5249  5413 I InputDispatcher: Delivering key to (3761): action: 0x1 (0), f=0x8, m=0x0, d=0, '7e491a1'
01-19 17:17:21.555  4945  4945 E SurfaceFlinger: Attempt to update InputPolicyFlags without permission ACCESS_SURFACE_FLINGER
01-19 17:17:21.561  7974  7974 I HBD     : b getTBC , flag: 1 , start: 12 , end: 12 , length: 12 , composingLength: 0 , isKCC: false
01-19 17:17:21.562  4504  4504 W keymaster_tee: [WRN]begin req PARAMS: A32 B32 P1
01-19 17:17:21.563  7974  7974 I HBD     : b getTAC , flag: 1 , start: 12 , end: 12 , length: 12 , composingLength: 0 , isKCC: false
01-19 17:17:21.564  4503 18893 I keystore2: keystore2::security_level: In create_operation. Success to create IKeystoreOperation. 10198, None
01-19 17:17:21.572  4945  4945 E SurfaceFlinger: Attempt to update InputPolicyFlags without permission ACCESS_SURFACE_FLINGER
01-19 17:17:21.574  7974  7974 I HBD     : al EBD cm f 1
01-19 17:17:21.575  7974  7974 I HBD     : HoneyBoardService onKeyUp r:9aa7f7b8 consumed:false
01-19 17:17:21.576  3761  3761 I ViewRootImpl@ceb39a2[MainActivity]: ViewPostIme key 1
01-19 17:17:21.580  5249  9011 D InputDispatcher: Inject key (3761): action=0, f=0x8, d=-1, time=5473702000000
01-19 17:17:21.581  5249  5413 I InputDispatcher: Delivering key to (3761): action: 0x0 (0), f=0x8, m=0x0, d=0, '7e491a1'
01-19 17:17:21.582  7974  7974 I HBD     : a skip onKeyDown as physical keyboard not connected
01-19 17:17:21.582  7974  7974 I HBD     : HoneyBoardService onKeyDown r:912c788e consumed:false
01-19 17:17:21.583  3761  3761 I ViewRootImpl@ceb39a2[MainActivity]: ViewPostIme key 0
01-19 17:17:21.601  4504  4504 W keymaster_tee: [WRN]begin req PARAMS: A32 B32 P1
01-19 17:17:21.604  4503 18893 I keystore2: keystore2::security_level: In create_operation. Success to create IKeystoreOperation. 10198, None
01-19 17:17:21.626  7974  7974 I HBD     : bd ous -  12 ,  12 ,  13 ,  13 ,  -1 ,  -1
01-19 17:17:21.630  5249  9011 D InputDispatcher: Inject key (3761): action=1, f=0x8, d=-1, time=5473750000000
01-19 17:17:21.630  5249  5413 I InputDispatcher: Delivering key to (3761): action: 0x1 (0), f=0x8, m=0x0, d=0, '7e491a1'
01-19 17:17:21.631  4504  4504 W keymaster_tee: [WRN]begin req PARAMS: A32 B32 P1
01-19 17:17:21.631  7974  7974 I HBD     : b getTBC , flag: 1 , start: 13 , end: 13 , length: 13 , composingLength: 0 , isKCC: false
01-19 17:17:21.634  7974  7974 I HBD     : b getTAC , flag: 1 , start: 13 , end: 13 , length: 13 , composingLength: 0 , isKCC: false
01-19 17:17:21.634  4503 12050 I keystore2: keystore2::security_level: In create_operation. Success to create IKeystoreOperation. 10198, None
01-19 17:17:21.638  4945  4945 E SurfaceFlinger: Attempt to update InputPolicyFlags without permission ACCESS_SURFACE_FLINGER
01-19 17:17:21.639  7974  7974 I HBD     : al EBD cm f 1
01-19 17:17:21.639  7974  7974 I HBD     : HoneyBoardService onKeyUp r:a580a41a consumed:false
01-19 17:17:21.640  3761  3761 I ViewRootImpl@ceb39a2[MainActivity]: ViewPostIme key 1
01-19 17:17:21.649  3761  3761 I ViewInteraction: Performing 'close keyboard' action on view view.getId() is <2131296495/com.myapp.alist:id/input2EditText>
01-19 17:17:21.649  3761  3761 D IdlingRegistry: Registering idling resources: [androidx.test.espresso.action.CloseKeyboardAction$CloseKeyboardIdlingResult@de72d0a]
01-19 17:17:21.650  3761  3761 I IMM_LC  : hsifw() - flags=0, caller=android.view.inputmethod.InputMethodManager.hideSoftInputFromWindow:1858 androidx.test.espresso.action.CloseKeyboardAction.tryToCloseKeyboard:6 androidx.test.espresso.action.CloseKeyboardAction.perform:2 androidx.test.espresso.ViewInteraction$SingleExecutionViewAction.perform:2 androidx.test.espresso.ViewInteraction.doPerform:25
01-19 17:17:21.650  3761  3761 I IMM_LC  : hideSoftInputFromWindow - mService.hideSoftInput
01-19 17:17:21.651  7974  7974 I InputMethod: hideSoftInput(), flags : 0
01-19 17:17:21.652  7974  7974 I HBD     : HoneyBoardService onFinishInputView finishingInput= false
01-19 17:17:21.652  7974  7974 I DecorView: notifyKeepScreenOnChanged: keepScreenOn=false
01-19 17:17:21.652  7974  7974 I MSHandlerLifeCycle: isMultiSplitHandlerRequested: ignored. pkg=com.samsung.android.honeyboard isActivity=false callers=com.android.internal.policy.DecorView.hasMultiSplitHandlerInNonFreeformMode:891 com.android.internal.policy.DecorView.notifyKeepScreenOnChanged:885 android.view.ViewRootImpl.applyKeepScreenOnFlag:2945 android.view.ViewRootImpl.setLayoutParams:2108 android.view.WindowManagerGlobal.updateViewLayout:537
01-19 17:17:21.652  7974  7974 I HBD     : a [UpdatePolicy] [post] a: 3 cl: 65538 kit: [0/0] vt: 0 ir: 1
01-19 17:17:21.652  7974  7974 I HBD     : b processFinishInputView
01-19 17:17:21.653  7974  7974 I HBD     : bd stopRunningTimers
01-19 17:17:21.653  7974  7974 I HBD     : e unbindCurrentHoneyBoard : text_board
01-19 17:17:21.653  7974  7974 I HBD     : a onUnbind
01-19 17:17:21.653  7974  7974 I HBD     : e expression state[false], searchState[0]
01-19 17:17:21.654  7974  7974 I HBD     : a clear BaseLanguageRepo
01-19 17:17:21.654  7974  7974 I HBD     : HoneyBoardService [PF_CL][onFinishInputView]  2 ms
01-19 17:17:21.654  7974  7974 I HBD     : HoneyBoardService onWindowHidden
01-19 17:17:21.654  7974  7974 I HBD     : HoneyBoardService [PF_CL][onWindowHidden]  314384 ns
01-19 17:17:21.655  5249  7671 D InputMethodManagerServicePhysicalKey: isConnectedDexOnPC false
01-19 17:17:21.655  5249  7671 D InputMethodManagerService: isImeSwitcherDisabledPackage : false
01-19 17:17:21.655  7974  7974 I DecorView: notifyKeepScreenOnChanged: keepScreenOn=false
01-19 17:17:21.655  5249  7671 I InputMethodManagerService: setImeWindowStatus: vis=0, backDisposition=0
01-19 17:17:21.656  7974  7974 I MSHandlerLifeCycle: isMultiSplitHandlerRequested: ignored. pkg=com.samsung.android.honeyboard isActivity=false callers=com.android.internal.policy.DecorView.hasMultiSplitHandlerInNonFreeformMode:891 com.android.internal.policy.DecorView.notifyKeepScreenOnChanged:885 android.view.ViewRootImpl.applyKeepScreenOnFlag:2945 android.view.ViewRootImpl.setLayoutParams:2108 android.view.WindowManagerGlobal.updateViewLayout:537
01-19 17:17:21.658 12823 12823 I CocktailBarUiController: onReceive: action=ResponseAxT9Info isVisibleWindow=0
01-19 17:17:21.659  3761  3761 D InsetsSourceConsumer: setRequestedVisible: visible=false, type=19, host=com.myapp.alist/com.myapp.alist.ui.MainActivity, from=android.view.InsetsSourceConsumer.hide:253 android.view.ImeInsetsSourceConsumer.hide:68 android.view.ImeInsetsSourceConsumer.hide:74 android.view.InsetsController.hideDirectly:1473 android.view.InsetsController.controlAnimationUnchecked:1139 android.view.InsetsController.applyAnimation:1456 android.view.InsetsController.applyAnimation:1437 android.view.InsetsController.hide:1006 android.view.ViewRootImpl$ViewRootHandler.handleMessageImpl:6487 android.view.ViewRootImpl$ViewRootHandler.handleMessage:6408
01-19 17:17:21.662  5599  5599 V Navbar.Store: handleEvent [EventType] ON_NAVBAR_ICON_HINT_CHANGED [Module] NavigationBar  KEYS_NAVBAR_ICON_HINT=0
01-19 17:17:21.662  5599  5599 V Navbar.Store: --[Band]SETUPWIZARD_PACK_SET_NAVBAR_ICON_HINT
01-19 17:17:21.662  5599  5599 V Navbar.Store: ----getValue(BOOL_NAVBAR_BUTTON_FORCED_VISIBLE)=false
01-19 17:17:21.662  5599  5599 V Navbar.Store: ----getValue(BOOL_NAVBAR_SETUPWIZARD_STYLE)=false
01-19 17:17:21.662  5599  5599 V Navbar.Store: --[Band]VIS_PACK_REEVAULATE_NAVBAR
01-19 17:17:21.662  5599  5599 V Navbar.Store: ----apply(REEVALUATE_NAVBAR)
01-19 17:17:21.663  5599  5599 V Navbar.Store: ----handleEvent [EventType] GET_BOOL_REGION_SAMPLING_ENABLED [Module] LightBarController  KEYS_DEFAULT=false
01-19 17:17:21.663  4945  6920 I SurfaceFlinger: id=4372 createSurf (0x0),-1 flag=24000, Surface(name=9c44ca3 NavigationBar0)/@0x49015f3 - animation-leash of insets_animation#0
01-19 17:17:21.663  5599  5599 V Navbar.Store: ------[Band]COLOR_PACK_GET_REGION_SAMPLING_ENABLED
01-19 17:17:21.663  5599  5599 V Navbar.Store: --------getValue(BOOL_REGION_SAMPLING_ENABLED)=false
01-19 17:17:21.666  6080 13627 I TouchInteractionService: onActiveNavBarRegionChanges, region : SkRegion((0,2214,388,2218)(389,2214,690,2218)(691,2214,961,2218)(0,2218,388,2340)(389,2218,690,2340)(691,2218,961,2340)(962,2218,1089,2340))
01-19 17:17:21.666  5599  5599 V Navbar.Store: ----handleEvent [EventType] ON_UPDATE_REMOTEVIEW [Module] SamsungNavigationBarView  KEYS_NAVBAR_DARK_INTENSITY=1.0  KEYS_CONTEXTUALBUTTON_VISIBLE=false  KEYS_LEFT_REMOTEVIEW_CONTAINER=android.widget.LinearLayout{44760c9 I.E...... ......I. 0,0-118,126 #7f0b0478 app:id/left_remoteview}  KEYS_RIGHT_REMOTEVIEW_CONTAINER=android.widget.LinearLayout{657a3ce I.E...... ......I. 962,0-1080,126 #7f0b070a app:id/right_remoteview}
01-19 17:17:21.666  5599  5599 V Navbar.Store: ------[Band]REMOTE_VIEW_PACK_SET_REMOTEVIEW_CONTAINER
01-19 17:17:21.666  5599  5599 V Navbar.Store: --------apply(UPDATE_NAVBAR_REMOTEVIEW_CONTAINER)
01-19 17:17:21.666  5599  5599 V Navbar.Store: --------apply(UPDATE_NAVBAR_RIGHT_REMOTEVIEW_VISIBILITY)
01-19 17:17:21.666  5599  5599 V Navbar.Store: --------getValue(FLOAT_REMOTEVIEW_DARK_INTENSITY)=1.0
01-19 17:17:21.668  6080 13627 I TouchInteractionService: onActiveNavBarRegionChanges, region : SkRegion((0,2214,388,2340)(389,2214,690,2340)(691,2214,961,2340))
01-19 17:17:21.668  5249  7671 V WindowManager: Relayout Window{30ecb98 u0 InputMethod}: viewVisibility=0 req=1080x2257 d0
01-19 17:17:21.672  6080 13627 I TouchInteractionService: onSystemUiStateChanged, stateFlags : 131072
01-19 17:17:21.673  6080  6080 I TouchInteractionService: onSystemUiFlagsChanged, userUnlocked
01-19 17:17:21.673  5599  5599 V Navbar.Store: handleEvent [EventType] GET_BOOL_NAVBAR_CAN_MOVE_STATE [Module] SamsungNavigationBarView  KEYS_DEFAULT=true
01-19 17:17:21.673  5599  5599 V Navbar.Store: --[Band]CONFIG_PACK_GET_NAVBAR_CAN_MOVE
01-19 17:17:21.673  5599  5599 V Navbar.Store: ----getValue(BOOL_NAVBAR_CAN_MOVE)=true
01-19 17:17:21.675  5249  7671 V WindowManager: Relayout hash=30ecb98, pid=7974: mAttrs={(0,0)(fillxfill) gr=BOTTOM CENTER_VERTICAL sim={adjust=pan} ty=INPUT_METHOD fmt=TRANSPARENT wanim=0x7f130170 preferredMinDisplayRefreshRate=60.0 receive insets ignoring z-order
01-19 17:17:21.675  5249  7671 V WindowManager:   fl=81800108
01-19 17:17:21.675  5249  7671 V WindowManager:   pfl=12000000
01-19 17:17:21.675  5249  7671 V WindowManager:   vsysui=10
01-19 17:17:21.675  5249  7671 V WindowManager:   apr=LIGHT_NAVIGATION_BARS
01-19 17:17:21.675  5249  7671 V WindowManager:   bhv=DEFAULT
01-19 17:17:21.675  5249  7671 V WindowManager:   fitTypes=STATUS_BARS NAVIGATION_BARS
01-19 17:17:21.675  5249  7671 V WindowManager:   fitSides=LEFT TOP RIGHT
01-19 17:17:21.675  5249  7671 V WindowManager:   fitIgnoreVis dimDuration=150 naviIconColor=0}
01-19 17:17:21.677  6080 13627 I TouchInteractionService: onActiveNavBarRegionChanges, region : SkRegion((0,2214,388,2340)(389,2214,690,2340)(691,2214,961,2340))
01-19 17:17:21.677  7974  7974 I ViewRootImpl@85014ab[InputMethod]: Relayout returned: old=(0,83,1080,2340) new=(0,83,1080,2340) req=(1080,2257)0 dur=9 res=0x2 s={true 525778563072} ch=false fn=72
01-19 17:17:21.677  5249  9011 V WindowManager: Relayout Window{d581a71 u0 ScreenDecorOverlayBottom}: viewVisibility=0 req=1079x151 d0
01-19 17:17:21.678  5599  5599 V Navbar.Store: handleEvent [EventType] GET_BOOL_USE_NAVBAR_BACKGROUND_FRAME [Module] NavigationBarTransitions  KEYS_DEFAULT=false
01-19 17:17:21.678  5599  5599 V Navbar.Store: --[Band]COLOR_PACK_GET_USE_NAVBAR_BACKGROUND_FRAME
01-19 17:17:21.678  5599  5599 V Navbar.Store: ----getValue(BOOL_NAVBAR_GESTURAL_MODE)=false
01-19 17:17:21.678  5599  5599 V Navbar.Store: ----getValue(BOOL_NAVBAR_OPAQUE)=false
01-19 17:17:21.678  7974  7974 I ViewRootImpl@85014ab[InputMethod]: [DP] dp(1) 1 android.view.ViewRootImpl.reportNextDraw:11442 android.view.ViewRootImpl.performTraversals:4198 android.view.ViewRootImpl.doTraversal:2924
01-19 17:17:21.678  5599  5599 V Navbar.Store: ----getValue(BOOL_NAVBAR_PINNED_EDGE_ENABELD)=false
01-19 17:17:21.682  5599  5599 D PipMotionHelper: animateToOffset: originalBounds=Rect(533, 1888 - 1038, 2172) offset=0 callers=
01-19 17:17:21.682  5599  5599 D PipMotionHelper:     com.android.wm.shell.pip.phone.PipTouchHandler.onMovementBoundsChanged:477
01-19 17:17:21.682  5599  5599 D PipMotionHelper:     com.android.wm.shell.pip.phone.PipController.updateMovementBounds:715
01-19 17:17:21.682  5599  5599 D PipMotionHelper:     com.android.wm.shell.pip.phone.PipController.access$600:99
01-19 17:17:21.682  5599  5599 D PipMotionHelper:     com.android.wm.shell.pip.phone.PipController$PipControllerPinnedTaskListener.onMovementBoundsChanged:238
01-19 17:17:21.682  5599  5599 D PipMotionHelper:     com.android.wm.shell.pip.PinnedStackListenerForwarder.onMovementBoundsChanged:65
01-19 17:17:21.685  5249  9011 V WindowManager: Relayout hash=d581a71, pid=5599: mAttrs={(0,0)(fillxwrap) gr=BOTTOM CENTER_VERTICAL sim={adjust=pan} layoutInDisplayCutoutMode=always ty=NAVIGATION_BAR_PANEL fmt=TRANSLUCENT
01-19 17:17:21.685  5249  9011 V WindowManager:   fl=20800128
01-19 17:17:21.685  5249  9011 V WindowManager:   pfl=13100050
01-19 17:17:21.685  5249  9011 V WindowManager:   vsysui=100
01-19 17:17:21.685  5249  9011 V WindowManager:   bhv=DEFAULT naviIconColor=0}
01-19 17:17:21.686  5599  6779 I ViewRootImpl@f7c4d25[ScreenDecorOverlayBottom]: Relayout returned: old=(0,2189,1080,2340) new=(0,2189,1080,2340) req=(1079,151)0 dur=13 res=0x0 s={true 525878800384} ch=false fn=105
01-19 17:17:21.694  5249  9011 V WindowManager: Relayout Window{1a361da u0 ScreenDecorOverlay}: viewVisibility=0 req=1079x151 d0
01-19 17:17:21.699  5249  9011 V WindowManager: Relayout hash=1a361da, pid=5599: mAttrs={(0,0)(fillxwrap) gr=TOP CENTER_VERTICAL sim={adjust=pan} layoutInDisplayCutoutMode=always ty=NAVIGATION_BAR_PANEL fmt=TRANSLUCENT
01-19 17:17:21.699  5249  9011 V WindowManager:   fl=20800128
01-19 17:17:21.699  5249  9011 V WindowManager:   pfl=13100050
01-19 17:17:21.699  5249  9011 V WindowManager:   vsysui=100
01-19 17:17:21.699  5249  9011 V WindowManager:   bhv=DEFAULT naviIconColor=0}
01-19 17:17:21.699  7974  7974 I ViewRootImpl@85014ab[InputMethod]: [DP] pdf(0) 1 android.view.ViewRootImpl.lambda$addFrameCompleteCallbackIfNeeded$3$ViewRootImpl:5000 android.view.ViewRootImpl$$ExternalSyntheticLambda16.run:6 android.os.Handler.handleCallback:938
01-19 17:17:21.699  7974  7974 I ViewRootImpl@85014ab[InputMethod]: [DP] rdf()
01-19 17:17:21.700  7974  7974 I HBD     : d Init expand button state by global layout listener
01-19 17:17:21.700  5599  6779 I ViewRootImpl@19a8c0[ScreenDecorOverlay]: Relayout returned: old=(0,0,1080,151) new=(0,0,1080,151) req=(1079,151)0 dur=9 res=0x0 s={true 525878792192} ch=false fn=106
01-19 17:17:21.704  5249  5761 V WindowManager: Relayout Window{d581a71 u0 ScreenDecorOverlayBottom}: viewVisibility=0 req=1079x151 d0
01-19 17:17:21.710  5249  5761 V WindowManager: Relayout hash=d581a71, pid=5599: mAttrs={(0,0)(fillxwrap) gr=BOTTOM CENTER_VERTICAL sim={adjust=pan} layoutInDisplayCutoutMode=always ty=NAVIGATION_BAR_PANEL fmt=TRANSLUCENT
01-19 17:17:21.710  5249  5761 V WindowManager:   fl=20800128
01-19 17:17:21.710  5249  5761 V WindowManager:   pfl=13100050
01-19 17:17:21.710  5249  5761 V WindowManager:   vsysui=100
01-19 17:17:21.710  5249  5761 V WindowManager:   bhv=DEFAULT naviIconColor=0}
01-19 17:17:21.712  5599  6779 I ViewRootImpl@f7c4d25[ScreenDecorOverlayBottom]: Relayout returned: old=(0,2189,1080,2340) new=(0,2189,1080,2340) req=(1079,151)0 dur=10 res=0x0 s={true 525878800384} ch=false fn=105
01-19 17:17:21.714  5249  5761 V WindowManager: Relayout Window{1a361da u0 ScreenDecorOverlay}: viewVisibility=0 req=1079x151 d0
01-19 17:17:21.719  5249  5761 V WindowManager: Relayout hash=1a361da, pid=5599: mAttrs={(0,0)(fillxwrap) gr=TOP CENTER_VERTICAL sim={adjust=pan} layoutInDisplayCutoutMode=always ty=NAVIGATION_BAR_PANEL fmt=TRANSLUCENT
01-19 17:17:21.719  5249  5761 V WindowManager:   fl=20800128
01-19 17:17:21.719  5249  5761 V WindowManager:   pfl=13100050
01-19 17:17:21.719  5249  5761 V WindowManager:   vsysui=100
01-19 17:17:21.719  5249  5761 V WindowManager:   bhv=DEFAULT naviIconColor=0}
01-19 17:17:21.720  5599  6779 I ViewRootImpl@19a8c0[ScreenDecorOverlay]: Relayout returned: old=(0,0,1080,151) new=(0,0,1080,151) req=(1079,151)0 dur=7 res=0x0 s={true 525878792192} ch=false fn=106
01-19 17:17:21.726  5249  5761 V WindowManager: Relayout Window{d581a71 u0 ScreenDecorOverlayBottom}: viewVisibility=0 req=1079x151 d0
01-19 17:17:21.728  3761  3761 D ScrollView:  onsize change changed
01-19 17:17:21.729  5249  5761 V WindowManager: Relayout hash=d581a71, pid=5599: mAttrs={(0,0)(fillxwrap) gr=BOTTOM CENTER_VERTICAL sim={adjust=pan} layoutInDisplayCutoutMode=always ty=NAVIGATION_BAR_PANEL fmt=TRANSLUCENT
01-19 17:17:21.729  5249  5761 V WindowManager:   fl=20800128
01-19 17:17:21.729  5249  5761 V WindowManager:   pfl=13100050
01-19 17:17:21.729  5249  5761 V WindowManager:   vsysui=100
01-19 17:17:21.729  5249  5761 V WindowManager:   bhv=DEFAULT naviIconColor=0}
01-19 17:17:21.731  5599  6779 I ViewRootImpl@f7c4d25[ScreenDecorOverlayBottom]: Relayout returned: old=(0,2189,1080,2340) new=(0,2189,1080,2340) req=(1079,151)0 dur=5 res=0x0 s={true 525878800384} ch=false fn=105
01-19 17:17:21.733  5249  7671 V WindowManager: Relayout Window{1a361da u0 ScreenDecorOverlay}: viewVisibility=0 req=1079x151 d0
01-19 17:17:21.735  5249  5504 D SemNscXgbMsL1: Probability - Cloud gaming: [0.04415229]
01-19 17:17:21.735  5249  7671 V WindowManager: Relayout hash=1a361da, pid=5599: mAttrs={(0,0)(fillxwrap) gr=TOP CENTER_VERTICAL sim={adjust=pan} layoutInDisplayCutoutMode=always ty=NAVIGATION_BAR_PANEL fmt=TRANSLUCENT
01-19 17:17:21.735  5249  7671 V WindowManager:   fl=20800128
01-19 17:17:21.735  5249  7671 V WindowManager:   pfl=13100050
01-19 17:17:21.735  5249  7671 V WindowManager:   vsysui=100
01-19 17:17:21.735  5249  7671 V WindowManager:   bhv=DEFAULT naviIconColor=0}
01-19 17:17:21.735  5249  5504 D SemNscXgbMsL1: Probability - Real time: [0.10864212]
01-19 17:17:21.736  5249  5504 D SemNscXgbMsL1: Probability - Non real time: [0.915227]
01-19 17:17:21.736  5249  5504 D SemNscXgbMsL1: 1 sample inference time: 0.695154 msecs
01-19 17:17:21.737  5249  5504 D SemNscXgbL2Rt: L2 RT 1 sample inference time: 1.07723 msecs
01-19 17:17:21.738  5249  5504 D SemNscXgbL2Nrt: L2 NRT 1 sample inference time: 0.744731 msecs
01-19 17:17:21.740  3761  3761 D InsetsSourceConsumer: ensureControlAlpha: for ITYPE_NAVIGATION_BAR on com.myapp.alist/com.myapp.alist.ui.MainActivity
01-19 17:17:21.740  5599  6779 I ViewRootImpl@19a8c0[ScreenDecorOverlay]: Relayout returned: old=(0,0,1080,151) new=(0,0,1080,151) req=(1079,151)0 dur=8 res=0x0 s={true 525878792192} ch=false fn=106
01-19 17:17:21.742  7974  3872 I HBD     : bd requestCursorUpdates(0),  71
01-19 17:17:21.756  4945  4945 E SurfaceFlinger: Attempt to update InputPolicyFlags without permission ACCESS_SURFACE_FLINGER
01-19 17:17:21.761  5249  7671 D InputMethodManagerServicePhysicalKey: isConnectedDexOnPC false
01-19 17:17:21.761  5249  7671 D InputMethodManagerService: isImeSwitcherDisabledPackage : false
01-19 17:17:21.767  4504  4504 W keymaster_tee: [WRN]begin req PARAMS: A32 B32 P1
01-19 17:17:21.773  4503 12050 I keystore2: keystore2::security_level: In create_operation. Success to create IKeystoreOperation. 10198, None
01-19 17:17:21.808  4504  4504 W keymaster_tee: [WRN]begin req PARAMS: A32 B32 P1
01-19 17:17:21.812  4503 12050 I keystore2: keystore2::security_level: In create_operation. Success to create IKeystoreOperation. 10198, None
01-19 17:17:21.853  4504  4504 W keymaster_tee: [WRN]begin req PARAMS: A32 B32 P1
01-19 17:17:21.856  4503 12050 I keystore2: keystore2::security_level: In create_operation. Success to create IKeystoreOperation. 10198, None
01-19 17:17:21.878  3761  3761 I IMM_LC  : notifyImeHidden
01-19 17:17:21.882  7974  7974 I MSHandlerLifeCycle: isMultiSplitHandlerRequested: ignored. pkg=com.samsung.android.honeyboard isActivity=false callers=com.android.internal.policy.DecorView.setVisibility:4295 android.app.Dialog.hide:741 android.inputmethodservice.InputMethodService.removeImeSurface:1143 android.inputmethodservice.InputMethodService.scheduleImeSurfaceRemoval:1136 android.inputmethodservice.InputMethodService.access$1400:354
01-19 17:17:21.882  7974  7974 I MSHandlerLifeCycle: removeMultiSplitHandler: no exist. decor=DecorView@73efe47[InputMethod]
01-19 17:17:21.895  5249  5761 V WindowManager: Relayout Window{30ecb98 u0 InputMethod}: viewVisibility=8 req=1080x2257 d0
01-19 17:17:21.898  4945  4945 D SurfaceFlinger: Display 0 HWC layers:
01-19 17:17:21.898  4945  4945 D SurfaceFlinger:      DEVICE | 0x7564e1d080 | 0102 | RGBA_8888    |    0.0    0.0 1080.0 2340.0 |    0    0 1080 2340 | com.myapp.alist/com.myapp.alist.ui.MainActivity$_3761#0
01-19 17:17:21.898  4945  4945 D SurfaceFlinger:      DEVICE | 0x759a4c04c0 | 0100 | RGBA_8888    |    0.0    0.0 1080.0   78.0 |    0    0 1080   78 | StatusBar$_5599#0
01-19 17:17:21.898  4945  4945 D SurfaceFlinger:      DEVICE | 0x7579019440 | 0100 | RGBA_8888    |    0.0    0.0 1080.0  126.0 |    0 2214 1080 2340 | NavigationBar0$_5599#0
01-19 17:17:21.898  4945  4945 D SurfaceFlinger:      DEVICE | 0x759a4bdcc0 | 0140 | RGBA_8888    |    0.0    0.0 1080.0  151.0 |    0    0 1080  151 | ScreenDecorOverlay$_5599#0
01-19 17:17:21.898  4945  4945 D SurfaceFlinger:      DEVICE | 0x7564e1ba00 | 0140 | RGBA_8888    |    0.0    0.0 1080.0  151.0 |    0 2189 1080 2340 | ScreenDecorOverlayBottom$_5599#0
01-19 17:17:21.898  4945  4945 D SurfaceFlinger:
01-19 17:17:21.906  5249  5761 V WindowManager: Relayout hash=30ecb98, pid=7974: mAttrs={(0,0)(fillxfill) gr=BOTTOM CENTER_VERTICAL sim={adjust=pan} ty=INPUT_METHOD fmt=TRANSPARENT wanim=0x7f130170 preferredMinDisplayRefreshRate=60.0 receive insets ignoring z-order
01-19 17:17:21.906  5249  5761 V WindowManager:   fl=81800108
01-19 17:17:21.906  5249  5761 V WindowManager:   pfl=12000000
01-19 17:17:21.906  5249  5761 V WindowManager:   vsysui=10
01-19 17:17:21.906  5249  5761 V WindowManager:   apr=LIGHT_NAVIGATION_BARS
01-19 17:17:21.906  5249  5761 V WindowManager:   bhv=DEFAULT
01-19 17:17:21.906  5249  5761 V WindowManager:   fitTypes=STATUS_BARS NAVIGATION_BARS
01-19 17:17:21.906  5249  5761 V WindowManager:   fitSides=LEFT TOP RIGHT
01-19 17:17:21.906  5249  5761 V WindowManager:   fitIgnoreVis dimDuration=150 naviIconColor=0}
01-19 17:17:21.906  4945  4945 I Layer   : id=4371 removeFromCurrentState InputMethod$_7974#0 (101)
01-19 17:17:21.907  7974  7974 I ViewRootImpl@85014ab[InputMethod]: Relayout returned: old=(0,83,1080,2340) new=(0,83,1080,2340) req=(1080,2257)8 dur=13 res=0x4 s={false 0} ch=true fn=84
01-19 17:17:21.910  4945  4945 I SurfaceFlinger: Setting desired display mode specs: default mode ID: 0, allowGroupSwitching = 0, primary range: [0.00fps 120.00fps], app request range: [0.00fps 120.00fps]
01-19 17:17:21.913  4945  4965 I SurfaceFlinger: id=4371 Removed InputMethod$_7974#0 (101)
01-19 17:17:21.924  4945  4945 I Layer   : id=4371 Destroyed InputMethod$_7974#0
01-19 17:17:21.924  4879  3786 I HYPER-HAL: [RequestManager.cpp]releaseLocked(): Released ID : 29625767
01-19 17:17:21.928  5249  7671 V WindowManager: Relayout Window{d581a71 u0 ScreenDecorOverlayBottom}: viewVisibility=0 req=1079x151 d0
01-19 17:17:21.934  5249  7671 V WindowManager: Relayout hash=d581a71, pid=5599: mAttrs={(0,0)(fillxwrap) gr=BOTTOM CENTER_VERTICAL sim={adjust=pan} layoutInDisplayCutoutMode=always ty=NAVIGATION_BAR_PANEL fmt=TRANSLUCENT
01-19 17:17:21.934  5249  7671 V WindowManager:   fl=20800128
01-19 17:17:21.934  5249  7671 V WindowManager:   pfl=13100050
01-19 17:17:21.934  5249  7671 V WindowManager:   vsysui=100
01-19 17:17:21.934  5249  7671 V WindowManager:   bhv=DEFAULT naviIconColor=0}
01-19 17:17:21.936  5599  6779 I ViewRootImpl@f7c4d25[ScreenDecorOverlayBottom]: Relayout returned: old=(0,2189,1080,2340) new=(0,2189,1080,2340) req=(1079,151)0 dur=12 res=0x0 s={true 525878800384} ch=false fn=105
01-19 17:17:21.941  5249  7671 V WindowManager: Relayout Window{1a361da u0 ScreenDecorOverlay}: viewVisibility=0 req=1079x151 d0
01-19 17:17:21.945  5249  7671 V WindowManager: Relayout hash=1a361da, pid=5599: mAttrs={(0,0)(fillxwrap) gr=TOP CENTER_VERTICAL sim={adjust=pan} layoutInDisplayCutoutMode=always ty=NAVIGATION_BAR_PANEL fmt=TRANSLUCENT
01-19 17:17:21.945  5249  7671 V WindowManager:   fl=20800128
01-19 17:17:21.945  5249  7671 V WindowManager:   pfl=13100050
01-19 17:17:21.945  5249  7671 V WindowManager:   vsysui=100
01-19 17:17:21.945  5249  7671 V WindowManager:   bhv=DEFAULT naviIconColor=0}
01-19 17:17:21.947  5599  6779 I ViewRootImpl@19a8c0[ScreenDecorOverlay]: Relayout returned: old=(0,0,1080,151) new=(0,0,1080,151) req=(1079,151)0 dur=8 res=0x0 s={true 525878792192} ch=false fn=106
01-19 17:17:21.951  5249  7671 V WindowManager: Relayout Window{d581a71 u0 ScreenDecorOverlayBottom}: viewVisibility=0 req=1079x151 d0
01-19 17:17:21.954  5249  7671 V WindowManager: Relayout hash=d581a71, pid=5599: mAttrs={(0,0)(fillxwrap) gr=BOTTOM CENTER_VERTICAL sim={adjust=pan} layoutInDisplayCutoutMode=always ty=NAVIGATION_BAR_PANEL fmt=TRANSLUCENT
01-19 17:17:21.954  5249  7671 V WindowManager:   fl=20800128
01-19 17:17:21.954  5249  7671 V WindowManager:   pfl=13100050
01-19 17:17:21.954  5249  7671 V WindowManager:   vsysui=100
01-19 17:17:21.954  5249  7671 V WindowManager:   bhv=DEFAULT naviIconColor=0}
01-19 17:17:21.956  5599  6779 I ViewRootImpl@f7c4d25[ScreenDecorOverlayBottom]: Relayout returned: old=(0,2189,1080,2340) new=(0,2189,1080,2340) req=(1079,151)0 dur=7 res=0x0 s={true 525878800384} ch=false fn=105
01-19 17:17:21.961 12823 12823 I Utils   : isCurrentUser current = 0, ownerId = 0
01-19 17:17:21.961 12823 12823 I TrayVisibilityController: getComputedTrayVisible : keyguardState = 1
01-19 17:17:21.962 12823 12823 I TrayVisibilityController: updateTrayVisible: State=1 visible=1 mCurrentVisible=2 specificMode=0
01-19 17:17:21.962 12823 12823 I TrayStateController: onNotifyUpdateTray: state=2
01-19 17:17:21.962  5249  7650 V WindowManager: Relayout Window{1a361da u0 ScreenDecorOverlay}: viewVisibility=0 req=1079x151 d0
01-19 17:17:21.963 12823 12823 I MSHandlerLifeCycle: isMultiSplitHandlerRequested: ignored. pkg=com.samsung.android.app.cocktailbarservice isActivity=false callers=com.android.internal.policy.DecorView.setVisibility:4295 com.samsung.android.app.cocktailbarservice.controller.traystate.TrayStateHide.onExitState:54 com.samsung.android.app.cocktailbarservice.controller.traystate.TrayStateController.setUiState:779 com.samsung.android.app.cocktailbarservice.controller.traystate.TrayStateController$9.onNotifyUpdateTray:1482 com.samsung.android.app.cocktailbarservice.controller.traystate.TrayVisibilityController.notifyUpdateTray:431
01-19 17:17:21.963 12823 12823 I MSHandlerLifeCycle: removeMultiSplitHandler: no exist. decor=DecorView@6352c64[CocktailBarService]
01-19 17:17:21.964 12823 12823 I MSHandlerLifeCycle: isMultiSplitHandlerRequested: ignored. pkg=com.samsung.android.app.cocktailbarservice isActivity=false callers=com.android.internal.policy.DecorView.setVisibility:4295 com.samsung.android.app.cocktailbarservice.controller.traystate.TrayStateTrigger.onEnterState:187 com.samsung.android.app.cocktailbarservice.controller.traystate.TrayStateController.setUiState:793 com.samsung.android.app.cocktailbarservice.controller.traystate.TrayStateController$9.onNotifyUpdateTray:1482 com.samsung.android.app.cocktailbarservice.controller.traystate.TrayVisibilityController.notifyUpdateTray:431
01-19 17:17:21.964 12823 12823 I MSHandlerLifeCycle: removeMultiSplitHandler: no exist. decor=DecorView@6352c64[CocktailBarService]
01-19 17:17:21.967  5249  7650 V WindowManager: Relayout hash=1a361da, pid=5599: mAttrs={(0,0)(fillxwrap) gr=TOP CENTER_VERTICAL sim={adjust=pan} layoutInDisplayCutoutMode=always ty=NAVIGATION_BAR_PANEL fmt=TRANSLUCENT
01-19 17:17:21.967  5249  7650 V WindowManager:   fl=20800128
01-19 17:17:21.967  5249  7650 V WindowManager:   pfl=13100050
01-19 17:17:21.967  5249  7650 V WindowManager:   vsysui=100
01-19 17:17:21.967  5249  7650 V WindowManager:   bhv=DEFAULT naviIconColor=0}
01-19 17:17:21.969  5599  6779 I ViewRootImpl@19a8c0[ScreenDecorOverlay]: Relayout returned: old=(0,0,1080,151) new=(0,0,1080,151) req=(1079,151)0 dur=11 res=0x0 s={true 525878792192} ch=false fn=106
01-19 17:17:21.978 12823 12823 I TrayStateTrigger: getTriggerMarginOnTop retY=1637 halfHandleSize=181 getTriggerPosition=81.818184
01-19 17:17:21.979 12823 12823 I CapturedBlurController: updateBlurBackground: false false
01-19 17:17:21.979 12823 12823 I TrayStateController: setUiState 0 : 2 --> 0
01-19 17:17:21.981  5249  9011 V WindowManager: Relayout Window{82feb1e u0 com.samsung.android.app.cocktailbarservice/com.samsung.android.app.cocktailbarservice.CocktailBarService}: viewVisibility=0 req=67x362 d0
01-19 17:17:21.982  4945  6920 I SurfaceFlinger: id=4373 createSurf (67x362),-3 flag=40004, com.samsung.android.app.cocktailbarservice/com.samsung.android.app.cocktailbarservice.CocktailBarService$_12823#0
01-19 17:17:21.990  5249  9011 V WindowManager: Relayout hash=82feb1e, pid=12823: mAttrs={(0,1637)(67x362) gr=TOP RIGHT CENTER sim={adjust=nothing} layoutInDisplayCutoutMode=shortEdges ty=2226 fmt=TRANSPARENT
01-19 17:17:21.990  5249  9011 V WindowManager:   fl=81800548
01-19 17:17:21.990  5249  9011 V WindowManager:   pfl=2000050
01-19 17:17:21.990  5249  9011 V WindowManager:   vsysui=2000
01-19 17:17:21.990  5249  9011 V WindowManager:   apr=LIGHT_STATUS_BARS
01-19 17:17:21.990  5249  9011 V WindowManager:   bhv=SHOW_TRANSIENT_BARS_BY_SWIPE
01-19 17:17:21.990  5249  9011 V WindowManager:   fitTypes=NAVIGATION_BARS CAPTION_BAR dimAmount=0.0 dimDuration=0 naviIconColor=0
01-19 17:17:21.990  5249  9011 V WindowManager:   sfl=200000}
01-19 17:17:21.995 12823 12823 I ViewRootImpl@1f377ad[CocktailBarService]: Relayout returned: old=(1013,1637,1080,1999) new=(1013,1637,1080,1999) req=(67,362)0 dur=11 res=0x6 s={true 527947644928} ch=true fn=-1
01-19 17:17:21.996 12823 12823 I ViewRootImpl@1f377ad[CocktailBarService]: [DP] dp(1) 1 android.view.ViewRootImpl.reportNextDraw:11442 android.view.ViewRootImpl.performTraversals:4198 android.view.ViewRootImpl.doTraversal:2924
01-19 17:17:22.004 12823 12823 I ViewRootImpl@1f377ad[CocktailBarService]: [DP] pdf(0) 1 android.view.ViewRootImpl.lambda$addFrameCompleteCallbackIfNeeded$3$ViewRootImpl:5000 android.view.ViewRootImpl$$ExternalSyntheticLambda16.run:6 android.os.Handler.handleCallback:938
01-19 17:17:22.004 12823 12823 I ViewRootImpl@1f377ad[CocktailBarService]: [DP] rdf()
01-19 17:17:22.005 12823 12823 I TrayStateController: putInputRect mDynamicInputRegion=175442438@LastEvent=t=1705684640780Rect(25, 0 - 67, 362),Rect=Rect(25, 0 - 67, 362)
01-19 17:17:22.006 12823 12823 I DecorView: notifyKeepScreenOnChanged: keepScreenOn=false
01-19 17:17:22.006 12823 12823 I MSHandlerLifeCycle: isMultiSplitHandlerRequested: ignored. pkg=com.samsung.android.app.cocktailbarservice isActivity=false callers=com.android.internal.policy.DecorView.hasMultiSplitHandlerInNonFreeformMode:891 com.android.internal.policy.DecorView.notifyKeepScreenOnChanged:885 android.view.ViewRootImpl.applyKeepScreenOnFlag:2945 android.view.ViewRootImpl.setLayoutParams:2108 android.view.WindowManagerGlobal.updateViewLayout:537
01-19 17:17:22.006  4945  4945 E SurfaceFlinger: Attempt to update InputPolicyFlags without permission ACCESS_SURFACE_FLINGER
01-19 17:17:22.010 12823 12823 I TrayStateTrigger: showTriggerView
01-19 17:17:22.027  5249  9011 V WindowManager: Relayout Window{82feb1e u0 com.samsung.android.app.cocktailbarservice/com.samsung.android.app.cocktailbarservice.CocktailBarService}: viewVisibility=0 req=67x362 d0
01-19 17:17:22.031  4945  4945 D SurfaceFlinger: Display 0 HWC layers:
01-19 17:17:22.031  4945  4945 D SurfaceFlinger:      DEVICE | 0x7564e1d080 | 0102 | RGBA_8888    |    0.0    0.0 1080.0 2340.0 |    0    0 1080 2340 | com.myapp.alist/com.myapp.alist.ui.MainActivity$_3761#0
01-19 17:17:22.031  4945  4945 D SurfaceFlinger:      DEVICE | 0x759a4c04c0 | 0100 | RGBA_8888    |    0.0    0.0 1080.0   78.0 |    0    0 1080   78 | StatusBar$_5599#0
01-19 17:17:22.031  4945  4945 D SurfaceFlinger:      DEVICE | 0x757aabcbc0 | 0100 | RGBA_8888    |    0.0    0.0   67.0  362.0 | 1013 1637 1080 1999 | com.samsung.android.app.cocktailbars[...]rservice.CocktailBarService$_12823#0
01-19 17:17:22.031  4945  4945 D SurfaceFlinger:      DEVICE | 0x7579019440 | 0100 | RGBA_8888    |    0.0    0.0 1080.0  126.0 |    0 2214 1080 2340 | NavigationBar0$_5599#0
01-19 17:17:22.031  4945  4945 D SurfaceFlinger:      DEVICE | 0x759a4bdcc0 | 0140 | RGBA_8888    |    0.0    0.0 1080.0  151.0 |    0    0 1080  151 | ScreenDecorOverlay$_5599#0
01-19 17:17:22.031  4945  4945 D SurfaceFlinger:      DEVICE | 0x7564e1ba00 | 0140 | RGBA_8888    |    0.0    0.0 1080.0  151.0 |    0 2189 1080 2340 | ScreenDecorOverlayBottom$_5599#0
01-19 17:17:22.031  4945  4945 D SurfaceFlinger:
01-19 17:17:22.035  5249  9011 V WindowManager: Relayout hash=82feb1e, pid=12823: mAttrs={(0,1637)(67x362) gr=TOP RIGHT CENTER sim={adjust=nothing} layoutInDisplayCutoutMode=shortEdges ty=2226 fmt=TRANSPARENT
01-19 17:17:22.035  5249  9011 V WindowManager:   fl=81800548
01-19 17:17:22.035  5249  9011 V WindowManager:   pfl=2000050
01-19 17:17:22.035  5249  9011 V WindowManager:   vsysui=2000
01-19 17:17:22.035  5249  9011 V WindowManager:   apr=LIGHT_STATUS_BARS
01-19 17:17:22.035  5249  9011 V WindowManager:   bhv=SHOW_TRANSIENT_BARS_BY_SWIPE
01-19 17:17:22.035  5249  9011 V WindowManager:   fitTypes=NAVIGATION_BARS CAPTION_BAR dimAmount=0.0 dimDuration=0 naviIconColor=0
01-19 17:17:22.035  5249  9011 V WindowManager:   sfl=200000}
01-19 17:17:22.036 12823 12823 I ViewRootImpl@1f377ad[CocktailBarService]: Relayout returned: old=(1013,1637,1080,1999) new=(1013,1637,1080,1999) req=(67,362)0 dur=10 res=0x0 s={true 527947644928} ch=false fn=2
01-19 17:17:22.038 12823 12823 I CocktailBarUiController: onCocktailBarStateChanged: flag=0x1 vis=1 bgType= showTimeout=-1 activate=true
01-19 17:17:22.041  3761  3761 D IdlingRegistry: Unregistering idling resources: [androidx.test.espresso.action.CloseKeyboardAction$CloseKeyboardIdlingResult@de72d0a]
