01-19 17:17:23.468  5249  5249 I GestureDetector: handleMessage TAP
01-19 17:17:23.476  4945  4945 E SurfaceFlinger: Attempt to update InputPolicyFlags without permission ACCESS_SURFACE_FLINGER
01-19 17:17:23.477  4945  4945 E SurfaceFlinger: Attempt to update InputPolicyFlags without permission ACCESS_SURFACE_FLINGER
01-19 17:17:23.493  4945  4945 E SurfaceFlinger: Attempt to update InputPolicyFlags without permission ACCESS_SURFACE_FLINGER
01-19 17:17:23.493  4945  4945 E SurfaceFlinger: Attempt to update InputPolicyFlags without permission ACCESS_SURFACE_FLINGER
01-19 17:17:23.510  4945  4945 E SurfaceFlinger: Attempt to update InputPolicyFlags without permission ACCESS_SURFACE_FLINGER
01-19 17:17:23.510  4945  4945 E SurfaceFlinger: Attempt to update InputPolicyFlags without permission ACCESS_SURFACE_FLINGER
01-19 17:17:23.526  4945  4945 E SurfaceFlinger: Attempt to update InputPolicyFlags without permission ACCESS_SURFACE_FLINGER
01-19 17:17:23.527  4945  4945 E SurfaceFlinger: Attempt to update InputPolicyFlags without permission ACCESS_SURFACE_FLINGER
01-19 17:17:23.543  4945  4945 E SurfaceFlinger: Attempt to update InputPolicyFlags without permission ACCESS_SURFACE_FLINGER
01-19 17:17:23.543  4945  4945 E SurfaceFlinger: Attempt to update InputPolicyFlags without permission ACCESS_SURFACE_FLINGER
01-19 17:17:23.560  4945  4945 E SurfaceFlinger: Attempt to update InputPolicyFlags without permission ACCESS_SURFACE_FLINGER
01-19 17:17:23.560  4945  4945 E SurfaceFlinger: Attempt to update InputPolicyFlags without permission ACCESS_SURFACE_FLINGER
01-19 17:17:23.562  7974  7974 I HBD     : c bee animation finished cnt=-2 2131231890
01-19 17:17:23.576  4945  4945 E SurfaceFlinger: Attempt to update InputPolicyFlags without permission ACCESS_SURFACE_FLINGER
01-19 17:17:23.577  4945  4945 E SurfaceFlinger: Attempt to update InputPolicyFlags without permission ACCESS_SURFACE_FLINGER
01-19 17:17:23.593  4945  4945 E SurfaceFlinger: Attempt to update InputPolicyFlags without permission ACCESS_SURFACE_FLINGER
01-19 17:17:23.594  4945  4945 E SurfaceFlinger: Attempt to update InputPolicyFlags without permission ACCESS_SURFACE_FLINGER
01-19 17:17:23.610  4945  4945 E SurfaceFlinger: Attempt to update InputPolicyFlags without permission ACCESS_SURFACE_FLINGER
01-19 17:17:23.610  4945  4945 E SurfaceFlinger: Attempt to update InputPolicyFlags without permission ACCESS_SURFACE_FLINGER
01-19 17:17:23.627  4945  4945 E SurfaceFlinger: Attempt to update InputPolicyFlags without permission ACCESS_SURFACE_FLINGER
01-19 17:17:23.639 12253 12611 W wsandroid.suit: Long monitor contention with owner DeviceScan Ctrl (3489) at void com.mcafee.mcs.engine.McsScanEngine.u(int)(SourceFile:-1) waiters=0 in void com.mcafee.mcs.engine.McsScanEngine.setScanHttpTimeout(int) for 8.423s
01-19 17:17:23.643  4945  4945 E SurfaceFlinger: Attempt to update InputPolicyFlags without permission ACCESS_SURFACE_FLINGER
01-19 17:17:23.645  3761  3761 I ViewInteraction: Performing 'load adapter data' action on view is assignable from class <class android.widget.AdapterView>
01-19 17:17:23.668  3761  3761 I ViewInteraction: Performing 'single click' action on view  displaying data matching: (is an instance of java.lang.String and is "Current") within adapter view matching: is assignable from class <class android.widget.AdapterView>
01-19 17:17:23.674  5249  5761 D InputDispatcher: Inject motion (3761): action=0x0, time=5475795000000, f=0x0, d=0
01-19 17:17:23.675  5249  5413 I InputDispatcher: Delivering touch to (5599): action: 0x4, f=0x0, d=0, '9c44ca3', t=0
01-19 17:17:23.676  5249  5413 I InputDispatcher: Delivering touch to (3761): action: 0x0, f=0x0, d=0, '4e9d2b ', t=0 +(-576,-756)
01-19 17:17:23.676  3761  3761 I ViewRootImpl@f37310e[PopupWindow:e63db09]: ViewPostIme pointer 0
01-19 17:17:23.677  5249  5287 I GestureDetector: obtain mCurrentDownEvent. id: -704964719 caller: com.android.server.wm.SystemGesturesPointerEventListener.onPointerEvent:179 com.android.server.wm.PointerEventDispatcher.onInputEvent:71 android.view.InputEventReceiver.dispatchInputEvent:259
01-19 17:17:23.677  4945  4945 E SurfaceFlinger: Attempt to update InputPolicyFlags without permission ACCESS_SURFACE_FLINGER
01-19 17:17:23.677  5249  5287 I GestureDetector: obtain mCurrentDownEvent. id: -704964719 caller: com.android.server.wm.SystemPerformancePointerEventListener.onPointerEvent:89 com.android.server.wm.PointerEventDispatcher.onInputEvent:71 android.view.InputEventReceiver.dispatchInputEvent:259
01-19 17:17:23.714  5249  5761 D InputDispatcher: Inject motion (3761): action=0x1, time=5475835000000, f=0x0, d=0
01-19 17:17:23.714  5249  5413 I InputDispatcher: Delivering touch to (3761): action: 0x1, f=0x0, d=0, '4e9d2b ', t=0 +(-576,-756)
01-19 17:17:23.715  5249  5287 I GestureDetector: obtain mCurrentMotionEventRaw. action: 1 id: -382163068
01-19 17:17:23.715  3761  3761 I ViewRootImpl@f37310e[PopupWindow:e63db09]: ViewPostIme pointer 1
01-19 17:17:23.716  5249  5287 I GestureDetector: obtain mCurrentMotionEventRaw. action: 1 id: -382163068
01-19 17:17:23.716  3761  3761 D AbsListView: onTouchUp() mTouchMode : 0
01-19 17:17:23.744  4945  4945 E SurfaceFlinger: Attempt to update InputPolicyFlags without permission ACCESS_SURFACE_FLINGER
01-19 17:17:23.760  4945  4945 E SurfaceFlinger: Attempt to update InputPolicyFlags without permission ACCESS_SURFACE_FLINGER
01-19 17:17:23.777  4945  4945 E SurfaceFlinger: Attempt to update InputPolicyFlags without permission ACCESS_SURFACE_FLINGER
01-19 17:17:23.794  4945  4945 E SurfaceFlinger: Attempt to update InputPolicyFlags without permission ACCESS_SURFACE_FLINGER
01-19 17:17:23.808  5249  7671 V WindowManager: Relayout Window{4e9d2b u0 PopupWindow:e63db09}: viewVisibility=0 req=336x1260 d0
01-19 17:17:23.811  4945  4945 E SurfaceFlinger: Attempt to update InputPolicyFlags without permission ACCESS_SURFACE_FLINGER
01-19 17:17:23.814  4945  5129 I SurfaceFlinger: id=4384 createSurf (0x0),-1 flag=24000, Surface(name=1e58e32 StatusBar)/@0xf9f1b57 - animation-leash of insets_animation#1
01-19 17:17:23.817  4945  6920 I SurfaceFlinger: id=4385 createSurf (0x0),-1 flag=24000, Surface(name=9c44ca3 NavigationBar0)/@0x49015f3 - animation-leash of insets_animation#0
01-19 17:17:23.820  5249  7671 V WindowManager: Relayout hash=4e9d2b, pid=3761: mAttrs={(576,756)(336x1260) gr=TOP START CENTER DISPLAY_CLIP_VERTICAL sim={state=unchanged adjust=pan} ty=APPLICATION_SUB_PANEL fmt=TRANSLUCENT surfaceInsets=Rect(84, 84 - 84, 84) (manual)
01-19 17:17:23.820  5249  7671 V WindowManager:   fl=41840218
01-19 17:17:23.820  5249  7671 V WindowManager:   pfl=42018000
01-19 17:17:23.820  5249  7671 V WindowManager:   bhv=DEFAULT
01-19 17:17:23.820  5249  7671 V WindowManager:   fitTypes=STATUS_BARS NAVIGATION_BARS CAPTION_BAR naviIconColor=0
01-19 17:17:23.820  5249  7671 V WindowManager:   sfl=20000}
01-19 17:17:23.830  3761  3761 I ViewRootImpl@f37310e[PopupWindow:e63db09]: Relayout returned: old=(576,756,912,2016) new=(576,756,912,2016) req=(336,1260)0 dur=20 res=0x1 s={true 526538407936} ch=false fn=23
01-19 17:17:23.844  4945  4945 I Layer   : id=4382 removeFromCurrentState Surface(name=9c44ca3 NavigationBar0)/@0x49015f3 - animation-leash of insets_animation#1 (105)
01-19 17:17:23.844  4945  4945 I Layer   : id=68 removeFromCurrentState 9c44ca3 NavigationBar0#0 (105)
01-19 17:17:23.844  4945  4945 I Layer   : id=76 removeFromCurrentState NavigationBar0$_5599#0 (105)
01-19 17:17:23.845  4945  4945 I Layer   : id=4381 removeFromCurrentState Surface(name=1e58e32 StatusBar)/@0xf9f1b57 - animation-leash of insets_animation#0 (105)
01-19 17:17:23.845  4945  4945 I Layer   : id=68 addToCurrentState 9c44ca3 NavigationBar0#0 (105)
01-19 17:17:23.845  4945  4945 I Layer   : id=76 addToCurrentState NavigationBar0$_5599#0 (105)
01-19 17:17:23.845  4945  4945 I SurfaceFlinger: id=4382 Removed Surface(name=9c44ca3 NavigationBar0)/@0x49015f3 - animation-leash of insets_animation#1 (105)
01-19 17:17:23.845  4945  4945 I SurfaceFlinger: id=4381 Removed Surface(name=1e58e32 StatusBar)/@0xf9f1b57 - animation-leash of insets_animation#0 (105)
01-19 17:17:23.845  4945  4945 I Layer   : id=4381 Destroyed Surface(name=1e58e32 StatusBar)/@0xf9f1b57 - animation-leash of insets_animation#0
01-19 17:17:23.845  4945  4945 I Layer   : id=4382 Destroyed Surface(name=9c44ca3 NavigationBar0)/@0x49015f3 - animation-leash of insets_animation#1
01-19 17:17:23.847  5249  5761 D InputDispatcher: Focus left window (0): 4e9d2b PopupWindow:e63db09
01-19 17:17:23.848  5249  5761 D InputDispatcher: Focus entered window (0): 7e491a1 com.myapp.alist/com.myapp.alist.ui.MainActivity
01-19 17:17:23.861  4945  4945 E SurfaceFlinger: Attempt to update InputPolicyFlags without permission ACCESS_SURFACE_FLINGER
01-19 17:17:23.877  4945  4945 E SurfaceFlinger: Attempt to update InputPolicyFlags without permission ACCESS_SURFACE_FLINGER
01-19 17:17:23.881  3761  3761 D InsetsSourceConsumer: ensureControlAlpha: for ITYPE_NAVIGATION_BAR on com.myapp.alist/com.myapp.alist.ui.MainActivity
01-19 17:17:23.883  3761  3761 D InsetsSourceConsumer: ensureControlAlpha: for ITYPE_STATUS_BAR on com.myapp.alist/com.myapp.alist.ui.MainActivity
01-19 17:17:23.893  3761  3761 I ViewRootImpl@f37310e[PopupWindow:e63db09]: MSG_WINDOW_FOCUS_CHANGED 0 1
01-19 17:17:23.894  4945  4945 E SurfaceFlinger: Attempt to update InputPolicyFlags without permission ACCESS_SURFACE_FLINGER
01-19 17:17:23.894  4945  4945 E SurfaceFlinger: Attempt to update InputPolicyFlags without permission ACCESS_SURFACE_FLINGER
01-19 17:17:23.896  3761  3761 I ViewRootImpl@ceb39a2[MainActivity]: MSG_WINDOW_FOCUS_CHANGED 1 1
01-19 17:17:23.901  3761  3761 I InputMethodManager: startInputAsyncOnWindowFocusGain - mService.startInputOrWindowGainedFocus
01-19 17:17:23.905   437   449 W android.vendin: Suspending all threads took: 20.171ms
01-19 17:17:23.911  4945  4945 E SurfaceFlinger: Attempt to update InputPolicyFlags without permission ACCESS_SURFACE_FLINGER
01-19 17:17:23.927  4945  4945 E SurfaceFlinger: Attempt to update InputPolicyFlags without permission ACCESS_SURFACE_FLINGER
01-19 17:17:23.944  4945  4945 E SurfaceFlinger: Attempt to update InputPolicyFlags without permission ACCESS_SURFACE_FLINGER
01-19 17:17:23.944  4945  4945 E SurfaceFlinger: Attempt to update InputPolicyFlags without permission ACCESS_SURFACE_FLINGER
01-19 17:17:23.961  4945  4945 E SurfaceFlinger: Attempt to update InputPolicyFlags without permission ACCESS_SURFACE_FLINGER
01-19 17:17:23.961  4945  4945 E SurfaceFlinger: Attempt to update InputPolicyFlags without permission ACCESS_SURFACE_FLINGER
01-19 17:17:23.977  5249  5287 I GestureDetector: handleMessage TAP
01-19 17:17:23.977  5249  5249 I GestureDetector: handleMessage TAP
01-19 17:17:23.978  4945  4945 E SurfaceFlinger: Attempt to update InputPolicyFlags without permission ACCESS_SURFACE_FLINGER
01-19 17:17:23.995  4945  4945 E SurfaceFlinger: Attempt to update InputPolicyFlags without permission ACCESS_SURFACE_FLINGER
01-19 17:17:24.011  4945  4945 E SurfaceFlinger: Attempt to update InputPolicyFlags without permission ACCESS_SURFACE_FLINGER
01-19 17:17:24.028  4945  4945 E SurfaceFlinger: Attempt to update InputPolicyFlags without permission ACCESS_SURFACE_FLINGER
01-19 17:17:24.037  3761  3761 I ViewInteraction: Checking 'MatchesViewAssertion{viewMatcher=an instance of android.widget.Spinner and spinner.getSelectedItem().toString() to match a string containing "Current"}' assertion on view view.getId() is <2131296689/com.myapp.alist:id/spinner2>
01-19 17:17:24.054  3761  3761 I ViewInteraction: Performing 'single click' action on view view.getId() is <2131296321/com.myapp.alist:id/action_insert>
01-19 17:17:24.060  5249  7671 D InputDispatcher: Inject motion (3761): action=0x0, time=5476181000000, f=0x0, d=0
01-19 17:17:24.061  4945  4945 E SurfaceFlinger: Attempt to update InputPolicyFlags without permission ACCESS_SURFACE_FLINGER
01-19 17:17:24.063  5249  5413 I InputDispatcher: Delivering touch to (5599): action: 0x4, f=0x0, d=0, '9c44ca3', t=0
01-19 17:17:24.063  5249  5413 I InputDispatcher: Delivering touch to (3761): action: 0x4, f=0x0, d=0, '4e9d2b ', t=0
01-19 17:17:24.063  5249  5413 I InputDispatcher: Delivering touch to (3761): action: 0x0, f=0x0, d=0, '7e491a1', t=0
01-19 17:17:24.064  5249  5287 I GestureDetector: obtain mCurrentDownEvent. id: -477315506 caller: com.android.server.wm.SystemGesturesPointerEventListener.onPointerEvent:179 com.android.server.wm.PointerEventDispatcher.onInputEvent:71 android.view.InputEventReceiver.dispatchInputEvent:259
01-19 17:17:24.065  5249  5287 I GestureDetector: obtain mCurrentDownEvent. id: -477315506 caller: com.android.server.wm.SystemPerformancePointerEventListener.onPointerEvent:89 com.android.server.wm.PointerEventDispatcher.onInputEvent:71 android.view.InputEventReceiver.dispatchInputEvent:259
01-19 17:17:24.071  3761  3761 I ViewRootImpl@ceb39a2[MainActivity]: ViewPostIme pointer 0
01-19 17:17:24.071  3761  3761 I MSHandlerLifeCycle: isMultiSplitHandlerRequested: windowingMode=1 isFullscreen=true isPopOver=false isHidden=false skipActivityType=false isHandlerType=false this: DecorView@a750a06[MainActivity]
01-19 17:17:24.074  4843  3896 E Netd    : To use pid in case SEC_PRODUCT_FEATURE_KNOX_SUPPORT_NPA is false, to remove build error (unused variable)
01-19 17:17:24.078  4945  4945 E SurfaceFlinger: Attempt to update InputPolicyFlags without permission ACCESS_SURFACE_FLINGER
01-19 17:17:24.094  4945  4945 E SurfaceFlinger: Attempt to update InputPolicyFlags without permission ACCESS_SURFACE_FLINGER
01-19 17:17:24.103  5249  7671 D InputDispatcher: Inject motion (3761): action=0x1, time=5476225000000, f=0x0, d=0
01-19 17:17:24.104  5249  5413 I InputDispatcher: Delivering touch to (3761): action: 0x1, f=0x0, d=0, '7e491a1', t=0
01-19 17:17:24.104  5249  5287 I GestureDetector: obtain mCurrentMotionEventRaw. action: 1 id: -207725028
01-19 17:17:24.105  3761  3761 I ViewRootImpl@ceb39a2[MainActivity]: ViewPostIme pointer 1
01-19 17:17:24.105  5249  5287 I GestureDetector: obtain mCurrentMotionEventRaw. action: 1 id: -207725028
01-19 17:17:24.105  3761  3761 I MSHandlerLifeCycle: isMultiSplitHandlerRequested: windowingMode=1 isFullscreen=true isPopOver=false isHidden=false skipActivityType=false isHandlerType=false this: DecorView@a750a06[MainActivity]
01-19 17:17:24.111  4945  4945 E SurfaceFlinger: Attempt to update InputPolicyFlags without permission ACCESS_SURFACE_FLINGER
01-19 17:17:24.128  4945  4945 E SurfaceFlinger: Attempt to update InputPolicyFlags without permission ACCESS_SURFACE_FLINGER
01-19 17:17:24.128  4945  4945 E SurfaceFlinger: Attempt to update InputPolicyFlags without permission ACCESS_SURFACE_FLINGER
01-19 17:17:24.145  4945  4945 E SurfaceFlinger: Attempt to update InputPolicyFlags without permission ACCESS_SURFACE_FLINGER
01-19 17:17:24.145  4945  4945 E SurfaceFlinger: Attempt to update InputPolicyFlags without permission ACCESS_SURFACE_FLINGER
01-19 17:17:24.161  4945  4945 E SurfaceFlinger: Attempt to update InputPolicyFlags without permission ACCESS_SURFACE_FLINGER
01-19 17:17:24.161  4945  4945 E SurfaceFlinger: Attempt to update InputPolicyFlags without permission ACCESS_SURFACE_FLINGER
01-19 17:17:24.165  3761  3761 D InputMethodManager: startInputInner - Id : 0
01-19 17:17:24.167  3761  3761 I InputMethodManager: startInputInner - mService.startInputOrWindowGainedFocus
01-19 17:17:24.170  5249  7671 D InputMethodManagerService: mDesktopModeManager null!
01-19 17:17:24.170  5249  7671 V InputMethodManagerService: getDisplayIdOfInputMethodWindowToBeAdded : 0
01-19 17:17:24.170  5249  7671 D InputMethodManagerService: checkDisplayOfStartInputAndUpdateKeyboard display Id 0last 0
01-19 17:17:24.170  5249  7671 D InputTransport: Input channel constructed: 'ClientS', fd=816
01-19 17:17:24.170  5249  7671 D InputTransport: Input channel destroyed: 'ClientS', fd=816
01-19 17:17:24.171  7974  7974 I HBD     : HoneyBoardService [IMI] onStartInput - caller pid : 3761 , caller uid : 10439
01-19 17:17:24.171  7974  7974 I HBD     : j updateConfigs
01-19 17:17:24.171  7974  7974 I HBD     : j isEnabledNightMode : false
01-19 17:17:24.171  7974  7974 I HBD     : a IC have been binding, InputConnectionWrapper{idHash=#529e05 mMissingMethods=}
01-19 17:17:24.172  7974  7974 W HBD     : b [EditorInputType] undefined Enter action code : 0x40000006
01-19 17:17:24.172  7974  7974 I HBD     : h [EditorInputType]setPrivateImeOptionsToTable privateImeOptions ( null )
01-19 17:17:24.172  7974  7974 I HBD     : b incognitoMode : false
01-19 17:17:24.172  7974  7974 W HBD     : b [EditorInputType] undefined Enter action code : 0x40000006
01-19 17:17:24.172  7974  7974 I HBD     : h getDefaultInputRange : UNKNOWN
01-19 17:17:24.172  7974  7974 I HBD     : h getDefaultInputRange : UNKNOWN
01-19 17:17:24.172  7974  7974 I HBD     : h getDefaultInputRange : UNKNOWN
01-19 17:17:24.174  7974  7974 I HBD     : a update cached prediction status : true
01-19 17:17:24.174  7974  7974 I HBD     : h getDefaultInputRange : UNKNOWN
01-19 17:17:24.174  7974  7974 I HBD     : a currentState : 0
01-19 17:17:24.175  7974  7974 I HBD     : h load selected json path : /data/user/0/com.samsung.android.honeyboard/files/selected.json
01-19 17:17:24.176  7974  7974 I HBD     : h load selected json info : {"version":"1.0","currentLanguageOrder":0,"selected":[{"activeOptionList":["auto_spacing","writing_assistant"],"engName":"English","id":65538,"inputType":"qwerty","isUsed":true}]}
01-19 17:17:24.176  7974  7974 I HBD     : a [UpdatePolicy] [post] a: 0 cl: 65538 kit: [0/0] vt: 0 ir: 1
01-19 17:17:24.177  7974  7974 I HBD     : HoneyBoardService [PF_OP][onStartInput]  6007962 ns
01-19 17:17:24.178  4945  4945 E SurfaceFlinger: Attempt to update InputPolicyFlags without permission ACCESS_SURFACE_FLINGER
01-19 17:17:24.195  4945  4945 E SurfaceFlinger: Attempt to update InputPolicyFlags without permission ACCESS_SURFACE_FLINGER
01-19 17:17:24.207  3761  3787 D OpenGLRenderer: setSurface called with nullptr
01-19 17:17:24.207  3761  3787 D OpenGLRenderer: setSurface() destroyed EGLSurface
01-19 17:17:24.207  3761  3787 D OpenGLRenderer: destroyEglSurface
01-19 17:17:24.210  3761  3761 I ViewRootImpl@f37310e[PopupWindow:e63db09]: dispatchDetachedFromWindow
01-19 17:17:24.211  5249  5761 D InputTransport: Input channel destroyed: '4e9d2b ', fd=922
01-19 17:17:24.211  4945  4945 E SurfaceFlinger: Attempt to update InputPolicyFlags without permission ACCESS_SURFACE_FLINGER
01-19 17:17:24.211  5249  5761 W InputManager-JNI: Input channel object '4e9d2b PopupWindow:e63db09 (client)' was disposed without first being removed with the input manager!
01-19 17:17:24.211  5249  5761 D InputTransport: Input channel destroyed: '4e9d2b ', fd=923
01-19 17:17:24.216  5249  5524 D NetdEventListenerService: DNS Requested by : 104, 10225, 0
01-19 17:17:24.217  3761  3761 D InputTransport: Input channel destroyed: '4e9d2b ', fd=116
01-19 17:17:24.228  4945  4945 I Layer   : id=4383 removeFromCurrentState PopupWindow:e63db09$_3761#0 (103)
01-19 17:17:24.228  4945  4945 I Layer   : id=4380 removeFromCurrentState 4e9d2b PopupWindow:e63db09#0 (103)
01-19 17:17:24.228  4945  4945 E SurfaceFlinger: Attempt to update InputPolicyFlags without permission ACCESS_SURFACE_FLINGER
01-19 17:17:24.229  4945  4945 I SurfaceFlinger: id=4380 Removed 4e9d2b PopupWindow:e63db09#0 (103)
01-19 17:17:24.229  4945  4945 I SurfaceFlinger: id=4383 Removed PopupWindow:e63db09$_3761#0 (103)
01-19 17:17:24.229  4945  4945 I Layer   : id=4380 Destroyed 4e9d2b PopupWindow:e63db09#0
01-19 17:17:24.231  3761  3761 D InputMethodManager: startInputInner - Id : 0
01-19 17:17:24.231  3761  3761 I InputMethodManager: startInputInner - mService.startInputOrWindowGainedFocus
01-19 17:17:24.232  4945  4945 I Layer   : id=4383 Destroyed PopupWindow:e63db09$_3761#0
01-19 17:17:24.233  5249  5761 D InputMethodManagerService: mDesktopModeManager null!
01-19 17:17:24.233  5249  5761 V InputMethodManagerService: getDisplayIdOfInputMethodWindowToBeAdded : 0
01-19 17:17:24.234  5249  5761 D InputMethodManagerService: checkDisplayOfStartInputAndUpdateKeyboard display Id 0last 0
01-19 17:17:24.234  5249  5761 D InputTransport: Input channel constructed: 'ClientS', fd=816
01-19 17:17:24.234  5249  5761 D InputTransport: Input channel destroyed: 'ClientS', fd=816
01-19 17:17:24.235  7974  7974 I HBD     : HoneyBoardService onFinishInput
01-19 17:17:24.235  7974  7974 I HBD     : a IC have been unbinding,  InputConnectionWrapper{idHash=#529e05 mMissingMethods=}
01-19 17:17:24.236  7974  7974 I HBD     : HoneyBoardService [PF_CL][onFinishInput]  755307 ns
01-19 17:17:24.236  4945  4945 D SurfaceFlinger: Display 0 HWC layers:
01-19 17:17:24.236  4945  4945 D SurfaceFlinger:      DEVICE | 0x7564e1cf40 | 0102 | RGBA_8888    |    0.0    0.0 1080.0 2340.0 |    0    0 1080 2340 | com.myapp.alist/com.myapp.alist.ui.MainActivity$_3761#0
01-19 17:17:24.236  4945  4945 D SurfaceFlinger:      DEVICE | 0x759a598000 | 0100 | RGBA_8888    |    0.0    0.0 1080.0   78.0 |    0    0 1080   78 | StatusBar$_5599#0
01-19 17:17:24.236  4945  4945 D SurfaceFlinger:      DEVICE | 0x7564e1ca40 | 0100 | RGBA_8888    |    0.0    0.0   67.0  362.0 | 1013 1637 1080 1999 | com.samsung.android.app.cocktailbars[...]rservice.CocktailBarService$_12823#0
01-19 17:17:24.236  4945  4945 D SurfaceFlinger:      DEVICE | 0x7579019440 | 0100 | RGBA_8888    |    0.0    0.0 1080.0  126.0 |    0 2214 1080 2340 | NavigationBar0$_5599#0
01-19 17:17:24.236  4945  4945 D SurfaceFlinger:      DEVICE | 0x759a4bdcc0 | 0140 | RGBA_8888    |    0.0    0.0 1080.0  151.0 |    0    0 1080  151 | ScreenDecorOverlay$_5599#0
01-19 17:17:24.236  4945  4945 D SurfaceFlinger:      DEVICE | 0x7564e1ba00 | 0140 | RGBA_8888    |    0.0    0.0 1080.0  151.0 |    0 2189 1080 2340 | ScreenDecorOverlayBottom$_5599#0
01-19 17:17:24.236  4945  4945 D SurfaceFlinger:
01-19 17:17:24.236  7974  7974 I HBD     : HoneyBoardService [IMI] onStartInput - caller pid : 3761 , caller uid : 10439
01-19 17:17:24.237  7974  7974 I HBD     : j updateConfigs
01-19 17:17:24.237  7974  7974 I HBD     : j isEnabledNightMode : false
01-19 17:17:24.237  7974  7974 I HBD     : a IC have been binding, InputConnectionWrapper{idHash=#1f7e88b mMissingMethods=}
01-19 17:17:24.238  7974  7974 W HBD     : b [EditorInputType] undefined Enter action code : 0x40000005
01-19 17:17:24.238  7974  7974 I HBD     : h [EditorInputType]setPrivateImeOptionsToTable privateImeOptions ( null )
01-19 17:17:24.238  7974  7974 I HBD     : b incognitoMode : false
01-19 17:17:24.238  7974  7974 W HBD     : b [EditorInputType] undefined Enter action code : 0x40000005
01-19 17:17:24.239  7974  7974 I HBD     : h getDefaultInputRange : UNKNOWN
01-19 17:17:24.239  7974  7974 I HBD     : h getDefaultInputRange : UNKNOWN
01-19 17:17:24.239  7974  7974 I HBD     : h getDefaultInputRange : UNKNOWN
01-19 17:17:24.245  4945  4945 E SurfaceFlinger: Attempt to update InputPolicyFlags without permission ACCESS_SURFACE_FLINGER
01-19 17:17:24.246  7974  7974 I HBD     : a update cached prediction status : true
01-19 17:17:24.246  7974  7974 I HBD     : h getDefaultInputRange : UNKNOWN
01-19 17:17:24.247  7974  7974 I HBD     : a currentState : 0
01-19 17:17:24.248  7974  7974 I HBD     : h load selected json path : /data/user/0/com.samsung.android.honeyboard/files/selected.json
01-19 17:17:24.248  7974  7974 I HBD     : h load selected json info : {"version":"1.0","currentLanguageOrder":0,"selected":[{"activeOptionList":["auto_spacing","writing_assistant"],"engName":"English","id":65538,"inputType":"qwerty","isUsed":true}]}
01-19 17:17:24.249  7974  7974 I HBD     : a [UpdatePolicy] [post] a: 0 cl: 65538 kit: [0/0] vt: 0 ir: 1
01-19 17:17:24.250  7974  7974 I HBD     : HoneyBoardService [PF_OP][onStartInput]  13637076 ns
01-19 17:17:24.261  4945  4945 E SurfaceFlinger: Attempt to update InputPolicyFlags without permission ACCESS_SURFACE_FLINGER
01-19 17:17:24.278  4945  4945 E SurfaceFlinger: Attempt to update InputPolicyFlags without permission ACCESS_SURFACE_FLINGER
01-19 17:17:24.295  4945  4945 E SurfaceFlinger: Attempt to update InputPolicyFlags without permission ACCESS_SURFACE_FLINGER
01-19 17:17:24.311  4945  4945 E SurfaceFlinger: Attempt to update InputPolicyFlags without permission ACCESS_SURFACE_FLINGER
01-19 17:17:24.328  4945  4945 E SurfaceFlinger: Attempt to update InputPolicyFlags without permission ACCESS_SURFACE_FLINGER
01-19 17:17:24.345  4945  4945 E SurfaceFlinger: Attempt to update InputPolicyFlags without permission ACCESS_SURFACE_FLINGER
01-19 17:17:24.361  4945  4945 E SurfaceFlinger: Attempt to update InputPolicyFlags without permission ACCESS_SURFACE_FLINGER
01-19 17:17:24.364  5249  5287 I GestureDetector: handleMessage TAP
01-19 17:17:24.364  5249  5249 I GestureDetector: handleMessage TAP
01-19 17:17:24.378  4945  4945 E SurfaceFlinger: Attempt to update InputPolicyFlags without permission ACCESS_SURFACE_FLINGER
01-19 17:17:24.395  4945  4945 E SurfaceFlinger: Attempt to update InputPolicyFlags without permission ACCESS_SURFACE_FLINGER
01-19 17:17:24.396  5249  7671 D PackageManager: setEnabledSetting : userId = 0 packageName = com.wsandroid.suite cmp = androidx.work.impl.background.systemalarm.RescheduleReceiver newState = 1 callingPackage = 10225/com.wsandroid.suite
01-19 17:17:24.412  4945  4945 E SurfaceFlinger: Attempt to update InputPolicyFlags without permission ACCESS_SURFACE_FLINGER
01-19 17:17:24.429  4945  4945 E SurfaceFlinger: Attempt to update InputPolicyFlags without permission ACCESS_SURFACE_FLINGER
01-19 17:17:24.462  4945  4945 E SurfaceFlinger: Attempt to update InputPolicyFlags without permission ACCESS_SURFACE_FLINGER
01-19 17:17:24.479  4945  4945 E SurfaceFlinger: Attempt to update InputPolicyFlags without permission ACCESS_SURFACE_FLINGER
01-19 17:17:24.496  4945  4945 E SurfaceFlinger: Attempt to update InputPolicyFlags without permission ACCESS_SURFACE_FLINGER
01-19 17:17:24.510  4861  4895 D BatteryDump: wait_for_battery_event : occurred : change@/devices/platform/battery/power_supply/battery
01-19 17:17:24.512  4945  4945 E SurfaceFlinger: Attempt to update InputPolicyFlags without permission ACCESS_SURFACE_FLINGER
01-19 17:17:24.517  4861  4861 E android.hardware.health@2.1-service-samsung: Could not open /sys/class/power_supply/battery/lrp
01-19 17:17:24.525  5249  5407 D MotionRecognitionService: [SAR]  onReceive : ACTION_BATTERY_CHANGED, Plugged: 2
01-19 17:17:24.525  5249  5407 I MotionRecognitionService: [TA] In/out: true, curr state: 1
01-19 17:17:24.528  5560  5560 D SemBigDataInfoController: Intent : android.intent.action.BATTERY_CHANGED
01-19 17:17:24.529  5599  5599 I PowerUI : mBootCompleted = true |  mFullyConnected = true
01-19 17:17:24.529  4945  4945 E SurfaceFlinger: Attempt to update InputPolicyFlags without permission ACCESS_SURFACE_FLINGER
01-19 17:17:24.529  5560  5560 D SemBigDataInfoController: Intent : android.intent.action.BATTERY_CHANGED
01-19 17:17:24.529  5599  5599 D PowerUI : priorPlugType = 2 mPlugType = 2 priorBatteryStatus = 2 mBatteryStatus = 2
01-19 17:17:24.529  5599  5599 I PowerUI : oldMisalign : false, curMisalign : false
01-19 17:17:24.530  5249  5249 D PhoneWindowManagerExt: ACTION_BATTERY_CHANGED - Level=78, status=2
01-19 17:17:24.530  5249  5249 D SemWifiApBroadcastReceiver: Received : android.intent.action.BATTERY_CHANGED
01-19 17:17:24.533  5599  7251 D PowerUI.Notification: 1. restoreScreenTimeOut - saved_value : :
01-19 17:17:24.533  5599  7251 E PowerUI.Notification: no saved value, so we do nothing !!
01-19 17:17:24.534  5599  5599 D PowerUI.Notification: showChargingNotice oldChargingType : 1 currentChargingType : 1 oldChargingTime : 8174000 mChargingTime : 8174000
01-19 17:17:24.534  5599  5599 D PowerUI.Notification: There is no change about charging status, so return!
01-19 17:17:24.534  5599  5599 D PowerUI : Battery swelling mode - priorBatterySwellingMode = 0 mBatterySwellingMode = 0 mBatteryStatus = 2
01-19 17:17:24.535  5599  5599 I PowerUI : mBatteryMiscEvent = 65536
01-19 17:17:24.535  5599  5599 D KeyguardUpdateMonitor: received broadcast android.intent.action.BATTERY_CHANGED
01-19 17:17:24.537  5599  5599 I AODBatteryManager: updateBatteryData: ACTION_BATTERY_CHANGED
01-19 17:17:24.539  5599  5599 I AODBatteryManager: saveBatteryData : AOD BatteryData [mBatteryLevel=78, mBatteryStatus=CHARGING, mBatteryPlugType=USB, mBatteryPlugged=true, mRemainingChargeTime=8174000, mBatteryChargingType=1, mBatteryChargerType=NORMAL, mBatteryOnline=USB, mBatterySwellingMode=NONE, mBatteryProtectMode=false]
01-19 17:17:24.539  5599  5599 D KeyguardUpdateMonitor: handleBatteryUpdate
01-19 17:17:24.545  4945  4945 I SurfaceFlinger: SFWD update time=5476669290159
01-19 17:17:24.546  4945  4945 E SurfaceFlinger: Attempt to update InputPolicyFlags without permission ACCESS_SURFACE_FLINGER
01-19 17:17:24.550  5560  5836 I LocationAccessPolicy: checkLocationPermission - callingUid: 10243, callingPid: 2889, result: DENIED_SOFT
01-19 17:17:24.551  5560  5836 I LocationAccessPolicy: checkLocationPermission - callingUid: 10243, callingPid: 2889, result: DENIED_SOFT
01-19 17:17:24.558  3761  3761 I ViewInteraction: Checking 'MatchesViewAssertion{viewMatcher=an instance of android.widget.TextView and view.getText() with or without transformation to match: is "Select Mode: Containing"}' assertion on view view.getId() is <2131296397/com.myapp.alist:id/currentSelectTextView>
01-19 17:17:24.559  5599  5599 D QS      : setQSExpansion 0.0 -110.774994
01-19 17:17:24.562  5599  5599 D QS      : setQSExpansion 0.0 -110.774994
01-19 17:17:24.563  5599  5599 V SecQSFragmentAnimatorBase: setQsExpansionPosition 0.0
01-19 17:17:24.563  5599  5599 V QsExpandAnimator: setQsExpansionPosition 0.0 0
01-19 17:17:24.564  5599  5599 D QS      : setQSExpansion 0.0 -110.774994
01-19 17:17:24.567  5599  5599 D IndicatorGardenInputProperty: updateRotation() prv:-1 >> new:0
01-19 17:17:24.568  5599  5599 D DeviceState: getDeviceResolutionPixelSize - currentDensity = 420 deviceDensity = 420 initialDisplaySizeFactor = 1080 currentDisplaySizeFactor = 1080 initialDisplayDensity = 420 proportionalDensity = 420 proportionalPixel = 0
01-19 17:17:24.568  5599  5599 D DeviceState: getDeviceResolutionPixelSize - currentDensity = 420 deviceDensity = 420 initialDisplaySizeFactor = 1080 currentDisplaySizeFactor = 1080 initialDisplayDensity = 420 proportionalDensity = 420 proportionalPixel = 0
01-19 17:17:24.568  5599  5599 D DeviceState: getDeviceResolutionPixelSize - currentDensity = 420 deviceDensity = 420 initialDisplaySizeFactor = 1080 currentDisplaySizeFactor = 1080 initialDisplayDensity = 420 proportionalDensity = 420 proportionalPixel = 0
01-19 17:17:24.569  5599  5599 E IndicatorGardenAlgorithmBasicCutout: NOT MATCH !!!! resourceHeight:78, cutoutHeight:83 ([IndicatorGardenInputProperty]  Rotation(0-0,90-1,180-2,270-3)0, Density:2.625, ScreenWidthSize:1080, CoverSidePadding:0, mIndicatorGardenCenterOffset:11, mCameraCutoutCropSize:80, mGardenPaddingStart:21, mIndicatorCornerPadding:0, mCameraSidePadding:0, mCameraTopMargin:0, DpCutout:DisplayCutout{insets=Rect(0, 83 - 0, 0) waterfall=Insets{left=0, top=0, right=0, bottom=0} boundingRect={Bounds=[Rect(0, 0 - 0, 0), Rect(443, 0 - 637, 83), Rect(0, 0 - 0, 0), Rect(0, 0 - 0, 0)]} cutoutPathParserInfo={CutoutPathParserInfo{displayWidth=1080 displayHeight=2340 density={2.625} cutoutSpec={M36.95,0C26.35,0,24.15,3.8,23.15,9.8 l-0.1,0.7c-1.7,9.6-9.3,17.2-18.9,18.9c-12.7,2.2-24.8-6.2-27-18.9 c0,0-0.1-0.7-0.1-0.7C-24.15,3.8,-26.25,0,-36.95,0Z @dp} rotation={0} scale={1.0}}}})
01-19 17:17:24.569  5599  5599 E IndicatorGardenAlgorithmBasicCutout: NOT MATCH !!!! resourceHeight:78, cutoutHeight:83 ([IndicatorGardenInputProperty]  Rotation(0-0,90-1,180-2,270-3)0, Density:2.625, ScreenWidthSize:1080, CoverSidePadding:0, mIndicatorGardenCenterOffset:11, mCameraCutoutCropSize:80, mGardenPaddingStart:21, mIndicatorCornerPadding:0, mCameraSidePadding:0, mCameraTopMargin:0, DpCutout:DisplayCutout{insets=Rect(0, 83 - 0, 0) waterfall=Insets{left=0, top=0, right=0, bottom=0} boundingRect={Bounds=[Rect(0, 0 - 0, 0), Rect(443, 0 - 637, 83), Rect(0, 0 - 0, 0), Rect(0, 0 - 0, 0)]} cutoutPathParserInfo={CutoutPathParserInfo{displayWidth=1080 displayHeight=2340 density={2.625} cutoutSpec={M36.95,0C26.35,0,24.15,3.8,23.15,9.8 l-0.1,0.7c-1.7,9.6-9.3,17.2-18.9,18.9c-12.7,2.2-24.8-6.2-27-18.9 c0,0-0.1-0.7-0.1-0.7C-24.15,3.8,-26.25,0,-36.95,0Z @dp} rotation={0} scale={1.0}}}})
01-19 17:17:24.573  3761  3761 I ViewInteraction: Checking 'MatchesViewAssertion{viewMatcher=an instance of android.widget.TextView and view.getText() with or without transformation to match: is "1 Row Selected"}' assertion on view view.getId() is <2131296545/com.myapp.alist:id/messageTextView>
01-19 17:17:24.581  5560  5836 I LocationAccessPolicy: checkLocationPermission - callingUid: 10243, callingPid: 2889, result: DENIED_SOFT
01-19 17:17:24.581  5560  5836 I LocationAccessPolicy: checkLocationPermission - callingUid: 10243, callingPid: 2889, result: DENIED_SOFT
01-19 17:17:24.593  5249  5995 I SemDvfsHyPerManager: acquire hyper - AMS_APP_SWITCH/5249@19, type = -999
01-19 17:17:24.595  4879  4941 I HYPER-HAL: [RequestManager.cpp]acquire(): Acquired ID : 13878565  [5249 / 19]    HINT : AMS_APP_SWITCH    list :
01-19 17:17:24.595  4945  4965 I SurfaceFlinger: id=4386 createSurf (0x0),-1 flag=24004, Task=52#0
01-19 17:17:24.597  7683  7683 I SemDvfsHyPerManager: acquire hyper - APP_START_SHORT/7683@13, type = -999
01-19 17:17:24.600  4879  4941 I HYPER-HAL: [RequestManager.cpp]acquire(): Acquired ID : 29618069  [7683 / 13]    HINT : APP_START    list : [TIMEOUT / 1500]
01-19 17:17:24.602  5560  5836 I LocationAccessPolicy: checkLocationPermission - callingUid: 10243, callingPid: 2889, result: DENIED_SOFT
01-19 17:17:24.602  5560  5836 I LocationAccessPolicy: checkLocationPermission - callingUid: 10243, callingPid: 2889, result: DENIED_SOFT
01-19 17:17:24.605  4945  4965 I SurfaceFlinger: id=4387 createSurf (0x0),-1 flag=80004, ActivityRecord{9fc53df u0 com.myapp.alist.test/androidx.test.core.app.InstrumentationActivityInvoker$EmptyActivity t52}#0
01-19 17:17:24.611  5249  5761 I SemDvfsHyPerManager: acquire hyper - AMS_APP_LAUNCH/5249@14, type = -999
01-19 17:17:24.611  4879  4941 I HYPER-HAL: [RequestManager.cpp]acquire(): Acquired ID : 13852230  [5249 / 14]    HINT : AMS_APP_LAUNCH    list :
01-19 17:17:24.613  7683  7683 I SemDvfsHyPerManager: acquire hyper - APP_START/7683@14, type = -999
01-19 17:17:24.616  3761  3761 D LifecycleMonitor: Lifecycle status change: com.myapp.alist.ui.MainActivity@f5a591e in: PAUSED
01-19 17:17:24.617  3761  3761 V ActivityScenario: Update currentActivityStage to PAUSED, currentActivity=com.myapp.alist.ui.MainActivity@f5a591e
01-19 17:17:24.617  4879  4941 I HYPER-HAL: [RequestManager.cpp]acquire(): Acquired ID : 29625767  [7683 / 14]    HINT : APP_START    list :
01-19 17:17:24.621  5249  7644 D InputTransport: Input channel constructed: '1f75356', fd=903
01-19 17:17:24.621  5249  7644 D InputTransport: Input channel constructed: '1f75356', fd=922
01-19 17:17:24.621  5249  7644 D InputTransport: Input channel constructed: '1f75356', fd=923
01-19 17:17:24.622  5560  5836 I LocationAccessPolicy: checkLocationPermission - callingUid: 10243, callingPid: 2889, result: DENIED_SOFT
01-19 17:17:24.622  5560  5836 I LocationAccessPolicy: checkLocationPermission - callingUid: 10243, callingPid: 2889, result: DENIED_SOFT
01-19 17:17:24.622  4945  4965 I SurfaceFlinger: id=4388 createSurf (0x0),-1 flag=80004, 1f75356 Splash Screen com.myapp.alist.test#0
01-19 17:17:24.623  5249  7644 D InputTransport: Input channel destroyed: '1f75356', fd=923
01-19 17:17:24.624  5599  5670 I ViewRootImpl@d31b578[test]: setView = android.widget.FrameLayout@80595b7 TM=true
01-19 17:17:24.625  5249  7644 V WindowManager: Relayout Window{1f75356 u0 Splash Screen com.myapp.alist.test}: viewVisibility=0 req=1080x2340 d0
01-19 17:17:24.625  4945  4965 I SurfaceFlinger: id=4389 createSurf (1x1),-3 flag=40004, Splash Screen com.myapp.alist.test$_5599#0
01-19 17:17:24.629  5249  7644 V WindowManager: Relayout hash=1f75356, pid=5599: mAttrs={(0,0)(fillxfill) sim={adjust=pan} ty=APPLICATION_STARTING fmt=TRANSLUCENT
01-19 17:17:24.629  5249  7644 V WindowManager:   fl=81030118
01-19 17:17:24.629  5249  7644 V WindowManager:   pfl=36000010
01-19 17:17:24.629  5249  7644 V WindowManager:   apr=LIGHT_STATUS_BARS LIGHT_NAVIGATION_BARS
01-19 17:17:24.629  5249  7644 V WindowManager:   bhv=DEFAULT
01-19 17:17:24.629  5249  7644 V WindowManager:   fitSides= naviIconColor=0}
01-19 17:17:24.630  5249  7644 D InputDispatcher: Focus left window (0): 7e491a1 com.myapp.alist/com.myapp.alist.ui.MainActivity
01-19 17:17:24.631  3761  3761 I ViewRootImpl@ceb39a2[MainActivity]: MSG_WINDOW_FOCUS_CHANGED 0 1
01-19 17:17:24.631  5599  5670 I ViewRootImpl@d31b578[test]: Relayout returned: old=(0,0,1080,2340) new=(0,0,1080,2340) req=(1080,2340)0 dur=4 res=0x7 s={true 527950311424} ch=true fn=-1
01-19 17:17:24.631  5599  5797 D OpenGLRenderer: eglCreateWindowSurface
01-19 17:17:24.632  5599  5670 I ViewRootImpl@d31b578[test]: [DP] dp(1) 0 android.view.ViewRootImpl.reportNextDraw:11442 android.view.ViewRootImpl.performTraversals:4198 android.view.ViewRootImpl.doTraversal:2924
01-19 17:17:24.632  5599  5670 D ViewRootImpl@d31b578[test]: Creating frameDrawingCallback nextDrawUseBlastSync=false reportNextDraw=true hasBlurUpdates=false
01-19 17:17:24.632  5599  5670 D ViewRootImpl@d31b578[test]: Creating frameCompleteCallback
01-19 17:17:24.633  5599  6321 D ViewRootImpl@d31b578[test]: Received frameDrawingCallback frameNum=1. Creating transactionCompleteCallback=false
01-19 17:17:24.635  4844  4844 D Zygote  : Forked child process 3910
01-19 17:17:24.638  5599  5797 D ViewRootImpl@d31b578[test]: Received frameCompleteCallback  lastAcquiredFrameNum=1 lastAttemptedDrawFrameNum=1
01-19 17:17:24.639  5599  5670 I ViewRootImpl@d31b578[test]: [DP] pdf(0) 0 android.view.ViewRootImpl.lambda$addFrameCompleteCallbackIfNeeded$3$ViewRootImpl:5000 android.view.ViewRootImpl$$ExternalSyntheticLambda16.run:6 android.os.Handler.handleCallback:938
01-19 17:17:24.639  5599  5670 I ViewRootImpl@d31b578[test]: [DP] rdf()
01-19 17:17:24.639  5599  5670 D ViewRootImpl@d31b578[test]: reportDrawFinished (fn: -1)
01-19 17:17:24.642  5599  5599 D FullscreenTaskListener: Fullscreen Task Appeared: #52, caller=com.android.wm.shell.ShellTaskOrganizer.onTaskAppeared:387 com.android.wm.shell.ShellTaskOrganizer.onTaskAppeared:376 android.window.TaskOrganizer$1.lambda$onTaskAppeared$4$TaskOrganizer$1:297
01-19 17:17:24.643  5249  5524 D NetdEventListenerService: DNS Requested by : 104, 1000, 0
01-19 17:17:24.653  3761  3761 I ViewRootImpl@ceb39a2[MainActivity]: handleAppVisibility mAppVisible=true visible=false
01-19 17:17:24.653  5560  5836 I LocationAccessPolicy: checkLocationPermission - callingUid: 10243, callingPid: 2889, result: DENIED_SOFT
01-19 17:17:24.653  5560  5836 I LocationAccessPolicy: checkLocationPermission - callingUid: 10243, callingPid: 2889, result: DENIED_SOFT
01-19 17:17:24.656  4945  4945 I Layer   : id=4390 Destroyed Screenshot Parent
01-19 17:17:24.662  4945  4945 E SurfaceFlinger: Attempt to update InputPolicyFlags without permission ACCESS_SURFACE_FLINGER
01-19 17:17:24.662  4945  4965 I SurfaceFlinger: id=4391 createSurf (0x0),-1 flag=24000, Surface(name=1e58e32 StatusBar)/@0xf9f1b57 - animation-leash of insets_animation#0
01-19 17:17:24.664  4945  6920 I SurfaceFlinger: id=4392 createSurf (0x0),-1 flag=24000, Surface(name=9c44ca3 NavigationBar0)/@0x49015f3 - animation-leash of insets_animation#1
01-19 17:17:24.666  5599  5599 D NavigationBar: onSystemBarAttributesChanged() -  displayId:0, appearance:24 (APPEARANCE_LIGHT_STATUS_BARS APPEARANCE_LIGHT_NAVIGATION_BARS ), navbarColorManagedByIme:false
01-19 17:17:24.667  5599  5599 D SecLightBarControlHelper: updateStatus(BLACK icon) NumLightStacks:1, NumStacks:1, IndexLightStack:0, StatusBarMode:0, StatusBarState:SHD, NeedDarkFontFromWallpaper:false, isWhiteKeyguardStatusBarBySettings:false
01-19 17:17:24.668  5599  5670 D InsetsSourceConsumer: ensureControlAlpha: for ITYPE_NAVIGATION_BAR on Splash Screen com.myapp.alist.test
01-19 17:17:24.669  5599  5670 D InsetsSourceConsumer: ensureControlAlpha: for ITYPE_STATUS_BAR on Splash Screen com.myapp.alist.test
01-19 17:17:24.669  3761  3787 D OpenGLRenderer: setSurface called with nullptr
01-19 17:17:24.669  3761  3787 D OpenGLRenderer: setSurface() destroyed EGLSurface
01-19 17:17:24.669  3761  3787 D OpenGLRenderer: destroyEglSurface
01-19 17:17:24.671  3910  3910 I yapp.alist.tes: Late-enabling -Xcheck:jni
01-19 17:17:24.673  5249  7644 V WindowManager: Relayout Window{7e491a1 u0 com.myapp.alist/com.myapp.alist.ui.MainActivity}: viewVisibility=8 req=1080x2340 d0
01-19 17:17:24.676  5249  7644 V WindowManager: Relayout hash=7e491a1, pid=3761: mAttrs={(0,0)(fillxfill) sim={adjust=resize forwardNavigation} ty=BASE_APPLICATION wanim=0x1030303
01-19 17:17:24.676  5249  7644 V WindowManager:   fl=81810100
01-19 17:17:24.676  5249  7644 V WindowManager:   pfl=12020040
01-19 17:17:24.676  5249  7644 V WindowManager:   vsysui=500
01-19 17:17:24.676  5249  7644 V WindowManager:   apr=LIGHT_NAVIGATION_BARS
01-19 17:17:24.676  5249  7644 V WindowManager:   bhv=DEFAULT
01-19 17:17:24.676  5249  7644 V WindowManager:   fitSides= naviIconColor=0
01-19 17:17:24.676  5249  7644 V WindowManager:   sfl=100000}
01-19 17:17:24.677  5560  5836 I LocationAccessPolicy: checkLocationPermission - callingUid: 10243, callingPid: 2889, result: DENIED_SOFT
01-19 17:17:24.678  5560  5836 I LocationAccessPolicy: checkLocationPermission - callingUid: 10243, callingPid: 2889, result: DENIED_SOFT
01-19 17:17:24.679  4945  4945 I Layer   : id=4385 removeFromCurrentState Surface(name=9c44ca3 NavigationBar0)/@0x49015f3 - animation-leash of insets_animation#0 (107)
01-19 17:17:24.679  4945  4945 I Layer   : id=68 removeFromCurrentState 9c44ca3 NavigationBar0#0 (107)
01-19 17:17:24.679  4945  4945 I Layer   : id=76 removeFromCurrentState NavigationBar0$_5599#0 (107)
01-19 17:17:24.679  4945  4945 I Layer   : id=4384 removeFromCurrentState Surface(name=1e58e32 StatusBar)/@0xf9f1b57 - animation-leash of insets_animation#1 (107)
01-19 17:17:24.679  4945  4945 I Layer   : id=68 addToCurrentState 9c44ca3 NavigationBar0#0 (107)
01-19 17:17:24.679  4945  4945 I Layer   : id=76 addToCurrentState NavigationBar0$_5599#0 (107)
01-19 17:17:24.683  4945  4945 D SurfaceFlinger: Display 0 HWC layers:
01-19 17:17:24.683  4945  4945 D SurfaceFlinger:      DEVICE | 0x759a4c0100 | 0100 | RGBA_8888    |    0.0    0.0 1080.0 2340.0 |    0    0 1080 2340 | Splash Screen com.myapp.alist.test$_5599#0
01-19 17:17:24.683  4945  4945 D SurfaceFlinger:      DEVICE | 0x7579019580 | 0100 | RGBA_8888    |    0.0    0.0 1080.0   78.0 |    0    0 1080   78 | StatusBar$_5599#0
01-19 17:17:24.683  4945  4945 D SurfaceFlinger:      DEVICE | 0x7564e1ca40 | 0100 | RGBA_8888    |    0.0    0.0   67.0  362.0 | 1013 1637 1080 1999 | com.samsung.android.app.cocktailbars[...]rservice.CocktailBarService$_12823#0
01-19 17:17:24.683  4945  4945 D SurfaceFlinger:      DEVICE | 0x7579019440 | 0100 | RGBA_8888    |    0.0    0.0 1080.0  126.0 |    0 2214 1080 2340 | NavigationBar0$_5599#0
01-19 17:17:24.683  4945  4945 D SurfaceFlinger:      DEVICE | 0x759a4bdcc0 | 0140 | RGBA_8888    |    0.0    0.0 1080.0  151.0 |    0    0 1080  151 | ScreenDecorOverlay$_5599#0
01-19 17:17:24.683  4945  4945 D SurfaceFlinger:      DEVICE | 0x7564e1ba00 | 0140 | RGBA_8888    |    0.0    0.0 1080.0  151.0 |    0 2189 1080 2340 | ScreenDecorOverlayBottom$_5599#0
01-19 17:17:24.683  4945  4945 D SurfaceFlinger:
01-19 17:17:24.684  4945  4965 I SurfaceFlinger: id=4385 Removed Surface(name=9c44ca3 NavigationBar0)/@0x49015f3 - animation-leash of insets_animation#0 (107)
01-19 17:17:24.684  4945  6920 I SurfaceFlinger: id=4384 Removed Surface(name=1e58e32 StatusBar)/@0xf9f1b57 - animation-leash of insets_animation#1 (107)
01-19 17:17:24.686  3761  3761 I ViewRootImpl@ceb39a2[MainActivity]: Relayout returned: old=(0,0,1080,2340) new=(0,0,1080,2340) req=(1080,2340)8 dur=8 res=0x5 s={false 0} ch=true fn=121
01-19 17:17:24.686  5249  7644 V WindowManager: Relayout Window{1d9a2ce u0 NotificationShade}: viewVisibility=4 req=1080x2340 d0
01-19 17:17:24.689  5249  7644 V WindowManager: Relayout hash=1d9a2ce, pid=5599: mAttrs={(0,0)(fillxfill) gr=TOP CENTER_VERTICAL sim={adjust=resize} layoutInDisplayCutoutMode=always ty=2040 fmt=TRANSLUCENT
01-19 17:17:24.689  5249  7644 V WindowManager:   fl=81840048
01-19 17:17:24.689  5249  7644 V WindowManager:   pfl=1b000000
01-19 17:17:24.689  5249  7644 V WindowManager:   vsysui=2000
01-19 17:17:24.689  5249  7644 V WindowManager:   apr=LIGHT_STATUS_BARS
01-19 17:17:24.689  5249  7644 V WindowManager:   bhv=SHOW_TRANSIENT_BARS_BY_SWIPE naviIconColor=0
01-19 17:17:24.689  5249  7644 V WindowManager:   sfl=42000}
01-19 17:17:24.689  5599  5599 I ViewRootImpl@7de5e0e[NotificationShade]: Relayout returned: old=(0,0,1080,2340) new=(0,0,1080,2340) req=(1080,2340)4 dur=3 res=0x1 s={false 0} ch=false fn=-1
01-19 17:17:24.691  5599  5599 D KeyguardBottomAreaShortcutView: updateCameraVisibility isCameraDisabled:false visible:true
01-19 17:17:24.692  5599  5599 D KeyguardBottomAreaShortcutView: mIndicationArea margin start : 163, end : 163, bottom : 150
01-19 17:17:24.692  5599  5599 D QS      : setQSExpansion 0.0 -110.774994
01-19 17:17:24.694  5599  5599 D QS      : setQSExpansion 0.0 -110.774994
01-19 17:17:24.696  4945  4945 I Layer   : id=4384 Destroyed Surface(name=1e58e32 StatusBar)/@0xf9f1b57 - animation-leash of insets_animation#1
01-19 17:17:24.696  4945  4945 I Layer   : id=4385 Destroyed Surface(name=9c44ca3 NavigationBar0)/@0x49015f3 - animation-leash of insets_animation#0
01-19 17:17:24.697  5599  5599 D IndicatorGardenInputProperty: updateRotation() prv:-1 >> new:0
01-19 17:17:24.697  5599  5599 D DeviceState: getDeviceResolutionPixelSize - currentDensity = 420 deviceDensity = 420 initialDisplaySizeFactor = 1080 currentDisplaySizeFactor = 1080 initialDisplayDensity = 420 proportionalDensity = 420 proportionalPixel = 0
01-19 17:17:24.697  5599  5599 D DeviceState: getDeviceResolutionPixelSize - currentDensity = 420 deviceDensity = 420 initialDisplaySizeFactor = 1080 currentDisplaySizeFactor = 1080 initialDisplayDensity = 420 proportionalDensity = 420 proportionalPixel = 0
01-19 17:17:24.697  5599  5599 D DeviceState: getDeviceResolutionPixelSize - currentDensity = 420 deviceDensity = 420 initialDisplaySizeFactor = 1080 currentDisplaySizeFactor = 1080 initialDisplayDensity = 420 proportionalDensity = 420 proportionalPixel = 0
01-19 17:17:24.698  5599  5599 E IndicatorGardenAlgorithmBasicCutout: NOT MATCH !!!! resourceHeight:78, cutoutHeight:83 ([IndicatorGardenInputProperty]  Rotation(0-0,90-1,180-2,270-3)0, Density:2.625, ScreenWidthSize:1080, CoverSidePadding:0, mIndicatorGardenCenterOffset:11, mCameraCutoutCropSize:80, mGardenPaddingStart:21, mIndicatorCornerPadding:0, mCameraSidePadding:0, mCameraTopMargin:0, DpCutout:DisplayCutout{insets=Rect(0, 83 - 0, 0) waterfall=Insets{left=0, top=0, right=0, bottom=0} boundingRect={Bounds=[Rect(0, 0 - 0, 0), Rect(443, 0 - 637, 83), Rect(0, 0 - 0, 0), Rect(0, 0 - 0, 0)]} cutoutPathParserInfo={CutoutPathParserInfo{displayWidth=1080 displayHeight=2340 density={2.625} cutoutSpec={M36.95,0C26.35,0,24.15,3.8,23.15,9.8 l-0.1,0.7c-1.7,9.6-9.3,17.2-18.9,18.9c-12.7,2.2-24.8-6.2-27-18.9 c0,0-0.1-0.7-0.1-0.7C-24.15,3.8,-26.25,0,-36.95,0Z @dp} rotation={0} scale={1.0}}}})
01-19 17:17:24.698  5599  5599 E IndicatorGardenAlgorithmBasicCutout: NOT MATCH !!!! resourceHeight:78, cutoutHeight:83 ([IndicatorGardenInputProperty]  Rotation(0-0,90-1,180-2,270-3)0, Density:2.625, ScreenWidthSize:1080, CoverSidePadding:0, mIndicatorGardenCenterOffset:11, mCameraCutoutCropSize:80, mGardenPaddingStart:21, mIndicatorCornerPadding:0, mCameraSidePadding:0, mCameraTopMargin:0, DpCutout:DisplayCutout{insets=Rect(0, 83 - 0, 0) waterfall=Insets{left=0, top=0, right=0, bottom=0} boundingRect={Bounds=[Rect(0, 0 - 0, 0), Rect(443, 0 - 637, 83), Rect(0, 0 - 0, 0), Rect(0, 0 - 0, 0)]} cutoutPathParserInfo={CutoutPathParserInfo{displayWidth=1080 displayHeight=2340 density={2.625} cutoutSpec={M36.95,0C26.35,0,24.15,3.8,23.15,9.8 l-0.1,0.7c-1.7,9.6-9.3,17.2-18.9,18.9c-12.7,2.2-24.8-6.2-27-18.9 c0,0-0.1-0.7-0.1-0.7C-24.15,3.8,-26.25,0,-36.95,0Z @dp} rotation={0} scale={1.0}}}})
01-19 17:17:24.708  5560  5836 I LocationAccessPolicy: checkLocationPermission - callingUid: 10243, callingPid: 2889, result: DENIED_SOFT
01-19 17:17:24.708  5560  5836 I LocationAccessPolicy: checkLocationPermission - callingUid: 10243, callingPid: 2889, result: DENIED_SOFT
01-19 17:17:24.713  3910  3910 I yapp.alist.tes: Using CollectorTypeCC GC.
01-19 17:17:24.719  6080 13627 I RecentModel: onTaskStackChangedBackground
01-19 17:17:24.721  6753  6761 I adbd    : jdwp connection from 3910
01-19 17:17:24.722  3910  3910 E USNET   : USNET: appName: com.myapp.alist.test
01-19 17:17:24.726  3910  3910 D ProcessState: Binder ioctl to enable oneway spam detection failed: Invalid argument
01-19 17:17:24.729  5560  5836 I LocationAccessPolicy: checkLocationPermission - callingUid: 10243, callingPid: 2889, result: DENIED_SOFT
01-19 17:17:24.730  5560  5836 I LocationAccessPolicy: checkLocationPermission - callingUid: 10243, callingPid: 2889, result: DENIED_SOFT
01-19 17:17:24.730  3910  3910 D ActivityThread: setConscryptValidator
01-19 17:17:24.730  3910  3910 D ActivityThread: setConscryptValidator - put
01-19 17:17:24.746  5249  7644 D InputDispatcher: Focused application set to (0): 9fc53df
