01-19 17:17:25.570  4945  4945 D SurfaceFlinger:      DEVICE | 0x7564e1ca40 | 0100 | RGBA_8888    |    0.0    0.0   67.0  362.0 | 1013 1637 1080 1999 | com.samsung.android.app.cocktailbars[...]rservice.CocktailBarService$_12823#0
01-19 17:17:25.570  4945  4945 D SurfaceFlinger:      DEVICE | 0x7579019440 | 0100 | RGBA_8888    |    0.0    0.0 1080.0  126.0 |    0 2214 1080 2340 | NavigationBar0$_5599#0
01-19 17:17:25.570  4945  4945 D SurfaceFlinger:      DEVICE | 0x759a4bdcc0 | 0140 | RGBA_8888    |    0.0    0.0 1080.0  151.0 |    0    0 1080  151 | ScreenDecorOverlay$_5599#0
01-19 17:17:25.570  4945  4945 D SurfaceFlinger:      DEVICE | 0x7564e1ba00 | 0140 | RGBA_8888    |    0.0    0.0 1080.0  151.0 |    0 2189 1080 2340 | ScreenDecorOverlayBottom$_5599#0
01-19 17:17:25.570  4945  4945 D SurfaceFlinger:
01-19 17:17:25.571  5249  7671 V WindowManager: Relayout hash=994e6db, pid=3910: mAttrs={(0,0)(fillxfill) sim={adjust=pan forwardNavigation} ty=BASE_APPLICATION
01-19 17:17:25.571  5249  7671 V WindowManager:   fl=81810100
01-19 17:17:25.571  5249  7671 V WindowManager:   pfl=12020040
01-19 17:17:25.571  5249  7671 V WindowManager:   apr=LIGHT_NAVIGATION_BARS
01-19 17:17:25.571  5249  7671 V WindowManager:   bhv=DEFAULT
01-19 17:17:25.571  5249  7671 V WindowManager:   fitSides= naviIconColor=0
01-19 17:17:25.571  5249  7671 V WindowManager:   sfl=100000}
01-19 17:17:25.576  5249  5780 V WindowManager: Relayout Window{1d9a2ce u0 NotificationShade}: viewVisibility=4 req=1080x2340 d0
01-19 17:17:25.578  3761  3761 I ViewInteraction: Performing 'type text(Name 1)' action on view view.getId() is <2131296493/com.myapp.alist:id/input1EditText>
01-19 17:17:25.579  5249  5780 V WindowManager: Relayout hash=1d9a2ce, pid=5599: mAttrs={(0,0)(fillxfill) gr=TOP CENTER_VERTICAL sim={adjust=resize} layoutInDisplayCutoutMode=always ty=2040 fmt=TRANSLUCENT
01-19 17:17:25.579  5249  5780 V WindowManager:   fl=81840048
01-19 17:17:25.579  5249  5780 V WindowManager:   pfl=1b000000
01-19 17:17:25.579  5249  5780 V WindowManager:   bhv=SHOW_TRANSIENT_BARS_BY_SWIPE naviIconColor=0
01-19 17:17:25.579  5249  5780 V WindowManager:   sfl=42000}
01-19 17:17:25.579  5599  5599 I ViewRootImpl@7de5e0e[NotificationShade]: Relayout returned: old=(0,0,1080,2340) new=(0,0,1080,2340) req=(1080,2340)4 dur=4 res=0x1 s={false 0} ch=false fn=-1
01-19 17:17:25.582  5599  5599 D KeyguardBottomAreaShortcutView: updateCameraVisibility isCameraDisabled:false visible:true
01-19 17:17:25.582  5599  5599 D KeyguardBottomAreaShortcutView: mIndicationArea margin start : 163, end : 163, bottom : 150
01-19 17:17:25.583  5599  5599 D QS      : setQSExpansion 0.0 -110.774994
01-19 17:17:25.583  5599  5599 D QS      : setQSExpansion 0.0 -110.774994
01-19 17:17:25.584  3910  3910 I ViewRootImpl@85d9f27[InstrumentationActivityInvoker$EmptyActivity]: Relayout returned: old=(0,0,1080,2340) new=(0,0,1080,2340) req=(1080,2340)8 dur=8 res=0x5 s={false 0} ch=true fn=2
01-19 17:17:25.585  5599  5599 D IndicatorGardenInputProperty: updateRotation() prv:-1 >> new:0
01-19 17:17:25.585  5599  5599 D DeviceState: getDeviceResolutionPixelSize - currentDensity = 420 deviceDensity = 420 initialDisplaySizeFactor = 1080 currentDisplaySizeFactor = 1080 initialDisplayDensity = 420 proportionalDensity = 420 proportionalPixel = 0
01-19 17:17:25.585  5599  5599 D DeviceState: getDeviceResolutionPixelSize - currentDensity = 420 deviceDensity = 420 initialDisplaySizeFactor = 1080 currentDisplaySizeFactor = 1080 initialDisplayDensity = 420 proportionalDensity = 420 proportionalPixel = 0
01-19 17:17:25.585  5599  5599 D DeviceState: getDeviceResolutionPixelSize - currentDensity = 420 deviceDensity = 420 initialDisplaySizeFactor = 1080 currentDisplaySizeFactor = 1080 initialDisplayDensity = 420 proportionalDensity = 420 proportionalPixel = 0
01-19 17:17:25.585  5249  5548 D InputDispatcher: Inject motion (3761): action=0x0, time=5477708000000, f=0x0, d=0
01-19 17:17:25.585  5599  5599 E IndicatorGardenAlgorithmBasicCutout: NOT MATCH !!!! resourceHeight:78, cutoutHeight:83 ([IndicatorGardenInputProperty]  Rotation(0-0,90-1,180-2,270-3)0, Density:2.625, ScreenWidthSize:1080, CoverSidePadding:0, mIndicatorGardenCenterOffset:11, mCameraCutoutCropSize:80, mGardenPaddingStart:21, mIndicatorCornerPadding:0, mCameraSidePadding:0, mCameraTopMargin:0, DpCutout:DisplayCutout{insets=Rect(0, 83 - 0, 0) waterfall=Insets{left=0, top=0, right=0, bottom=0} boundingRect={Bounds=[Rect(0, 0 - 0, 0), Rect(443, 0 - 637, 83), Rect(0, 0 - 0, 0), Rect(0, 0 - 0, 0)]} cutoutPathParserInfo={CutoutPathParserInfo{displayWidth=1080 displayHeight=2340 density={2.625} cutoutSpec={M36.95,0C26.35,0,24.15,3.8,23.15,9.8 l-0.1,0.7c-1.7,9.6-9.3,17.2-18.9,18.9c-12.7,2.2-24.8-6.2-27-18.9 c0,0-0.1-0.7-0.1-0.7C-24.15,3.8,-26.25,0,-36.95,0Z @dp} rotation={0} scale={1.0}}}})
01-19 17:17:25.585  3910  3910 I ViewRootImpl@85d9f27[InstrumentationActivityInvoker$EmptyActivity]: stopped(true) old=false
01-19 17:17:25.585  5599  5599 E IndicatorGardenAlgorithmBasicCutout: NOT MATCH !!!! resourceHeight:78, cutoutHeight:83 ([IndicatorGardenInputProperty]  Rotation(0-0,90-1,180-2,270-3)0, Density:2.625, ScreenWidthSize:1080, CoverSidePadding:0, mIndicatorGardenCenterOffset:11, mCameraCutoutCropSize:80, mGardenPaddingStart:21, mIndicatorCornerPadding:0, mCameraSidePadding:0, mCameraTopMargin:0, DpCutout:DisplayCutout{insets=Rect(0, 83 - 0, 0) waterfall=Insets{left=0, top=0, right=0, bottom=0} boundingRect={Bounds=[Rect(0, 0 - 0, 0), Rect(443, 0 - 637, 83), Rect(0, 0 - 0, 0), Rect(0, 0 - 0, 0)]} cutoutPathParserInfo={CutoutPathParserInfo{displayWidth=1080 displayHeight=2340 density={2.625} cutoutSpec={M36.95,0C26.35,0,24.15,3.8,23.15,9.8 l-0.1,0.7c-1.7,9.6-9.3,17.2-18.9,18.9c-12.7,2.2-24.8-6.2-27-18.9 c0,0-0.1-0.7-0.1-0.7C-24.15,3.8,-26.25,0,-36.95,0Z @dp} rotation={0} scale={1.0}}}})
01-19 17:17:25.585  5249  5413 I InputDispatcher: Delivering touch to (5599): action: 0x4, f=0x0, d=0, '9c44ca3', t=0
01-19 17:17:25.586  5249  5413 I InputDispatcher: Delivering touch to (3761): action: 0x0, f=0x0, d=0, 'ed0c352', t=0
01-19 17:17:25.586  3761  3761 I ViewRootImpl@e1b2006[MainActivity]: ViewPostIme pointer 0
01-19 17:17:25.587  3761  3761 I MSHandlerLifeCycle: isMultiSplitHandlerRequested: windowingMode=1 isFullscreen=true isPopOver=false isHidden=false skipActivityType=false isHandlerType=false this: DecorView@2d72371[MainActivity]
01-19 17:17:25.587  5249  5287 I GestureDetector: obtain mCurrentDownEvent. id: -986417610 caller: com.android.server.wm.SystemGesturesPointerEventListener.onPointerEvent:179 com.android.server.wm.PointerEventDispatcher.onInputEvent:71 android.view.InputEventReceiver.dispatchInputEvent:259
01-19 17:17:25.587  5249  5287 I GestureDetector: obtain mCurrentDownEvent. id: -986417610 caller: com.android.server.wm.SystemPerformancePointerEventListener.onPointerEvent:89 com.android.server.wm.PointerEventDispatcher.onInputEvent:71 android.view.InputEventReceiver.dispatchInputEvent:259
01-19 17:17:25.588  3910  3910 I MSHandlerLifeCycle: isMultiSplitHandlerRequested: windowingMode=1 isFullscreen=true isPopOver=false isHidden=false skipActivityType=false isHandlerType=false this: DecorView@c5eb94b[InstrumentationActivityInvoker$EmptyActivity]
01-19 17:17:25.589  3910  3910 I MSHandlerLifeCycle: removeMultiSplitHandler: no exist. decor=DecorView@c5eb94b[InstrumentationActivityInvoker$EmptyActivity]
01-19 17:17:25.590  5249  5780 I InputMethodManagerService: isInputMethodShown: isShown=false
01-19 17:17:25.595  3910  3910 I MSHandlerLifeCycle: removeMultiSplitHandler: no exist. decor=DecorView@c5eb94b[InstrumentationActivityInvoker$EmptyActivity]
01-19 17:17:25.596  3910  3931 D OpenGLRenderer: setSurface called with nullptr
01-19 17:17:25.596  3910  3910 I ViewRootImpl@85d9f27[InstrumentationActivityInvoker$EmptyActivity]: dispatchDetachedFromWindow
01-19 17:17:25.597  5249  5548 D InputTransport: Input channel destroyed: '994e6db', fd=715
01-19 17:17:25.597  5249  5548 W InputManager-JNI: Input channel object '994e6db com.myapp.alist.test/androidx.test.core.app.InstrumentationActivityInvoker$EmptyActivity (client)' was disposed without first being removed with the input manager!
01-19 17:17:25.597  5249  5548 D InputTransport: Input channel destroyed: '994e6db', fd=923
01-19 17:17:25.600  3910  3910 D InputTransport: Input channel destroyed: '994e6db', fd=82
01-19 17:17:25.603  4945  4966 I SurfaceFlinger: id=4415 createSurf (0x0),-1 flag=24004, Task=52#1
01-19 17:17:25.607  6080  6080 I RecentsView: onTaskRemoved() taskId : 52
01-19 17:17:25.607  6080  6080 I RecentsView: onTaskRemoved() taskId : 52
01-19 17:17:25.614  4945  4945 I Layer   : id=4397 removeFromCurrentState com.myapp.alist.test/androidx.test.core.app.InstrumentationActivityInvoker$EmptyActivity$_3910#0 (109)
01-19 17:17:25.614  4945  4945 I Layer   : id=4393 removeFromCurrentState 994e6db com.myapp.alist.test/androidx.test.core.app.InstrumentationActivityInvoker$EmptyActivity#0 (109)
01-19 17:17:25.614  4945  4945 I Layer   : id=4387 removeFromCurrentState ActivityRecord{9fc53df u0 com.myapp.alist.test/androidx.test.core.app.InstrumentationActivityInvoker$EmptyActivity t52}#0 (109)
01-19 17:17:25.614  4945  4945 I Layer   : id=4386 removeFromCurrentState Task=52#0 (109)
01-19 17:17:25.614  4945  4945 I Layer   : id=4415 removeFromCurrentState Task=52#1 (109)
01-19 17:17:25.614  4945  4945 I SurfaceFlinger: id=4387 Removed ActivityRecord{9fc53df u0 com.myapp.alist.test/androidx.test.core.app.InstrumentationActivityInvoker$EmptyActivity t52}#0 (109)
01-19 17:17:25.614  4945  4945 I SurfaceFlinger: id=4415 Removed Task=52#1 (109)
01-19 17:17:25.614  4945  4945 I SurfaceFlinger: id=4393 Removed 994e6db com.myapp.alist.test/androidx.test.core.app.InstrumentationActivityInvoker$EmptyActivity#0 (109)
01-19 17:17:25.615  4945  4945 I SurfaceFlinger: id=4397 Removed com.myapp.alist.test/androidx.test.core.app.InstrumentationActivityInvoker$EmptyActivity$_3910#0 (109)
01-19 17:17:25.615  4945  4945 I Layer   : id=4415 Destroyed Task=52#1
01-19 17:17:25.615  4945  4945 I Layer   : id=4397 Destroyed com.myapp.alist.test/androidx.test.core.app.InstrumentationActivityInvoker$EmptyActivity$_3910#0
01-19 17:17:25.615  4945  4945 I Layer   : id=4393 Destroyed 994e6db com.myapp.alist.test/androidx.test.core.app.InstrumentationActivityInvoker$EmptyActivity#0
01-19 17:17:25.615  4945  4945 I Layer   : id=4387 Destroyed ActivityRecord{9fc53df u0 com.myapp.alist.test/androidx.test.core.app.InstrumentationActivityInvoker$EmptyActivity t52}#0
01-19 17:17:25.619  7974  7974 I HBD     : c bee animation finished cnt=-3 2131231867
01-19 17:17:25.627  5249  5548 D InputDispatcher: Inject motion (3761): action=0x1, time=5477750000000, f=0x0, d=0
01-19 17:17:25.627  5249  5413 I InputDispatcher: Delivering touch to (3761): action: 0x1, f=0x0, d=0, 'ed0c352', t=0
01-19 17:17:25.628  5249  5287 I GestureDetector: obtain mCurrentMotionEventRaw. action: 1 id: -415653134
01-19 17:17:25.628  3761  3761 I ViewRootImpl@e1b2006[MainActivity]: ViewPostIme pointer 1
01-19 17:17:25.628  5249  5287 I GestureDetector: obtain mCurrentMotionEventRaw. action: 1 id: -415653134
01-19 17:17:25.628  3761  3761 I MSHandlerLifeCycle: isMultiSplitHandlerRequested: windowingMode=1 isFullscreen=true isPopOver=false isHidden=false skipActivityType=false isHandlerType=false this: DecorView@2d72371[MainActivity]
01-19 17:17:25.631  5249  5504 D SemNscXgbMsL1: Probability - Cloud gaming: [0.03435059]
01-19 17:17:25.631  5249  5504 D SemNscXgbMsL1: Probability - Real time: [0.23380281]
01-19 17:17:25.631  5249  5504 D SemNscXgbMsL1: Probability - Non real time: [0.9303984]
01-19 17:17:25.631  5249  5504 D SemNscXgbMsL1: 1 sample inference time: 0.347308 msecs
01-19 17:17:25.631  5249  5504 D SemNscXgbL2Rt: L2 RT 1 sample inference time: 0.600654 msecs
01-19 17:17:25.632  5249  5504 D SemNscXgbL2Nrt: L2 NRT 1 sample inference time: 0.440577 msecs
01-19 17:17:25.640  3761  3761 D InputMethodManager: startInputInner - Id : 0
01-19 17:17:25.640  3761  3761 I InputMethodManager: startInputInner - mService.startInputOrWindowGainedFocus
01-19 17:17:25.642  5249  5780 D InputMethodManagerService: mDesktopModeManager null!
01-19 17:17:25.642  5249  5780 V InputMethodManagerService: getDisplayIdOfInputMethodWindowToBeAdded : 0
01-19 17:17:25.642  5249  5780 D InputMethodManagerService: checkDisplayOfStartInputAndUpdateKeyboard display Id 0last 0
01-19 17:17:25.642  5249  5780 D InputTransport: Input channel constructed: 'ClientS', fd=715
01-19 17:17:25.642  5249  5780 D InputTransport: Input channel destroyed: 'ClientS', fd=715
01-19 17:17:25.643  7974  7974 I HBD     : HoneyBoardService onFinishInput
01-19 17:17:25.643  3761  3761 I IMM_LC  : showSoftInput(View,I)
01-19 17:17:25.643  3761  3761 I IMM_LC  : ssi() - flag : 0 view : com.myapp.alist reason = SHOW_SOFT_INPUT
01-19 17:17:25.643  7974  7974 I HBD     : a IC have been unbinding,  InputConnectionWrapper{idHash=#e293846 mMissingMethods=}
01-19 17:17:25.643  7974  7974 I HBD     : HoneyBoardService [PF_CL][onFinishInput]  468615 ns
01-19 17:17:25.643  5249  5780 V InputMethodManagerService: Client requesting input be shown, flags : 0
01-19 17:17:25.643  5249  5780 D InputMethodManagerService: ACCESS_CONTROL_ENABLED = false, ACCESS_CONTROL_KEYBOARD_BLOCK = false
01-19 17:17:25.643  7974  7974 I HBD     : HoneyBoardService onInlineSuggestionsResponse
01-19 17:17:25.644  7974  7974 I HBD     : HoneyBoardService onCreateInlineSuggestionsRequest
01-19 17:17:25.646  7974  7974 I HBD     : HoneyBoardService [IMI] onStartInput - caller pid : 3761 , caller uid : 10439
01-19 17:17:25.647  7974  7974 I HBD     : j updateConfigs
01-19 17:17:25.647  7974  7974 I HBD     : j isEnabledNightMode : false
01-19 17:17:25.647  7974  7974 I HBD     : a IC have been binding, InputConnectionWrapper{idHash=#17a8267 mMissingMethods=}
01-19 17:17:25.647  7974  7974 W HBD     : b [EditorInputType] undefined Enter action code : 0x40000005
01-19 17:17:25.647  7974  7974 I HBD     : h [EditorInputType]setPrivateImeOptionsToTable privateImeOptions ( null )
01-19 17:17:25.647  7974  7974 I HBD     : b incognitoMode : false
01-19 17:17:25.647  7974  7974 W HBD     : b [EditorInputType] undefined Enter action code : 0x40000005
01-19 17:17:25.647  7974  7974 I HBD     : a [CPS]isPredictionOnByLanguage :false, isForceOff : false, isPredictionOn : true , isOnPref : true
01-19 17:17:25.648  7974  7974 I HBD     : h getDefaultInputRange : UNKNOWN
01-19 17:17:25.648  7974  7974 I HBD     : h getDefaultInputRange : UNKNOWN
01-19 17:17:25.648  7974  7974 I HBD     : h getDefaultInputRange : UNKNOWN
01-19 17:17:25.648  3761  3761 D Editor  : waiting for the right moment
01-19 17:17:25.651  7974  7974 I HBD     : a update cached prediction status : true
01-19 17:17:25.651  7974  7974 I HBD     : h getDefaultInputRange : UNKNOWN
01-19 17:17:25.651  7974  7974 I HBD     : a currentState : 0
01-19 17:17:25.652  7974  7974 I HBD     : h load selected json path : /data/user/0/com.samsung.android.honeyboard/files/selected.json
01-19 17:17:25.653  7974  7974 I HBD     : h load selected json info : {"version":"1.0","currentLanguageOrder":0,"selected":[{"activeOptionList":["auto_spacing","writing_assistant"],"engName":"English","id":65538,"inputType":"qwerty","isUsed":true}]}
01-19 17:17:25.653  7974  7974 I HBD     : a [UpdatePolicy] [post] a: 0 cl: 65538 kit: [0/0] vt: 0 ir: 1
01-19 17:17:25.654  7974  7974 I HBD     : HoneyBoardService [PF_OP][onStartInput]  7136192 ns
01-19 17:17:25.654  7974  7974 I InputMethod: showSoftInput(), flags : 1
01-19 17:17:25.654  5249  5780 I InputMethodManagerService: isAccessoryKeyboard 0
01-19 17:17:25.655  7974  7974 I HBD     : HoneyBoardService onEvaluateInputViewShown: true
01-19 17:17:25.656  7974  7974 I DecorView: notifyKeepScreenOnChanged: keepScreenOn=false
01-19 17:17:25.656  7974  7974 I MSHandlerLifeCycle: isMultiSplitHandlerRequested: ignored. pkg=com.samsung.android.honeyboard isActivity=false callers=com.android.internal.policy.DecorView.hasMultiSplitHandlerInNonFreeformMode:891 com.android.internal.policy.DecorView.notifyKeepScreenOnChanged:885 android.view.ViewRootImpl.applyKeepScreenOnFlag:2945 android.view.ViewRootImpl.setLayoutParams:2108 android.view.WindowManagerGlobal.updateViewLayout:537
01-19 17:17:25.656  5249  5780 I InputMethodManagerService: isAccessoryKeyboard 0
01-19 17:17:25.657  7974  7974 I HBD     : HoneyBoardService onEvaluateInputViewShown: true
01-19 17:17:25.657  7974  7974 I HBD     : HoneyBoardService onStartInputView : restarting = false, client = com.myapp.alist
01-19 17:17:25.657  7974  7974 W HBD     : b [EditorInputType] undefined Enter action code : 0x40000005
01-19 17:17:25.657  7974  7974 I HBD     : h [EditorInputType]setPrivateImeOptionsToTable privateImeOptions ( null )
01-19 17:17:25.657  7974  7974 I HBD     : b incognitoMode : false
01-19 17:17:25.657  7974  7974 W HBD     : b [EditorInputType] undefined Enter action code : 0x40000005
01-19 17:17:25.657  7974  8633 I SemDvfsHyPerManager: acquire hyper - SKBD_RE_ENTER_SHOW/7974@1, type = -999
01-19 17:17:25.657  7974  7974 I HBD     : h getDefaultInputRange : UNKNOWN
01-19 17:17:25.657  7974  7974 I HBD     : h getDefaultInputRange : UNKNOWN
01-19 17:17:25.657  7974  7974 I HBD     : h getDefaultInputRange : UNKNOWN
01-19 17:17:25.658  7974  7974 I HBD     : HoneyBoardService onStartInputViewInternal: inputType=0x20001, imeOptions=0x48000005, initialSelStart=0, initialSelEnd=0
01-19 17:17:25.658  7974  7974 I HBD     : f applyThemesPolicy
01-19 17:17:25.658  7974  7974 I HBD     : e mUsedOpenTheme = false IsRequiredDarkTypeTheme = false night mode : false mIsEnabledHighContrast = false mIsOpenThemeForHoneyBoardInstalled = false mIsWallpaperThemeInstalled = false mIsThemeParkTheme = false
01-19 17:17:25.658  7974  7974 I HBD     : f ThemeIndex By PolicyInternal theme index :  285212672 Light
01-19 17:17:25.658  7974  7974 I HBD     : f update KeyboardTheme themeIndex : 0x 11000000  theme :  Light
01-19 17:17:25.658  7974  7974 I HBD     : a set Theme convertedIndex : 2
01-19 17:17:25.658  7974  7974 I HBD     : a themeStyleSet :2
01-19 17:17:25.658  7974  7974 I HBD     : a updatePredictionStatus : 1, editorOpt
01-19 17:17:25.658  7974  7974 I HBD     : a updateForEditorClass isPredictionOn = true
01-19 17:17:25.659  4879  4941 I HYPER-HAL: [RequestManager.cpp]acquire(): Acquired ID : 31804301  [7974 / 1]    HINT : KBD_APP_RE_ENTER_VIEW    list : [TIMEOUT / 400]
01-19 17:17:25.663  3761  3761 I AssistStructure: Flattened final assist data: 4780 bytes, containing 1 windows, 25 views
01-19 17:17:25.664  4945  4945 E SurfaceFlinger: Attempt to update InputPolicyFlags without permission ACCESS_SURFACE_FLINGER
01-19 17:17:25.668  7974  7974 I HBD     : al EBD ssu f 1
01-19 17:17:25.671  5249  7671 D SecContentProvider: query(), uri = 17 selection = isSettingsChangesAllowed
01-19 17:17:25.672  7974  7974 I HBD     : a [UpdatePolicy] [post] a: 1 cl: 65538 kit: [0/0] vt: 0 ir: 1
01-19 17:17:25.673  7974  7974 I HBD     : a update cached prediction status : true
01-19 17:17:25.675  5249  5548 D SecContentProvider: query(), uri = 17 selection = isSettingsChangesAllowed
01-19 17:17:25.675  7974  7974 I HBD     : a [SKE_TAM] Changed false
01-19 17:17:25.675  7974  7974 I HBD     : a refresh(), mParameterMode,  0
01-19 17:17:25.676  7974  7974 I HBD     : a update cached prediction status : true
01-19 17:17:25.676  7974  7974 I HBD     : ::BnR:: d HONEY_SUPPORT_DATA_MIGRATION_FROM_SKBD : true, isMigrateNotNeeded : true, isFinishMigPreferences : false, isPasswordInputType : falseisUserUnlocked : true
01-19 17:17:25.676  7974  7974 I HBD     : b updateMultiTapTimeValue
01-19 17:17:25.676  7974  7974 I HBD     : b getMultiTapTimeoutValue
01-19 17:17:25.676  7974  7974 I HBD     : b getSingleVowelMultiTapTimeoutValue
01-19 17:17:25.677  6241  6241 W AutofillChimeraService: Pending fill request while another request in the same session was triggered. [CONTEXT service_id=177 ]
01-19 17:17:25.677  7974  7974 I HBD     : a onBind
01-19 17:17:25.678  7974  7974 I HBD     : b [EditorEnterActionItem] updateConfig: 0x40000006 to 0x40000005
01-19 17:17:25.678  7974  7974 I HBD     : b updateConfig: [LanguageItem] English / [KeyboardViewTypeItem] 0 / [KeyboardInputTypeItem] mainType(0), subType(0) / [CurrentLanguageInputTypeItem] mainType(0), subType(0) / [KeyboardInputRangeItem] 1 / [HandwritingModeItem] false / [SelectedLanguageItem] 1 / [LocaleItem] en-GB / [TextOrNullInputClassItem] true / [DateInputTypeItem] false / [DateTimeInputTypeItem] false /
01-19 17:17:25.678  7974  7974 I HBD     : b updateConfig: [DecimalNumberInputTypeItem] false / [NumberOnlyInputTypeItem] false / [NumberPasswordInputTypeItem] false / [PhoneNumberInputClassItem] false / [SignedDecimalNumberInputTypeItem] false / [SignedNumberInputTypeItem] false / [EmailInputTypeItem] false / [UrlInputTypeItem] false / [UrlEmailModeItem] false / [PasswordInputTypeItem] false / [WebPasswordEditorItem] false /
01-19 17:17:25.678  7974  7974 I HBD     : b updateConfig: [NumberInputClassItem] false / [DateTimeInputClassItem] false / [DigitEditorItem] false / [MonthInputTypeItem] false / [YearDateTimeInputTypeItem] false / [IPAddressInputTypeItem] false / [FileNameInputTypeItem] false / [CustomSymbolsForPeriodKeyItem] false / [OptionInputTypeItem] false / [DisableHanjaInputItem] false / [DisableCmKeyInputItem] false /
01-19 17:17:25.678  7974  7974 I HBD     : b updateConfig: [DisableCommaKeyInputItem] false / [DisableLanguageChangeKeyItem] false / [DisableSpaceKeyItem] false / [NumberPickerInputItem] false / [TimeInputTypeItem] false / [NumberKeyFirstLineItem] true / [AlternativeCharacterItem] false / [SimpleRowStyleItem] false / [HighContrastItem] false / [TouchAndHoldSpaceBarTypeItem] cursor_control / [UseContinuousInputItem] false /
01-19 17:17:25.678  7974  7974 I HBD     : b updateConfig: [UseToolBarItem] true / [OrientationItem] false / [DensityItem] 2.625 / [DisplayWidthItem] 0x1080 / [DisplayHeightItem] 0x2131 / [MainTextLabelItem] 1 / [LanguageSwitchingUsingSpaceBarItem] true / [LanguageSwitchingUsingKeyItem] false / [TransliterationTypingModeItem] false / [CoverDisplayModeItem] false / [TalkBackEnabledItem] false /
01-19 17:17:25.678  7974  7974 I HBD     : b updateConfig: [Japanese8FlickCustomisationItem] false / [VoiceEnabledItem] true / [SamsungVoiceImeItem] false / [PredictionStatusItem] true /
01-19 17:17:25.678  7974  7974 I HBD     : b updateKeyboardViewHolder: INVALIDATE
01-19 17:17:25.678  7974  3963 I HBD     : bd requestCursorUpdates returned  true ,  1
01-19 17:17:25.680  7974  8548 I HBD     : m updated Sub Types. English
01-19 17:17:25.680  7974  7974 I HBD     : c [BoardScrapManager] sendBoardScrap
01-19 17:17:25.680  7974  7974 I HBD     : ci updateChangedBoard - [LC:false][TC:false][RC:false][RB:false]
01-19 17:17:25.680  7974  7974 I HBD     : a update cached prediction status : true
01-19 17:17:25.681  7974  7974 I HBD     : d updateCurrentEngine,  65538 ,  SWIFTKEY
01-19 17:17:25.681  7974  7974 I HBD     : a [SKE_TAM] Changed false
01-19 17:17:25.681  7974  7974 I HBD     : a [SKE_TAM] custom = false , useEngine = true
01-19 17:17:25.681  7974  7974 I HBD     : a [SKE_TAM] Changed false
01-19 17:17:25.682  7974  7974 I HBD     : a refresh(), mParameterMode,  0
01-19 17:17:25.682  7974  7974 I HBD     : a [PF_EN] updateChangedBoard() 1
01-19 17:17:25.684  5249  5780 D SecContentProvider: query(), uri = 15 selection = isClipboardShareAllowedAsUser
01-19 17:17:25.687  7974  3964 I HBD     : a InputMethodSubtype is set as local:en_GB
01-19 17:17:25.691  7974  7974 I HBD     : HoneyBoardService [PF_OP][onStartInputView]  34 ms
01-19 17:17:25.692  5249  5761 D InputMethodManagerServicePhysicalKey: isConnectedDexOnPC false
01-19 17:17:25.692  5249  5761 D InputMethodManagerService: isImeSwitcherDisabledPackage : false
01-19 17:17:25.692  5249  5761 I InputMethodManagerService: setImeWindowStatus: vis=3, backDisposition=0
01-19 17:17:25.693  7974  7974 I HBD     : HoneyBoardService onWindowShown
01-19 17:17:25.693 12823 12823 I CocktailBarUiController: onReceive: action=ResponseAxT9Info isVisibleWindow=1
01-19 17:17:25.694  5249  3967 W System.err: java.io.IOException: write failed: EBUSY (Device or resource busy)
01-19 17:17:25.694  5249  3967 W System.err: 	at libcore.io.IoBridge.write(IoBridge.java:651)
01-19 17:17:25.694  5249  3967 W System.err: 	at java.io.FileOutputStream.write(FileOutputStream.java:406)
01-19 17:17:25.694  5249  3967 W System.err: 	at java.io.FileOutputStream.write(FileOutputStream.java:384)
01-19 17:17:25.694  5249  3967 W System.err: 	at com.android.server.wm.TspStateController.lambda$writeTspCommandToSysfs$0$TspStateController(TspStateController.java:601)
01-19 17:17:25.694  5249  3967 W System.err: 	at com.android.server.wm.TspStateController$$ExternalSyntheticLambda0.run(Unknown Source:6)
01-19 17:17:25.694  5249  3967 W System.err: 	at java.lang.Thread.run(Thread.java:1012)
01-19 17:17:25.694  5249  3967 W System.err: Caused by: android.system.ErrnoException: write failed: EBUSY (Device or resource busy)
01-19 17:17:25.694  5249  3967 W System.err: 	at libcore.io.Linux.writeBytes(Native Method)
01-19 17:17:25.694  5249  5548 D SecContentProvider: query(), uri = 15 selection = isClipboardShareAllowedAsUser
01-19 17:17:25.694  5249  3967 W System.err: 	at libcore.io.Linux.write(Linux.java:296)
01-19 17:17:25.694  5249  3967 W System.err: 	at libcore.io.ForwardingOs.write(ForwardingOs.java:943)
01-19 17:17:25.694  5249  3967 W System.err: 	at libcore.io.BlockGuardOs.write(BlockGuardOs.java:448)
01-19 17:17:25.694  5249  3967 W System.err: 	at libcore.io.IoBridge.write(IoBridge.java:646)
01-19 17:17:25.694  5249  3967 W System.err: 	... 5 more
01-19 17:17:25.695  7974  7974 I HBD     : HoneyBoardService [PF_OP][onWindowShown]  2616076 ns
01-19 17:17:25.696  7974  7974 I MSHandlerLifeCycle: isMultiSplitHandlerRequested: ignored. pkg=com.samsung.android.honeyboard isActivity=false callers=com.android.internal.policy.DecorView.setVisibility:4295 android.app.Dialog.show:445 android.inputmethodservice.SoftInputWindow.show:302 android.inputmethodservice.InputMethodService.showWindow:2823 android.inputmethodservice.InputMethodService$InputMethodImpl.showSoftInput:963
01-19 17:17:25.696  7974  7974 I MSHandlerLifeCycle: removeMultiSplitHandler: no exist. decor=DecorView@73efe47[InputMethod]
01-19 17:17:25.696  7974  7974 I HBD     : HoneyBoardService onViewClicked
01-19 17:17:25.697  7974  7974 I HBD     : HoneyBoardService [PF_OP][onViewClicked]  149346 ns
01-19 17:17:25.699  5249  5548 D InputMethodManagerServicePhysicalKey: isConnectedDexOnPC false
01-19 17:17:25.700  5249  5548 D InputMethodManagerService: isImeSwitcherDisabledPackage : false
01-19 17:17:25.700  5249  5548 I InputMethodManagerService: setImeWindowStatus: vis=3, backDisposition=0
01-19 17:17:25.719  5249  5548 V WindowManager: Relayout Window{30ecb98 u0 InputMethod}: viewVisibility=0 req=1080x2257 d0
01-19 17:17:25.719  4945  5860 I SurfaceFlinger: id=4416 createSurf (1080x2257),-3 flag=40004, InputMethod$_7974#0
01-19 17:17:25.719  5249  5761 I AssistStructure: Flattened final assist data: 4376 bytes, containing 1 windows, 25 views
01-19 17:17:25.720  6241 32039 W abnj    : Infinite Data has no result for com.myapp.alist [CONTEXT service_id=177 ]
01-19 17:17:25.723  5249  5548 V WindowManager: Relayout hash=30ecb98, pid=7974: mAttrs={(0,0)(fillxfill) gr=BOTTOM CENTER_VERTICAL sim={adjust=pan} ty=INPUT_METHOD fmt=TRANSPARENT wanim=0x7f130170 preferredMinDisplayRefreshRate=60.0 receive insets ignoring z-order
01-19 17:17:25.723  5249  5548 V WindowManager:   fl=81800108
01-19 17:17:25.723  5249  5548 V WindowManager:   pfl=12000000
01-19 17:17:25.723  5249  5548 V WindowManager:   vsysui=10
01-19 17:17:25.723  5249  5548 V WindowManager:   apr=LIGHT_NAVIGATION_BARS
01-19 17:17:25.723  5249  5548 V WindowManager:   bhv=DEFAULT
01-19 17:17:25.723  5249  5548 V WindowManager:   fitTypes=STATUS_BARS NAVIGATION_BARS
01-19 17:17:25.723  5249  5548 V WindowManager:   fitSides=LEFT TOP RIGHT
01-19 17:17:25.723  5249  5548 V WindowManager:   fitIgnoreVis dimDuration=150 naviIconColor=0}
01-19 17:17:25.723  6241  3839 W abnj    : Infinite Data has no result for com.myapp.alist [CONTEXT service_id=177 ]
01-19 17:17:25.724  7974  7974 I ViewRootImpl@85014ab[InputMethod]: Relayout returned: old=(0,83,1080,2340) new=(0,83,1080,2340) req=(1080,2257)0 dur=5 res=0x7 s={true 525778563072} ch=true fn=-1
01-19 17:17:25.725  7974  7974 I ViewRootImpl@85014ab[InputMethod]: [DP] dp(1) 1 android.view.ViewRootImpl.reportNextDraw:11442 android.view.ViewRootImpl.performTraversals:4198 android.view.ViewRootImpl.doTraversal:2924
01-19 17:17:25.731  4945  4945 E SurfaceFlinger: Attempt to update InputPolicyFlags without permission ACCESS_SURFACE_FLINGER
01-19 17:17:25.738  7974  7974 I ViewRootImpl@85014ab[InputMethod]: [DP] pdf(0) 1 android.view.ViewRootImpl.lambda$addFrameCompleteCallbackIfNeeded$3$ViewRootImpl:5000 android.view.ViewRootImpl$$ExternalSyntheticLambda16.run:6 android.os.Handler.handleCallback:938
01-19 17:17:25.738  7974  7974 I ViewRootImpl@85014ab[InputMethod]: [DP] rdf()
01-19 17:17:25.740  3761  3761 D InsetsController: show(ime(), fromIme=true)
01-19 17:17:25.743  3761  3761 D InsetsSourceConsumer: setRequestedVisible: visible=true, type=19, host=com.myapp.alist/com.myapp.alist.ui.MainActivity, from=android.view.InsetsSourceConsumer.show:246 android.view.InsetsController.showDirectly:1489 android.view.InsetsController.controlAnimationUnchecked:1137 android.view.InsetsController.applyAnimation:1456 android.view.InsetsController.applyAnimation:1437 android.view.InsetsController.show:976 android.view.ViewRootImpl$ViewRootHandler.handleMessageImpl:6483 android.view.ViewRootImpl$ViewRootHandler.handleMessage:6408 android.os.Handler.dispatchMessage:106 androidx.test.espresso.base.Interrogator.loopAndInterrogate:14
01-19 17:17:25.746  5988  5988 V InlineSuggestionRenderService: handleDestroySuggestionViews called for 0:483398331
01-19 17:17:25.751  5599  5599 D PipMotionHelper: animateToOffset: originalBounds=Rect(533, 1020 - 1038, 1304) offset=-126 callers=
01-19 17:17:25.751  5599  5599 D PipMotionHelper:     com.android.wm.shell.pip.phone.PipTouchHandler.onMovementBoundsChanged:482
01-19 17:17:25.751  5599  5599 D PipMotionHelper:     com.android.wm.shell.pip.phone.PipController.updateMovementBounds:715
01-19 17:17:25.751  5599  5599 D PipMotionHelper:     com.android.wm.shell.pip.phone.PipController.access$600:99
01-19 17:17:25.751  5599  5599 D PipMotionHelper:     com.android.wm.shell.pip.phone.PipController$PipControllerPinnedTaskListener.onMovementBoundsChanged:238
01-19 17:17:25.751  5599  5599 D PipMotionHelper:     com.android.wm.shell.pip.PinnedStackListenerForwarder.onMovementBoundsChanged:65
01-19 17:17:25.752  7974  9480 I HBD     : b [SKE_KPM] load kpm : /data/user/0/com.samsung.android.honeyboard/app_KeyPressModel/model_0_0_-667254808.im
01-19 17:17:25.753  7974  7974 I HBD     : al EBD si t 0
01-19 17:17:25.760  5249  5548 V WindowManager: Relayout Window{1a361da u0 ScreenDecorOverlay}: viewVisibility=0 req=1079x151 d0
01-19 17:17:25.764  5249  5548 V WindowManager: Relayout hash=1a361da, pid=5599: mAttrs={(0,0)(fillxwrap) gr=TOP CENTER_VERTICAL sim={adjust=pan} layoutInDisplayCutoutMode=always ty=NAVIGATION_BAR_PANEL fmt=TRANSLUCENT
01-19 17:17:25.764  5249  5548 V WindowManager:   fl=20800128
01-19 17:17:25.764  5249  5548 V WindowManager:   pfl=13100050
01-19 17:17:25.764  5249  5548 V WindowManager:   vsysui=100
01-19 17:17:25.764  5249  5548 V WindowManager:   bhv=DEFAULT naviIconColor=0}
01-19 17:17:25.764  5599  6779 I ViewRootImpl@19a8c0[ScreenDecorOverlay]: Relayout returned: old=(0,0,1080,151) new=(0,0,1080,151) req=(1079,151)0 dur=15 res=0x1 s={true 525878792192} ch=false fn=106
01-19 17:17:25.764  4945  4945 I Layer   : id=4411 removeFromCurrentState Surface(name=9c44ca3 NavigationBar0)/@0x49015f3 - animation-leash of insets_animation#1 (106)
01-19 17:17:25.767  4945  4945 I SurfaceFlinger: Setting desired display mode specs: default mode ID: 0, allowGroupSwitching = 0, primary range: [60.00fps 120.00fps], app request range: [60.00fps 120.00fps]
01-19 17:17:25.782  5249  5780 V WindowManager: Relayout Window{1a361da u0 ScreenDecorOverlay}: viewVisibility=0 req=1079x151 d0
01-19 17:17:25.785  5249  5780 V WindowManager: Relayout hash=1a361da, pid=5599: mAttrs={(0,0)(fillxwrap) gr=TOP CENTER_VERTICAL sim={adjust=pan} layoutInDisplayCutoutMode=always ty=NAVIGATION_BAR_PANEL fmt=TRANSLUCENT
01-19 17:17:25.785  5249  5780 V WindowManager:   fl=20800128
01-19 17:17:25.785  5249  5780 V WindowManager:   pfl=13100050
01-19 17:17:25.785  5249  5780 V WindowManager:   vsysui=100
01-19 17:17:25.785  5249  5780 V WindowManager:   bhv=DEFAULT naviIconColor=0}
01-19 17:17:25.786  5599  6779 I ViewRootImpl@19a8c0[ScreenDecorOverlay]: Relayout returned: old=(0,0,1080,151) new=(0,0,1080,151) req=(1079,151)0 dur=4 res=0x1 s={true 525878792192} ch=false fn=106
01-19 17:17:25.786  4945  4945 D SurfaceFlinger: Display 0 HWC layers:
01-19 17:17:25.786  4945  4945 D SurfaceFlinger:      DEVICE | 0x759a59cec0 | 0102 | RGBA_8888    |    0.0    0.0 1080.0 2340.0 |    0    0 1080 2340 | com.myapp.alist/com.myapp.alist.ui.MainActivity$_3761#0
01-19 17:17:25.786  4945  4945 D SurfaceFlinger:      DEVICE | 0x759a4bf980 | 0100 | RGBA_8888    |    0.0    0.0 1080.0 1515.0 |    0  825 1080 2340 | InputMethod$_7974#0
01-19 17:17:25.786  4945  4945 D SurfaceFlinger:      DEVICE | 0x7579019580 | 0100 | RGBA_8888    |    0.0    0.0 1080.0   78.0 |    0    0 1080   78 | StatusBar$_5599#0
01-19 17:17:25.786  4945  4945 D SurfaceFlinger:      DEVICE | 0x7564e1ca40 | 0100 | RGBA_8888    |    0.0    0.0   67.0  362.0 | 1013 1637 1080 1999 | com.samsung.android.app.cocktailbars[...]rservice.CocktailBarService$_12823#0
01-19 17:17:25.786  4945  4945 D SurfaceFlinger:      DEVICE | 0x7579019440 | 0100 | RGBA_8888    |    0.0    0.0 1080.0  126.0 |    0 2214 1080 2340 | NavigationBar0$_5599#0
01-19 17:17:25.786  4945  4945 D SurfaceFlinger:      DEVICE | 0x759a4bdcc0 | 0140 | RGBA_8888    |    0.0    0.0 1080.0  151.0 |    0    0 1080  151 | ScreenDecorOverlay$_5599#0
01-19 17:17:25.786  4945  4945 D SurfaceFlinger:      DEVICE | 0x7564e1ba00 | 0140 | RGBA_8888    |    0.0    0.0 1080.0  151.0 |    0 2189 1080 2340 | ScreenDecorOverlayBottom$_5599#0
01-19 17:17:25.786  4945  4945 D SurfaceFlinger:
01-19 17:17:25.788  5249  5761 V WindowManager: Relayout Window{d581a71 u0 ScreenDecorOverlayBottom}: viewVisibility=0 req=1079x151 d0
01-19 17:17:25.791  5249  5761 V WindowManager: Relayout hash=d581a71, pid=5599: mAttrs={(0,0)(fillxwrap) gr=BOTTOM CENTER_VERTICAL sim={adjust=pan} layoutInDisplayCutoutMode=always ty=NAVIGATION_BAR_PANEL fmt=TRANSLUCENT
01-19 17:17:25.791  5249  5761 V WindowManager:   fl=20800128
01-19 17:17:25.791  5249  5761 V WindowManager:   pfl=13100050
01-19 17:17:25.791  5249  5761 V WindowManager:   vsysui=100
01-19 17:17:25.791  5249  5761 V WindowManager:   bhv=DEFAULT naviIconColor=0}
01-19 17:17:25.792  5599  6779 I ViewRootImpl@f7c4d25[ScreenDecorOverlayBottom]: Relayout returned: old=(0,2189,1080,2340) new=(0,2189,1080,2340) req=(1079,151)0 dur=6 res=0x1 s={true 525878800384} ch=false fn=105
01-19 17:17:25.799  5249  5780 V WindowManager: Relayout Window{1a361da u0 ScreenDecorOverlay}: viewVisibility=0 req=1079x151 d0
01-19 17:17:25.801  5249  5780 V WindowManager: Relayout hash=1a361da, pid=5599: mAttrs={(0,0)(fillxwrap) gr=TOP CENTER_VERTICAL sim={adjust=pan} layoutInDisplayCutoutMode=always ty=NAVIGATION_BAR_PANEL fmt=TRANSLUCENT
01-19 17:17:25.801  5249  5780 V WindowManager:   fl=20800128
01-19 17:17:25.801  5249  5780 V WindowManager:   pfl=13100050
01-19 17:17:25.801  5249  5780 V WindowManager:   vsysui=100
01-19 17:17:25.801  5249  5780 V WindowManager:   bhv=DEFAULT naviIconColor=0}
01-19 17:17:25.802  5599  6779 I ViewRootImpl@19a8c0[ScreenDecorOverlay]: Relayout returned: old=(0,0,1080,151) new=(0,0,1080,151) req=(1079,151)0 dur=3 res=0x1 s={true 525878792192} ch=false fn=106
01-19 17:17:25.803  5249  5761 V WindowManager: Relayout Window{d581a71 u0 ScreenDecorOverlayBottom}: viewVisibility=0 req=1079x151 d0
01-19 17:17:25.805  5249  5761 V WindowManager: Relayout hash=d581a71, pid=5599: mAttrs={(0,0)(fillxwrap) gr=BOTTOM CENTER_VERTICAL sim={adjust=pan} layoutInDisplayCutoutMode=always ty=NAVIGATION_BAR_PANEL fmt=TRANSLUCENT
01-19 17:17:25.805  5249  5761 V WindowManager:   fl=20800128
01-19 17:17:25.805  5249  5761 V WindowManager:   pfl=13100050
01-19 17:17:25.805  5249  5761 V WindowManager:   vsysui=100
01-19 17:17:25.805  5249  5761 V WindowManager:   bhv=DEFAULT naviIconColor=0}
01-19 17:17:25.806  5599  6779 I ViewRootImpl@f7c4d25[ScreenDecorOverlayBottom]: Relayout returned: old=(0,2189,1080,2340) new=(0,2189,1080,2340) req=(1079,151)0 dur=4 res=0x1 s={true 525878800384} ch=false fn=105
01-19 17:17:25.807  3761  3761 D ScrollView:  onsize change changed
01-19 17:17:25.814  4945  4945 E SurfaceFlinger: Attempt to update InputPolicyFlags without permission ACCESS_SURFACE_FLINGER
01-19 17:17:25.817  4945  4965 I SurfaceFlinger: id=4411 Removed Surface(name=9c44ca3 NavigationBar0)/@0x49015f3 - animation-leash of insets_animation#1 (106)
01-19 17:17:25.818  5249  5761 D InputMethodManagerServicePhysicalKey: isConnectedDexOnPC false
01-19 17:17:25.818  5249  5761 D InputMethodManagerService: isImeSwitcherDisabledPackage : false
01-19 17:17:25.819  5599  5599 V Navbar.Store: handleEvent [EventType] ON_NAVBAR_ICON_HINT_CHANGED [Module] NavigationBar  KEYS_NAVBAR_ICON_HINT=3
01-19 17:17:25.819  5599  5599 V Navbar.Store: --[Band]SETUPWIZARD_PACK_SET_NAVBAR_ICON_HINT
01-19 17:17:25.819  5599  5599 V Navbar.Store: ----getValue(BOOL_NAVBAR_BUTTON_FORCED_VISIBLE)=false
01-19 17:17:25.819  5599  5599 V Navbar.Store: ----getValue(BOOL_NAVBAR_SETUPWIZARD_STYLE)=false
01-19 17:17:25.819  5599  5599 V Navbar.Store: --[Band]VIS_PACK_REEVAULATE_NAVBAR
01-19 17:17:25.819  5599  5599 V Navbar.Store: ----apply(REEVALUATE_NAVBAR)
01-19 17:17:25.819  5599  5599 V Navbar.Store: ----handleEvent [EventType] GET_BOOL_REGION_SAMPLING_ENABLED [Module] LightBarController  KEYS_DEFAULT=false
01-19 17:17:25.819  5599  5599 V Navbar.Store: ------[Band]COLOR_PACK_GET_REGION_SAMPLING_ENABLED
01-19 17:17:25.819  5599  5599 V Navbar.Store: --------getValue(BOOL_REGION_SAMPLING_ENABLED)=false
01-19 17:17:25.820  5599  5599 V Navbar.Store: handleEvent [EventType] GET_BOOL_SHOW_KEYBOARD_BUTTON [Module] SamsungNavigationBarView  KEYS_DEFAULT=true  KEYS_PORTRAIT=true
01-19 17:17:25.820  5599  5599 V Navbar.Store: --[Band]GESTURE_PACK_SHOW_KEYBOARD_BUTTON
01-19 17:17:25.820  5599  5599 V Navbar.Store: ----getValue(BOOL_NAVBAR_GESTURAL_MODE)=false
01-19 17:17:25.820  6080 21397 I TouchInteractionService: onActiveNavBarRegionChanges, region : SkRegion((0,2214,388,2340)(389,2214,690,2340)(691,2214,961,2340))
01-19 17:17:25.820  5599  5599 V Navbar.Store: ----handleEvent [EventType] ON_UPDATE_REMOTEVIEW [Module] SamsungNavigationBarView  KEYS_NAVBAR_DARK_INTENSITY=1.0  KEYS_CONTEXTUALBUTTON_VISIBLE=true  KEYS_LEFT_REMOTEVIEW_CONTAINER=android.widget.LinearLayout{44760c9 I.E...... ......I. 0,0-118,126 #7f0b0478 app:id/left_remoteview}  KEYS_RIGHT_REMOTEVIEW_CONTAINER=android.widget.LinearLayout{657a3ce I.E...... ......I. 962,0-1080,126 #7f0b070a app:id/right_remoteview}
01-19 17:17:25.820  5599  5599 V Navbar.Store: ------[Band]REMOTE_VIEW_PACK_SET_REMOTEVIEW_CONTAINER
01-19 17:17:25.820  5599  5599 V Navbar.Store: --------apply(UPDATE_NAVBAR_REMOTEVIEW_CONTAINER)
01-19 17:17:25.821  5599  5599 V Navbar.Store: --------apply(UPDATE_NAVBAR_RIGHT_REMOTEVIEW_VISIBILITY)
01-19 17:17:25.821  5599  5599 V Navbar.Store: --------getValue(FLOAT_REMOTEVIEW_DARK_INTENSITY)=1.0
01-19 17:17:25.821  5599  5599 V Navbar.Store: handleEvent [EventType] GET_BOOL_SHOW_KEYBOARD_BUTTON [Module] SamsungNavigationBarView  KEYS_DEFAULT=true  KEYS_PORTRAIT=true
01-19 17:17:25.821  6080 21397 I TouchInteractionService: onActiveNavBarRegionChanges, region : SkRegion((0,2214,388,2218)(389,2214,690,2218)(691,2214,961,2218)(0,2218,388,2340)(389,2218,690,2340)(691,2218,961,2340)(962,2218,1089,2340))
01-19 17:17:25.821  5599  5599 V Navbar.Store: --[Band]GESTURE_PACK_SHOW_KEYBOARD_BUTTON
01-19 17:17:25.821  5599  5599 V Navbar.Store: ----getValue(BOOL_NAVBAR_GESTURAL_MODE)=false
01-19 17:17:25.822  6080 21397 I TouchInteractionService: onSystemUiStateChanged, stateFlags : 393216
01-19 17:17:25.822  6080  6080 I TouchInteractionService: onSystemUiFlagsChanged, userUnlocked
01-19 17:17:25.831  4945  4945 I Layer   : id=4411 Destroyed Surface(name=9c44ca3 NavigationBar0)/@0x49015f3 - animation-leash of insets_animation#1
01-19 17:17:25.831  5599  5599 V Navbar.Store: handleEvent [EventType] GET_BOOL_NAVBAR_CAN_MOVE_STATE [Module] SamsungNavigationBarView  KEYS_DEFAULT=true
01-19 17:17:25.831  5599  5599 V Navbar.Store: --[Band]CONFIG_PACK_GET_NAVBAR_CAN_MOVE
01-19 17:17:25.831  5599  5599 V Navbar.Store: ----getValue(BOOL_NAVBAR_CAN_MOVE)=true
01-19 17:17:25.832  6080 21397 I TouchInteractionService: onActiveNavBarRegionChanges, region : SkRegion((0,2214,388,2218)(389,2214,690,2218)(691,2214,961,2218)(0,2218,388,2340)(389,2218,690,2340)(691,2218,961,2340)(962,2218,1089,2340))
01-19 17:17:25.832  5599  5599 V Navbar.Store: handleEvent [EventType] GET_BOOL_USE_NAVBAR_BACKGROUND_FRAME [Module] NavigationBarTransitions  KEYS_DEFAULT=false
01-19 17:17:25.832  5599  5599 V Navbar.Store: --[Band]COLOR_PACK_GET_USE_NAVBAR_BACKGROUND_FRAME
01-19 17:17:25.832  5599  5599 V Navbar.Store: ----getValue(BOOL_NAVBAR_GESTURAL_MODE)=false
01-19 17:17:25.832  5599  5599 V Navbar.Store: ----getValue(BOOL_NAVBAR_OPAQUE)=false
01-19 17:17:25.832  5599  5599 V Navbar.Store: ----getValue(BOOL_NAVBAR_PINNED_EDGE_ENABELD)=false
01-19 17:17:25.885  3761  3761 D UiControllerImpl: Injecting string: "Name 1"
01-19 17:17:25.886  5249  5761 D InputDispatcher: Inject key (3761): action=0, f=0x8, d=-1, time=5478008000000
01-19 17:17:25.886  5249  5287 I GestureDetector: handleMessage TAP
01-19 17:17:25.886  5249  5413 I InputDispatcher: Delivering key to (3761): action: 0x0 (0), f=0x8, m=0x41, d=0, 'ed0c352'
01-19 17:17:25.887  5249  5249 I GestureDetector: handleMessage TAP
01-19 17:17:25.887  7974  7974 I HBD     : a skip onKeyDown as physical keyboard not connected
01-19 17:17:25.887  7974  7974 I HBD     : HoneyBoardService onKeyDown r:0f5d9943 consumed:false
01-19 17:17:25.888  3761  3761 I ViewRootImpl@e1b2006[MainActivity]: ViewPostIme key 0
01-19 17:17:25.903  5249  5761 D InputDispatcher: Inject key (3761): action=0, f=0x8, d=-1, time=5478025000000
01-19 17:17:25.903  5249  5413 I InputDispatcher: Delivering key to (3761): action: 0x0 (0), f=0x8, m=0x41, d=0, 'ed0c352'
01-19 17:17:25.904  7974  7974 I HBD     : a skip onKeyDown as physical keyboard not connected
01-19 17:17:25.904  7974  7974 I HBD     : HoneyBoardService onKeyDown r:d5980995 consumed:false
01-19 17:17:25.905  7974  7974 I HBD     : al EBD ex
01-19 17:17:25.906  3761  3761 I ViewRootImpl@e1b2006[MainActivity]: setInTouchMode(false), android.view.ViewRootImpl.checkForLeavingTouchModeAndConsume:9050 android.view.ViewRootImpl.access$3500:303 android.view.ViewRootImpl$EarlyPostImeInputStage.processKeyEvent:7399 android.view.ViewRootImpl$EarlyPostImeInputStage.onProcess:7383 android.view.ViewRootImpl$InputStage.deliver:6927 android.view.ViewRootImpl$InputStage.onDeliverToNext:6984 android.view.ViewRootImpl$InputStage.forward:6950 android.view.ViewRootImpl$AsyncInputStage.forward:7181 android.view.ViewRootImpl$ImeInputStage.onFinishedInputEvent:7368 android.view.inputmethod.InputMethodManager$PendingEvent.run:3411
01-19 17:17:25.907  3761  3761 I ViewRootImpl@e1b2006[MainActivity]: ViewPostIme key 0
01-19 17:17:25.915  4945  4945 E SurfaceFlinger: Attempt to update InputPolicyFlags without permission ACCESS_SURFACE_FLINGER
01-19 17:17:25.931  7974  7974 I HBD     : c displayAnimatedVectorDrawable bee animation started cnt=4 2131231884
01-19 17:17:25.947 17001 17062 I a       : [#CMH#] Is foreground game app: false
01-19 17:17:25.967  7974  7974 I HBD     : bd ous -  0 ,  0 ,  1 ,  1 ,  -1 ,  -1
01-19 17:17:25.971  5249  5761 D InputDispatcher: Inject key (3761): action=1, f=0x8, d=-1, time=5478093000000
01-19 17:17:25.971  5249  5413 I InputDispatcher: Delivering key to (3761): action: 0x1 (0), f=0x8, m=0x41, d=0, 'ed0c352'
01-19 17:17:25.973  7974  8548 I HBD     : b getET , flag: 1 , start: 1 , end: 1 , length: 1 , composingLength: 0 , isKCC: false
01-19 17:17:25.974  7974  7974 I HBD     : b getTBC , flag: 1 , start: 1 , end: 1 , length: 1 , composingLength: 0 , isKCC: false
01-19 17:17:25.975  7974  7974 I HBD     : b getTAC , flag: 1 , start: 1 , end: 1 , length: 1 , composingLength: 0 , isKCC: false
01-19 17:17:25.979  7974  7974 I HBD     : al EBD cm f 1
01-19 17:17:25.980  7974  7974 I HBD     : HoneyBoardService onKeyUp r:0e7b6b56 consumed:false
01-19 17:17:25.981  3761  3761 I ViewRootImpl@e1b2006[MainActivity]: ViewPostIme key 1
01-19 17:17:25.981  4945  4945 E SurfaceFlinger: Attempt to update InputPolicyFlags without permission ACCESS_SURFACE_FLINGER
01-19 17:17:25.986  5249  5761 D InputDispatcher: Inject key (3761): action=1, f=0x8, d=-1, time=5478108000000
01-19 17:17:25.987  5249  5413 I InputDispatcher: Delivering key to (3761): action: 0x1 (0), f=0x8, m=0x0, d=0, 'ed0c352'
01-19 17:17:25.988  7974  7974 I HBD     : HoneyBoardService onKeyUp r:a7576417 consumed:false
01-19 17:17:25.989  3761  3761 I ViewRootImpl@e1b2006[MainActivity]: ViewPostIme key 1
01-19 17:17:25.996 12823 12823 I Utils   : isCurrentUser current = 0, ownerId = 0
01-19 17:17:25.996 12823 12823 I TrayVisibilityController: updateTrayVisible: State=4194305 visible=2 mCurrentVisible=1 specificMode=0
01-19 17:17:25.997 12823 12823 I MSHandlerLifeCycle: isMultiSplitHandlerRequested: ignored. pkg=com.samsung.android.app.cocktailbarservice isActivity=false callers=com.android.internal.policy.DecorView.setVisibility:4295 com.samsung.android.app.cocktailbarservice.controller.traystate.TrayStateHide.onUpdateVisible:66 com.samsung.android.app.cocktailbarservice.controller.traystate.TrayStateHide.onEnterState:29 com.samsung.android.app.cocktailbarservice.controller.traystate.TrayStateController.setUiState:793 com.samsung.android.app.cocktailbarservice.controller.traystate.TrayStateController$9.onNotifyUpdateTray:1492
01-19 17:17:25.998 12823 12823 I MSHandlerLifeCycle: removeMultiSplitHandler: no exist. decor=DecorView@6352c64[CocktailBarService]
01-19 17:17:26.003 12823 12823 I CapturedBlurController: updateBlurBackground: false false
01-19 17:17:26.003 12823 12823 I TrayStateController: setUiState 2 : 0 --> 2
01-19 17:17:26.006  5249  7671 D InputDispatcher: Inject key (3761): action=0, f=0x8, d=-1, time=5478128000000
01-19 17:17:26.006  5249  5413 I InputDispatcher: Delivering key to (3761): action: 0x0 (0), f=0x8, m=0x0, d=0, 'ed0c352'
01-19 17:17:26.007  7974  7974 I HBD     : a skip onKeyDown as physical keyboard not connected
01-19 17:17:26.008  7974  7974 I HBD     : HoneyBoardService onKeyDown r:0e088cf4 consumed:false
01-19 17:17:26.008  3761  3761 I ViewRootImpl@e1b2006[MainActivity]: ViewPostIme key 0
01-19 17:17:26.013  5249  5548 V WindowManager: Relayout Window{82feb1e u0 com.samsung.android.app.cocktailbarservice/com.samsung.android.app.cocktailbarservice.CocktailBarService}: viewVisibility=8 req=67x362 d0
01-19 17:17:26.015  4945  4945 E SurfaceFlinger: Attempt to update InputPolicyFlags without permission ACCESS_SURFACE_FLINGER
01-19 17:17:26.015  4945  4945 I Layer   : id=4373 removeFromCurrentState com.samsung.android.app.cocktailbarservice/com.samsung.android.app.cocktailbarservice.CocktailBarService$_12823#0 (105)
01-19 17:17:26.018  5249  5548 V WindowManager: Relayout hash=82feb1e, pid=12823: mAttrs={(0,1637)(67x362) gr=TOP RIGHT CENTER sim={adjust=nothing} layoutInDisplayCutoutMode=shortEdges ty=2226 fmt=TRANSPARENT
01-19 17:17:26.018  5249  5548 V WindowManager:   fl=81800548
01-19 17:17:26.018  5249  5548 V WindowManager:   pfl=2000050
01-19 17:17:26.018  5249  5548 V WindowManager:   vsysui=2000
01-19 17:17:26.018  5249  5548 V WindowManager:   apr=LIGHT_STATUS_BARS
01-19 17:17:26.018  5249  5548 V WindowManager:   bhv=SHOW_TRANSIENT_BARS_BY_SWIPE
01-19 17:17:26.018  5249  5548 V WindowManager:   fitTypes=NAVIGATION_BARS CAPTION_BAR dimAmount=0.0 dimDuration=0 naviIconColor=0
01-19 17:17:26.018  5249  5548 V WindowManager:   sfl=200000}
01-19 17:17:26.020  4945  4966 I SurfaceFlinger: id=4373 Removed com.samsung.android.app.cocktailbarservice/com.samsung.android.app.cocktailbarservice.CocktailBarService$_12823#0 (105)
01-19 17:17:26.020  4945  4945 D SurfaceFlinger: Display 0 HWC layers:
01-19 17:17:26.020  4945  4945 D SurfaceFlinger:      DEVICE | 0x7578fb8280 | 0102 | RGBA_8888    |    0.0    0.0 1080.0 2340.0 |    0    0 1080 2340 | com.myapp.alist/com.myapp.alist.ui.MainActivity$_3761#0
01-19 17:17:26.020  4945  4945 D SurfaceFlinger:      DEVICE | 0x759a4bf5c0 | 0100 | RGBA_8888    |    0.0    0.0 1080.0 2257.0 |    0   83 1080 2340 | InputMethod$_7974#0
01-19 17:17:26.020  4945  4945 D SurfaceFlinger:      DEVICE | 0x7579019580 | 0100 | RGBA_8888    |    0.0    0.0 1080.0   78.0 |    0    0 1080   78 | StatusBar$_5599#0
01-19 17:17:26.020  4945  4945 D SurfaceFlinger:      DEVICE | 0x7579018900 | 0100 | RGBA_8888    |    0.0    0.0 1080.0  126.0 |    0 2214 1080 2340 | NavigationBar0$_5599#0
01-19 17:17:26.020  4945  4945 D SurfaceFlinger:      DEVICE | 0x759a4bdcc0 | 0140 | RGBA_8888    |    0.0    0.0 1080.0  151.0 |    0    0 1080  151 | ScreenDecorOverlay$_5599#0
