01-19 17:17:20.248  5249  7671 V WindowManager: Relayout hash=82feb1e, pid=12823: mAttrs={(0,1637)(67x362) gr=TOP RIGHT CENTER sim={adjust=nothing} layoutInDisplayCutoutMode=shortEdges ty=2226 fmt=TRANSPARENT
01-19 17:17:20.248  5249  7671 V WindowManager:   fl=81800548
01-19 17:17:20.248  5249  7671 V WindowManager:   pfl=2000050
01-19 17:17:20.248  5249  7671 V WindowManager:   vsysui=2000
01-19 17:17:20.248  5249  7671 V WindowManager:   apr=LIGHT_STATUS_BARS
01-19 17:17:20.248  5249  7671 V WindowManager:   bhv=SHOW_TRANSIENT_BARS_BY_SWIPE
01-19 17:17:20.248  5249  7671 V WindowManager:   fitTypes=NAVIGATION_BARS CAPTION_BAR dimAmount=0.0 dimDuration=0 naviIconColor=0
01-19 17:17:20.248  5249  7671 V WindowManager:   sfl=200000}
01-19 17:17:20.249 12823 12823 I ViewRootImpl@1f377ad[CocktailBarService]: Relayout returned: old=(1013,1637,1080,1999) new=(1013,1637,1080,1999) req=(67,362)0 dur=7 res=0x0 s={true 527947644928} ch=false fn=2
01-19 17:17:20.252 12823 12823 I CocktailBarUiController: onCocktailBarStateChanged: flag=0x1 vis=1 bgType= showTimeout=-1 activate=true
01-19 17:17:20.256  3761  3761 D IdlingRegistry: Unregistering idling resources: [androidx.test.espresso.action.CloseKeyboardAction$CloseKeyboardIdlingResult@421506]
01-19 17:17:20.261  4945  4945 D SurfaceFlinger: Display 0 HWC layers:
01-19 17:17:20.261  4945  4945 D SurfaceFlinger:      DEVICE | 0x7564e1cf40 | 0102 | RGBA_8888    |    0.0    0.0 1080.0 2340.0 |    0    0 1080 2340 | com.myapp.alist/com.myapp.alist.ui.MainActivity$_3761#0
01-19 17:17:20.261  4945  4945 D SurfaceFlinger:      DEVICE | 0x759a4c04c0 | 0100 | RGBA_8888    |    0.0    0.0 1080.0   78.0 |    0    0 1080   78 | StatusBar$_5599#0
01-19 17:17:20.261  4945  4945 D SurfaceFlinger:      DEVICE | 0x7564e1d1c0 | 0100 | RGBA_8888    |    0.0    0.0   67.0  362.0 | 1013 1637 1080 1999 | com.samsung.android.app.cocktailbars[...]rservice.CocktailBarService$_12823#0
01-19 17:17:20.261  4945  4945 D SurfaceFlinger:      DEVICE | 0x7579018900 | 0100 | RGBA_8888    |    0.0    0.0 1080.0  126.0 |    0 2214 1080 2340 | NavigationBar0$_5599#0
01-19 17:17:20.261  4945  4945 D SurfaceFlinger:      DEVICE | 0x759a4bdcc0 | 0140 | RGBA_8888    |    0.0    0.0 1080.0  151.0 |    0    0 1080  151 | ScreenDecorOverlay$_5599#0
01-19 17:17:20.261  4945  4945 D SurfaceFlinger:      DEVICE | 0x7564e1ba00 | 0140 | RGBA_8888    |    0.0    0.0 1080.0  151.0 |    0 2189 1080 2340 | ScreenDecorOverlayBottom$_5599#0
01-19 17:17:20.261  4945  4945 D SurfaceFlinger:
01-19 17:17:20.269  4945  4945 E SurfaceFlinger: Attempt to update InputPolicyFlags without permission ACCESS_SURFACE_FLINGER
01-19 17:17:20.275  4504  4504 W keymaster_tee: [WRN]begin req PARAMS: A32 B32 P1
01-19 17:17:20.277  3761  3761 I ViewInteraction: Checking 'MatchesViewAssertion{viewMatcher=an instance of android.widget.TextView and view.getText() with or without transformation to match: is "Name 1"}' assertion on view view.getId() is <2131296493/com.myapp.alist:id/input1EditText>
01-19 17:17:20.280  4503 20990 I keystore2: keystore2::security_level: In create_operation. Success to create IKeystoreOperation. 10198, None
01-19 17:17:20.295  3761  3761 I ViewInteraction: Performing 'type text(Description 1)' action on view view.getId() is <2131296495/com.myapp.alist:id/input2EditText>
01-19 17:17:20.307  5249  7671 D InputDispatcher: Inject motion (3761): action=0x0, time=5472429000000, f=0x0, d=0
01-19 17:17:20.308  5249  5413 I InputDispatcher: Delivering touch to (5599): action: 0x4, f=0x0, d=0, '9c44ca3', t=0
01-19 17:17:20.309  5249  5413 I InputDispatcher: Delivering touch to (3761): action: 0x0, f=0x0, d=0, '7e491a1', t=0
01-19 17:17:20.310  5249  5287 I GestureDetector: obtain mCurrentDownEvent. id: -72719580 caller: com.android.server.wm.SystemGesturesPointerEventListener.onPointerEvent:179 com.android.server.wm.PointerEventDispatcher.onInputEvent:71 android.view.InputEventReceiver.dispatchInputEvent:259
01-19 17:17:20.310  3761  3761 I ViewRootImpl@ceb39a2[MainActivity]: ViewPostIme pointer 0
01-19 17:17:20.311  5249  5287 I GestureDetector: obtain mCurrentDownEvent. id: -72719580 caller: com.android.server.wm.SystemPerformancePointerEventListener.onPointerEvent:89 com.android.server.wm.PointerEventDispatcher.onInputEvent:71 android.view.InputEventReceiver.dispatchInputEvent:259
01-19 17:17:20.311  3761  3761 I MSHandlerLifeCycle: isMultiSplitHandlerRequested: windowingMode=1 isFullscreen=true isPopOver=false isHidden=false skipActivityType=false isHandlerType=false this: DecorView@a750a06[MainActivity]
01-19 17:17:20.318  5249  9011 I InputMethodManagerService: isInputMethodShown: isShown=false
01-19 17:17:20.320  4504  4504 W keymaster_tee: [WRN]begin req PARAMS: A32 B32 P1
01-19 17:17:20.323  4503 20990 I keystore2: keystore2::security_level: In create_operation. Success to create IKeystoreOperation. 10198, None
01-19 17:17:20.336  4945  4945 E SurfaceFlinger: Attempt to update InputPolicyFlags without permission ACCESS_SURFACE_FLINGER
01-19 17:17:20.349  5249  7671 D InputDispatcher: Inject motion (3761): action=0x1, time=5472471000000, f=0x0, d=0
01-19 17:17:20.350  5249  5413 I InputDispatcher: Delivering touch to (3761): action: 0x1, f=0x0, d=0, '7e491a1', t=0
01-19 17:17:20.351  5249  5287 I GestureDetector: obtain mCurrentMotionEventRaw. action: 1 id: -783139736
01-19 17:17:20.351  3761  3761 I ViewRootImpl@ceb39a2[MainActivity]: ViewPostIme pointer 1
01-19 17:17:20.351  5249  5287 I GestureDetector: obtain mCurrentMotionEventRaw. action: 1 id: -783139736
01-19 17:17:20.352  3761  3761 I MSHandlerLifeCycle: isMultiSplitHandlerRequested: windowingMode=1 isFullscreen=true isPopOver=false isHidden=false skipActivityType=false isHandlerType=false this: DecorView@a750a06[MainActivity]
01-19 17:17:20.355  4504  4504 W keymaster_tee: [WRN]begin req PARAMS: A32 B32 P1
01-19 17:17:20.359  4503 20990 I keystore2: keystore2::security_level: In create_operation. Success to create IKeystoreOperation. 10198, None
01-19 17:17:20.371  3761  3761 D InputMethodManager: startInputInner - Id : 0
01-19 17:17:20.373  3761  3761 I InputMethodManager: startInputInner - mService.startInputOrWindowGainedFocus
01-19 17:17:20.375  5249  9011 D InputMethodManagerService: mDesktopModeManager null!
01-19 17:17:20.375  5249  9011 V InputMethodManagerService: getDisplayIdOfInputMethodWindowToBeAdded : 0
01-19 17:17:20.376  5249  9011 D InputMethodManagerService: checkDisplayOfStartInputAndUpdateKeyboard display Id 0last 0
01-19 17:17:20.376  5249  9011 D InputTransport: Input channel constructed: 'ClientS', fd=903
01-19 17:17:20.376  5249  9011 D InputTransport: Input channel destroyed: 'ClientS', fd=903
01-19 17:17:20.377  7974  7974 I HBD     : HoneyBoardService onFinishInput
01-19 17:17:20.377  3761  3761 I IMM_LC  : showSoftInput(View,I)
01-19 17:17:20.378  3761  3761 I IMM_LC  : ssi() - flag : 0 view : com.myapp.alist reason = SHOW_SOFT_INPUT
01-19 17:17:20.378  5249  5262 V InputMethodManagerService: Client requesting input be shown, flags : 0
01-19 17:17:20.378  7974  7974 I HBD     : a IC have been unbinding,  InputConnectionWrapper{idHash=#6ea4734 mMissingMethods=}
01-19 17:17:20.378  5249  5262 D InputMethodManagerService: ACCESS_CONTROL_ENABLED = false, ACCESS_CONTROL_KEYBOARD_BLOCK = false
01-19 17:17:20.378  7974  7974 I HBD     : HoneyBoardService [PF_CL][onFinishInput]  872654 ns
01-19 17:17:20.380  7974  7974 I HBD     : HoneyBoardService [IMI] onStartInput - caller pid : 3761 , caller uid : 10439
01-19 17:17:20.380  7974  7974 I HBD     : j updateConfigs
01-19 17:17:20.380  7974  7974 I HBD     : j isEnabledNightMode : false
01-19 17:17:20.381  7974  7974 I HBD     : a IC have been binding, InputConnectionWrapper{idHash=#ac7acbb mMissingMethods=}
01-19 17:17:20.381  7974  7974 W HBD     : b [EditorInputType] undefined Enter action code : 0x40000006
01-19 17:17:20.381  7974  7974 I HBD     : h [EditorInputType]setPrivateImeOptionsToTable privateImeOptions ( null )
01-19 17:17:20.381  7974  7974 I HBD     : b incognitoMode : false
01-19 17:17:20.381  7974  7974 W HBD     : b [EditorInputType] undefined Enter action code : 0x40000006
01-19 17:17:20.383  7974  7974 I HBD     : h getDefaultInputRange : UNKNOWN
01-19 17:17:20.383  7974  7974 I HBD     : h getDefaultInputRange : UNKNOWN
01-19 17:17:20.383  7974  7974 I HBD     : h getDefaultInputRange : UNKNOWN
01-19 17:17:20.385  7974  7974 I HBD     : a update cached prediction status : true
01-19 17:17:20.386  7974  7974 I HBD     : h getDefaultInputRange : UNKNOWN
01-19 17:17:20.386  7974  7974 I HBD     : a currentState : 0
01-19 17:17:20.386  3761  3761 D Editor  : waiting for the right moment
01-19 17:17:20.388  7974  7974 I HBD     : h load selected json path : /data/user/0/com.samsung.android.honeyboard/files/selected.json
01-19 17:17:20.388  7974  7974 I HBD     : h load selected json info : {"version":"1.0","currentLanguageOrder":0,"selected":[{"activeOptionList":["auto_spacing","writing_assistant"],"engName":"English","id":65538,"inputType":"qwerty","isUsed":true}]}
01-19 17:17:20.389  7974  7974 I HBD     : a [UpdatePolicy] [post] a: 0 cl: 65538 kit: [0/0] vt: 0 ir: 1
01-19 17:17:20.393  7974  7974 I HBD     : HoneyBoardService [PF_OP][onStartInput]  13477693 ns
01-19 17:17:20.394  7974  7974 I InputMethod: showSoftInput(), flags : 1
01-19 17:17:20.395  5249  5262 I InputMethodManagerService: isAccessoryKeyboard 0
01-19 17:17:20.395  7974  7974 I HBD     : HoneyBoardService onEvaluateInputViewShown: true
01-19 17:17:20.399  7974  7974 I DecorView: notifyKeepScreenOnChanged: keepScreenOn=false
01-19 17:17:20.399  7974  7974 I MSHandlerLifeCycle: isMultiSplitHandlerRequested: ignored. pkg=com.samsung.android.honeyboard isActivity=false callers=com.android.internal.policy.DecorView.hasMultiSplitHandlerInNonFreeformMode:891 com.android.internal.policy.DecorView.notifyKeepScreenOnChanged:885 android.view.ViewRootImpl.applyKeepScreenOnFlag:2945 android.view.ViewRootImpl.setLayoutParams:2108 android.view.WindowManagerGlobal.updateViewLayout:537
01-19 17:17:20.400  5249  7671 I InputMethodManagerService: isAccessoryKeyboard 0
01-19 17:17:20.401  7974  7974 I HBD     : HoneyBoardService onEvaluateInputViewShown: true
01-19 17:17:20.403  7974  7974 I HBD     : HoneyBoardService onStartInputView : restarting = false, client = com.myapp.alist
01-19 17:17:20.403  4945  4945 E SurfaceFlinger: Attempt to update InputPolicyFlags without permission ACCESS_SURFACE_FLINGER
01-19 17:17:20.403  7974  7974 W HBD     : b [EditorInputType] undefined Enter action code : 0x40000006
01-19 17:17:20.403  7974  7974 I HBD     : h [EditorInputType]setPrivateImeOptionsToTable privateImeOptions ( null )
01-19 17:17:20.403  7974  7974 I HBD     : b incognitoMode : false
01-19 17:17:20.403  7974  7974 W HBD     : b [EditorInputType] undefined Enter action code : 0x40000006
01-19 17:17:20.404  7974  7974 I HBD     : h getDefaultInputRange : UNKNOWN
01-19 17:17:20.404  7974  7974 I HBD     : h getDefaultInputRange : UNKNOWN
01-19 17:17:20.404  7974  7974 I HBD     : h getDefaultInputRange : UNKNOWN
01-19 17:17:20.404  7974  8633 I SemDvfsHyPerManager: acquire hyper - SKBD_RE_ENTER_SHOW/7974@1, type = -999
01-19 17:17:20.405  7974  7974 I HBD     : HoneyBoardService onStartInputViewInternal: inputType=0x20001, imeOptions=0x44000006, initialSelStart=0, initialSelEnd=0
01-19 17:17:20.405  7974  7974 I HBD     : f applyThemesPolicy
01-19 17:17:20.405  7974  7974 I HBD     : e mUsedOpenTheme = false IsRequiredDarkTypeTheme = false night mode : false mIsEnabledHighContrast = false mIsOpenThemeForHoneyBoardInstalled = false mIsWallpaperThemeInstalled = false mIsThemeParkTheme = false
01-19 17:17:20.406  7974  7974 I HBD     : f ThemeIndex By PolicyInternal theme index :  285212672 Light
01-19 17:17:20.406  4879  4941 I HYPER-HAL: [RequestManager.cpp]acquire(): Acquired ID : 31804301  [7974 / 1]    HINT : KBD_APP_RE_ENTER_VIEW    list : [TIMEOUT / 400]
01-19 17:17:20.406  7974  7974 I HBD     : f update KeyboardTheme themeIndex : 0x 11000000  theme :  Light
01-19 17:17:20.406  7974  7974 I HBD     : a set Theme convertedIndex : 2
01-19 17:17:20.406  7974  7974 I HBD     : a themeStyleSet :2
01-19 17:17:20.406  7974  7974 I HBD     : a updatePredictionStatus : 1, editorOpt
01-19 17:17:20.406  7974  7974 I HBD     : a updateForEditorClass isPredictionOn = true
01-19 17:17:20.422  7974  7974 I HBD     : al EBD ssu f 1
01-19 17:17:20.429  7974  7974 I HBD     : a [UpdatePolicy] [post] a: 1 cl: 65538 kit: [0/0] vt: 0 ir: 1
01-19 17:17:20.430  7974  7974 I HBD     : a update cached prediction status : true
01-19 17:17:20.430  5249  9011 D SecContentProvider: query(), uri = 17 selection = isSettingsChangesAllowed
01-19 17:17:20.432  7974  7982 I roid.honeyboar: CollectorTransition concurrent copying GC freed 154352(6342KB) AllocSpace objects, 19(380KB) LOS objects, 49% free, 13MB/27MB, paused 355us,141us total 560.960ms
01-19 17:17:20.433  5249  9011 D SecContentProvider: query(), uri = 17 selection = isSettingsChangesAllowed
01-19 17:17:20.435  7974  8573 I HBD     : m updated Sub Types. English
01-19 17:17:20.436  7974  3864 I HBD     : a InputMethodSubtype is set as local:en_GB
01-19 17:17:20.441  7974  7974 I HBD     : a [SKE_TAM] Changed false
01-19 17:17:20.441  7974  7974 I HBD     : a refresh(), mParameterMode,  0
01-19 17:17:20.442  7974  7974 I HBD     : a update cached prediction status : true
01-19 17:17:20.442  7974  7974 I HBD     : ::BnR:: d HONEY_SUPPORT_DATA_MIGRATION_FROM_SKBD : true, isMigrateNotNeeded : true, isFinishMigPreferences : false, isPasswordInputType : falseisUserUnlocked : true
01-19 17:17:20.442  7974  7974 I HBD     : b updateMultiTapTimeValue
01-19 17:17:20.442  7974  7974 I HBD     : b getMultiTapTimeoutValue
01-19 17:17:20.442  7974  7974 I HBD     : b getSingleVowelMultiTapTimeoutValue
01-19 17:17:20.443  7974  7974 I HBD     : a onBind
01-19 17:17:20.443  7974  7974 I HBD     : b [EditorEnterActionItem] updateConfig: 0x40000005 to 0x40000006
01-19 17:17:20.444  7974  7974 I HBD     : b updateConfig: [LanguageItem] English / [KeyboardViewTypeItem] 0 / [KeyboardInputTypeItem] mainType(0), subType(0) / [CurrentLanguageInputTypeItem] mainType(0), subType(0) / [KeyboardInputRangeItem] 1 / [HandwritingModeItem] false / [SelectedLanguageItem] 1 / [LocaleItem] en-GB / [TextOrNullInputClassItem] true / [DateInputTypeItem] false / [DateTimeInputTypeItem] false /
01-19 17:17:20.444  7974  7974 I HBD     : b updateConfig: [DecimalNumberInputTypeItem] false / [NumberOnlyInputTypeItem] false / [NumberPasswordInputTypeItem] false / [PhoneNumberInputClassItem] false / [SignedDecimalNumberInputTypeItem] false / [SignedNumberInputTypeItem] false / [EmailInputTypeItem] false / [UrlInputTypeItem] false / [UrlEmailModeItem] false / [PasswordInputTypeItem] false / [WebPasswordEditorItem] false /
01-19 17:17:20.444  7974  7974 I HBD     : b updateConfig: [NumberInputClassItem] false / [DateTimeInputClassItem] false / [DigitEditorItem] false / [MonthInputTypeItem] false / [YearDateTimeInputTypeItem] false / [IPAddressInputTypeItem] false / [FileNameInputTypeItem] false / [CustomSymbolsForPeriodKeyItem] false / [OptionInputTypeItem] false / [DisableHanjaInputItem] false / [DisableCmKeyInputItem] false /
01-19 17:17:20.444  7974  7974 I HBD     : b updateConfig: [DisableCommaKeyInputItem] false / [DisableLanguageChangeKeyItem] false / [DisableSpaceKeyItem] false / [NumberPickerInputItem] false / [TimeInputTypeItem] false / [NumberKeyFirstLineItem] true / [AlternativeCharacterItem] false / [SimpleRowStyleItem] false / [HighContrastItem] false / [TouchAndHoldSpaceBarTypeItem] cursor_control / [UseContinuousInputItem] false /
01-19 17:17:20.444  7974  7974 I HBD     : b updateConfig: [UseToolBarItem] true / [OrientationItem] false / [DensityItem] 2.625 / [DisplayWidthItem] 0x1080 / [DisplayHeightItem] 0x2131 / [MainTextLabelItem] 1 / [LanguageSwitchingUsingSpaceBarItem] true / [LanguageSwitchingUsingKeyItem] false / [TransliterationTypingModeItem] false / [CoverDisplayModeItem] false / [TalkBackEnabledItem] false /
01-19 17:17:20.444  7974  7974 I HBD     : b updateConfig: [Japanese8FlickCustomisationItem] false / [VoiceEnabledItem] true / [SamsungVoiceImeItem] false / [PredictionStatusItem] true /
01-19 17:17:20.444  7974  7974 I HBD     : b updateKeyboardViewHolder: INVALIDATE
01-19 17:17:20.446  7974  7974 I HBD     : c [BoardScrapManager] sendBoardScrap
01-19 17:17:20.446  7974  7974 I HBD     : ci updateChangedBoard - [LC:false][TC:false][RC:false][RB:false]
01-19 17:17:20.446  7974  7974 I HBD     : a update cached prediction status : true
01-19 17:17:20.446  7974  7974 I HBD     : d updateCurrentEngine,  65538 ,  SWIFTKEY
01-19 17:17:20.446  7974  7974 I HBD     : a [SKE_TAM] Changed false
01-19 17:17:20.447  7974  7974 I HBD     : a [SKE_TAM] custom = false , useEngine = true
01-19 17:17:20.447  7974  7974 I HBD     : a [SKE_TAM] Changed false
01-19 17:17:20.448  7974  3866 I HBD     : bd requestCursorUpdates returned  true ,  6
01-19 17:17:20.448  7974  7974 I HBD     : a refresh(), mParameterMode,  0
01-19 17:17:20.449  7974  7974 I HBD     : a [PF_EN] updateChangedBoard() 3
01-19 17:17:20.450  5249  7671 D SecContentProvider: query(), uri = 15 selection = isClipboardShareAllowedAsUser
01-19 17:17:20.453  4945  4945 E SurfaceFlinger: Attempt to update InputPolicyFlags without permission ACCESS_SURFACE_FLINGER
01-19 17:17:20.457  7974  7974 I HBD     : HoneyBoardService [PF_OP][onStartInputView]  55 ms
01-19 17:17:20.458  5249  7671 D InputMethodManagerServicePhysicalKey: isConnectedDexOnPC false
01-19 17:17:20.458  5249  7671 D InputMethodManagerService: isImeSwitcherDisabledPackage : false
01-19 17:17:20.458  5249  7671 I InputMethodManagerService: setImeWindowStatus: vis=3, backDisposition=0
01-19 17:17:20.459  7974  7974 I HBD     : HoneyBoardService onWindowShown
01-19 17:17:20.459 12823 12823 I CocktailBarUiController: onReceive: action=ResponseAxT9Info isVisibleWindow=1
01-19 17:17:20.460  5249  3868 W System.err: java.io.IOException: write failed: EBUSY (Device or resource busy)
01-19 17:17:20.460  5249  3868 W System.err: 	at libcore.io.IoBridge.write(IoBridge.java:651)
01-19 17:17:20.460  5249  3868 W System.err: 	at java.io.FileOutputStream.write(FileOutputStream.java:406)
01-19 17:17:20.460  5249  3868 W System.err: 	at java.io.FileOutputStream.write(FileOutputStream.java:384)
01-19 17:17:20.460  5249  3868 W System.err: 	at com.android.server.wm.TspStateController.lambda$writeTspCommandToSysfs$0$TspStateController(TspStateController.java:601)
01-19 17:17:20.460  5249  3868 W System.err: 	at com.android.server.wm.TspStateController$$ExternalSyntheticLambda0.run(Unknown Source:6)
01-19 17:17:20.460  5249  5262 D SecContentProvider: query(), uri = 15 selection = isClipboardShareAllowedAsUser
01-19 17:17:20.460  5249  3868 W System.err: 	at java.lang.Thread.run(Thread.java:1012)
01-19 17:17:20.460  5249  3868 W System.err: Caused by: android.system.ErrnoException: write failed: EBUSY (Device or resource busy)
01-19 17:17:20.460  5249  3868 W System.err: 	at libcore.io.Linux.writeBytes(Native Method)
01-19 17:17:20.460  5249  3868 W System.err: 	at libcore.io.Linux.write(Linux.java:296)
01-19 17:17:20.460  5249  3868 W System.err: 	at libcore.io.ForwardingOs.write(ForwardingOs.java:943)
01-19 17:17:20.460  5249  3868 W System.err: 	at libcore.io.BlockGuardOs.write(BlockGuardOs.java:448)
01-19 17:17:20.460  5249  3868 W System.err: 	at libcore.io.IoBridge.write(IoBridge.java:646)
01-19 17:17:20.460  5249  3868 W System.err: 	... 5 more
01-19 17:17:20.461  7974  7974 I HBD     : HoneyBoardService [PF_OP][onWindowShown]  2750346 ns
01-19 17:17:20.462  7974  7974 I MSHandlerLifeCycle: isMultiSplitHandlerRequested: ignored. pkg=com.samsung.android.honeyboard isActivity=false callers=com.android.internal.policy.DecorView.setVisibility:4295 android.app.Dialog.show:445 android.inputmethodservice.SoftInputWindow.show:302 android.inputmethodservice.InputMethodService.showWindow:2823 android.inputmethodservice.InputMethodService$InputMethodImpl.showSoftInput:963
01-19 17:17:20.462  7974  7974 I MSHandlerLifeCycle: removeMultiSplitHandler: no exist. decor=DecorView@73efe47[InputMethod]
01-19 17:17:20.462  7974  7974 I HBD     : HoneyBoardService onViewClicked
01-19 17:17:20.464  5249  5262 D InputMethodManagerServicePhysicalKey: isConnectedDexOnPC false
01-19 17:17:20.464  5249  5262 D InputMethodManagerService: isImeSwitcherDisabledPackage : false
01-19 17:17:20.464  5249  5262 I InputMethodManagerService: setImeWindowStatus: vis=3, backDisposition=0
01-19 17:17:20.466  7974  7974 I HBD     : HoneyBoardService [PF_OP][onViewClicked]  143654 ns
01-19 17:17:20.479  4504  4504 W keymaster_tee: [WRN]begin req PARAMS: A32 B32 P1
01-19 17:17:20.482  4503 18892 I keystore2: keystore2::security_level: In create_operation. Success to create IKeystoreOperation. 10198, None
01-19 17:17:20.485  5249  5262 V WindowManager: Relayout Window{30ecb98 u0 InputMethod}: viewVisibility=0 req=1080x2257 d0
01-19 17:17:20.485  4945  4965 I SurfaceFlinger: id=4371 createSurf (1080x2257),-3 flag=40004, InputMethod$_7974#0
01-19 17:17:20.489  5249  5262 V WindowManager: Relayout hash=30ecb98, pid=7974: mAttrs={(0,0)(fillxfill) gr=BOTTOM CENTER_VERTICAL sim={adjust=pan} ty=INPUT_METHOD fmt=TRANSPARENT wanim=0x7f130170 preferredMinDisplayRefreshRate=60.0 receive insets ignoring z-order
01-19 17:17:20.489  5249  5262 V WindowManager:   fl=81800108
01-19 17:17:20.489  5249  5262 V WindowManager:   pfl=12000000
01-19 17:17:20.489  5249  5262 V WindowManager:   vsysui=10
01-19 17:17:20.489  5249  5262 V WindowManager:   apr=LIGHT_NAVIGATION_BARS
01-19 17:17:20.489  5249  5262 V WindowManager:   bhv=DEFAULT
01-19 17:17:20.489  5249  5262 V WindowManager:   fitTypes=STATUS_BARS NAVIGATION_BARS
01-19 17:17:20.489  5249  5262 V WindowManager:   fitSides=LEFT TOP RIGHT
01-19 17:17:20.489  5249  5262 V WindowManager:   fitIgnoreVis dimDuration=150 naviIconColor=0}
01-19 17:17:20.490  7974  7974 I ViewRootImpl@85014ab[InputMethod]: Relayout returned: old=(0,83,1080,2340) new=(0,83,1080,2340) req=(1080,2257)0 dur=5 res=0x7 s={true 525778563072} ch=true fn=-1
01-19 17:17:20.491  7974  7974 I ViewRootImpl@85014ab[InputMethod]: [DP] dp(1) 1 android.view.ViewRootImpl.reportNextDraw:11442 android.view.ViewRootImpl.performTraversals:4198 android.view.ViewRootImpl.doTraversal:2924
01-19 17:17:20.500  7974  7974 I ViewRootImpl@85014ab[InputMethod]: [DP] pdf(0) 1 android.view.ViewRootImpl.lambda$addFrameCompleteCallbackIfNeeded$3$ViewRootImpl:5000 android.view.ViewRootImpl$$ExternalSyntheticLambda16.run:6 android.os.Handler.handleCallback:938
01-19 17:17:20.500  7974  7974 I ViewRootImpl@85014ab[InputMethod]: [DP] rdf()
01-19 17:17:20.503  3761  3761 D InsetsController: show(ime(), fromIme=true)
01-19 17:17:20.506  3761  3761 D InsetsSourceConsumer: setRequestedVisible: visible=true, type=19, host=com.myapp.alist/com.myapp.alist.ui.MainActivity, from=android.view.InsetsSourceConsumer.show:246 android.view.InsetsController.showDirectly:1489 android.view.InsetsController.controlAnimationUnchecked:1137 android.view.InsetsController.applyAnimation:1456 android.view.InsetsController.applyAnimation:1437 android.view.InsetsController.show:976 android.view.ViewRootImpl$ViewRootHandler.handleMessageImpl:6483 android.view.ViewRootImpl$ViewRootHandler.handleMessage:6408 android.os.Handler.dispatchMessage:106 androidx.test.espresso.base.Interrogator.loopAndInterrogate:14
01-19 17:17:20.509  4504  4504 W keymaster_tee: [WRN]begin req PARAMS: A32 B32 P1
01-19 17:17:20.511  7974  9480 I HBD     : b [SKE_KPM] load kpm : /data/user/0/com.samsung.android.honeyboard/app_KeyPressModel/model_0_0_-667254808.im
01-19 17:17:20.512  4503 18892 I keystore2: keystore2::security_level: In create_operation. Success to create IKeystoreOperation. 10198, None
01-19 17:17:20.515  5249  7671 V WindowManager: Relayout Window{d581a71 u0 ScreenDecorOverlayBottom}: viewVisibility=0 req=1079x151 d0
01-19 17:17:20.515  7974  7974 I HBD     : al EBD si t 0
01-19 17:17:20.517  5599  5599 D PipMotionHelper: animateToOffset: originalBounds=Rect(533, 1020 - 1038, 1304) offset=-126 callers=
01-19 17:17:20.517  5599  5599 D PipMotionHelper:     com.android.wm.shell.pip.phone.PipTouchHandler.onMovementBoundsChanged:482
01-19 17:17:20.517  5599  5599 D PipMotionHelper:     com.android.wm.shell.pip.phone.PipController.updateMovementBounds:715
01-19 17:17:20.517  5599  5599 D PipMotionHelper:     com.android.wm.shell.pip.phone.PipController.access$600:99
01-19 17:17:20.517  5599  5599 D PipMotionHelper:     com.android.wm.shell.pip.phone.PipController$PipControllerPinnedTaskListener.onMovementBoundsChanged:238
01-19 17:17:20.517  5599  5599 D PipMotionHelper:     com.android.wm.shell.pip.PinnedStackListenerForwarder.onMovementBoundsChanged:65
01-19 17:17:20.520  4945  4945 I Layer   : id=4369 removeFromCurrentState Surface(name=9c44ca3 NavigationBar0)/@0x49015f3 - animation-leash of insets_animation#0 (102)
01-19 17:17:20.520  5249  7671 V WindowManager: Relayout hash=d581a71, pid=5599: mAttrs={(0,0)(fillxwrap) gr=BOTTOM CENTER_VERTICAL sim={adjust=pan} layoutInDisplayCutoutMode=always ty=NAVIGATION_BAR_PANEL fmt=TRANSLUCENT
01-19 17:17:20.520  5249  7671 V WindowManager:   fl=20800128
01-19 17:17:20.520  5249  7671 V WindowManager:   pfl=13100050
01-19 17:17:20.520  5249  7671 V WindowManager:   vsysui=100
01-19 17:17:20.520  5249  7671 V WindowManager:   bhv=DEFAULT naviIconColor=0}
01-19 17:17:20.523  5599  6779 I ViewRootImpl@f7c4d25[ScreenDecorOverlayBottom]: Relayout returned: old=(0,2189,1080,2340) new=(0,2189,1080,2340) req=(1079,151)0 dur=14 res=0x1 s={true 525878800384} ch=false fn=105
01-19 17:17:20.524  4945  4945 I SurfaceFlinger: Setting desired display mode specs: default mode ID: 0, allowGroupSwitching = 0, primary range: [60.00fps 120.00fps], app request range: [60.00fps 120.00fps]
01-19 17:17:20.539  5249  7671 V WindowManager: Relayout Window{d581a71 u0 ScreenDecorOverlayBottom}: viewVisibility=0 req=1079x151 d0
01-19 17:17:20.542  5249  7671 V WindowManager: Relayout hash=d581a71, pid=5599: mAttrs={(0,0)(fillxwrap) gr=BOTTOM CENTER_VERTICAL sim={adjust=pan} layoutInDisplayCutoutMode=always ty=NAVIGATION_BAR_PANEL fmt=TRANSLUCENT
01-19 17:17:20.542  5249  7671 V WindowManager:   fl=20800128
01-19 17:17:20.542  5249  7671 V WindowManager:   pfl=13100050
01-19 17:17:20.542  5249  7671 V WindowManager:   vsysui=100
01-19 17:17:20.542  5249  7671 V WindowManager:   bhv=DEFAULT naviIconColor=0}
01-19 17:17:20.544  5599  6779 I ViewRootImpl@f7c4d25[ScreenDecorOverlayBottom]: Relayout returned: old=(0,2189,1080,2340) new=(0,2189,1080,2340) req=(1079,151)0 dur=5 res=0x1 s={true 525878800384} ch=false fn=105
01-19 17:17:20.547  5249  5262 V WindowManager: Relayout Window{1a361da u0 ScreenDecorOverlay}: viewVisibility=0 req=1079x151 d0
01-19 17:17:20.549  5249  5262 V WindowManager: Relayout hash=1a361da, pid=5599: mAttrs={(0,0)(fillxwrap) gr=TOP CENTER_VERTICAL sim={adjust=pan} layoutInDisplayCutoutMode=always ty=NAVIGATION_BAR_PANEL fmt=TRANSLUCENT
01-19 17:17:20.549  5249  5262 V WindowManager:   fl=20800128
01-19 17:17:20.549  5249  5262 V WindowManager:   pfl=13100050
01-19 17:17:20.549  5249  5262 V WindowManager:   vsysui=100
01-19 17:17:20.549  5249  5262 V WindowManager:   bhv=DEFAULT naviIconColor=0}
01-19 17:17:20.550  5599  6779 I ViewRootImpl@19a8c0[ScreenDecorOverlay]: Relayout returned: old=(0,0,1080,151) new=(0,0,1080,151) req=(1079,151)0 dur=5 res=0x1 s={true 525878792192} ch=false fn=106
01-19 17:17:20.552  4504  4504 W keymaster_tee: [WRN]begin req PARAMS: A32 B32 P1
01-19 17:17:20.556  4503 18892 I keystore2: keystore2::security_level: In create_operation. Success to create IKeystoreOperation. 10198, None
01-19 17:17:20.556  5249  7671 V WindowManager: Relayout Window{d581a71 u0 ScreenDecorOverlayBottom}: viewVisibility=0 req=1079x151 d0
01-19 17:17:20.559  4945  4945 D SurfaceFlinger: Display 0 HWC layers:
01-19 17:17:20.559  4945  4945 D SurfaceFlinger:      DEVICE | 0x7564e1cf40 | 0102 | RGBA_8888    |    0.0    0.0 1080.0 2340.0 |    0    0 1080 2340 | com.myapp.alist/com.myapp.alist.ui.MainActivity$_3761#0
01-19 17:17:20.559  4945  4945 D SurfaceFlinger:      DEVICE | 0x7579933f00 | 0100 | RGBA_8888    |    0.0    0.0 1080.0 1515.0 |    0  825 1080 2340 | InputMethod$_7974#0
01-19 17:17:20.559  4945  4945 D SurfaceFlinger:      DEVICE | 0x759a4c04c0 | 0100 | RGBA_8888    |    0.0    0.0 1080.0   78.0 |    0    0 1080   78 | StatusBar$_5599#0
01-19 17:17:20.559  4945  4945 D SurfaceFlinger:      DEVICE | 0x7598bc77c0 | 0100 | RGBA_8888    |    0.0    0.0   67.0  362.0 | 1013 1637 1080 1999 | com.samsung.android.app.cocktailbars[...]rservice.CocktailBarService$_12823#0
01-19 17:17:20.559  4945  4945 D SurfaceFlinger:      DEVICE | 0x7579018900 | 0100 | RGBA_8888    |    0.0    0.0 1080.0  126.0 |    0 2214 1080 2340 | NavigationBar0$_5599#0
01-19 17:17:20.559  4945  4945 D SurfaceFlinger:      DEVICE | 0x759a4bdcc0 | 0140 | RGBA_8888    |    0.0    0.0 1080.0  151.0 |    0    0 1080  151 | ScreenDecorOverlay$_5599#0
01-19 17:17:20.559  4945  4945 D SurfaceFlinger:      DEVICE | 0x7564e1ba00 | 0140 | RGBA_8888    |    0.0    0.0 1080.0  151.0 |    0 2189 1080 2340 | ScreenDecorOverlayBottom$_5599#0
01-19 17:17:20.559  4945  4945 D SurfaceFlinger:
01-19 17:17:20.560  5249  7671 V WindowManager: Relayout hash=d581a71, pid=5599: mAttrs={(0,0)(fillxwrap) gr=BOTTOM CENTER_VERTICAL sim={adjust=pan} layoutInDisplayCutoutMode=always ty=NAVIGATION_BAR_PANEL fmt=TRANSLUCENT
01-19 17:17:20.560  5249  7671 V WindowManager:   fl=20800128
01-19 17:17:20.560  5249  7671 V WindowManager:   pfl=13100050
01-19 17:17:20.560  5249  7671 V WindowManager:   vsysui=100
01-19 17:17:20.560  5249  7671 V WindowManager:   bhv=DEFAULT naviIconColor=0}
01-19 17:17:20.561  5599  6779 I ViewRootImpl@f7c4d25[ScreenDecorOverlayBottom]: Relayout returned: old=(0,2189,1080,2340) new=(0,2189,1080,2340) req=(1079,151)0 dur=6 res=0x1 s={true 525878800384} ch=false fn=105
01-19 17:17:20.565  5249  5262 V WindowManager: Relayout Window{1a361da u0 ScreenDecorOverlay}: viewVisibility=0 req=1079x151 d0
01-19 17:17:20.566  5249  5262 V WindowManager: Relayout hash=1a361da, pid=5599: mAttrs={(0,0)(fillxwrap) gr=TOP CENTER_VERTICAL sim={adjust=pan} layoutInDisplayCutoutMode=always ty=NAVIGATION_BAR_PANEL fmt=TRANSLUCENT
01-19 17:17:20.566  5249  5262 V WindowManager:   fl=20800128
01-19 17:17:20.566  5249  5262 V WindowManager:   pfl=13100050
01-19 17:17:20.566  5249  5262 V WindowManager:   vsysui=100
01-19 17:17:20.566  5249  5262 V WindowManager:   bhv=DEFAULT naviIconColor=0}
01-19 17:17:20.567  5599  6779 I ViewRootImpl@19a8c0[ScreenDecorOverlay]: Relayout returned: old=(0,0,1080,151) new=(0,0,1080,151) req=(1079,151)0 dur=4 res=0x1 s={true 525878792192} ch=false fn=106
01-19 17:17:20.586  3761  3761 D ScrollView:  onsize change changed
01-19 17:17:20.597  4945  4966 I SurfaceFlinger: id=4369 Removed Surface(name=9c44ca3 NavigationBar0)/@0x49015f3 - animation-leash of insets_animation#0 (102)
01-19 17:17:20.598  5249  5262 D InputMethodManagerServicePhysicalKey: isConnectedDexOnPC false
01-19 17:17:20.599  5249  5262 D InputMethodManagerService: isImeSwitcherDisabledPackage : false
01-19 17:17:20.599  5599  5599 V Navbar.Store: handleEvent [EventType] ON_NAVBAR_ICON_HINT_CHANGED [Module] NavigationBar  KEYS_NAVBAR_ICON_HINT=3
01-19 17:17:20.599  5599  5599 V Navbar.Store: --[Band]SETUPWIZARD_PACK_SET_NAVBAR_ICON_HINT
01-19 17:17:20.600  5599  5599 V Navbar.Store: ----getValue(BOOL_NAVBAR_BUTTON_FORCED_VISIBLE)=false
01-19 17:17:20.600  5599  5599 V Navbar.Store: ----getValue(BOOL_NAVBAR_SETUPWIZARD_STYLE)=false
01-19 17:17:20.600  5599  5599 V Navbar.Store: --[Band]VIS_PACK_REEVAULATE_NAVBAR
01-19 17:17:20.600  5599  5599 V Navbar.Store: ----apply(REEVALUATE_NAVBAR)
01-19 17:17:20.600  5599  5599 V Navbar.Store: ----handleEvent [EventType] GET_BOOL_REGION_SAMPLING_ENABLED [Module] LightBarController  KEYS_DEFAULT=false
01-19 17:17:20.600  5599  5599 V Navbar.Store: ------[Band]COLOR_PACK_GET_REGION_SAMPLING_ENABLED
01-19 17:17:20.600  5599  5599 V Navbar.Store: --------getValue(BOOL_REGION_SAMPLING_ENABLED)=false
01-19 17:17:20.600  5599  5599 V Navbar.Store: handleEvent [EventType] GET_BOOL_SHOW_KEYBOARD_BUTTON [Module] SamsungNavigationBarView  KEYS_DEFAULT=true  KEYS_PORTRAIT=true
01-19 17:17:20.600  5599  5599 V Navbar.Store: --[Band]GESTURE_PACK_SHOW_KEYBOARD_BUTTON
01-19 17:17:20.600  5599  5599 V Navbar.Store: ----getValue(BOOL_NAVBAR_GESTURAL_MODE)=false
01-19 17:17:20.600  6080 13627 I TouchInteractionService: onActiveNavBarRegionChanges, region : SkRegion((0,2214,388,2340)(389,2214,690,2340)(691,2214,961,2340))
01-19 17:17:20.600  5599  5599 V Navbar.Store: ----handleEvent [EventType] ON_UPDATE_REMOTEVIEW [Module] SamsungNavigationBarView  KEYS_NAVBAR_DARK_INTENSITY=1.0  KEYS_CONTEXTUALBUTTON_VISIBLE=true  KEYS_LEFT_REMOTEVIEW_CONTAINER=android.widget.LinearLayout{44760c9 I.E...... ......I. 0,0-118,126 #7f0b0478 app:id/left_remoteview}  KEYS_RIGHT_REMOTEVIEW_CONTAINER=android.widget.LinearLayout{657a3ce I.E...... ......I. 962,0-1080,126 #7f0b070a app:id/right_remoteview}
01-19 17:17:20.601  5599  5599 V Navbar.Store: ------[Band]REMOTE_VIEW_PACK_SET_REMOTEVIEW_CONTAINER
01-19 17:17:20.601  5599  5599 V Navbar.Store: --------apply(UPDATE_NAVBAR_REMOTEVIEW_CONTAINER)
01-19 17:17:20.601  5599  5599 V Navbar.Store: --------apply(UPDATE_NAVBAR_RIGHT_REMOTEVIEW_VISIBILITY)
01-19 17:17:20.601  5599  5599 V Navbar.Store: --------getValue(FLOAT_REMOTEVIEW_DARK_INTENSITY)=1.0
01-19 17:17:20.601  5599  5599 V Navbar.Store: handleEvent [EventType] GET_BOOL_SHOW_KEYBOARD_BUTTON [Module] SamsungNavigationBarView  KEYS_DEFAULT=true  KEYS_PORTRAIT=true
01-19 17:17:20.601  6080 13627 I TouchInteractionService: onActiveNavBarRegionChanges, region : SkRegion((0,2214,388,2218)(389,2214,690,2218)(691,2214,961,2218)(0,2218,388,2340)(389,2218,690,2340)(691,2218,961,2340)(962,2218,1089,2340))
01-19 17:17:20.601  5599  5599 V Navbar.Store: --[Band]GESTURE_PACK_SHOW_KEYBOARD_BUTTON
01-19 17:17:20.601  5599  5599 V Navbar.Store: ----getValue(BOOL_NAVBAR_GESTURAL_MODE)=false
01-19 17:17:20.602  6080 13627 I TouchInteractionService: onSystemUiStateChanged, stateFlags : 393216
01-19 17:17:20.602  6080  6080 I TouchInteractionService: onSystemUiFlagsChanged, userUnlocked
01-19 17:17:20.603  4945  4945 E SurfaceFlinger: Attempt to update InputPolicyFlags without permission ACCESS_SURFACE_FLINGER
01-19 17:17:20.603  5599  5599 V Navbar.Store: handleEvent [EventType] GET_BOOL_NAVBAR_CAN_MOVE_STATE [Module] SamsungNavigationBarView  KEYS_DEFAULT=true
01-19 17:17:20.603  5599  5599 V Navbar.Store: --[Band]CONFIG_PACK_GET_NAVBAR_CAN_MOVE
01-19 17:17:20.603  5599  5599 V Navbar.Store: ----getValue(BOOL_NAVBAR_CAN_MOVE)=true
01-19 17:17:20.603  4945  4945 I Layer   : id=4369 Destroyed Surface(name=9c44ca3 NavigationBar0)/@0x49015f3 - animation-leash of insets_animation#0
01-19 17:17:20.604  5599  5599 V Navbar.Store: handleEvent [EventType] GET_BOOL_USE_NAVBAR_BACKGROUND_FRAME [Module] NavigationBarTransitions  KEYS_DEFAULT=false
01-19 17:17:20.604  5599  5599 V Navbar.Store: --[Band]COLOR_PACK_GET_USE_NAVBAR_BACKGROUND_FRAME
01-19 17:17:20.604  5599  5599 V Navbar.Store: ----getValue(BOOL_NAVBAR_GESTURAL_MODE)=false
01-19 17:17:20.604  5599  5599 V Navbar.Store: ----getValue(BOOL_NAVBAR_OPAQUE)=false
01-19 17:17:20.604  5599  5599 V Navbar.Store: ----getValue(BOOL_NAVBAR_PINNED_EDGE_ENABELD)=false
01-19 17:17:20.604  6080 13627 I TouchInteractionService: onActiveNavBarRegionChanges, region : SkRegion((0,2214,388,2218)(389,2214,690,2218)(691,2214,961,2218)(0,2218,388,2340)(389,2218,690,2340)(691,2218,961,2340)(962,2218,1089,2340))
01-19 17:17:20.610  5249  5287 I GestureDetector: handleMessage TAP
01-19 17:17:20.610  5249  5249 I GestureDetector: handleMessage TAP
01-19 17:17:20.665  3761  3761 D UiControllerImpl: Injecting string: "Description 1"
01-19 17:17:20.665  7974  7974 I HBD     : al EBD ex
01-19 17:17:20.667  5249  5262 D InputDispatcher: Inject key (3761): action=0, f=0x8, d=-1, time=5472789000000
01-19 17:17:20.667  5249  5413 I InputDispatcher: Delivering key to (3761): action: 0x0 (0), f=0x8, m=0x41, d=0, '7e491a1'
01-19 17:17:20.668  7974  7974 I HBD     : a skip onKeyDown as physical keyboard not connected
01-19 17:17:20.669  7974  7974 I HBD     : HoneyBoardService onKeyDown r:1c68ea4e consumed:false
01-19 17:17:20.669  3761  3761 I ViewRootImpl@ceb39a2[MainActivity]: ViewPostIme key 0
01-19 17:17:20.672  4504  4504 W keymaster_tee: [WRN]begin req PARAMS: A32 B32 P1
01-19 17:17:20.675  4503 18892 I keystore2: keystore2::security_level: In create_operation. Success to create IKeystoreOperation. 10198, None
01-19 17:17:20.696  7974  7974 I HBD     : c displayAnimatedVectorDrawable bee animation started cnt=4 2131231878
01-19 17:17:20.697  5249  5262 D InputDispatcher: Inject key (3761): action=0, f=0x8, d=-1, time=5472819000000
01-19 17:17:20.698  5249  5413 I InputDispatcher: Delivering key to (3761): action: 0x0 (0), f=0x8, m=0x41, d=0, '7e491a1'
01-19 17:17:20.699  7974  7974 I HBD     : a skip onKeyDown as physical keyboard not connected
01-19 17:17:20.699  7974  7974 I HBD     : HoneyBoardService onKeyDown r:e947d518 consumed:false
01-19 17:17:20.701  3761  3761 I ViewRootImpl@ceb39a2[MainActivity]: setInTouchMode(false), android.view.ViewRootImpl.checkForLeavingTouchModeAndConsume:9050 android.view.ViewRootImpl.access$3500:303 android.view.ViewRootImpl$EarlyPostImeInputStage.processKeyEvent:7399 android.view.ViewRootImpl$EarlyPostImeInputStage.onProcess:7383 android.view.ViewRootImpl$InputStage.deliver:6927 android.view.ViewRootImpl$InputStage.onDeliverToNext:6984 android.view.ViewRootImpl$InputStage.forward:6950 android.view.ViewRootImpl$AsyncInputStage.forward:7181 android.view.ViewRootImpl$ImeInputStage.onFinishedInputEvent:7368 android.view.inputmethod.InputMethodManager$PendingEvent.run:3411
01-19 17:17:20.701  3761  3761 I ViewRootImpl@ceb39a2[MainActivity]: ViewPostIme key 0
01-19 17:17:20.703  4945  4945 E SurfaceFlinger: Attempt to update InputPolicyFlags without permission ACCESS_SURFACE_FLINGER
01-19 17:17:20.705  4504  4504 W keymaster_tee: [WRN]begin req PARAMS: A32 B32 P1
01-19 17:17:20.707  4503 18892 I keystore2: keystore2::security_level: In create_operation. Success to create IKeystoreOperation. 10198, None
01-19 17:17:20.725  5249  5504 D SemNscXgbMsL1: Probability - Cloud gaming: [0.03997428]
01-19 17:17:20.725  5249  5504 D SemNscXgbMsL1: Probability - Real time: [0.41414282]
01-19 17:17:20.725  5249  5504 D SemNscXgbMsL1: Probability - Non real time: [0.9195976]
01-19 17:17:20.726  5249  5504 D SemNscXgbMsL1: 1 sample inference time: 0.630615 msecs
01-19 17:17:20.726  5249  5504 D SemNscXgbL2Rt: L2 RT 1 sample inference time: 0.775615 msecs
01-19 17:17:20.727  5249  5504 D SemNscXgbL2Nrt: L2 NRT 1 sample inference time: 0.628577 msecs
01-19 17:17:20.735  4504  4504 W keymaster_tee: [WRN]begin req PARAMS: A32 B32 P1
01-19 17:17:20.738  4503 18892 I keystore2: keystore2::security_level: In create_operation. Success to create IKeystoreOperation. 10198, None
01-19 17:17:20.748  7974  7974 I HBD     : bd ous -  0 ,  0 ,  1 ,  1 ,  -1 ,  -1
01-19 17:17:20.753  4945  4945 E SurfaceFlinger: Attempt to update InputPolicyFlags without permission ACCESS_SURFACE_FLINGER
01-19 17:17:20.763  7974  7974 I HBD     : b getTBC , flag: 1 , start: 1 , end: 1 , length: 1 , composingLength: 0 , isKCC: false
01-19 17:17:20.763  7974  8548 I HBD     : b getET , flag: 1 , start: 1 , end: 1 , length: 1 , composingLength: 0 , isKCC: false
01-19 17:17:20.764 12823 12823 I Utils   : isCurrentUser current = 0, ownerId = 0
01-19 17:17:20.765 12823 12823 I TrayVisibilityController: updateTrayVisible: State=4194305 visible=2 mCurrentVisible=1 specificMode=0
01-19 17:17:20.766 12823 12823 I MSHandlerLifeCycle: isMultiSplitHandlerRequested: ignored. pkg=com.samsung.android.app.cocktailbarservice isActivity=false callers=com.android.internal.policy.DecorView.setVisibility:4295 com.samsung.android.app.cocktailbarservice.controller.traystate.TrayStateHide.onUpdateVisible:66 com.samsung.android.app.cocktailbarservice.controller.traystate.TrayStateHide.onEnterState:29 com.samsung.android.app.cocktailbarservice.controller.traystate.TrayStateController.setUiState:793 com.samsung.android.app.cocktailbarservice.controller.traystate.TrayStateController$9.onNotifyUpdateTray:1492
01-19 17:17:20.766 12823 12823 I MSHandlerLifeCycle: removeMultiSplitHandler: no exist. decor=DecorView@6352c64[CocktailBarService]
01-19 17:17:20.767 12823 12823 I CapturedBlurController: updateBlurBackground: false false
01-19 17:17:20.767 12823 12823 I TrayStateController: setUiState 2 : 0 --> 2
01-19 17:17:20.772  7974  7974 I HBD     : b getTAC , flag: 1 , start: 1 , end: 1 , length: 1 , composingLength: 0 , isKCC: false
01-19 17:17:20.773  5249  7671 V WindowManager: Relayout Window{82feb1e u0 com.samsung.android.app.cocktailbarservice/com.samsung.android.app.cocktailbarservice.CocktailBarService}: viewVisibility=8 req=67x362 d0
01-19 17:17:20.775  5249  5262 D InputDispatcher: Inject key (3761): action=1, f=0x8, d=-1, time=5472896000000
01-19 17:17:20.776  5249  5413 I InputDispatcher: Delivering key to (3761): action: 0x1 (0), f=0x8, m=0x41, d=0, '7e491a1'
01-19 17:17:20.778  5249  7671 V WindowManager: Relayout hash=82feb1e, pid=12823: mAttrs={(0,1637)(67x362) gr=TOP RIGHT CENTER sim={adjust=nothing} layoutInDisplayCutoutMode=shortEdges ty=2226 fmt=TRANSPARENT
01-19 17:17:20.778  5249  7671 V WindowManager:   fl=81800548
01-19 17:17:20.778  5249  7671 V WindowManager:   pfl=2000050
01-19 17:17:20.778  5249  7671 V WindowManager:   vsysui=2000
01-19 17:17:20.778  5249  7671 V WindowManager:   apr=LIGHT_STATUS_BARS
01-19 17:17:20.778  5249  7671 V WindowManager:   bhv=SHOW_TRANSIENT_BARS_BY_SWIPE
01-19 17:17:20.778  5249  7671 V WindowManager:   fitTypes=NAVIGATION_BARS CAPTION_BAR dimAmount=0.0 dimDuration=0 naviIconColor=0
01-19 17:17:20.778  5249  7671 V WindowManager:   sfl=200000}
01-19 17:17:20.779  7974  7974 I HBD     : al EBD cm f 1
01-19 17:17:20.779 12823 12823 I ViewRootImpl@1f377ad[CocktailBarService]: Relayout returned: old=(1013,1637,1080,1999) new=(1013,1637,1080,1999) req=(67,362)8 dur=5 res=0x4 s={false 0} ch=true fn=3
01-19 17:17:20.780  7974  7974 I HBD     : HoneyBoardService onKeyUp r:6fed5c6d consumed:false
01-19 17:17:20.780 12823 12823 I TrayStateController: putInputRect mDynamicInputRegion=175442438@LastEvent=t=1705684640780Rect(25, 0 - 67, 362),Rect=Rect(0, 0 - 0, 0)
01-19 17:17:20.780 12823 12823 I DecorView: notifyKeepScreenOnChanged: keepScreenOn=false
01-19 17:17:20.780 12823 12823 I MSHandlerLifeCycle: isMultiSplitHandlerRequested: ignored. pkg=com.samsung.android.app.cocktailbarservice isActivity=false callers=com.android.internal.policy.DecorView.hasMultiSplitHandlerInNonFreeformMode:891 com.android.internal.policy.DecorView.notifyKeepScreenOnChanged:885 android.view.ViewRootImpl.applyKeepScreenOnFlag:2945 android.view.ViewRootImpl.setLayoutParams:2108 android.view.WindowManagerGlobal.updateViewLayout:537
01-19 17:17:20.780  3761  3761 I ViewRootImpl@ceb39a2[MainActivity]: ViewPostIme key 1
01-19 17:17:20.783  5249  7671 D InputDispatcher: Inject key (3761): action=1, f=0x8, d=-1, time=5472906000000
01-19 17:17:20.783  5249  5413 I InputDispatcher: Delivering key to (3761): action: 0x1 (0), f=0x8, m=0x0, d=0, '7e491a1'
01-19 17:17:20.784  7974  7974 I HBD     : HoneyBoardService onKeyUp r:f1f07e8c consumed:false
01-19 17:17:20.785  3761  3761 I ViewRootImpl@ceb39a2[MainActivity]: ViewPostIme key 1
01-19 17:17:20.787  4945  4945 E SurfaceFlinger: Attempt to update InputPolicyFlags without permission ACCESS_SURFACE_FLINGER
01-19 17:17:20.787  4945  4945 I Layer   : id=4370 removeFromCurrentState com.samsung.android.app.cocktailbarservice/com.samsung.android.app.cocktailbarservice.CocktailBarService$_12823#0 (101)
01-19 17:17:20.787  4945  4945 I SurfaceFlinger: id=4370 Removed com.samsung.android.app.cocktailbarservice/com.samsung.android.app.cocktailbarservice.CocktailBarService$_12823#0 (101)
01-19 17:17:20.788  4945  4945 I Layer   : id=4370 Destroyed com.samsung.android.app.cocktailbarservice/com.samsung.android.app.cocktailbarservice.CocktailBarService$_12823#0
01-19 17:17:20.788  5249  7671 V WindowManager: Relayout Window{82feb1e u0 com.samsung.android.app.cocktailbarservice/com.samsung.android.app.cocktailbarservice.CocktailBarService}: viewVisibility=8 req=67x362 d0
01-19 17:17:20.791  4945  4945 D SurfaceFlinger: Display 0 HWC layers:
01-19 17:17:20.791  4945  4945 D SurfaceFlinger:      DEVICE | 0x759a4bda40 | 0102 | RGBA_8888    |    0.0    0.0 1080.0 2340.0 |    0    0 1080 2340 | com.myapp.alist/com.myapp.alist.ui.MainActivity$_3761#0
01-19 17:17:20.791  4945  4945 D SurfaceFlinger:      DEVICE | 0x7564e1c900 | 0100 | RGBA_8888    |    0.0    0.0 1080.0 2257.0 |    0   83 1080 2340 | InputMethod$_7974#0
01-19 17:17:20.791  4945  4945 D SurfaceFlinger:      DEVICE | 0x759a4c04c0 | 0100 | RGBA_8888    |    0.0    0.0 1080.0   78.0 |    0    0 1080   78 | StatusBar$_5599#0
01-19 17:17:20.791  4945  4945 D SurfaceFlinger:      DEVICE | 0x7564d6c880 | 0100 | RGBA_8888    |    0.0    0.0 1080.0  126.0 |    0 2214 1080 2340 | NavigationBar0$_5599#0
01-19 17:17:20.791  4945  4945 D SurfaceFlinger:      DEVICE | 0x759a4bdcc0 | 0140 | RGBA_8888    |    0.0    0.0 1080.0  151.0 |    0    0 1080  151 | ScreenDecorOverlay$_5599#0
01-19 17:17:20.791  4945  4945 D SurfaceFlinger:      DEVICE | 0x7564e1ba00 | 0140 | RGBA_8888    |    0.0    0.0 1080.0  151.0 |    0 2189 1080 2340 | ScreenDecorOverlayBottom$_5599#0
01-19 17:17:20.791  4945  4945 D SurfaceFlinger:
01-19 17:17:20.791  5249  7671 V WindowManager: Relayout hash=82feb1e, pid=12823: mAttrs={(0,1637)(67x362) gr=TOP RIGHT CENTER sim={adjust=nothing} layoutInDisplayCutoutMode=shortEdges ty=2226 fmt=TRANSPARENT
01-19 17:17:20.791  5249  7671 V WindowManager:   fl=81800548
01-19 17:17:20.791  5249  7671 V WindowManager:   pfl=2000050
01-19 17:17:20.791  5249  7671 V WindowManager:   vsysui=2000
01-19 17:17:20.791  5249  7671 V WindowManager:   apr=LIGHT_STATUS_BARS
01-19 17:17:20.791  5249  7671 V WindowManager:   bhv=SHOW_TRANSIENT_BARS_BY_SWIPE
01-19 17:17:20.791  5249  7671 V WindowManager:   fitTypes=NAVIGATION_BARS CAPTION_BAR dimAmount=0.0 dimDuration=0 naviIconColor=0
01-19 17:17:20.791  5249  7671 V WindowManager:   sfl=200000}
01-19 17:17:20.792 12823 12823 I ViewRootImpl@1f377ad[CocktailBarService]: Relayout returned: old=(1013,1637,1080,1999) new=(1013,1637,1080,1999) req=(67,362)8 dur=4 res=0x0 s={false 0} ch=false fn=-1
01-19 17:17:20.793 12823 12823 I CocktailBarUiController: onCocktailBarStateChanged: flag=0x1 vis=2 bgType= showTimeout=-1 activate=true
01-19 17:17:20.803  4945  4945 E SurfaceFlinger: Attempt to update InputPolicyFlags without permission ACCESS_SURFACE_FLINGER
01-19 17:17:20.807  4879  3863 I HYPER-HAL: [RequestManager.cpp]releaseLocked(): Released ID : 31804301
01-19 17:17:20.811  5249  7671 D InputDispatcher: Inject key (3761): action=0, f=0x8, d=-1, time=5472918000000
01-19 17:17:20.811  5249  5413 I InputDispatcher: Delivering key to (3761): action: 0x0 (0), f=0x8, m=0x0, d=0, '7e491a1'
01-19 17:17:20.812  7974  7974 I HBD     : a skip onKeyDown as physical keyboard not connected
01-19 17:17:20.812  7974  7974 I HBD     : HoneyBoardService onKeyDown r:3c04dd15 consumed:false
01-19 17:17:20.813  3761  3761 I ViewRootImpl@ceb39a2[MainActivity]: ViewPostIme key 0
01-19 17:17:20.851  4504  4504 W keymaster_tee: [WRN]begin req PARAMS: A32 B32 P1
01-19 17:17:20.854  4503 18892 I keystore2: keystore2::security_level: In create_operation. Success to create IKeystoreOperation. 10198, None
01-19 17:17:20.857  7974  7974 I HBD     : bd ous -  1 ,  1 ,  2 ,  2 ,  -1 ,  -1
01-19 17:17:20.859  5249  7671 D InputDispatcher: Inject key (3761): action=1, f=0x8, d=-1, time=5472980000000
01-19 17:17:20.859  5249  5413 I InputDispatcher: Delivering key to (3761): action: 0x1 (0), f=0x8, m=0x0, d=0, '7e491a1'
01-19 17:17:20.865  7974  7974 I HBD     : b getTBC , flag: 1 , start: 2 , end: 2 , length: 2 , composingLength: 0 , isKCC: false
01-19 17:17:20.868  7974  7974 I HBD     : b getTAC , flag: 1 , start: 2 , end: 2 , length: 2 , composingLength: 0 , isKCC: false
01-19 17:17:20.870  4945  4945 E SurfaceFlinger: Attempt to update InputPolicyFlags without permission ACCESS_SURFACE_FLINGER
01-19 17:17:20.873  7974  7974 I HBD     : al EBD cm f 1
01-19 17:17:20.874  7974  7974 I HBD     : HoneyBoardService onKeyUp r:12efa373 consumed:false
01-19 17:17:20.875  3761  3761 I ViewRootImpl@ceb39a2[MainActivity]: ViewPostIme key 1
01-19 17:17:20.879  5249  7671 D InputDispatcher: Inject key (3761): action=0, f=0x8, d=-1, time=5473001000000
01-19 17:17:20.879  5249  5413 I InputDispatcher: Delivering key to (3761): action: 0x0 (0), f=0x8, m=0x0, d=0, '7e491a1'
01-19 17:17:20.880  7974  7974 I HBD     : a skip onKeyDown as physical keyboard not connected
01-19 17:17:20.881  7974  7974 I HBD     : HoneyBoardService onKeyDown r:97fba0df consumed:false
01-19 17:17:20.882  3761  3761 I ViewRootImpl@ceb39a2[MainActivity]: ViewPostIme key 0
01-19 17:17:20.883  4504  4504 W keymaster_tee: [WRN]begin req PARAMS: A32 B32 P1
01-19 17:17:20.886  4503 18892 I keystore2: keystore2::security_level: In create_operation. Success to create IKeystoreOperation. 10198, None
01-19 17:17:20.915  4504  4504 W keymaster_tee: [WRN]begin req PARAMS: A32 B32 P1
01-19 17:17:20.918  4503 18892 I keystore2: keystore2::security_level: In create_operation. Success to create IKeystoreOperation. 10198, None
01-19 17:17:20.927  7974  7974 I HBD     : bd ous -  2 ,  2 ,  3 ,  3 ,  -1 ,  -1
