01-19 17:17:29.212  4945  4945 D SurfaceFlinger:      DEVICE | 0x7564e1ba00 | 0140 | RGBA_8888    |    0.0    0.0 1080.0  151.0 |    0 2189 1080 2340 | ScreenDecorOverlayBottom$_5599#0
01-19 17:17:29.212  4945  4945 D SurfaceFlinger:
01-19 17:17:29.223  4945  4945 E SurfaceFlinger: Attempt to update InputPolicyFlags without permission ACCESS_SURFACE_FLINGER
01-19 17:17:29.224  3761  3761 I ViewRootImpl@2d25c4a[PopupWindow:1a7fdb5]: handleResized, msg = 5 frames=ClientWindowFrames{frame=[576,546][912,2214] display=[-10000,-10000][10000,10000] backdrop=[0,0][336,1668]} forceNextWindowRelayout=false displayId=0 frameChanged=false backdropFrameChanged=true configChanged=false displayChanged=false mNextDrawUseBlastSync=false mergedConfiguration={mGlobalConfig={1.1 234mcc15mnc [en_GB] ldltr sw411dp w411dp h811dp 420dpi nrml long hdr port finger -keyb/v/h -nav/h winConfig={ mBounds=Rect(0, 0 - 1080, 2340) mAppBounds=Rect(0, 83 - 1080, 2214) mMaxBounds=Rect(0, 0 - 1080, 2340) mWindowingMode=fullscreen mDisplayWindowingMode=fullscreen mActivityType=undefined mAlwaysOnTop=undefined mRotation=ROTATION_0 mPopOver=off mFreeformTaskPinningState=unpinned} s.258 fontWeightAdjustment=0 ff=0 bf=0 bts=0 enb/d themeSeq=0} mOverrideConfig={1.1 234mcc15mnc [en_GB] ldltr sw411dp w411dp h811dp 420dpi nrml long hdr port finger -keyb/v/h -nav/h winConfig={ mBounds=Rect(0, 0 - 1080, 2340) mAppBounds=Rect(0, 83 - 1080, 2214) mMaxBounds=Rect(0, 0 - 1080, 2340) mWindowingMode=fullscreen mDisplayWindowingMode=fullscreen mActivityType=standard mAlwaysOnTop=undefined mRotation=ROTATION_0 mPopOver=off mFreeformTaskPinningState=unpinned} s.1 fontWeightAdjustment=0 ff=0 bf=0 bts=0 enb/d themeSeq=0}}
01-19 17:17:29.225  3761  3761 I ViewRootImpl@2d25c4a[PopupWindow:1a7fdb5]: [DP] dp(1) 0 android.view.ViewRootImpl.reportNextDraw:11442 android.view.ViewRootImpl.handleResized:2235 android.view.ViewRootImpl.access$1200:303
01-19 17:17:29.227  3761  3761 I ViewRootImpl@e1b2006[MainActivity]: MSG_WINDOW_FOCUS_CHANGED 0 1
01-19 17:17:29.231  3761  3761 I ViewRootImpl@2d25c4a[PopupWindow:1a7fdb5]: MSG_WINDOW_FOCUS_CHANGED 1 1
01-19 17:17:29.233  3761  3761 D ViewRootImpl@2d25c4a[PopupWindow:1a7fdb5]: Creating frameDrawingCallback nextDrawUseBlastSync=false reportNextDraw=true hasBlurUpdates=false
01-19 17:17:29.233  3761  3761 D ViewRootImpl@2d25c4a[PopupWindow:1a7fdb5]: Creating frameCompleteCallback
01-19 17:17:29.235  3761  3812 D ViewRootImpl@2d25c4a[PopupWindow:1a7fdb5]: Received frameDrawingCallback frameNum=2. Creating transactionCompleteCallback=false
01-19 17:17:29.239  3761  3787 D ViewRootImpl@2d25c4a[PopupWindow:1a7fdb5]: Received frameCompleteCallback  lastAcquiredFrameNum=2 lastAttemptedDrawFrameNum=2
01-19 17:17:29.239  4945  4945 E SurfaceFlinger: Attempt to update InputPolicyFlags without permission ACCESS_SURFACE_FLINGER
01-19 17:17:29.239  4945  4945 E SurfaceFlinger: Attempt to update InputPolicyFlags without permission ACCESS_SURFACE_FLINGER
01-19 17:17:29.240  5249  5287 I GestureDetector: handleMessage TAP
01-19 17:17:29.240  5249  5249 I GestureDetector: handleMessage TAP
01-19 17:17:29.250  3761  3761 I ViewRootImpl@2d25c4a[PopupWindow:1a7fdb5]: [DP] pdf(0) 0 android.view.ViewRootImpl.lambda$addFrameCompleteCallbackIfNeeded$3$ViewRootImpl:5000 android.view.ViewRootImpl$$ExternalSyntheticLambda16.run:6 android.os.Handler.handleCallback:938
01-19 17:17:29.251  3761  3761 I ViewRootImpl@2d25c4a[PopupWindow:1a7fdb5]: [DP] rdf()
01-19 17:17:29.251  3761  3761 D ViewRootImpl@2d25c4a[PopupWindow:1a7fdb5]: reportDrawFinished (fn: -1)
01-19 17:17:29.256  4945  4945 E SurfaceFlinger: Attempt to update InputPolicyFlags without permission ACCESS_SURFACE_FLINGER
01-19 17:17:29.273  4945  4945 E SurfaceFlinger: Attempt to update InputPolicyFlags without permission ACCESS_SURFACE_FLINGER
01-19 17:17:29.273  4945  4945 E SurfaceFlinger: Attempt to update InputPolicyFlags without permission ACCESS_SURFACE_FLINGER
01-19 17:17:29.289  4945  4945 E SurfaceFlinger: Attempt to update InputPolicyFlags without permission ACCESS_SURFACE_FLINGER
01-19 17:17:29.290  4945  4945 E SurfaceFlinger: Attempt to update InputPolicyFlags without permission ACCESS_SURFACE_FLINGER
01-19 17:17:29.306  4945  4945 E SurfaceFlinger: Attempt to update InputPolicyFlags without permission ACCESS_SURFACE_FLINGER
01-19 17:17:29.306  4945  4945 E SurfaceFlinger: Attempt to update InputPolicyFlags without permission ACCESS_SURFACE_FLINGER
01-19 17:17:29.323  4945  4945 E SurfaceFlinger: Attempt to update InputPolicyFlags without permission ACCESS_SURFACE_FLINGER
01-19 17:17:29.323  4945  4945 E SurfaceFlinger: Attempt to update InputPolicyFlags without permission ACCESS_SURFACE_FLINGER
01-19 17:17:29.339  4945  4945 E SurfaceFlinger: Attempt to update InputPolicyFlags without permission ACCESS_SURFACE_FLINGER
01-19 17:17:29.339  4945  4945 E SurfaceFlinger: Attempt to update InputPolicyFlags without permission ACCESS_SURFACE_FLINGER
01-19 17:17:29.356  4945  4945 E SurfaceFlinger: Attempt to update InputPolicyFlags without permission ACCESS_SURFACE_FLINGER
01-19 17:17:29.356  4945  4945 E SurfaceFlinger: Attempt to update InputPolicyFlags without permission ACCESS_SURFACE_FLINGER
01-19 17:17:29.373  4945  4945 E SurfaceFlinger: Attempt to update InputPolicyFlags without permission ACCESS_SURFACE_FLINGER
01-19 17:17:29.373  4945  4945 E SurfaceFlinger: Attempt to update InputPolicyFlags without permission ACCESS_SURFACE_FLINGER
01-19 17:17:29.389  4945  4945 E SurfaceFlinger: Attempt to update InputPolicyFlags without permission ACCESS_SURFACE_FLINGER
01-19 17:17:29.390  4945  4945 E SurfaceFlinger: Attempt to update InputPolicyFlags without permission ACCESS_SURFACE_FLINGER
01-19 17:17:29.406  4945  4945 E SurfaceFlinger: Attempt to update InputPolicyFlags without permission ACCESS_SURFACE_FLINGER
01-19 17:17:29.407  4945  4945 E SurfaceFlinger: Attempt to update InputPolicyFlags without permission ACCESS_SURFACE_FLINGER
01-19 17:17:29.423  4945  4945 E SurfaceFlinger: Attempt to update InputPolicyFlags without permission ACCESS_SURFACE_FLINGER
01-19 17:17:29.440  4945  4945 E SurfaceFlinger: Attempt to update InputPolicyFlags without permission ACCESS_SURFACE_FLINGER
01-19 17:17:29.457  4945  4945 E SurfaceFlinger: Attempt to update InputPolicyFlags without permission ACCESS_SURFACE_FLINGER
01-19 17:17:29.473  4945  4945 E SurfaceFlinger: Attempt to update InputPolicyFlags without permission ACCESS_SURFACE_FLINGER
01-19 17:17:29.490  4945  4945 E SurfaceFlinger: Attempt to update InputPolicyFlags without permission ACCESS_SURFACE_FLINGER
01-19 17:17:29.493  3761  3761 I ViewInteraction: Performing 'load adapter data' action on view is assignable from class <class android.widget.AdapterView>
01-19 17:17:29.539  3761  3761 I ViewInteraction: Performing 'single click' action on view  displaying data matching: (is an instance of java.lang.String and is "To Do") within adapter view matching: is assignable from class <class android.widget.AdapterView>
01-19 17:17:29.540  4945  4945 E SurfaceFlinger: Attempt to update InputPolicyFlags without permission ACCESS_SURFACE_FLINGER
01-19 17:17:29.545  5249  5548 D InputDispatcher: Inject motion (3761): action=0x0, time=5481665000000, f=0x0, d=0
01-19 17:17:29.545  5249  5413 I InputDispatcher: Delivering touch to (5599): action: 0x4, f=0x0, d=0, '9c44ca3', t=0
01-19 17:17:29.545  5249  5413 I InputDispatcher: Delivering touch to (3761): action: 0x0, f=0x0, d=0, '7306035', t=0 +(-576,-546)
01-19 17:17:29.546  5249  5287 I GestureDetector: obtain mCurrentDownEvent. id: -333079437 caller: com.android.server.wm.SystemGesturesPointerEventListener.onPointerEvent:179 com.android.server.wm.PointerEventDispatcher.onInputEvent:71 android.view.InputEventReceiver.dispatchInputEvent:259
01-19 17:17:29.547  3761  3761 I ViewRootImpl@2d25c4a[PopupWindow:1a7fdb5]: ViewPostIme pointer 0
01-19 17:17:29.547  5249  5287 I GestureDetector: obtain mCurrentDownEvent. id: -333079437 caller: com.android.server.wm.SystemPerformancePointerEventListener.onPointerEvent:89 com.android.server.wm.PointerEventDispatcher.onInputEvent:71 android.view.InputEventReceiver.dispatchInputEvent:259
01-19 17:17:29.585  5249  5548 D InputDispatcher: Inject motion (3761): action=0x1, time=5481707000000, f=0x0, d=0
01-19 17:17:29.587  5249  5413 I InputDispatcher: Delivering touch to (3761): action: 0x1, f=0x0, d=0, '7306035', t=0 +(-576,-546)
01-19 17:17:29.587  5249  5287 I GestureDetector: obtain mCurrentMotionEventRaw. action: 1 id: -383003962
01-19 17:17:29.588  5249  5287 I GestureDetector: obtain mCurrentMotionEventRaw. action: 1 id: -383003962
01-19 17:17:29.588  3761  3761 I ViewRootImpl@2d25c4a[PopupWindow:1a7fdb5]: ViewPostIme pointer 1
01-19 17:17:29.589  3761  3761 D AbsListView: onTouchUp() mTouchMode : 0
01-19 17:17:29.623  4945  4945 E SurfaceFlinger: Attempt to update InputPolicyFlags without permission ACCESS_SURFACE_FLINGER
01-19 17:17:29.640  4945  4945 E SurfaceFlinger: Attempt to update InputPolicyFlags without permission ACCESS_SURFACE_FLINGER
01-19 17:17:29.657  4945  4945 E SurfaceFlinger: Attempt to update InputPolicyFlags without permission ACCESS_SURFACE_FLINGER
01-19 17:17:29.665  5249  5504 D SemNscXgbMsL1: Probability - Cloud gaming: [0.0053247474]
01-19 17:17:29.666  5249  5504 D SemNscXgbMsL1: Probability - Real time: [0.15348043]
01-19 17:17:29.666  5249  5504 D SemNscXgbMsL1: Probability - Non real time: [0.8298615]
01-19 17:17:29.666  5249  5504 D SemNscXgbMsL1: 1 sample inference time: 1.868769 msecs
01-19 17:17:29.667  5249  5504 D SemNscXgbL2Rt: L2 RT 1 sample inference time: 1.028615 msecs
01-19 17:17:29.669  5249  5504 D SemNscXgbL2Nrt: L2 NRT 1 sample inference time: 1.1265 msecs
01-19 17:17:29.673  4945  4945 E SurfaceFlinger: Attempt to update InputPolicyFlags without permission ACCESS_SURFACE_FLINGER
01-19 17:17:29.679  5249  5548 V WindowManager: Relayout Window{7306035 u0 PopupWindow:1a7fdb5}: viewVisibility=0 req=336x1668 d0
01-19 17:17:29.687  4945  5860 I SurfaceFlinger: id=4426 createSurf (0x0),-1 flag=24000, Surface(name=1e58e32 StatusBar)/@0xf9f1b57 - animation-leash of insets_animation#0
01-19 17:17:29.689  4945  5860 I SurfaceFlinger: id=4427 createSurf (0x0),-1 flag=24000, Surface(name=9c44ca3 NavigationBar0)/@0x49015f3 - animation-leash of insets_animation#0
01-19 17:17:29.693  5249  5548 V WindowManager: Relayout hash=7306035, pid=3761: mAttrs={(576,546)(336x1668) gr=TOP START CENTER DISPLAY_CLIP_VERTICAL sim={state=unchanged adjust=pan} ty=APPLICATION_SUB_PANEL fmt=TRANSLUCENT surfaceInsets=Rect(84, 84 - 84, 84) (manual)
01-19 17:17:29.693  5249  5548 V WindowManager:   fl=41840218
01-19 17:17:29.693  5249  5548 V WindowManager:   pfl=42018000
01-19 17:17:29.693  5249  5548 V WindowManager:   bhv=DEFAULT
01-19 17:17:29.693  5249  5548 V WindowManager:   fitTypes=STATUS_BARS NAVIGATION_BARS CAPTION_BAR naviIconColor=0
01-19 17:17:29.693  5249  5548 V WindowManager:   sfl=20000}
01-19 17:17:29.702  3761  3761 I ViewRootImpl@2d25c4a[PopupWindow:1a7fdb5]: Relayout returned: old=(576,546,912,2214) new=(576,546,912,2214) req=(336,1668)0 dur=20 res=0x1 s={true 526540816384} ch=false fn=22
01-19 17:17:29.724  4945  4945 I Layer   : id=4423 removeFromCurrentState Surface(name=1e58e32 StatusBar)/@0xf9f1b57 - animation-leash of insets_animation#1 (109)
01-19 17:17:29.724  4945  4945 I Layer   : id=4424 removeFromCurrentState Surface(name=9c44ca3 NavigationBar0)/@0x49015f3 - animation-leash of insets_animation#1 (109)
01-19 17:17:29.725  4945  4945 E SurfaceFlinger: Attempt to update InputPolicyFlags without permission ACCESS_SURFACE_FLINGER
01-19 17:17:29.725  4945  4945 I SurfaceFlinger: id=4423 Removed Surface(name=1e58e32 StatusBar)/@0xf9f1b57 - animation-leash of insets_animation#1 (109)
01-19 17:17:29.725  4945  4945 I SurfaceFlinger: id=4424 Removed Surface(name=9c44ca3 NavigationBar0)/@0x49015f3 - animation-leash of insets_animation#1 (109)
01-19 17:17:29.725  4945  4945 I Layer   : id=4423 Destroyed Surface(name=1e58e32 StatusBar)/@0xf9f1b57 - animation-leash of insets_animation#1
01-19 17:17:29.725  4945  4945 I Layer   : id=4424 Destroyed Surface(name=9c44ca3 NavigationBar0)/@0x49015f3 - animation-leash of insets_animation#1
01-19 17:17:29.727  5249  5548 D InputDispatcher: Focus left window (0): 7306035 PopupWindow:1a7fdb5
01-19 17:17:29.727  5249  5548 D InputDispatcher: Focus entered window (0): ed0c352 com.myapp.alist/com.myapp.alist.ui.MainActivity
01-19 17:17:29.740  4945  4945 E SurfaceFlinger: Attempt to update InputPolicyFlags without permission ACCESS_SURFACE_FLINGER
01-19 17:17:29.757  4945  4945 E SurfaceFlinger: Attempt to update InputPolicyFlags without permission ACCESS_SURFACE_FLINGER
01-19 17:17:29.774  4945  4945 E SurfaceFlinger: Attempt to update InputPolicyFlags without permission ACCESS_SURFACE_FLINGER
01-19 17:17:29.787  3761  3761 D InsetsSourceConsumer: ensureControlAlpha: for ITYPE_NAVIGATION_BAR on com.myapp.alist/com.myapp.alist.ui.MainActivity
01-19 17:17:29.789  3761  3761 D InsetsSourceConsumer: ensureControlAlpha: for ITYPE_STATUS_BAR on com.myapp.alist/com.myapp.alist.ui.MainActivity
01-19 17:17:29.790  4945  4945 E SurfaceFlinger: Attempt to update InputPolicyFlags without permission ACCESS_SURFACE_FLINGER
01-19 17:17:29.791  4945  4945 E SurfaceFlinger: Attempt to update InputPolicyFlags without permission ACCESS_SURFACE_FLINGER
01-19 17:17:29.800  3761  3761 I ViewRootImpl@2d25c4a[PopupWindow:1a7fdb5]: MSG_WINDOW_FOCUS_CHANGED 0 1
01-19 17:17:29.802  3761  3761 I ViewRootImpl@e1b2006[MainActivity]: MSG_WINDOW_FOCUS_CHANGED 1 1
01-19 17:17:29.807  3761  3761 I InputMethodManager: startInputAsyncOnWindowFocusGain - mService.startInputOrWindowGainedFocus
01-19 17:17:29.824  4945  4945 E SurfaceFlinger: Attempt to update InputPolicyFlags without permission ACCESS_SURFACE_FLINGER
01-19 17:17:29.841  4945  4945 E SurfaceFlinger: Attempt to update InputPolicyFlags without permission ACCESS_SURFACE_FLINGER
01-19 17:17:29.846  5249  5287 I GestureDetector: handleMessage TAP
01-19 17:17:29.846  5249  5249 I GestureDetector: handleMessage TAP
01-19 17:17:29.874  4945  4945 E SurfaceFlinger: Attempt to update InputPolicyFlags without permission ACCESS_SURFACE_FLINGER
01-19 17:17:29.890  4945  4945 E SurfaceFlinger: Attempt to update InputPolicyFlags without permission ACCESS_SURFACE_FLINGER
01-19 17:17:29.924  4945  4945 E SurfaceFlinger: Attempt to update InputPolicyFlags without permission ACCESS_SURFACE_FLINGER
01-19 17:17:29.924  4945  4945 E SurfaceFlinger: Attempt to update InputPolicyFlags without permission ACCESS_SURFACE_FLINGER
01-19 17:17:29.941  4945  4945 E SurfaceFlinger: Attempt to update InputPolicyFlags without permission ACCESS_SURFACE_FLINGER
01-19 17:17:29.957  4945  4945 E SurfaceFlinger: Attempt to update InputPolicyFlags without permission ACCESS_SURFACE_FLINGER
01-19 17:17:29.974  4945  4945 E SurfaceFlinger: Attempt to update InputPolicyFlags without permission ACCESS_SURFACE_FLINGER
01-19 17:17:29.991  4945  4945 E SurfaceFlinger: Attempt to update InputPolicyFlags without permission ACCESS_SURFACE_FLINGER
01-19 17:17:29.995  3761  3761 I ViewInteraction: Checking 'MatchesViewAssertion{viewMatcher=an instance of android.widget.Spinner and spinner.getSelectedItem().toString() to match a string containing "To Do"}' assertion on view view.getId() is <2131296688/com.myapp.alist:id/spinner1>
01-19 17:17:30.007  4945  4945 E SurfaceFlinger: Attempt to update InputPolicyFlags without permission ACCESS_SURFACE_FLINGER
01-19 17:17:30.008  3761  3761 I ViewInteraction: Performing 'single click' action on view view.getId() is <2131296689/com.myapp.alist:id/spinner2>
01-19 17:17:30.012  5249  5761 D InputDispatcher: Inject motion (3761): action=0x0, time=5482134000000, f=0x0, d=0
01-19 17:17:30.013  5249  5413 I InputDispatcher: Delivering touch to (5599): action: 0x4, f=0x0, d=0, '9c44ca3', t=0
01-19 17:17:30.013  5249  5413 I InputDispatcher: Delivering touch to (3761): action: 0x4, f=0x0, d=0, '7306035', t=0
01-19 17:17:30.013  5249  5413 I InputDispatcher: Delivering touch to (3761): action: 0x0, f=0x0, d=0, 'ed0c352', t=0
01-19 17:17:30.016  5249  5287 I GestureDetector: obtain mCurrentDownEvent. id: -115810914 caller: com.android.server.wm.SystemGesturesPointerEventListener.onPointerEvent:179 com.android.server.wm.PointerEventDispatcher.onInputEvent:71 android.view.InputEventReceiver.dispatchInputEvent:259
01-19 17:17:30.017  5249  5287 I GestureDetector: obtain mCurrentDownEvent. id: -115810914 caller: com.android.server.wm.SystemPerformancePointerEventListener.onPointerEvent:89 com.android.server.wm.PointerEventDispatcher.onInputEvent:71 android.view.InputEventReceiver.dispatchInputEvent:259
01-19 17:17:30.018  3761  3761 I ViewRootImpl@e1b2006[MainActivity]: ViewPostIme pointer 0
01-19 17:17:30.018  3761  3761 I MSHandlerLifeCycle: isMultiSplitHandlerRequested: windowingMode=1 isFullscreen=true isPopOver=false isHidden=false skipActivityType=false isHandlerType=false this: DecorView@2d72371[MainActivity]
01-19 17:17:30.024  4945  4945 E SurfaceFlinger: Attempt to update InputPolicyFlags without permission ACCESS_SURFACE_FLINGER
01-19 17:17:30.041  4945  4945 E SurfaceFlinger: Attempt to update InputPolicyFlags without permission ACCESS_SURFACE_FLINGER
01-19 17:17:30.052  5249  5761 D InputDispatcher: Inject motion (3761): action=0x1, time=5482174000000, f=0x0, d=0
01-19 17:17:30.052  5249  5413 I InputDispatcher: Delivering touch to (3761): action: 0x1, f=0x0, d=0, 'ed0c352', t=0
01-19 17:17:30.053  5249  5287 I GestureDetector: obtain mCurrentMotionEventRaw. action: 1 id: -822556791
01-19 17:17:30.053  3761  3761 I ViewRootImpl@e1b2006[MainActivity]: ViewPostIme pointer 1
01-19 17:17:30.054  5249  5287 I GestureDetector: obtain mCurrentMotionEventRaw. action: 1 id: -822556791
01-19 17:17:30.054  3761  3761 I MSHandlerLifeCycle: isMultiSplitHandlerRequested: windowingMode=1 isFullscreen=true isPopOver=false isHidden=false skipActivityType=false isHandlerType=false this: DecorView@2d72371[MainActivity]
01-19 17:17:30.057  4945  4945 E SurfaceFlinger: Attempt to update InputPolicyFlags without permission ACCESS_SURFACE_FLINGER
01-19 17:17:30.074  4945  4945 E SurfaceFlinger: Attempt to update InputPolicyFlags without permission ACCESS_SURFACE_FLINGER
01-19 17:17:30.074  4945  4945 E SurfaceFlinger: Attempt to update InputPolicyFlags without permission ACCESS_SURFACE_FLINGER
01-19 17:17:30.091  4945  4945 E SurfaceFlinger: Attempt to update InputPolicyFlags without permission ACCESS_SURFACE_FLINGER
01-19 17:17:30.091  4945  4945 E SurfaceFlinger: Attempt to update InputPolicyFlags without permission ACCESS_SURFACE_FLINGER
01-19 17:17:30.108  4945  4945 E SurfaceFlinger: Attempt to update InputPolicyFlags without permission ACCESS_SURFACE_FLINGER
01-19 17:17:30.124  4945  4945 E SurfaceFlinger: Attempt to update InputPolicyFlags without permission ACCESS_SURFACE_FLINGER
01-19 17:17:30.139  4945  4966 I SurfaceFlinger: id=4428 createSurf (0x0),-1 flag=80004, c3ac0a5 PopupWindow:b683a7f#0
01-19 17:17:30.140  5249  5761 D InputTransport: Input channel constructed: 'c3ac0a5', fd=613
01-19 17:17:30.140  5249  5761 D InputTransport: Input channel constructed: 'c3ac0a5', fd=642
01-19 17:17:30.141  5249  5761 D InputTransport: Input channel constructed: 'c3ac0a5', fd=647
01-19 17:17:30.141  4945  4945 E SurfaceFlinger: Attempt to update InputPolicyFlags without permission ACCESS_SURFACE_FLINGER
01-19 17:17:30.144  4945  4966 I SurfaceFlinger: id=4429 createSurf (0x0),-1 flag=24000, Surface(name=1e58e32 StatusBar)/@0xf9f1b57 - animation-leash of insets_animation#1
01-19 17:17:30.147  4945  4966 I SurfaceFlinger: id=4430 createSurf (0x0),-1 flag=24000, Surface(name=9c44ca3 NavigationBar0)/@0x49015f3 - animation-leash of insets_animation#1
01-19 17:17:30.149  5249  5761 D InputTransport: Input channel destroyed: 'c3ac0a5', fd=647
01-19 17:17:30.154  3761  3761 I ViewRootImpl@a6dca4c[PopupWindow:b683a7f]: setView = android.widget.PopupWindow$PopupDecorView@e4fff9b TM=true
01-19 17:17:30.158  4945  4945 I Layer   : id=4426 removeFromCurrentState Surface(name=1e58e32 StatusBar)/@0xf9f1b57 - animation-leash of insets_animation#0 (110)
01-19 17:17:30.158  4945  4945 I Layer   : id=4427 removeFromCurrentState Surface(name=9c44ca3 NavigationBar0)/@0x49015f3 - animation-leash of insets_animation#0 (110)
01-19 17:17:30.158  4945  4945 E SurfaceFlinger: Attempt to update InputPolicyFlags without permission ACCESS_SURFACE_FLINGER
01-19 17:17:30.169  3761  3787 D OpenGLRenderer: setSurface called with nullptr
01-19 17:17:30.169  3761  3787 D OpenGLRenderer: setSurface() destroyed EGLSurface
01-19 17:17:30.169  3761  3787 D OpenGLRenderer: destroyEglSurface
01-19 17:17:30.171  5249  5504 D SemNscXgbMsL1: Probability - Cloud gaming: [0.019010179]
01-19 17:17:30.171  5249  5504 D SemNscXgbMsL1: Probability - Real time: [0.71437705]
01-19 17:17:30.172  5249  5504 D SemNscXgbMsL1: Probability - Non real time: [0.88981915]
01-19 17:17:30.172  5249  5504 D SemNscXgbMsL1: 1 sample inference time: 1.059923 msecs
01-19 17:17:30.173  3761  3761 I ViewRootImpl@2d25c4a[PopupWindow:1a7fdb5]: dispatchDetachedFromWindow
01-19 17:17:30.173  5249  5504 D SemNscXgbL2Rt: L2 RT 1 sample inference time: 1.345654 msecs
01-19 17:17:30.175  5249  5504 D SemNscXgbL2Nrt: L2 NRT 1 sample inference time: 1.263846 msecs
01-19 17:17:30.175  4945  4945 E SurfaceFlinger: Attempt to update InputPolicyFlags without permission ACCESS_SURFACE_FLINGER
01-19 17:17:30.175  5249  7671 D InputTransport: Input channel destroyed: '7306035', fd=513
01-19 17:17:30.176  5249  7671 W InputManager-JNI: Input channel object '7306035 PopupWindow:1a7fdb5 (client)' was disposed without first being removed with the input manager!
01-19 17:17:30.176  5249  7671 D InputTransport: Input channel destroyed: '7306035', fd=587
01-19 17:17:30.187  3761  3761 D InputTransport: Input channel destroyed: '7306035', fd=6
01-19 17:17:30.191  4945  4945 I Layer   : id=4425 removeFromCurrentState PopupWindow:1a7fdb5$_3761#0 (110)
01-19 17:17:30.191  4945  4945 I Layer   : id=4422 removeFromCurrentState 7306035 PopupWindow:1a7fdb5#0 (110)
01-19 17:17:30.192  4945  4945 E SurfaceFlinger: Attempt to update InputPolicyFlags without permission ACCESS_SURFACE_FLINGER
01-19 17:17:30.192  4945  4945 I SurfaceFlinger: id=4422 Removed 7306035 PopupWindow:1a7fdb5#0 (110)
01-19 17:17:30.192  4945  4945 I SurfaceFlinger: id=4425 Removed PopupWindow:1a7fdb5$_3761#0 (110)
01-19 17:17:30.193  4945  4945 I Layer   : id=4422 Destroyed 7306035 PopupWindow:1a7fdb5#0
01-19 17:17:30.197  4945  4945 I Layer   : id=4425 Destroyed PopupWindow:1a7fdb5$_3761#0
01-19 17:17:30.199  5249  7671 V WindowManager: Relayout Window{c3ac0a5 u0 PopupWindow:b683a7f}: viewVisibility=0 req=336x1260 d0
01-19 17:17:30.202  4945  4966 I SurfaceFlinger: id=4431 createSurf (169x169),-3 flag=40004, PopupWindow:b683a7f$_3761#0
01-19 17:17:30.204  4945  4945 D SurfaceFlinger: Display 0 HWC layers:
01-19 17:17:30.204  4945  4945 D SurfaceFlinger:      DEVICE | 0x7578fb8280 | 0102 | RGBA_8888    |    0.0    0.0 1080.0 2340.0 |    0    0 1080 2340 | com.myapp.alist/com.myapp.alist.ui.MainActivity$_3761#0
01-19 17:17:30.204  4945  4945 D SurfaceFlinger:      DEVICE | 0x759a4c04c0 | 0100 | RGBA_8888    |    0.0    0.0 1080.0   78.0 |    0    0 1080   78 | StatusBar$_5599#0
01-19 17:17:30.204  4945  4945 D SurfaceFlinger:      DEVICE | 0x759a4bfac0 | 0100 | RGBA_8888    |    0.0    0.0   67.0  362.0 | 1013 1637 1080 1999 | com.samsung.android.app.cocktailbars[...]rservice.CocktailBarService$_12823#0
01-19 17:17:30.204  4945  4945 D SurfaceFlinger:      DEVICE | 0x7579018900 | 0100 | RGBA_8888    |    0.0    0.0 1080.0  126.0 |    0 2214 1080 2340 | NavigationBar0$_5599#0
01-19 17:17:30.204  4945  4945 D SurfaceFlinger:      DEVICE | 0x759a4bdcc0 | 0140 | RGBA_8888    |    0.0    0.0 1080.0  151.0 |    0    0 1080  151 | ScreenDecorOverlay$_5599#0
01-19 17:17:30.204  4945  4945 D SurfaceFlinger:      DEVICE | 0x7564e1ba00 | 0140 | RGBA_8888    |    0.0    0.0 1080.0  151.0 |    0 2189 1080 2340 | ScreenDecorOverlayBottom$_5599#0
01-19 17:17:30.204  4945  4945 D SurfaceFlinger:
01-19 17:17:30.208  4945  4945 E SurfaceFlinger: Attempt to update InputPolicyFlags without permission ACCESS_SURFACE_FLINGER
01-19 17:17:30.211  5249  7671 V WindowManager: Relayout hash=c3ac0a5, pid=3761: mAttrs={(576,756)(336x1260) gr=TOP START CENTER DISPLAY_CLIP_VERTICAL sim={state=unchanged adjust=resize} ty=APPLICATION_SUB_PANEL fmt=TRANSLUCENT surfaceInsets=Rect(84, 84 - 84, 84) (manual)
01-19 17:17:30.211  5249  7671 V WindowManager:   fl=41860200
01-19 17:17:30.211  5249  7671 V WindowManager:   pfl=2018000
01-19 17:17:30.211  5249  7671 V WindowManager:   bhv=DEFAULT
01-19 17:17:30.211  5249  7671 V WindowManager:   fitTypes=STATUS_BARS NAVIGATION_BARS CAPTION_BAR IME naviIconColor=0
01-19 17:17:30.211  5249  7671 V WindowManager:   sfl=20000}
01-19 17:17:30.214  3761  3881 I ViewRootImpl@a6dca4c[PopupWindow:b683a7f]: Resizing android.view.ViewRootImpl@4d33f38: frame=[576,756][912,2016] reportDraw=true forceLayout=false backDropFrame=Rect(0, 0 - 336, 1260)
01-19 17:17:30.220  3761  3761 D InsetsSourceConsumer: ensureControlAlpha: for ITYPE_NAVIGATION_BAR on PopupWindow:b683a7f
01-19 17:17:30.222  3761  3761 D InsetsSourceConsumer: ensureControlAlpha: for ITYPE_STATUS_BAR on PopupWindow:b683a7f
01-19 17:17:30.225  4945  4945 E SurfaceFlinger: Attempt to update InputPolicyFlags without permission ACCESS_SURFACE_FLINGER
01-19 17:17:30.225  3761  3761 I ViewRootImpl@a6dca4c[PopupWindow:b683a7f]: Relayout returned: old=(0,83,1080,2214) new=(576,756,912,2016) req=(336,1260)0 dur=22 res=0x7 s={true 526540816384} ch=true fn=-1
01-19 17:17:30.237  3761  3787 D OpenGLRenderer: eglCreateWindowSurface
01-19 17:17:30.241  4945  4945 E SurfaceFlinger: Attempt to update InputPolicyFlags without permission ACCESS_SURFACE_FLINGER
01-19 17:17:30.243  5249  7671 D InputDispatcher: Focus request (0): c3ac0a5 PopupWindow:b683a7f but waiting because NOT_VISIBLE
01-19 17:17:30.243  5249  7671 D InputDispatcher: Focus left window (0): ed0c352 com.myapp.alist/com.myapp.alist.ui.MainActivity
01-19 17:17:30.258  4945  4945 E SurfaceFlinger: Attempt to update InputPolicyFlags without permission ACCESS_SURFACE_FLINGER
01-19 17:17:30.275  4945  4945 E SurfaceFlinger: Attempt to update InputPolicyFlags without permission ACCESS_SURFACE_FLINGER
01-19 17:17:30.291  4945  4945 E SurfaceFlinger: Attempt to update InputPolicyFlags without permission ACCESS_SURFACE_FLINGER
01-19 17:17:30.300  3761  3761 D AbsListView:  in onLayout changed
01-19 17:17:30.302  3761  3761 I ViewRootImpl@a6dca4c[PopupWindow:b683a7f]: [DP] dp(1) 0 android.view.ViewRootImpl.reportNextDraw:11442 android.view.ViewRootImpl.performTraversals:4198 android.view.ViewRootImpl.doTraversal:2924
01-19 17:17:30.307  3761  3761 D ViewRootImpl@a6dca4c[PopupWindow:b683a7f]: Creating frameDrawingCallback nextDrawUseBlastSync=false reportNextDraw=true hasBlurUpdates=false
01-19 17:17:30.307  3761  3761 D ViewRootImpl@a6dca4c[PopupWindow:b683a7f]: Creating frameCompleteCallback
01-19 17:17:30.308  4945  4945 E SurfaceFlinger: Attempt to update InputPolicyFlags without permission ACCESS_SURFACE_FLINGER
01-19 17:17:30.312  3761  3813 D ViewRootImpl@a6dca4c[PopupWindow:b683a7f]: Received frameDrawingCallback frameNum=1. Creating transactionCompleteCallback=false
01-19 17:17:30.314  5249  5287 I GestureDetector: handleMessage TAP
01-19 17:17:30.317  3761  3787 D ViewRootImpl@a6dca4c[PopupWindow:b683a7f]: Received frameCompleteCallback  lastAcquiredFrameNum=1 lastAttemptedDrawFrameNum=1
01-19 17:17:30.318  5249  5249 I GestureDetector: handleMessage TAP
01-19 17:17:30.320  3761  3761 I ViewRootImpl@a6dca4c[PopupWindow:b683a7f]: [DP] pdf(0) 0 android.view.ViewRootImpl.lambda$addFrameCompleteCallbackIfNeeded$3$ViewRootImpl:5000 android.view.ViewRootImpl$$ExternalSyntheticLambda16.run:6 android.os.Handler.handleCallback:938
01-19 17:17:30.320  3761  3761 I ViewRootImpl@a6dca4c[PopupWindow:b683a7f]: [DP] rdf()
01-19 17:17:30.320  3761  3761 D ViewRootImpl@a6dca4c[PopupWindow:b683a7f]: reportDrawFinished (fn: -1)
01-19 17:17:30.325  4945  4945 E SurfaceFlinger: Attempt to update InputPolicyFlags without permission ACCESS_SURFACE_FLINGER
01-19 17:17:30.326  4945  5860 I SurfaceFlinger: id=4427 Removed Surface(name=9c44ca3 NavigationBar0)/@0x49015f3 - animation-leash of insets_animation#0 (109)
01-19 17:17:30.326  4945  5860 I SurfaceFlinger: id=4426 Removed Surface(name=1e58e32 StatusBar)/@0xf9f1b57 - animation-leash of insets_animation#0 (109)
01-19 17:17:30.335  3761  3761 I ViewRootImpl@a6dca4c[PopupWindow:b683a7f]: handleResized, msg = 5 frames=ClientWindowFrames{frame=[576,756][912,2016] display=[-10000,-10000][10000,10000] backdrop=[0,0][336,1260]} forceNextWindowRelayout=false displayId=0 frameChanged=false backdropFrameChanged=true configChanged=false displayChanged=false mNextDrawUseBlastSync=false mergedConfiguration={mGlobalConfig={1.1 234mcc15mnc [en_GB] ldltr sw411dp w411dp h811dp 420dpi nrml long hdr port finger -keyb/v/h -nav/h winConfig={ mBounds=Rect(0, 0 - 1080, 2340) mAppBounds=Rect(0, 83 - 1080, 2214) mMaxBounds=Rect(0, 0 - 1080, 2340) mWindowingMode=fullscreen mDisplayWindowingMode=fullscreen mActivityType=undefined mAlwaysOnTop=undefined mRotation=ROTATION_0 mPopOver=off mFreeformTaskPinningState=unpinned} s.258 fontWeightAdjustment=0 ff=0 bf=0 bts=0 enb/d themeSeq=0} mOverrideConfig={1.1 234mcc15mnc [en_GB] ldltr sw411dp w411dp h811dp 420dpi nrml long hdr port finger -keyb/v/h -nav/h winConfig={ mBounds=Rect(0, 0 - 1080, 2340) mAppBounds=Rect(0, 83 - 1080, 2214) mMaxBounds=Rect(0, 0 - 1080, 2340) mWindowingMode=fullscreen mDisplayWindowingMode=fullscreen mActivityType=standard mAlwaysOnTop=undefined mRotation=ROTATION_0 mPopOver=off mFreeformTaskPinningState=unpinned} s.1 fontWeightAdjustment=0 ff=0 bf=0 bts=0 enb/d themeSeq=0}}
01-19 17:17:30.336  3761  3761 I ViewRootImpl@a6dca4c[PopupWindow:b683a7f]: [DP] dp(1) 0 android.view.ViewRootImpl.reportNextDraw:11442 android.view.ViewRootImpl.handleResized:2235 android.view.ViewRootImpl.access$1200:303
01-19 17:17:30.338  3761  3761 I ViewRootImpl@e1b2006[MainActivity]: MSG_WINDOW_FOCUS_CHANGED 0 1
01-19 17:17:30.341  4945  4945 E SurfaceFlinger: Attempt to update InputPolicyFlags without permission ACCESS_SURFACE_FLINGER
01-19 17:17:30.342  4945  4945 I Layer   : id=4426 Destroyed Surface(name=1e58e32 StatusBar)/@0xf9f1b57 - animation-leash of insets_animation#0
01-19 17:17:30.342  4945  4945 I Layer   : id=4427 Destroyed Surface(name=9c44ca3 NavigationBar0)/@0x49015f3 - animation-leash of insets_animation#0
01-19 17:17:30.343  3761  3761 D ViewRootImpl@a6dca4c[PopupWindow:b683a7f]: Creating frameDrawingCallback nextDrawUseBlastSync=false reportNextDraw=true hasBlurUpdates=false
01-19 17:17:30.343  3761  3761 D ViewRootImpl@a6dca4c[PopupWindow:b683a7f]: Creating frameCompleteCallback
01-19 17:17:30.344  5249  7671 D InputDispatcher: Focus entered window (0): c3ac0a5 PopupWindow:b683a7f
01-19 17:17:30.344  3761  3812 D ViewRootImpl@a6dca4c[PopupWindow:b683a7f]: Received frameDrawingCallback frameNum=2. Creating transactionCompleteCallback=false
01-19 17:17:30.347  4945  4945 D SurfaceFlinger: Display 0 HWC layers:
01-19 17:17:30.347  4945  4945 D SurfaceFlinger:      DEVICE | 0x759a59cec0 | 0102 | RGBA_8888    |    0.0    0.0 1080.0 2340.0 |    0    0 1080 2340 | com.myapp.alist/com.myapp.alist.ui.MainActivity$_3761#0
01-19 17:17:30.347  4945  4945 D SurfaceFlinger:      DEVICE | 0x759a599540 | 0100 | RGBA_8888    |    0.0    0.0  504.0 1428.0 |  492  672  996 2100 | PopupWindow:b683a7f$_3761#0
01-19 17:17:30.347  4945  4945 D SurfaceFlinger:      DEVICE | 0x759a4c04c0 | 0100 | RGBA_8888    |    0.0    0.0 1080.0   78.0 |    0    0 1080   78 | StatusBar$_5599#0
01-19 17:17:30.347  4945  4945 D SurfaceFlinger:      DEVICE | 0x759a4bfac0 | 0100 | RGBA_8888    |    0.0    0.0   67.0  362.0 | 1013 1637 1080 1999 | com.samsung.android.app.cocktailbars[...]rservice.CocktailBarService$_12823#0
01-19 17:17:30.347  4945  4945 D SurfaceFlinger:      DEVICE | 0x7579018900 | 0100 | RGBA_8888    |    0.0    0.0 1080.0  126.0 |    0 2214 1080 2340 | NavigationBar0$_5599#0
01-19 17:17:30.347  4945  4945 D SurfaceFlinger:      DEVICE | 0x759a4bdcc0 | 0140 | RGBA_8888    |    0.0    0.0 1080.0  151.0 |    0    0 1080  151 | ScreenDecorOverlay$_5599#0
01-19 17:17:30.347  4945  4945 D SurfaceFlinger:      DEVICE | 0x7564e1ba00 | 0140 | RGBA_8888    |    0.0    0.0 1080.0  151.0 |    0 2189 1080 2340 | ScreenDecorOverlayBottom$_5599#0
01-19 17:17:30.347  4945  4945 D SurfaceFlinger:
01-19 17:17:30.350  3761  3787 D ViewRootImpl@a6dca4c[PopupWindow:b683a7f]: Received frameCompleteCallback  lastAcquiredFrameNum=2 lastAttemptedDrawFrameNum=2
01-19 17:17:30.358  4945  4945 E SurfaceFlinger: Attempt to update InputPolicyFlags without permission ACCESS_SURFACE_FLINGER
01-19 17:17:30.358  4945  4945 E SurfaceFlinger: Attempt to update InputPolicyFlags without permission ACCESS_SURFACE_FLINGER
01-19 17:17:30.359  3761  3761 I ViewRootImpl@a6dca4c[PopupWindow:b683a7f]: [DP] pdf(0) 0 android.view.ViewRootImpl.lambda$addFrameCompleteCallbackIfNeeded$3$ViewRootImpl:5000 android.view.ViewRootImpl$$ExternalSyntheticLambda16.run:6 android.os.Handler.handleCallback:938
01-19 17:17:30.359  3761  3761 I ViewRootImpl@a6dca4c[PopupWindow:b683a7f]: [DP] rdf()
01-19 17:17:30.359  3761  3761 D ViewRootImpl@a6dca4c[PopupWindow:b683a7f]: reportDrawFinished (fn: -1)
01-19 17:17:30.360  3761  3761 I ViewRootImpl@a6dca4c[PopupWindow:b683a7f]: MSG_WINDOW_FOCUS_CHANGED 1 1
01-19 17:17:30.375  4945  4945 E SurfaceFlinger: Attempt to update InputPolicyFlags without permission ACCESS_SURFACE_FLINGER
01-19 17:17:30.375  4945  4945 E SurfaceFlinger: Attempt to update InputPolicyFlags without permission ACCESS_SURFACE_FLINGER
01-19 17:17:30.392  4945  4945 E SurfaceFlinger: Attempt to update InputPolicyFlags without permission ACCESS_SURFACE_FLINGER
01-19 17:17:30.392  4945  4945 E SurfaceFlinger: Attempt to update InputPolicyFlags without permission ACCESS_SURFACE_FLINGER
01-19 17:17:30.408  4945  4945 E SurfaceFlinger: Attempt to update InputPolicyFlags without permission ACCESS_SURFACE_FLINGER
01-19 17:17:30.409  4945  4945 E SurfaceFlinger: Attempt to update InputPolicyFlags without permission ACCESS_SURFACE_FLINGER
01-19 17:17:30.425  4945  4945 E SurfaceFlinger: Attempt to update InputPolicyFlags without permission ACCESS_SURFACE_FLINGER
01-19 17:17:30.425  4945  4945 E SurfaceFlinger: Attempt to update InputPolicyFlags without permission ACCESS_SURFACE_FLINGER
01-19 17:17:30.441  4945  4945 E SurfaceFlinger: Attempt to update InputPolicyFlags without permission ACCESS_SURFACE_FLINGER
01-19 17:17:30.442  4945  4945 E SurfaceFlinger: Attempt to update InputPolicyFlags without permission ACCESS_SURFACE_FLINGER
01-19 17:17:30.458  4945  4945 E SurfaceFlinger: Attempt to update InputPolicyFlags without permission ACCESS_SURFACE_FLINGER
01-19 17:17:30.459  4945  4945 E SurfaceFlinger: Attempt to update InputPolicyFlags without permission ACCESS_SURFACE_FLINGER
01-19 17:17:30.475  4945  4945 E SurfaceFlinger: Attempt to update InputPolicyFlags without permission ACCESS_SURFACE_FLINGER
01-19 17:17:30.475  4945  4945 E SurfaceFlinger: Attempt to update InputPolicyFlags without permission ACCESS_SURFACE_FLINGER
01-19 17:17:30.492  4945  4945 E SurfaceFlinger: Attempt to update InputPolicyFlags without permission ACCESS_SURFACE_FLINGER
01-19 17:17:30.492  4945  4945 E SurfaceFlinger: Attempt to update InputPolicyFlags without permission ACCESS_SURFACE_FLINGER
01-19 17:17:30.509  4945  4945 E SurfaceFlinger: Attempt to update InputPolicyFlags without permission ACCESS_SURFACE_FLINGER
01-19 17:17:30.525  4945  4945 E SurfaceFlinger: Attempt to update InputPolicyFlags without permission ACCESS_SURFACE_FLINGER
01-19 17:17:30.542  4945  4945 E SurfaceFlinger: Attempt to update InputPolicyFlags without permission ACCESS_SURFACE_FLINGER
01-19 17:17:30.559  4945  4945 E SurfaceFlinger: Attempt to update InputPolicyFlags without permission ACCESS_SURFACE_FLINGER
01-19 17:17:30.575  4945  4945 E SurfaceFlinger: Attempt to update InputPolicyFlags without permission ACCESS_SURFACE_FLINGER
01-19 17:17:30.592  4945  4945 E SurfaceFlinger: Attempt to update InputPolicyFlags without permission ACCESS_SURFACE_FLINGER
01-19 17:17:30.607  3761  3761 I ViewInteraction: Performing 'load adapter data' action on view is assignable from class <class android.widget.AdapterView>
01-19 17:17:30.648  3761  3761 I ViewInteraction: Performing 'single click' action on view  displaying data matching: (is an instance of java.lang.String and is "Current") within adapter view matching: is assignable from class <class android.widget.AdapterView>
01-19 17:17:30.655  5249  5761 D InputDispatcher: Inject motion (3761): action=0x0, time=5482775000000, f=0x0, d=0
01-19 17:17:30.656  5249  5413 I InputDispatcher: Delivering touch to (5599): action: 0x4, f=0x0, d=0, '9c44ca3', t=0
01-19 17:17:30.656  5249  5413 I InputDispatcher: Delivering touch to (3761): action: 0x0, f=0x0, d=0, 'c3ac0a5', t=0 +(-576,-756)
01-19 17:17:30.657  5249  5287 I GestureDetector: obtain mCurrentDownEvent. id: -618721509 caller: com.android.server.wm.SystemGesturesPointerEventListener.onPointerEvent:179 com.android.server.wm.PointerEventDispatcher.onInputEvent:71 android.view.InputEventReceiver.dispatchInputEvent:259
01-19 17:17:30.657  3761  3761 I ViewRootImpl@a6dca4c[PopupWindow:b683a7f]: ViewPostIme pointer 0
01-19 17:17:30.658  5249  5287 I GestureDetector: obtain mCurrentDownEvent. id: -618721509 caller: com.android.server.wm.SystemPerformancePointerEventListener.onPointerEvent:89 com.android.server.wm.PointerEventDispatcher.onInputEvent:71 android.view.InputEventReceiver.dispatchInputEvent:259
01-19 17:17:30.659  4945  4945 E SurfaceFlinger: Attempt to update InputPolicyFlags without permission ACCESS_SURFACE_FLINGER
01-19 17:17:30.677  5249  5504 D SemNscXgbMsL1: Probability - Cloud gaming: [0.023837116]
01-19 17:17:30.678  5249  5504 D SemNscXgbMsL1: Probability - Real time: [0.6529061]
01-19 17:17:30.678  5249  5504 D SemNscXgbMsL1: Probability - Non real time: [0.88697326]
01-19 17:17:30.678  5249  5504 D SemNscXgbMsL1: 1 sample inference time: 1.083423 msecs
01-19 17:17:30.680  5249  5504 D SemNscXgbL2Rt: L2 RT 1 sample inference time: 1.606924 msecs
01-19 17:17:30.681  5249  5504 D SemNscXgbL2Nrt: L2 NRT 1 sample inference time: 1.329346 msecs
01-19 17:17:30.682  5249  5504 I SemWifiServiceDetector: NSD results: [1, 1, 1, 0, 1, 1, 1, 1] Traff. type 1 Thr 0
01-19 17:17:30.683  5249  5507 D SemWifiOptimizer: enable=1 state=0x10 prev=0x00 new=0x10 force=0
01-19 17:17:30.696  5249  5761 D InputDispatcher: Inject motion (3761): action=0x1, time=5482818000000, f=0x0, d=0
01-19 17:17:30.697  5249  5413 I InputDispatcher: Delivering touch to (3761): action: 0x1, f=0x0, d=0, 'c3ac0a5', t=0 +(-576,-756)
01-19 17:17:30.697  5249  5287 I GestureDetector: obtain mCurrentMotionEventRaw. action: 1 id: -506205231
01-19 17:17:30.698  5249  5287 I GestureDetector: obtain mCurrentMotionEventRaw. action: 1 id: -506205231
01-19 17:17:30.698  3761  3761 I ViewRootImpl@a6dca4c[PopupWindow:b683a7f]: ViewPostIme pointer 1
01-19 17:17:30.699  3761  3761 D AbsListView: onTouchUp() mTouchMode : 0
01-19 17:17:30.726  4945  4945 E SurfaceFlinger: Attempt to update InputPolicyFlags without permission ACCESS_SURFACE_FLINGER
01-19 17:17:30.743  4945  4945 E SurfaceFlinger: Attempt to update InputPolicyFlags without permission ACCESS_SURFACE_FLINGER
01-19 17:17:30.759  4945  4945 E SurfaceFlinger: Attempt to update InputPolicyFlags without permission ACCESS_SURFACE_FLINGER
01-19 17:17:30.776  4945  4945 E SurfaceFlinger: Attempt to update InputPolicyFlags without permission ACCESS_SURFACE_FLINGER
01-19 17:17:30.790  5249  5761 V WindowManager: Relayout Window{c3ac0a5 u0 PopupWindow:b683a7f}: viewVisibility=0 req=336x1260 d0
01-19 17:17:30.792  7974  7974 I HBD     : c bee animation finished cnt=-1 2131231882
01-19 17:17:30.793  4945  4945 E SurfaceFlinger: Attempt to update InputPolicyFlags without permission ACCESS_SURFACE_FLINGER
01-19 17:17:30.798  4945  4965 I SurfaceFlinger: id=4432 createSurf (0x0),-1 flag=24000, Surface(name=1e58e32 StatusBar)/@0xf9f1b57 - animation-leash of insets_animation#0
01-19 17:17:30.801  4945  4965 I SurfaceFlinger: id=4433 createSurf (0x0),-1 flag=24000, Surface(name=9c44ca3 NavigationBar0)/@0x49015f3 - animation-leash of insets_animation#0
01-19 17:17:30.805  5249  5761 V WindowManager: Relayout hash=c3ac0a5, pid=3761: mAttrs={(576,756)(336x1260) gr=TOP START CENTER DISPLAY_CLIP_VERTICAL sim={state=unchanged adjust=pan} ty=APPLICATION_SUB_PANEL fmt=TRANSLUCENT surfaceInsets=Rect(84, 84 - 84, 84) (manual)
01-19 17:17:30.805  5249  5761 V WindowManager:   fl=41840218
01-19 17:17:30.805  5249  5761 V WindowManager:   pfl=42018000
01-19 17:17:30.805  5249  5761 V WindowManager:   bhv=DEFAULT
01-19 17:17:30.805  5249  5761 V WindowManager:   fitTypes=STATUS_BARS NAVIGATION_BARS CAPTION_BAR naviIconColor=0
01-19 17:17:30.805  5249  5761 V WindowManager:   sfl=20000}
01-19 17:17:30.817  3761  3761 I ViewRootImpl@a6dca4c[PopupWindow:b683a7f]: Relayout returned: old=(576,756,912,2016) new=(576,756,912,2016) req=(336,1260)0 dur=23 res=0x1 s={true 526540816384} ch=false fn=23
01-19 17:17:30.827  4945  4945 I Layer   : id=4429 removeFromCurrentState Surface(name=1e58e32 StatusBar)/@0xf9f1b57 - animation-leash of insets_animation#1 (109)
01-19 17:17:30.827  4945  4945 I Layer   : id=4430 removeFromCurrentState Surface(name=9c44ca3 NavigationBar0)/@0x49015f3 - animation-leash of insets_animation#1 (109)
01-19 17:17:30.828  4945  4945 I SurfaceFlinger: id=4429 Removed Surface(name=1e58e32 StatusBar)/@0xf9f1b57 - animation-leash of insets_animation#1 (109)
01-19 17:17:30.828  4945  4945 I SurfaceFlinger: id=4430 Removed Surface(name=9c44ca3 NavigationBar0)/@0x49015f3 - animation-leash of insets_animation#1 (109)
01-19 17:17:30.829  4945  4945 I Layer   : id=4429 Destroyed Surface(name=1e58e32 StatusBar)/@0xf9f1b57 - animation-leash of insets_animation#1
01-19 17:17:30.829  4945  4945 I Layer   : id=4430 Destroyed Surface(name=9c44ca3 NavigationBar0)/@0x49015f3 - animation-leash of insets_animation#1
01-19 17:17:30.834  5249  5761 D InputDispatcher: Focus left window (0): c3ac0a5 PopupWindow:b683a7f
01-19 17:17:30.834  5249  7671 D InputDispatcher: Focus entered window (0): ed0c352 com.myapp.alist/com.myapp.alist.ui.MainActivity
01-19 17:17:30.843  4945  4945 E SurfaceFlinger: Attempt to update InputPolicyFlags without permission ACCESS_SURFACE_FLINGER
01-19 17:17:30.859  4945  4945 E SurfaceFlinger: Attempt to update InputPolicyFlags without permission ACCESS_SURFACE_FLINGER
01-19 17:17:30.876  4945  4945 E SurfaceFlinger: Attempt to update InputPolicyFlags without permission ACCESS_SURFACE_FLINGER
01-19 17:17:30.876  3761  3761 D InsetsSourceConsumer: ensureControlAlpha: for ITYPE_NAVIGATION_BAR on com.myapp.alist/com.myapp.alist.ui.MainActivity
01-19 17:17:30.878  3761  3761 D InsetsSourceConsumer: ensureControlAlpha: for ITYPE_STATUS_BAR on com.myapp.alist/com.myapp.alist.ui.MainActivity
01-19 17:17:30.891  3761  3761 I ViewRootImpl@a6dca4c[PopupWindow:b683a7f]: MSG_WINDOW_FOCUS_CHANGED 0 1
01-19 17:17:30.893  4945  4945 E SurfaceFlinger: Attempt to update InputPolicyFlags without permission ACCESS_SURFACE_FLINGER
01-19 17:17:30.893  4945  4945 E SurfaceFlinger: Attempt to update InputPolicyFlags without permission ACCESS_SURFACE_FLINGER
01-19 17:17:30.895  3761  3761 I ViewRootImpl@e1b2006[MainActivity]: MSG_WINDOW_FOCUS_CHANGED 1 1
01-19 17:17:30.901  3761  3761 I InputMethodManager: startInputAsyncOnWindowFocusGain - mService.startInputOrWindowGainedFocus
01-19 17:17:30.909  4945  4945 E SurfaceFlinger: Attempt to update InputPolicyFlags without permission ACCESS_SURFACE_FLINGER
01-19 17:17:30.926  4945  4945 E SurfaceFlinger: Attempt to update InputPolicyFlags without permission ACCESS_SURFACE_FLINGER
01-19 17:17:30.943  4945  4945 E SurfaceFlinger: Attempt to update InputPolicyFlags without permission ACCESS_SURFACE_FLINGER
01-19 17:17:30.943  4945  4945 E SurfaceFlinger: Attempt to update InputPolicyFlags without permission ACCESS_SURFACE_FLINGER
01-19 17:17:30.957  5249  5287 I GestureDetector: handleMessage TAP
01-19 17:17:30.958  5249  5249 I GestureDetector: handleMessage TAP
01-19 17:17:30.992  4945  4945 E SurfaceFlinger: Attempt to update InputPolicyFlags without permission ACCESS_SURFACE_FLINGER
01-19 17:17:31.009  4945  4945 E SurfaceFlinger: Attempt to update InputPolicyFlags without permission ACCESS_SURFACE_FLINGER
01-19 17:17:31.026  4945  4945 E SurfaceFlinger: Attempt to update InputPolicyFlags without permission ACCESS_SURFACE_FLINGER
01-19 17:17:31.044  4945  4945 E SurfaceFlinger: Attempt to update InputPolicyFlags without permission ACCESS_SURFACE_FLINGER
01-19 17:17:31.060  4945  4945 E SurfaceFlinger: Attempt to update InputPolicyFlags without permission ACCESS_SURFACE_FLINGER
01-19 17:17:31.077  4945  4945 E SurfaceFlinger: Attempt to update InputPolicyFlags without permission ACCESS_SURFACE_FLINGER
01-19 17:17:31.093  4945  4945 E SurfaceFlinger: Attempt to update InputPolicyFlags without permission ACCESS_SURFACE_FLINGER
01-19 17:17:31.105  3761  3761 I ViewInteraction: Checking 'MatchesViewAssertion{viewMatcher=an instance of android.widget.Spinner and spinner.getSelectedItem().toString() to match a string containing "Current"}' assertion on view view.getId() is <2131296689/com.myapp.alist:id/spinner2>
01-19 17:17:31.110  4945  4945 E SurfaceFlinger: Attempt to update InputPolicyFlags without permission ACCESS_SURFACE_FLINGER
01-19 17:17:31.127  4945  4945 E SurfaceFlinger: Attempt to update InputPolicyFlags without permission ACCESS_SURFACE_FLINGER
01-19 17:17:31.132  3761  3761 I ViewInteraction: Checking 'MatchesViewAssertion{viewMatcher=an instance of android.widget.TextView and view.getText() with or without transformation to match: is "Select Mode: Containing"}' assertion on view view.getId() is <2131296397/com.myapp.alist:id/currentSelectTextView>
01-19 17:17:31.143  4945  4945 E SurfaceFlinger: Attempt to update InputPolicyFlags without permission ACCESS_SURFACE_FLINGER
01-19 17:17:31.150  3761  3761 I ViewInteraction: Checking 'MatchesViewAssertion{viewMatcher=an instance of android.widget.TextView and view.getText() with or without transformation to match: is "1 Row Selected"}' assertion on view view.getId() is <2131296545/com.myapp.alist:id/messageTextView>
01-19 17:17:31.160  4945  4945 E SurfaceFlinger: Attempt to update InputPolicyFlags without permission ACCESS_SURFACE_FLINGER
01-19 17:17:31.172  3761  3787 D OpenGLRenderer: setSurface called with nullptr
01-19 17:17:31.172  3761  3787 D OpenGLRenderer: setSurface() destroyed EGLSurface
01-19 17:17:31.172  3761  3787 D OpenGLRenderer: destroyEglSurface
01-19 17:17:31.175  5249  5995 I SemDvfsHyPerManager: acquire hyper - AMS_APP_SWITCH/5249@19, type = -999
01-19 17:17:31.175  4879  4941 I HYPER-HAL: [RequestManager.cpp]acquire(): Acquired ID : 13878565  [5249 / 19]    HINT : AMS_APP_SWITCH    list :
01-19 17:17:31.176  4945  4945 E SurfaceFlinger: Attempt to update InputPolicyFlags without permission ACCESS_SURFACE_FLINGER
01-19 17:17:31.179  3761  3761 I ViewRootImpl@a6dca4c[PopupWindow:b683a7f]: dispatchDetachedFromWindow
01-19 17:17:31.181  7683  7683 I SemDvfsHyPerManager: acquire hyper - APP_START_SHORT/7683@13, type = -999
01-19 17:17:31.181  4879  4941 I HYPER-HAL: [RequestManager.cpp]acquire(): Acquired ID : 29618069  [7683 / 13]    HINT : APP_START    list : [TIMEOUT / 1500]
01-19 17:17:31.183  4945  5860 I SurfaceFlinger: id=4434 createSurf (0x0),-1 flag=24004, Task=54#0
01-19 17:17:31.184  5249  5504 D SemNscXgbMsL1: Probability - Cloud gaming: [0.023714397]
01-19 17:17:31.184  5249  5504 D SemNscXgbMsL1: Probability - Real time: [0.4047632]
01-19 17:17:31.184  5249  5504 D SemNscXgbMsL1: Probability - Non real time: [0.7042879]
01-19 17:17:31.184  5249  5504 D SemNscXgbMsL1: 1 sample inference time: 0.352923 msecs
01-19 17:17:31.184  5249  5504 D SemNscXgbL2Rt: L2 RT 1 sample inference time: 0.609731 msecs
01-19 17:17:31.185  4945  5860 I SurfaceFlinger: id=4435 createSurf (0x0),-1 flag=80004, ActivityRecord{336a61b u0 com.myapp.alist.test/androidx.test.core.app.InstrumentationActivityInvoker$EmptyActivity t54}#0
01-19 17:17:31.185  5249  5504 D SemNscXgbL2Nrt: L2 NRT 1 sample inference time: 0.47877 msecs
01-19 17:17:31.190  5249  7671 I SemDvfsHyPerManager: acquire hyper - AMS_APP_LAUNCH/5249@14, type = -999
01-19 17:17:31.190  4879  4941 I HYPER-HAL: [RequestManager.cpp]acquire(): Acquired ID : 13852230  [5249 / 14]    HINT : AMS_APP_LAUNCH    list :
01-19 17:17:31.191  7683  7683 I SemDvfsHyPerManager: acquire hyper - APP_START/7683@14, type = -999
01-19 17:17:31.191  4879  4941 I HYPER-HAL: [RequestManager.cpp]acquire(): Acquired ID : 29625767  [7683 / 14]    HINT : APP_START    list :
01-19 17:17:31.192  5249  5548 D InputTransport: Input channel constructed: '80f88f7', fd=513
01-19 17:17:31.192  5249  5548 D InputTransport: Input channel constructed: '80f88f7', fd=587
01-19 17:17:31.192  5249  5548 D InputTransport: Input channel constructed: '80f88f7', fd=647
01-19 17:17:31.193  4945  5860 I SurfaceFlinger: id=4436 createSurf (0x0),-1 flag=80004, 80f88f7 Splash Screen com.myapp.alist.test#0
01-19 17:17:31.193  4945  4945 E SurfaceFlinger: Attempt to update InputPolicyFlags without permission ACCESS_SURFACE_FLINGER
01-19 17:17:31.193  5249  5548 D InputTransport: Input channel destroyed: '80f88f7', fd=647
01-19 17:17:31.193  5249  5761 D InputTransport: Input channel destroyed: 'c3ac0a5', fd=613
