01-19 17:17:18.841  7974  7974 I HBD     : HoneyBoardService [PF_OP][onStartInput]  14277539 ns
01-19 17:17:18.845  3761  3761 D InputMethodManager: startInputInner - Id : 0
01-19 17:17:18.848  5249  7671 D InputMethodManagerServicePhysicalKey: isConnectedDexOnPC false
01-19 17:17:18.848  5249  7671 D InputMethodManagerService: isImeSwitcherDisabledPackage : false
01-19 17:17:18.849  4945  4945 I Layer   : id=4356 removeFromCurrentState Splash Screen com.myapp.alist$_5599#0 (104)
01-19 17:17:18.849  7974  7974 I MSHandlerLifeCycle: isMultiSplitHandlerRequested: ignored. pkg=com.samsung.android.honeyboard isActivity=false callers=com.android.internal.policy.DecorView.setVisibility:4295 android.app.Dialog.hide:741 android.inputmethodservice.InputMethodService.removeImeSurface:1143 android.inputmethodservice.InputMethodService.scheduleImeSurfaceRemoval:1136 android.inputmethodservice.InputMethodService.access$1400:354
01-19 17:17:18.849  7974  7974 I MSHandlerLifeCycle: removeMultiSplitHandler: no exist. decor=DecorView@73efe47[InputMethod]
01-19 17:17:18.849  4945  4945 I Layer   : id=4355 removeFromCurrentState 6a26a9a Splash Screen com.myapp.alist#0 (104)
01-19 17:17:18.849  4945  4945 I Layer   : id=4366 removeFromCurrentState Surface(name=6a26a9a Splash Screen com.myapp.alist)/@0xe9d8477 - animation-leash of window_animation#0 (104)
01-19 17:17:18.849  4945  4945 I SurfaceFlinger: id=4355 Removed 6a26a9a Splash Screen com.myapp.alist#0 (104)
01-19 17:17:18.849  4945  4945 I SurfaceFlinger: id=4356 Removed Splash Screen com.myapp.alist$_5599#0 (104)
01-19 17:17:18.849  4945  4945 I SurfaceFlinger: id=4366 Removed Surface(name=6a26a9a Splash Screen com.myapp.alist)/@0xe9d8477 - animation-leash of window_animation#0 (104)
01-19 17:17:18.850  4945  4945 I Layer   : id=4366 Destroyed Surface(name=6a26a9a Splash Screen com.myapp.alist)/@0xe9d8477 - animation-leash of window_animation#0
01-19 17:17:18.850  4945  4945 I Layer   : id=4355 Destroyed 6a26a9a Splash Screen com.myapp.alist#0
01-19 17:17:18.851  4945  4945 I Layer   : id=4356 Destroyed Splash Screen com.myapp.alist$_5599#0
01-19 17:17:18.854  4945  4945 D SurfaceFlinger: Display 0 HWC layers:
01-19 17:17:18.854  4945  4945 D SurfaceFlinger:      DEVICE | 0x759a4bda40 | 0102 | RGBA_8888    |    0.0    0.0 1080.0 2340.0 |    0    0 1080 2340 | com.myapp.alist/com.myapp.alist.ui.MainActivity$_3761#0
01-19 17:17:18.854  4945  4945 D SurfaceFlinger:      DEVICE | 0x759a4c04c0 | 0100 | RGBA_8888    |    0.0    0.0 1080.0   78.0 |    0    0 1080   78 | StatusBar$_5599#0
01-19 17:17:18.854  4945  4945 D SurfaceFlinger:      DEVICE | 0x7564d6c240 | 0100 | RGBA_8888    |    0.0    0.0   67.0  362.0 | 1013 1637 1080 1999 | com.samsung.android.app.cocktailbars[...]rservice.CocktailBarService$_12823#0
01-19 17:17:18.854  4945  4945 D SurfaceFlinger:      DEVICE | 0x7579018900 | 0100 | RGBA_8888    |    0.0    0.0 1080.0  126.0 |    0 2214 1080 2340 | NavigationBar0$_5599#0
01-19 17:17:18.854  4945  4945 D SurfaceFlinger:      DEVICE | 0x759a4bdcc0 | 0140 | RGBA_8888    |    0.0    0.0 1080.0  151.0 |    0    0 1080  151 | ScreenDecorOverlay$_5599#0
01-19 17:17:18.854  4945  4945 D SurfaceFlinger:      DEVICE | 0x7564e1ba00 | 0140 | RGBA_8888    |    0.0    0.0 1080.0  151.0 |    0 2189 1080 2340 | ScreenDecorOverlayBottom$_5599#0
01-19 17:17:18.854  4945  4945 D SurfaceFlinger:
01-19 17:17:18.856  5249  7671 V WindowManager: Relayout Window{1d9a2ce u0 NotificationShade}: viewVisibility=4 req=1080x2340 d0
01-19 17:17:18.859  5249  7671 V WindowManager: Relayout hash=1d9a2ce, pid=5599: mAttrs={(0,0)(fillxfill) gr=TOP CENTER_VERTICAL sim={adjust=resize} layoutInDisplayCutoutMode=always ty=2040 fmt=TRANSLUCENT
01-19 17:17:18.859  5249  7671 V WindowManager:   fl=81840048
01-19 17:17:18.859  5249  7671 V WindowManager:   pfl=1b000000
01-19 17:17:18.859  5249  7671 V WindowManager:   bhv=SHOW_TRANSIENT_BARS_BY_SWIPE naviIconColor=0
01-19 17:17:18.859  5249  7671 V WindowManager:   sfl=42000}
01-19 17:17:18.859  5599  5599 I ViewRootImpl@7de5e0e[NotificationShade]: Relayout returned: old=(0,0,1080,2340) new=(0,0,1080,2340) req=(1080,2340)4 dur=3 res=0x1 s={false 0} ch=false fn=-1
01-19 17:17:18.861  5599  5599 D KeyguardBottomAreaShortcutView: updateCameraVisibility isCameraDisabled:false visible:true
01-19 17:17:18.861  5599  5599 D KeyguardBottomAreaShortcutView: mIndicationArea margin start : 163, end : 163, bottom : 150
01-19 17:17:18.862  5599  5599 D QS      : setQSExpansion 0.0 -110.774994
01-19 17:17:18.862  5599  5599 D QS      : setQSExpansion 0.0 -110.774994
01-19 17:17:18.863  5599  5599 D IndicatorGardenInputProperty: updateRotation() prv:-1 >> new:0
01-19 17:17:18.864  5599  5599 D DeviceState: getDeviceResolutionPixelSize - currentDensity = 420 deviceDensity = 420 initialDisplaySizeFactor = 1080 currentDisplaySizeFactor = 1080 initialDisplayDensity = 420 proportionalDensity = 420 proportionalPixel = 0
01-19 17:17:18.864  5599  5599 D DeviceState: getDeviceResolutionPixelSize - currentDensity = 420 deviceDensity = 420 initialDisplaySizeFactor = 1080 currentDisplaySizeFactor = 1080 initialDisplayDensity = 420 proportionalDensity = 420 proportionalPixel = 0
01-19 17:17:18.864  5599  5599 D DeviceState: getDeviceResolutionPixelSize - currentDensity = 420 deviceDensity = 420 initialDisplaySizeFactor = 1080 currentDisplaySizeFactor = 1080 initialDisplayDensity = 420 proportionalDensity = 420 proportionalPixel = 0
01-19 17:17:18.864  5599  5599 E IndicatorGardenAlgorithmBasicCutout: NOT MATCH !!!! resourceHeight:78, cutoutHeight:83 ([IndicatorGardenInputProperty]  Rotation(0-0,90-1,180-2,270-3)0, Density:2.625, ScreenWidthSize:1080, CoverSidePadding:0, mIndicatorGardenCenterOffset:11, mCameraCutoutCropSize:80, mGardenPaddingStart:21, mIndicatorCornerPadding:0, mCameraSidePadding:0, mCameraTopMargin:0, DpCutout:DisplayCutout{insets=Rect(0, 83 - 0, 0) waterfall=Insets{left=0, top=0, right=0, bottom=0} boundingRect={Bounds=[Rect(0, 0 - 0, 0), Rect(443, 0 - 637, 83), Rect(0, 0 - 0, 0), Rect(0, 0 - 0, 0)]} cutoutPathParserInfo={CutoutPathParserInfo{displayWidth=1080 displayHeight=2340 density={2.625} cutoutSpec={M36.95,0C26.35,0,24.15,3.8,23.15,9.8 l-0.1,0.7c-1.7,9.6-9.3,17.2-18.9,18.9c-12.7,2.2-24.8-6.2-27-18.9 c0,0-0.1-0.7-0.1-0.7C-24.15,3.8,-26.25,0,-36.95,0Z @dp} rotation={0} scale={1.0}}}})
01-19 17:17:18.864  5599  5599 E IndicatorGardenAlgorithmBasicCutout: NOT MATCH !!!! resourceHeight:78, cutoutHeight:83 ([IndicatorGardenInputProperty]  Rotation(0-0,90-1,180-2,270-3)0, Density:2.625, ScreenWidthSize:1080, CoverSidePadding:0, mIndicatorGardenCenterOffset:11, mCameraCutoutCropSize:80, mGardenPaddingStart:21, mIndicatorCornerPadding:0, mCameraSidePadding:0, mCameraTopMargin:0, DpCutout:DisplayCutout{insets=Rect(0, 83 - 0, 0) waterfall=Insets{left=0, top=0, right=0, bottom=0} boundingRect={Bounds=[Rect(0, 0 - 0, 0), Rect(443, 0 - 637, 83), Rect(0, 0 - 0, 0), Rect(0, 0 - 0, 0)]} cutoutPathParserInfo={CutoutPathParserInfo{displayWidth=1080 displayHeight=2340 density={2.625} cutoutSpec={M36.95,0C26.35,0,24.15,3.8,23.15,9.8 l-0.1,0.7c-1.7,9.6-9.3,17.2-18.9,18.9c-12.7,2.2-24.8-6.2-27-18.9 c0,0-0.1-0.7-0.1-0.7C-24.15,3.8,-26.25,0,-36.95,0Z @dp} rotation={0} scale={1.0}}}})
01-19 17:17:18.866  4945  4945 E SurfaceFlinger: Attempt to update InputPolicyFlags without permission ACCESS_SURFACE_FLINGER
01-19 17:17:18.882  4945  4945 E SurfaceFlinger: Attempt to update InputPolicyFlags without permission ACCESS_SURFACE_FLINGER
01-19 17:17:18.899  3761  3781 W FileTestStorage: Output properties is not supported.
01-19 17:17:18.900  3761  3781 I Tracing : Tracer added: class androidx.test.platform.tracing.AndroidXTracer
01-19 17:17:18.911  3761  3781 D EventInjectionStrategy: Creating injection strategy with input manager.
01-19 17:17:18.911  3761  3781 W com.myapp.alis: Accessing hidden method Landroid/hardware/input/InputManager;->getInstance()Landroid/hardware/input/InputManager; (unsupported, reflection, allowed)
01-19 17:17:18.911  3761  3781 W com.myapp.alis: Accessing hidden method Landroid/hardware/input/InputManager;->injectInputEvent(Landroid/view/InputEvent;I)Z (unsupported, reflection, allowed)
01-19 17:17:18.911  3761  3781 W com.myapp.alis: Accessing hidden field Landroid/hardware/input/InputManager;->INJECT_INPUT_EVENT_MODE_WAIT_FOR_FINISH:I (unsupported, reflection, allowed)
01-19 17:17:18.930  3761  3781 W com.myapp.alis: Accessing hidden method Landroid/view/ViewConfiguration;->getDoubleTapMinTime()I (unsupported, reflection, allowed)
01-19 17:17:18.940  3761  3761 W com.myapp.alis: Accessing hidden method Landroid/os/MessageQueue;->next()Landroid/os/Message; (unsupported, reflection, allowed)
01-19 17:17:18.940  3761  3761 W com.myapp.alis: Accessing hidden field Landroid/os/MessageQueue;->mMessages:Landroid/os/Message; (unsupported, reflection, allowed)
01-19 17:17:18.943  3761  3761 W com.myapp.alis: Accessing hidden method Landroid/os/Message;->recycleUnchecked()V (unsupported, reflection, allowed)
01-19 17:17:18.949  3761  3761 W com.myapp.alis: Accessing hidden method Landroid/view/WindowManagerGlobal;->getInstance()Landroid/view/WindowManagerGlobal; (unsupported, reflection, allowed)
01-19 17:17:18.949  3761  3761 W com.myapp.alis: Accessing hidden field Landroid/view/WindowManagerGlobal;->mViews:Ljava/util/ArrayList; (unsupported, reflection, allowed)
01-19 17:17:18.949  3761  3761 W com.myapp.alis: Accessing hidden field Landroid/view/WindowManagerGlobal;->mParams:Ljava/util/ArrayList; (unsupported, reflection, allowed)
01-19 17:17:18.955  3761  3761 I ViewInteraction: Performing 'type text(Name 1)' action on view view.getId() is <2131296493/com.myapp.alist:id/input1EditText>
01-19 17:17:18.962  6241  8613 I FontLog : (REDACTED) Received query %s, URI %s
01-19 17:17:18.962  6241  8613 I FontLog : (REDACTED) Query [%s] resolved to %s
01-19 17:17:18.963  6241  8613 I FontLog : (REDACTED) Fetch %s end status %s
01-19 17:17:18.965  5249  5761 D InputDispatcher: Inject motion (3761): action=0x0, time=5471087000000, f=0x0, d=0
01-19 17:17:18.965  5249  5413 I InputDispatcher: Delivering touch to (5599): action: 0x4, f=0x0, d=0, '9c44ca3', t=0
01-19 17:17:18.965  5249  5413 I InputDispatcher: Delivering touch to (3761): action: 0x0, f=0x0, d=0, '7e491a1', t=0
01-19 17:17:18.966  3761  3761 I ViewRootImpl@ceb39a2[MainActivity]: ViewPostIme pointer 0
01-19 17:17:18.967  3761  3761 I MSHandlerLifeCycle: isMultiSplitHandlerRequested: windowingMode=1 isFullscreen=true isPopOver=false isHidden=false skipActivityType=false isHandlerType=false this: DecorView@a750a06[MainActivity]
01-19 17:17:18.968  5249  5287 I GestureDetector: obtain mCurrentDownEvent. id: -489497809 caller: com.android.server.wm.SystemGesturesPointerEventListener.onPointerEvent:179 com.android.server.wm.PointerEventDispatcher.onInputEvent:71 android.view.InputEventReceiver.dispatchInputEvent:259
01-19 17:17:18.970  5249  5287 I GestureDetector: obtain mCurrentDownEvent. id: -489497809 caller: com.android.server.wm.SystemPerformancePointerEventListener.onPointerEvent:89 com.android.server.wm.PointerEventDispatcher.onInputEvent:71 android.view.InputEventReceiver.dispatchInputEvent:259
01-19 17:17:18.971  5249  7671 I InputMethodManagerService: isInputMethodShown: isShown=false
01-19 17:17:18.974  6241  8613 I FontLog : (REDACTED) Pulling font file for id = %d, cache size = %d
01-19 17:17:18.979  6241  8613 I FontLog : (REDACTED) Pulling font file for id = %d, cache size = %d
01-19 17:17:18.983  4504  4504 W keymaster_tee: [WRN]begin req PARAMS: A32 B32 P1
01-19 17:17:18.986  4503 20990 I keystore2: keystore2::security_level: In create_operation. Success to create IKeystoreOperation. 10198, None
01-19 17:17:19.006  5249  5761 D InputDispatcher: Inject motion (3761): action=0x1, time=5471129000000, f=0x0, d=0
01-19 17:17:19.007  5249  5413 I InputDispatcher: Delivering touch to (3761): action: 0x1, f=0x0, d=0, '7e491a1', t=0
01-19 17:17:19.007  5249  5287 I GestureDetector: obtain mCurrentMotionEventRaw. action: 1 id: -576862531
01-19 17:17:19.007  5249  5287 I GestureDetector: obtain mCurrentMotionEventRaw. action: 1 id: -576862531
01-19 17:17:19.008  3761  3761 I ViewRootImpl@ceb39a2[MainActivity]: ViewPostIme pointer 1
01-19 17:17:19.008  3761  3761 I MSHandlerLifeCycle: isMultiSplitHandlerRequested: windowingMode=1 isFullscreen=true isPopOver=false isHidden=false skipActivityType=false isHandlerType=false this: DecorView@a750a06[MainActivity]
01-19 17:17:19.019  4504  4504 W keymaster_tee: [WRN]begin req PARAMS: A32 B32 P1
01-19 17:17:19.021  3761  3761 D InputMethodManager: startInputInner - Id : 0
01-19 17:17:19.021  3761  3761 I InputMethodManager: startInputInner - mService.startInputOrWindowGainedFocus
01-19 17:17:19.022  4503 20990 I keystore2: keystore2::security_level: In create_operation. Success to create IKeystoreOperation. 10198, None
01-19 17:17:19.023  5249  7650 D InputMethodManagerService: mDesktopModeManager null!
01-19 17:17:19.023  5249  7650 V InputMethodManagerService: getDisplayIdOfInputMethodWindowToBeAdded : 0
01-19 17:17:19.023  5249  7650 D InputMethodManagerService: checkDisplayOfStartInputAndUpdateKeyboard display Id 0last 0
01-19 17:17:19.023  5249  7650 D InputTransport: Input channel constructed: 'ClientS', fd=806
01-19 17:17:19.023  5249  7650 D InputTransport: Input channel destroyed: 'ClientS', fd=806
01-19 17:17:19.024  7974  7974 I HBD     : HoneyBoardService onFinishInput
01-19 17:17:19.024  3761  3761 D CompatibilityChangeReporter: Compat change id reported: 163400105; UID 10439; state: ENABLED
01-19 17:17:19.024  3761  3761 I IMM_LC  : showSoftInput(View,I)
01-19 17:17:19.024  7974  7974 I HBD     : a IC have been unbinding,  InputConnectionWrapper{idHash=#e293846 mMissingMethods=}
01-19 17:17:19.024  7974  7974 I HBD     : HoneyBoardService [PF_CL][onFinishInput]  530192 ns
01-19 17:17:19.024  3761  3761 I IMM_LC  : ssi() - flag : 0 view : com.myapp.alist reason = SHOW_SOFT_INPUT
01-19 17:17:19.025  7974  7974 I HBD     : HoneyBoardService onInlineSuggestionsResponse
01-19 17:17:19.025  7974  7974 I HBD     : HoneyBoardService onCreateInlineSuggestionsRequest
01-19 17:17:19.025  5249  7650 V InputMethodManagerService: Client requesting input be shown, flags : 0
01-19 17:17:19.025  5249  7650 D InputMethodManagerService: ACCESS_CONTROL_ENABLED = false, ACCESS_CONTROL_KEYBOARD_BLOCK = false
01-19 17:17:19.030  3761  3761 D Editor  : waiting for the right moment
01-19 17:17:19.031  7974  7974 I HBD     : HoneyBoardService [IMI] onStartInput - caller pid : 3761 , caller uid : 10439
01-19 17:17:19.031  7974  7974 I HBD     : j updateConfigs
01-19 17:17:19.031  7974  7974 I HBD     : j isEnabledNightMode : false
01-19 17:17:19.031  7974  7974 I HBD     : a IC have been binding, InputConnectionWrapper{idHash=#6ea4734 mMissingMethods=}
01-19 17:17:19.031  7974  7974 W HBD     : b [EditorInputType] undefined Enter action code : 0x40000005
01-19 17:17:19.031  7974  7974 I HBD     : h [EditorInputType]setPrivateImeOptionsToTable privateImeOptions ( null )
01-19 17:17:19.031  7974  7974 I HBD     : b incognitoMode : false
01-19 17:17:19.031  7974  7974 W HBD     : b [EditorInputType] undefined Enter action code : 0x40000005
01-19 17:17:19.031  7974  7974 I HBD     : a [CPS]isPredictionOnByLanguage :false, isForceOff : false, isPredictionOn : true , isOnPref : true
01-19 17:17:19.032  7974  7974 I HBD     : h getDefaultInputRange : UNKNOWN
01-19 17:17:19.032  7974  7974 I HBD     : h getDefaultInputRange : UNKNOWN
01-19 17:17:19.032  7974  7974 I HBD     : h getDefaultInputRange : UNKNOWN
01-19 17:17:19.033  7974  7974 I HBD     : a update cached prediction status : true
01-19 17:17:19.033  7974  7974 I HBD     : h getDefaultInputRange : UNKNOWN
01-19 17:17:19.033  7974  7974 I HBD     : a currentState : 0
01-19 17:17:19.034  7974  7974 I HBD     : h load selected json path : /data/user/0/com.samsung.android.honeyboard/files/selected.json
01-19 17:17:19.034  7974  7974 I HBD     : h load selected json info : {"version":"1.0","currentLanguageOrder":0,"selected":[{"activeOptionList":["auto_spacing","writing_assistant"],"engName":"English","id":65538,"inputType":"qwerty","isUsed":true}]}
01-19 17:17:19.034  7974  7974 I HBD     : a [UpdatePolicy] [post] a: 0 cl: 65538 kit: [0/0] vt: 0 ir: 1
01-19 17:17:19.035  7974  7974 I HBD     : HoneyBoardService [PF_OP][onStartInput]  3944731 ns
01-19 17:17:19.035  7974  7974 I HBD     : HoneyBoardService onViewClicked
01-19 17:17:19.038  7974  7974 I HBD     : HoneyBoardService [PF_OP][onViewClicked]  198346 ns
01-19 17:17:19.038  7974  7974 I InputMethod: showSoftInput(), flags : 1
01-19 17:17:19.039  5249  5761 I InputMethodManagerService: isAccessoryKeyboard 0
01-19 17:17:19.039  7974  7974 I HBD     : HoneyBoardService onEvaluateInputViewShown: true
01-19 17:17:19.041  7974  7974 I DecorView: notifyKeepScreenOnChanged: keepScreenOn=false
01-19 17:17:19.041  7974  7974 I MSHandlerLifeCycle: isMultiSplitHandlerRequested: ignored. pkg=com.samsung.android.honeyboard isActivity=false callers=com.android.internal.policy.DecorView.hasMultiSplitHandlerInNonFreeformMode:891 com.android.internal.policy.DecorView.notifyKeepScreenOnChanged:885 android.view.ViewRootImpl.applyKeepScreenOnFlag:2945 android.view.ViewRootImpl.setLayoutParams:2108 android.view.WindowManagerGlobal.updateViewLayout:537
01-19 17:17:19.042  5249  5761 I InputMethodManagerService: isAccessoryKeyboard 0
01-19 17:17:19.042  7974  7974 I HBD     : HoneyBoardService onEvaluateInputViewShown: true
01-19 17:17:19.042  7974  7974 I HBD     : HoneyBoardService onStartInputView : restarting = false, client = com.myapp.alist
01-19 17:17:19.042  7974  7974 W HBD     : b [EditorInputType] undefined Enter action code : 0x40000005
01-19 17:17:19.042  7974  7974 I HBD     : h [EditorInputType]setPrivateImeOptionsToTable privateImeOptions ( null )
01-19 17:17:19.043  7974  7974 I HBD     : b incognitoMode : false
01-19 17:17:19.043  7974  7974 W HBD     : b [EditorInputType] undefined Enter action code : 0x40000005
01-19 17:17:19.043  7974  7974 I HBD     : h getDefaultInputRange : UNKNOWN
01-19 17:17:19.043  7974  7974 I HBD     : h getDefaultInputRange : UNKNOWN
01-19 17:17:19.043  7974  7974 I HBD     : h getDefaultInputRange : UNKNOWN
01-19 17:17:19.043  7974  7974 I HBD     : HoneyBoardService onStartInputViewInternal: inputType=0x20001, imeOptions=0x48000005, initialSelStart=0, initialSelEnd=0
01-19 17:17:19.043  7974  7974 I HBD     : f applyThemesPolicy
01-19 17:17:19.043  7974  7974 I HBD     : e mUsedOpenTheme = false IsRequiredDarkTypeTheme = false night mode : false mIsEnabledHighContrast = false mIsOpenThemeForHoneyBoardInstalled = false mIsWallpaperThemeInstalled = false mIsThemeParkTheme = false
01-19 17:17:19.043  7974  7974 I HBD     : f ThemeIndex By PolicyInternal theme index :  285212672 Light
01-19 17:17:19.043  7974  7974 I HBD     : f update KeyboardTheme themeIndex : 0x 11000000  theme :  Light
01-19 17:17:19.043  7974  7974 I HBD     : a set Theme convertedIndex : 2
01-19 17:17:19.043  7974  7974 I HBD     : a themeStyleSet :2
01-19 17:17:19.044  7974  7974 I HBD     : a updatePredictionStatus : 1, editorOpt
01-19 17:17:19.044  7974  7974 I HBD     : a updateForEditorClass isPredictionOn = true
01-19 17:17:19.044  7974  8633 I SemDvfsHyPerManager: acquire hyper - SKBD_RE_ENTER_SHOW/7974@1, type = -999
01-19 17:17:19.044  4504  4504 W keymaster_tee: [WRN]begin req PARAMS: A32 B32 P1
01-19 17:17:19.045  4879  4941 I HYPER-HAL: [RequestManager.cpp]acquire(): Acquired ID : 31804301  [7974 / 1]    HINT : KBD_APP_RE_ENTER_VIEW    list : [TIMEOUT / 400]
01-19 17:17:19.047  3761  3761 I AssistStructure: Flattened final assist data: 4780 bytes, containing 1 windows, 25 views
01-19 17:17:19.048  4503 20990 I keystore2: keystore2::security_level: In create_operation. Success to create IKeystoreOperation. 10198, None
01-19 17:17:19.049  4945  4945 E SurfaceFlinger: Attempt to update InputPolicyFlags without permission ACCESS_SURFACE_FLINGER
01-19 17:17:19.054  7974  7974 I HBD     : al EBD ssu f 1
01-19 17:17:19.057  7974  7974 I HBD     : a [UpdatePolicy] [post] a: 1 cl: 65538 kit: [0/0] vt: 0 ir: 1
01-19 17:17:19.057  5249  7650 D SecContentProvider: query(), uri = 17 selection = isSettingsChangesAllowed
01-19 17:17:19.057  7974  7974 I HBD     : a update cached prediction status : true
01-19 17:17:19.059  5249  7650 D SecContentProvider: query(), uri = 17 selection = isSettingsChangesAllowed
01-19 17:17:19.060  6241  6241 W AutofillChimeraService: Pending fill request while another request in the same session was triggered. [CONTEXT service_id=177 ]
01-19 17:17:19.060  7974  8572 I HBD     : m updated Sub Types. English
01-19 17:17:19.060  7974  7974 I HBD     : a [SKE_TAM] Changed false
01-19 17:17:19.061  7974  7974 I HBD     : a refresh(), mParameterMode,  0
01-19 17:17:19.062  7974  7974 I HBD     : a update cached prediction status : true
01-19 17:17:19.062  7974  7974 I HBD     : ::BnR:: d HONEY_SUPPORT_DATA_MIGRATION_FROM_SKBD : true, isMigrateNotNeeded : true, isFinishMigPreferences : false, isPasswordInputType : falseisUserUnlocked : true
01-19 17:17:19.063  7974  7974 I HBD     : b updateMultiTapTimeValue
01-19 17:17:19.063  7974  7974 I HBD     : b getMultiTapTimeoutValue
01-19 17:17:19.063  7974  7974 I HBD     : b getSingleVowelMultiTapTimeoutValue
01-19 17:17:19.065  7974  7974 I HBD     : a onBind
01-19 17:17:19.065  7974  7974 I HBD     : b [EditorEnterActionItem] updateConfig: 0x3 to 0x40000005
01-19 17:17:19.066  7974  7974 I HBD     : b updateConfig: [LanguageItem] English / [KeyboardViewTypeItem] 0 / [KeyboardInputTypeItem] mainType(0), subType(0) / [CurrentLanguageInputTypeItem] mainType(0), subType(0) / [KeyboardInputRangeItem] 1 / [HandwritingModeItem] false / [SelectedLanguageItem] 1 / [LocaleItem] en-GB / [TextOrNullInputClassItem] true / [DateInputTypeItem] false / [DateTimeInputTypeItem] false /
01-19 17:17:19.066  7974  7974 I HBD     : b updateConfig: [DecimalNumberInputTypeItem] false / [NumberOnlyInputTypeItem] false / [NumberPasswordInputTypeItem] false / [PhoneNumberInputClassItem] false / [SignedDecimalNumberInputTypeItem] false / [SignedNumberInputTypeItem] false / [EmailInputTypeItem] false / [UrlInputTypeItem] false / [UrlEmailModeItem] false / [PasswordInputTypeItem] false / [WebPasswordEditorItem] false /
01-19 17:17:19.066  7974  7974 I HBD     : b updateConfig: [NumberInputClassItem] false / [DateTimeInputClassItem] false / [DigitEditorItem] false / [MonthInputTypeItem] false / [YearDateTimeInputTypeItem] false / [IPAddressInputTypeItem] false / [FileNameInputTypeItem] false / [CustomSymbolsForPeriodKeyItem] false / [OptionInputTypeItem] false / [DisableHanjaInputItem] false / [DisableCmKeyInputItem] false /
01-19 17:17:19.066  7974  7974 I HBD     : b updateConfig: [DisableCommaKeyInputItem] false / [DisableLanguageChangeKeyItem] false / [DisableSpaceKeyItem] false / [NumberPickerInputItem] false / [TimeInputTypeItem] false / [NumberKeyFirstLineItem] true / [AlternativeCharacterItem] false / [SimpleRowStyleItem] false / [HighContrastItem] false / [TouchAndHoldSpaceBarTypeItem] cursor_control / [UseContinuousInputItem] false /
01-19 17:17:19.066  7974  7974 I HBD     : b updateConfig: [UseToolBarItem] true / [OrientationItem] false / [DensityItem] 2.625 / [DisplayWidthItem] 0x1080 / [DisplayHeightItem] 0x2131 / [MainTextLabelItem] 1 / [LanguageSwitchingUsingSpaceBarItem] true / [LanguageSwitchingUsingKeyItem] false / [TransliterationTypingModeItem] false / [CoverDisplayModeItem] false / [TalkBackEnabledItem] false /
01-19 17:17:19.066  7974  7974 I HBD     : b [VoiceEnabledItem] updateConfig: false to true
01-19 17:17:19.066  7974  7974 I HBD     : b updateConfig: [Japanese8FlickCustomisationItem] false / [VoiceEnabledItem] true / [SamsungVoiceImeItem] false / [PredictionStatusItem] true /
01-19 17:17:19.066  7974  7974 I HBD     : b updateKeyboardViewHolder: MAKE NEW E: false CC: 1 UC: true
01-19 17:17:19.067  7974  3833 I HBD     : bd requestCursorUpdates returned  true ,  3
01-19 17:17:19.067  7974  3831 I HBD     : a InputMethodSubtype is set as local:en_GB
01-19 17:17:19.068  6847  6847 D BoundBrokerSvc: onBind: Intent { act=com.google.android.mdd.service.START dat=chimera-action: cmp=com.google.android.gms/.chimera.GmsBoundBrokerService }
01-19 17:17:19.068  6847  6847 D BoundBrokerSvc: Loading bound service for intent: Intent { act=com.google.android.mdd.service.START dat=chimera-action: cmp=com.google.android.gms/.chimera.GmsBoundBrokerService }
01-19 17:17:19.069  7974  7974 I HBD     : d [NormalPresenterLocator] processLocateKeyboard: isUseCached(true), isUseKeysCafe(false)
01-19 17:17:19.073  5249  7650 D SecContentProvider: query(), uri = 15 selection = isClipboardShareAllowedAsUser
01-19 17:17:19.083   437   529 E Finsky  : [199] ajws.l(30): Error while reading encrypted model
01-19 17:17:19.083   437   529 E Finsky  : java.security.GeneralSecurityException: decryption failed
01-19 17:17:19.083   437   529 E Finsky  : 	at aryc.a(PG:89)
01-19 17:17:19.083   437   529 E Finsky  : 	at ajws.l(PG:17)
01-19 17:17:19.083   437   529 E Finsky  : 	at zxh.apply(PG:50)
01-19 17:17:19.083   437   529 E Finsky  : 	at j$.util.Optional.map(SourceFile:17)
01-19 17:17:19.083   437   529 E Finsky  : 	at ajcf.<init>(PG:80)
01-19 17:17:19.083   437   529 E Finsky  : 	at aibn.apply(PG:234)
01-19 17:17:19.083   437   529 E Finsky  : 	at j$.util.stream.s.accept(SourceFile:44)
01-19 17:17:19.083   437   529 E Finsky  : 	at j$.util.stream.s.accept(SourceFile:66)
01-19 17:17:19.083   437   529 E Finsky  : 	at j$.util.a.forEachRemaining(SourceFile:20)
01-19 17:17:19.083   437   529 E Finsky  : 	at j$.util.stream.c.y(SourceFile:21)
01-19 17:17:19.083   437   529 E Finsky  : 	at j$.util.stream.G.a(SourceFile:10)
01-19 17:17:19.083   437   529 E Finsky  : 	at j$.util.stream.c.K(SourceFile:35)
01-19 17:17:19.083   437   529 E Finsky  : 	at j$.util.stream.C1.forEach(SourceFile:10)
01-19 17:17:19.083   437   529 E Finsky  : 	at aiwf.a(PG:394)
01-19 17:17:19.083   437   529 E Finsky  : 	at aruf.e(PG:3)
01-19 17:17:19.083   437   529 E Finsky  : 	at aruh.run(PG:42)
01-19 17:17:19.083   437   529 E Finsky  : 	at java.util.concurrent.ThreadPoolExecutor.runWorker(ThreadPoolExecutor.java:1145)
01-19 17:17:19.083   437   529 E Finsky  : 	at java.util.concurrent.ThreadPoolExecutor$Worker.run(ThreadPoolExecutor.java:644)
01-19 17:17:19.083   437   529 E Finsky  : 	at mtg.run(PG:381)
01-19 17:17:19.083   437   529 E Finsky  : 	at java.lang.Thread.run(Thread.java:1012)
01-19 17:17:19.088  7974  7974 E HBD     : f metaData is null.
01-19 17:17:19.093  7974  7974 I HBD     : HoneyBoardService [PF_OP][onStartInputView]  51 ms
01-19 17:17:19.093  5249  7650 D InputMethodManagerServicePhysicalKey: isConnectedDexOnPC false
01-19 17:17:19.094  5249  7650 D InputMethodManagerService: isImeSwitcherDisabledPackage : false
01-19 17:17:19.094  7974  7974 I HBD     : HoneyBoardService onWindowShown
01-19 17:17:19.094  5249  7650 I InputMethodManagerService: setImeWindowStatus: vis=3, backDisposition=0
01-19 17:17:19.094 12823 12823 I CocktailBarUiController: onReceive: action=ResponseAxT9Info isVisibleWindow=1
01-19 17:17:19.096  5249  7671 D SecContentProvider: query(), uri = 15 selection = isClipboardShareAllowedAsUser
01-19 17:17:19.097  5249  3834 W System.err: java.io.IOException: write failed: EBUSY (Device or resource busy)
01-19 17:17:19.097  5249  3834 W System.err: 	at libcore.io.IoBridge.write(IoBridge.java:651)
01-19 17:17:19.097  5249  3834 W System.err: 	at java.io.FileOutputStream.write(FileOutputStream.java:406)
01-19 17:17:19.097  5249  3834 W System.err: 	at java.io.FileOutputStream.write(FileOutputStream.java:384)
01-19 17:17:19.097  5249  3834 W System.err: 	at com.android.server.wm.TspStateController.lambda$writeTspCommandToSysfs$0$TspStateController(TspStateController.java:601)
01-19 17:17:19.097  5249  3834 W System.err: 	at com.android.server.wm.TspStateController$$ExternalSyntheticLambda0.run(Unknown Source:6)
01-19 17:17:19.097  5249  3834 W System.err: 	at java.lang.Thread.run(Thread.java:1012)
01-19 17:17:19.097  5249  3834 W System.err: Caused by: android.system.ErrnoException: write failed: EBUSY (Device or resource busy)
01-19 17:17:19.097  5249  3834 W System.err: 	at libcore.io.Linux.writeBytes(Native Method)
01-19 17:17:19.097  5249  3834 W System.err: 	at libcore.io.Linux.write(Linux.java:296)
01-19 17:17:19.097  5249  3834 W System.err: 	at libcore.io.ForwardingOs.write(ForwardingOs.java:943)
01-19 17:17:19.097  5249  3834 W System.err: 	at libcore.io.BlockGuardOs.write(BlockGuardOs.java:448)
01-19 17:17:19.097  5249  3834 W System.err: 	at libcore.io.IoBridge.write(IoBridge.java:646)
01-19 17:17:19.097  5249  3834 W System.err: 	... 5 more
01-19 17:17:19.097  7974  7974 I HBD     : HoneyBoardService [PF_OP][onWindowShown]  3251231 ns
01-19 17:17:19.098  7974  7974 I MSHandlerLifeCycle: isMultiSplitHandlerRequested: ignored. pkg=com.samsung.android.honeyboard isActivity=false callers=com.android.internal.policy.DecorView.setVisibility:4295 android.app.Dialog.show:445 android.inputmethodservice.SoftInputWindow.show:302 android.inputmethodservice.InputMethodService.showWindow:2823 android.inputmethodservice.InputMethodService$InputMethodImpl.showSoftInput:963
01-19 17:17:19.098  7974  7974 I MSHandlerLifeCycle: removeMultiSplitHandler: no exist. decor=DecorView@73efe47[InputMethod]
01-19 17:17:19.099  4945  4945 E SurfaceFlinger: Attempt to update InputPolicyFlags without permission ACCESS_SURFACE_FLINGER
01-19 17:17:19.100  5249  7650 I AssistStructure: Flattened final assist data: 4376 bytes, containing 1 windows, 25 views
01-19 17:17:19.102  6241 32039 W abnj    : Infinite Data has no result for com.myapp.alist [CONTEXT service_id=177 ]
01-19 17:17:19.103  5249  5262 D InputMethodManagerServicePhysicalKey: isConnectedDexOnPC false
01-19 17:17:19.104  5249  5262 D InputMethodManagerService: isImeSwitcherDisabledPackage : false
01-19 17:17:19.104  5249  5262 I InputMethodManagerService: setImeWindowStatus: vis=3, backDisposition=0
01-19 17:17:19.107  6241 25542 W abnj    : Infinite Data has no result for com.myapp.alist [CONTEXT service_id=177 ]
01-19 17:17:19.111  6847  6847 D BoundBrokerSvc: onBind: Intent { act=com.google.android.gms.wallet.service.BIND pkg=com.google.android.gms }
01-19 17:17:19.111  6847  6847 D BoundBrokerSvc: Loading bound service for intent: Intent { act=com.google.android.gms.wallet.service.BIND pkg=com.google.android.gms }
01-19 17:17:19.115 30082 30082 I dnoa    : onStop
01-19 17:17:19.141  5249  7671 V WindowManager: Relayout Window{30ecb98 u0 InputMethod}: viewVisibility=0 req=1080x2257 d0
01-19 17:17:19.141  4945  6920 I SurfaceFlinger: id=4368 createSurf (1080x2257),-3 flag=40004, InputMethod$_7974#0
01-19 17:17:19.144  5249  7671 V WindowManager: Relayout hash=30ecb98, pid=7974: mAttrs={(0,0)(fillxfill) gr=BOTTOM CENTER_VERTICAL sim={adjust=pan} ty=INPUT_METHOD fmt=TRANSPARENT wanim=0x7f130170 preferredMinDisplayRefreshRate=60.0 receive insets ignoring z-order
01-19 17:17:19.144  5249  7671 V WindowManager:   fl=81800108
01-19 17:17:19.144  5249  7671 V WindowManager:   pfl=12000000
01-19 17:17:19.144  5249  7671 V WindowManager:   vsysui=10
01-19 17:17:19.144  5249  7671 V WindowManager:   apr=LIGHT_NAVIGATION_BARS
01-19 17:17:19.144  5249  7671 V WindowManager:   bhv=DEFAULT
01-19 17:17:19.144  5249  7671 V WindowManager:   fitTypes=STATUS_BARS NAVIGATION_BARS
01-19 17:17:19.144  5249  7671 V WindowManager:   fitSides=LEFT TOP RIGHT
01-19 17:17:19.144  5249  7671 V WindowManager:   fitIgnoreVis dimDuration=150 naviIconColor=0}
01-19 17:17:19.147  7974  7974 I ViewRootImpl@85014ab[InputMethod]: Relayout returned: old=(0,83,1080,2340) new=(0,83,1080,2340) req=(1080,2257)0 dur=5 res=0x7 s={true 525778563072} ch=true fn=-1
01-19 17:17:19.149  7974  7974 I HBD     : c [PresenterContainerImpl] onFirstOnLayoutChanged: set touch listeners
01-19 17:17:19.150  7974  7974 I HBD     : a [BoardScrapCreator] create: keyboardCount(1)
01-19 17:17:19.153  7974  7974 I HBD     : ci updateChangedBoard - [LC:false][TC:false][RC:false][RB:false]
01-19 17:17:19.153  7974  7974 I HBD     : a update cached prediction status : true
01-19 17:17:19.154  7974  7974 I HBD     : d updateCurrentEngine,  65538 ,  SWIFTKEY
01-19 17:17:19.154  7974  7974 I HBD     : a [SKE_TAM] Changed false
01-19 17:17:19.154  7974  7974 I HBD     : a [SKE_TAM] custom = false , useEngine = true
01-19 17:17:19.154  7974  7974 I HBD     : a [SKE_TAM] Changed false
01-19 17:17:19.155  7974  7974 I HBD     : a refresh(), mParameterMode,  0
01-19 17:17:19.155  7974  7974 I HBD     : a [PF_EN] updateChangedBoard() 1
01-19 17:17:19.157  7974  7974 I ViewRootImpl@85014ab[InputMethod]: [DP] dp(1) 1 android.view.ViewRootImpl.reportNextDraw:11442 android.view.ViewRootImpl.performTraversals:4198 android.view.ViewRootImpl.doTraversal:2924
01-19 17:17:19.164  6241  6241 D BoundBrokerSvc: onRebind: Intent { act=com.google.android.gms.auth.aang.events.services.START dat=chimera-action: cmp=com.google.android.gms/.chimera.PersistentApiService }
01-19 17:17:19.172  5249  7671 V WindowManager: Relayout Window{d581a71 u0 ScreenDecorOverlayBottom}: viewVisibility=0 req=1079x151 d0
01-19 17:17:19.175  5249  7671 V WindowManager: Relayout hash=d581a71, pid=5599: mAttrs={(0,0)(fillxwrap) gr=BOTTOM CENTER_VERTICAL sim={adjust=pan} layoutInDisplayCutoutMode=always ty=NAVIGATION_BAR_PANEL fmt=TRANSLUCENT
01-19 17:17:19.175  5249  7671 V WindowManager:   fl=20800128
01-19 17:17:19.175  5249  7671 V WindowManager:   pfl=13100050
01-19 17:17:19.175  5249  7671 V WindowManager:   vsysui=100
01-19 17:17:19.175  5249  7671 V WindowManager:   bhv=DEFAULT naviIconColor=0}
01-19 17:17:19.177  5599  6779 I ViewRootImpl@f7c4d25[ScreenDecorOverlayBottom]: Relayout returned: old=(0,2189,1080,2340) new=(0,2189,1080,2340) req=(1079,151)0 dur=7 res=0x1 s={true 525878800384} ch=false fn=105
01-19 17:17:19.183  5249  7671 V WindowManager: Relayout Window{1a361da u0 ScreenDecorOverlay}: viewVisibility=0 req=1079x151 d0
01-19 17:17:19.185  7974  7974 I ViewRootImpl@85014ab[InputMethod]: [DP] pdf(0) 1 android.view.ViewRootImpl.lambda$addFrameCompleteCallbackIfNeeded$3$ViewRootImpl:5000 android.view.ViewRootImpl$$ExternalSyntheticLambda16.run:6 android.os.Handler.handleCallback:938
01-19 17:17:19.185  7974  7974 I ViewRootImpl@85014ab[InputMethod]: [DP] rdf()
01-19 17:17:19.186  5249  7671 V WindowManager: Relayout hash=1a361da, pid=5599: mAttrs={(0,0)(fillxwrap) gr=TOP CENTER_VERTICAL sim={adjust=pan} layoutInDisplayCutoutMode=always ty=NAVIGATION_BAR_PANEL fmt=TRANSLUCENT
01-19 17:17:19.186  5249  7671 V WindowManager:   fl=20800128
01-19 17:17:19.186  5249  7671 V WindowManager:   pfl=13100050
01-19 17:17:19.186  5249  7671 V WindowManager:   vsysui=100
01-19 17:17:19.186  5249  7671 V WindowManager:   bhv=DEFAULT naviIconColor=0}
01-19 17:17:19.187  5599  6779 I ViewRootImpl@19a8c0[ScreenDecorOverlay]: Relayout returned: old=(0,0,1080,151) new=(0,0,1080,151) req=(1079,151)0 dur=5 res=0x1 s={true 525878792192} ch=false fn=106
01-19 17:17:19.190  3761  3761 D InsetsController: show(ime(), fromIme=true)
01-19 17:17:19.191  4504  4504 W keymaster_tee: [WRN]begin req PARAMS: A32 B32 P1
01-19 17:17:19.194  3761  3761 D InsetsSourceConsumer: setRequestedVisible: visible=true, type=19, host=com.myapp.alist/com.myapp.alist.ui.MainActivity, from=android.view.InsetsSourceConsumer.show:246 android.view.InsetsController.showDirectly:1489 android.view.InsetsController.controlAnimationUnchecked:1137 android.view.InsetsController.applyAnimation:1456 android.view.InsetsController.applyAnimation:1437 android.view.InsetsController.show:976 android.view.ViewRootImpl$ViewRootHandler.handleMessageImpl:6483 android.view.ViewRootImpl$ViewRootHandler.handleMessage:6408 android.os.Handler.dispatchMessage:106 androidx.test.espresso.base.Interrogator.loopAndInterrogate:14
01-19 17:17:19.194  5988  5988 V InlineSuggestionRenderService: handleDestroySuggestionViews called for 0:1601036002
01-19 17:17:19.197  4503 20990 I keystore2: keystore2::security_level: In create_operation. Success to create IKeystoreOperation. 10198, None
01-19 17:17:19.198  5249  7671 V WindowManager: Relayout Window{d581a71 u0 ScreenDecorOverlayBottom}: viewVisibility=0 req=1079x151 d0
01-19 17:17:19.202  5599  5599 D PipMotionHelper: animateToOffset: originalBounds=Rect(533, 1020 - 1038, 1304) offset=-126 callers=
01-19 17:17:19.202  5599  5599 D PipMotionHelper:     com.android.wm.shell.pip.phone.PipTouchHandler.onMovementBoundsChanged:482
01-19 17:17:19.202  5599  5599 D PipMotionHelper:     com.android.wm.shell.pip.phone.PipController.updateMovementBounds:715
01-19 17:17:19.202  5599  5599 D PipMotionHelper:     com.android.wm.shell.pip.phone.PipController.access$600:99
01-19 17:17:19.202  5599  5599 D PipMotionHelper:     com.android.wm.shell.pip.phone.PipController$PipControllerPinnedTaskListener.onMovementBoundsChanged:238
01-19 17:17:19.202  5599  5599 D PipMotionHelper:     com.android.wm.shell.pip.PinnedStackListenerForwarder.onMovementBoundsChanged:65
01-19 17:17:19.206  5249  7671 V WindowManager: Relayout hash=d581a71, pid=5599: mAttrs={(0,0)(fillxwrap) gr=BOTTOM CENTER_VERTICAL sim={adjust=pan} layoutInDisplayCutoutMode=always ty=NAVIGATION_BAR_PANEL fmt=TRANSLUCENT
01-19 17:17:19.206  5249  7671 V WindowManager:   fl=20800128
01-19 17:17:19.206  5249  7671 V WindowManager:   pfl=13100050
01-19 17:17:19.206  5249  7671 V WindowManager:   vsysui=100
01-19 17:17:19.206  5249  7671 V WindowManager:   bhv=DEFAULT naviIconColor=0}
01-19 17:17:19.206  5599  6779 I ViewRootImpl@f7c4d25[ScreenDecorOverlayBottom]: Relayout returned: old=(0,2189,1080,2340) new=(0,2189,1080,2340) req=(1079,151)0 dur=18 res=0x1 s={true 525878800384} ch=false fn=105
01-19 17:17:19.209  5249  5504 D SemNscXgbMsL1: Probability - Cloud gaming: [0.03441365]
01-19 17:17:19.209  5249  5504 D SemNscXgbMsL1: Probability - Real time: [0.2933194]
01-19 17:17:19.209  5249  5504 D SemNscXgbMsL1: Probability - Non real time: [0.7514355]
01-19 17:17:19.209  5249  5504 D SemNscXgbMsL1: 1 sample inference time: 0.567538 msecs
01-19 17:17:19.210  5249  5504 D SemNscXgbL2Rt: L2 RT 1 sample inference time: 0.812692 msecs
01-19 17:17:19.211  5249  5504 D SemNscXgbL2Nrt: L2 NRT 1 sample inference time: 0.585154 msecs
01-19 17:17:19.211  5249  5504 I SemWifiServiceDetector: NSD results: [0, 1, 2, 0, 0, 1, 1, 3] Traff. type 1 Thr 0
01-19 17:17:19.211  7974  7974 I HBD     : al EBD si t 0
01-19 17:17:19.214  5249  5507 D SemWifiOptimizer: enable=0 state=0x10 prev=0x10 new=0x00 force=0
01-19 17:17:19.215  5249  5761 V WindowManager: Relayout Window{1a361da u0 ScreenDecorOverlay}: viewVisibility=0 req=1079x151 d0
01-19 17:17:19.216  4945  4945 I Layer   : id=4364 removeFromCurrentState Surface(name=9c44ca3 NavigationBar0)/@0x49015f3 - animation-leash of insets_animation#0 (102)
01-19 17:17:19.218  5249  5761 V WindowManager: Relayout hash=1a361da, pid=5599: mAttrs={(0,0)(fillxwrap) gr=TOP CENTER_VERTICAL sim={adjust=pan} layoutInDisplayCutoutMode=always ty=NAVIGATION_BAR_PANEL fmt=TRANSLUCENT
01-19 17:17:19.218  5249  5761 V WindowManager:   fl=20800128
01-19 17:17:19.218  5249  5761 V WindowManager:   pfl=13100050
01-19 17:17:19.218  5249  5761 V WindowManager:   vsysui=100
01-19 17:17:19.218  5249  5761 V WindowManager:   bhv=DEFAULT naviIconColor=0}
01-19 17:17:19.219  5599  6779 I ViewRootImpl@19a8c0[ScreenDecorOverlay]: Relayout returned: old=(0,0,1080,151) new=(0,0,1080,151) req=(1079,151)0 dur=11 res=0x1 s={true 525878792192} ch=false fn=106
01-19 17:17:19.220  4945  4945 I SurfaceFlinger: Setting desired display mode specs: default mode ID: 0, allowGroupSwitching = 0, primary range: [60.00fps 120.00fps], app request range: [60.00fps 120.00fps]
01-19 17:17:19.227  7974  9480 I HBD     : b [SKE_KPM] load kpm : /data/user/0/com.samsung.android.honeyboard/app_KeyPressModel/model_0_0_-667254808.im
01-19 17:17:19.235  5249  7650 V WindowManager: Relayout Window{d581a71 u0 ScreenDecorOverlayBottom}: viewVisibility=0 req=1079x151 d0
01-19 17:17:19.237  4504  4504 W keymaster_tee: [WRN]begin req PARAMS: A32 B32 P1
01-19 17:17:19.241  5249  7650 V WindowManager: Relayout hash=d581a71, pid=5599: mAttrs={(0,0)(fillxwrap) gr=BOTTOM CENTER_VERTICAL sim={adjust=pan} layoutInDisplayCutoutMode=always ty=NAVIGATION_BAR_PANEL fmt=TRANSLUCENT
01-19 17:17:19.241  5249  7650 V WindowManager:   fl=20800128
01-19 17:17:19.241  5249  7650 V WindowManager:   pfl=13100050
01-19 17:17:19.241  5249  7650 V WindowManager:   vsysui=100
01-19 17:17:19.241  5249  7650 V WindowManager:   bhv=DEFAULT naviIconColor=0}
01-19 17:17:19.243  5599  6779 I ViewRootImpl@f7c4d25[ScreenDecorOverlayBottom]: Relayout returned: old=(0,2189,1080,2340) new=(0,2189,1080,2340) req=(1079,151)0 dur=8 res=0x1 s={true 525878800384} ch=false fn=105
01-19 17:17:19.244  4503 20990 I keystore2: keystore2::security_level: In create_operation. Success to create IKeystoreOperation. 10198, None
01-19 17:17:19.247  5249  7650 V WindowManager: Relayout Window{1a361da u0 ScreenDecorOverlay}: viewVisibility=0 req=1079x151 d0
01-19 17:17:19.249  5249  7650 V WindowManager: Relayout hash=1a361da, pid=5599: mAttrs={(0,0)(fillxwrap) gr=TOP CENTER_VERTICAL sim={adjust=pan} layoutInDisplayCutoutMode=always ty=NAVIGATION_BAR_PANEL fmt=TRANSLUCENT
01-19 17:17:19.249  5249  7650 V WindowManager:   fl=20800128
01-19 17:17:19.249  5249  7650 V WindowManager:   pfl=13100050
01-19 17:17:19.249  5249  7650 V WindowManager:   vsysui=100
01-19 17:17:19.249  5249  7650 V WindowManager:   bhv=DEFAULT naviIconColor=0}
01-19 17:17:19.250  5599  6779 I ViewRootImpl@19a8c0[ScreenDecorOverlay]: Relayout returned: old=(0,0,1080,151) new=(0,0,1080,151) req=(1079,151)0 dur=4 res=0x1 s={true 525878792192} ch=false fn=106
01-19 17:17:19.254  5249  7650 V WindowManager: Relayout Window{d581a71 u0 ScreenDecorOverlayBottom}: viewVisibility=0 req=1079x151 d0
01-19 17:17:19.257  5249  7650 V WindowManager: Relayout hash=d581a71, pid=5599: mAttrs={(0,0)(fillxwrap) gr=BOTTOM CENTER_VERTICAL sim={adjust=pan} layoutInDisplayCutoutMode=always ty=NAVIGATION_BAR_PANEL fmt=TRANSLUCENT
01-19 17:17:19.257  5249  7650 V WindowManager:   fl=20800128
01-19 17:17:19.257  5249  7650 V WindowManager:   pfl=13100050
01-19 17:17:19.257  5249  7650 V WindowManager:   vsysui=100
01-19 17:17:19.257  5249  7650 V WindowManager:   bhv=DEFAULT naviIconColor=0}
01-19 17:17:19.258  5599  6779 I ViewRootImpl@f7c4d25[ScreenDecorOverlayBottom]: Relayout returned: old=(0,2189,1080,2340) new=(0,2189,1080,2340) req=(1079,151)0 dur=5 res=0x1 s={true 525878800384} ch=false fn=105
01-19 17:17:19.260  5249  9011 V WindowManager: Relayout Window{1a361da u0 ScreenDecorOverlay}: viewVisibility=0 req=1079x151 d0
01-19 17:17:19.262  5249  9011 V WindowManager: Relayout hash=1a361da, pid=5599: mAttrs={(0,0)(fillxwrap) gr=TOP CENTER_VERTICAL sim={adjust=pan} layoutInDisplayCutoutMode=always ty=NAVIGATION_BAR_PANEL fmt=TRANSLUCENT
01-19 17:17:19.262  5249  9011 V WindowManager:   fl=20800128
01-19 17:17:19.262  5249  9011 V WindowManager:   pfl=13100050
01-19 17:17:19.262  5249  9011 V WindowManager:   vsysui=100
01-19 17:17:19.262  5249  9011 V WindowManager:   bhv=DEFAULT naviIconColor=0}
01-19 17:17:19.262  5599  6779 I ViewRootImpl@19a8c0[ScreenDecorOverlay]: Relayout returned: old=(0,0,1080,151) new=(0,0,1080,151) req=(1079,151)0 dur=3 res=0x1 s={true 525878792192} ch=false fn=106
01-19 17:17:19.266  3761  3761 D ScrollView:  onsize change changed
01-19 17:17:19.267  5249  5287 I GestureDetector: handleMessage TAP
01-19 17:17:19.268  5249  5249 I GestureDetector: handleMessage TAP
01-19 17:17:19.272  4945  4945 D SurfaceFlinger: Display 0 HWC layers:
01-19 17:17:19.272  4945  4945 D SurfaceFlinger:      DEVICE | 0x7564e1d080 | 0102 | RGBA_8888    |    0.0    0.0 1080.0 2340.0 |    0    0 1080 2340 | com.myapp.alist/com.myapp.alist.ui.MainActivity$_3761#0
01-19 17:17:19.272  4945  4945 D SurfaceFlinger:      DEVICE | 0x759a4be1c0 | 0100 | RGBA_8888    |    0.0    0.0 1080.0 1527.0 |    0  813 1080 2340 | InputMethod$_7974#0
01-19 17:17:19.272  4945  4945 D SurfaceFlinger:      DEVICE | 0x759a4c04c0 | 0100 | RGBA_8888    |    0.0    0.0 1080.0   78.0 |    0    0 1080   78 | StatusBar$_5599#0
01-19 17:17:19.272  4945  4945 D SurfaceFlinger:      DEVICE | 0x7564d6c240 | 0100 | RGBA_8888    |    0.0    0.0   67.0  362.0 | 1013 1637 1080 1999 | com.samsung.android.app.cocktailbars[...]rservice.CocktailBarService$_12823#0
01-19 17:17:19.272  4945  4945 D SurfaceFlinger:      DEVICE | 0x7579018900 | 0100 | RGBA_8888    |    0.0    0.0 1080.0  126.0 |    0 2214 1080 2340 | NavigationBar0$_5599#0
01-19 17:17:19.272  4945  4945 D SurfaceFlinger:      DEVICE | 0x759a4bdcc0 | 0140 | RGBA_8888    |    0.0    0.0 1080.0  151.0 |    0    0 1080  151 | ScreenDecorOverlay$_5599#0
01-19 17:17:19.272  4945  4945 D SurfaceFlinger:      DEVICE | 0x7564e1ba00 | 0140 | RGBA_8888    |    0.0    0.0 1080.0  151.0 |    0 2189 1080 2340 | ScreenDecorOverlayBottom$_5599#0
01-19 17:17:19.272  4945  4945 D SurfaceFlinger:
01-19 17:17:19.277  4945  4966 I SurfaceFlinger: id=4364 Removed Surface(name=9c44ca3 NavigationBar0)/@0x49015f3 - animation-leash of insets_animation#0 (102)
01-19 17:17:19.283  4945  4945 E SurfaceFlinger: Attempt to update InputPolicyFlags without permission ACCESS_SURFACE_FLINGER
01-19 17:17:19.284  4945  4945 I Layer   : id=4364 Destroyed Surface(name=9c44ca3 NavigationBar0)/@0x49015f3 - animation-leash of insets_animation#0
01-19 17:17:19.286  5249  9011 D InputMethodManagerServicePhysicalKey: isConnectedDexOnPC false
01-19 17:17:19.286  5249  9011 D InputMethodManagerService: isImeSwitcherDisabledPackage : false
01-19 17:17:19.287  5599  5599 V Navbar.Store: handleEvent [EventType] ON_NAVBAR_ICON_HINT_CHANGED [Module] NavigationBar  KEYS_NAVBAR_ICON_HINT=3
01-19 17:17:19.287  5599  5599 V Navbar.Store: --[Band]SETUPWIZARD_PACK_SET_NAVBAR_ICON_HINT
01-19 17:17:19.287  5599  5599 V Navbar.Store: ----getValue(BOOL_NAVBAR_BUTTON_FORCED_VISIBLE)=false
01-19 17:17:19.287  5599  5599 V Navbar.Store: ----getValue(BOOL_NAVBAR_SETUPWIZARD_STYLE)=false
01-19 17:17:19.287  5599  5599 V Navbar.Store: --[Band]VIS_PACK_REEVAULATE_NAVBAR
01-19 17:17:19.287  5599  5599 V Navbar.Store: ----apply(REEVALUATE_NAVBAR)
01-19 17:17:19.287  5599  5599 V Navbar.Store: ----handleEvent [EventType] GET_BOOL_REGION_SAMPLING_ENABLED [Module] LightBarController  KEYS_DEFAULT=false
01-19 17:17:19.287  5599  5599 V Navbar.Store: ------[Band]COLOR_PACK_GET_REGION_SAMPLING_ENABLED
01-19 17:17:19.287  5599  5599 V Navbar.Store: --------getValue(BOOL_REGION_SAMPLING_ENABLED)=false
01-19 17:17:19.288  5599  5599 V Navbar.Store: handleEvent [EventType] GET_BOOL_SHOW_KEYBOARD_BUTTON [Module] SamsungNavigationBarView  KEYS_DEFAULT=true  KEYS_PORTRAIT=true
01-19 17:17:19.288  5599  5599 V Navbar.Store: --[Band]GESTURE_PACK_SHOW_KEYBOARD_BUTTON
01-19 17:17:19.288  5599  5599 V Navbar.Store: ----getValue(BOOL_NAVBAR_GESTURAL_MODE)=false
01-19 17:17:19.289  6080 13627 I TouchInteractionService: onActiveNavBarRegionChanges, region : SkRegion((0,2214,388,2340)(389,2214,690,2340)(691,2214,961,2340))
01-19 17:17:19.289  5599  5599 V Navbar.Store: ----handleEvent [EventType] ON_UPDATE_REMOTEVIEW [Module] SamsungNavigationBarView  KEYS_NAVBAR_DARK_INTENSITY=1.0  KEYS_CONTEXTUALBUTTON_VISIBLE=true  KEYS_LEFT_REMOTEVIEW_CONTAINER=android.widget.LinearLayout{44760c9 I.E...... ......I. 0,0-118,126 #7f0b0478 app:id/left_remoteview}  KEYS_RIGHT_REMOTEVIEW_CONTAINER=android.widget.LinearLayout{657a3ce I.E...... ......I. 962,0-1080,126 #7f0b070a app:id/right_remoteview}
01-19 17:17:19.289  5599  5599 V Navbar.Store: ------[Band]REMOTE_VIEW_PACK_SET_REMOTEVIEW_CONTAINER
01-19 17:17:19.289  5599  5599 V Navbar.Store: --------apply(UPDATE_NAVBAR_REMOTEVIEW_CONTAINER)
01-19 17:17:19.289  4504  4504 W keymaster_tee: [WRN]begin req PARAMS: A32 B32 P1
01-19 17:17:19.289  5599  5599 V Navbar.Store: --------apply(UPDATE_NAVBAR_RIGHT_REMOTEVIEW_VISIBILITY)
01-19 17:17:19.289  5599  5599 V Navbar.Store: --------getValue(FLOAT_REMOTEVIEW_DARK_INTENSITY)=1.0
01-19 17:17:19.289  5599  5599 V Navbar.Store: handleEvent [EventType] GET_BOOL_SHOW_KEYBOARD_BUTTON [Module] SamsungNavigationBarView  KEYS_DEFAULT=true  KEYS_PORTRAIT=true
01-19 17:17:19.289  6080 13627 I TouchInteractionService: onActiveNavBarRegionChanges, region : SkRegion((0,2214,388,2218)(389,2214,690,2218)(691,2214,961,2218)(0,2218,388,2340)(389,2218,690,2340)(691,2218,961,2340)(962,2218,1089,2340))
01-19 17:17:19.289  5599  5599 V Navbar.Store: --[Band]GESTURE_PACK_SHOW_KEYBOARD_BUTTON
01-19 17:17:19.289  5599  5599 V Navbar.Store: ----getValue(BOOL_NAVBAR_GESTURAL_MODE)=false
01-19 17:17:19.291  6080 13627 I TouchInteractionService: onSystemUiStateChanged, stateFlags : 393216
01-19 17:17:19.291  6080  6080 I TouchInteractionService: onSystemUiFlagsChanged, userUnlocked
01-19 17:17:19.292  4503 20990 I keystore2: keystore2::security_level: In create_operation. Success to create IKeystoreOperation. 10198, None
01-19 17:17:19.300  5599  5599 V Navbar.Store: handleEvent [EventType] GET_BOOL_NAVBAR_CAN_MOVE_STATE [Module] SamsungNavigationBarView  KEYS_DEFAULT=true
01-19 17:17:19.301  5599  5599 V Navbar.Store: --[Band]CONFIG_PACK_GET_NAVBAR_CAN_MOVE
01-19 17:17:19.301  5599  5599 V Navbar.Store: ----getValue(BOOL_NAVBAR_CAN_MOVE)=true
01-19 17:17:19.302  6080 13627 I TouchInteractionService: onActiveNavBarRegionChanges, region : SkRegion((0,2214,388,2218)(389,2214,690,2218)(691,2214,961,2218)(0,2218,388,2340)(389,2218,690,2340)(691,2218,961,2340)(962,2218,1089,2340))
01-19 17:17:19.302  5599  5599 V Navbar.Store: handleEvent [EventType] GET_BOOL_USE_NAVBAR_BACKGROUND_FRAME [Module] NavigationBarTransitions  KEYS_DEFAULT=false
