01-19 17:17:28.051  3761  3761 I ViewRootImpl@e1b2006[MainActivity]: ViewPostIme key 1
01-19 17:17:28.053  4945  4945 E SurfaceFlinger: Attempt to update InputPolicyFlags without permission ACCESS_SURFACE_FLINGER
01-19 17:17:28.056  5249  5780 D InputDispatcher: Inject key (3761): action=0, f=0x8, d=-1, time=5480177000000
01-19 17:17:28.056  5249  5413 I InputDispatcher: Delivering key to (3761): action: 0x0 (0), f=0x8, m=0x0, d=0, 'ed0c352'
01-19 17:17:28.057  7974  7974 I HBD     : a skip onKeyDown as physical keyboard not connected
01-19 17:17:28.058  7974  7974 I HBD     : HoneyBoardService onKeyDown r:b3980522 consumed:false
01-19 17:17:28.059  3761  3761 I ViewRootImpl@e1b2006[MainActivity]: ViewPostIme key 0
01-19 17:17:28.091  7974  7974 I HBD     : bd ous -  9 ,  9 ,  10 ,  10 ,  -1 ,  -1
01-19 17:17:28.098  7974  7974 I HBD     : b getTBC , flag: 1 , start: 10 , end: 10 , length: 10 , composingLength: 0 , isKCC: false
01-19 17:17:28.103  4945  4945 E SurfaceFlinger: Attempt to update InputPolicyFlags without permission ACCESS_SURFACE_FLINGER
01-19 17:17:28.138  7974  7974 I HBD     : a [PF_KL][HBIC] getTextBeforeCursor t, 40
01-19 17:17:28.139  7974  7974 I HBD     : b getTAC , flag: 1 , start: 10 , end: 10 , length: 10 , composingLength: 0 , isKCC: false
01-19 17:17:28.141  5249  5780 D InputDispatcher: Inject key (3761): action=1, f=0x8, d=-1, time=5480262000000
01-19 17:17:28.142  5249  5413 I InputDispatcher: Delivering key to (3761): action: 0x1 (0), f=0x8, m=0x0, d=0, 'ed0c352'
01-19 17:17:28.145  7974  7974 I HBD     : al EBD cm f 1
01-19 17:17:28.146  7974  7974 I HBD     : HoneyBoardService onKeyUp r:6bc6dc31 consumed:false
01-19 17:17:28.147  3761  3761 I ViewRootImpl@e1b2006[MainActivity]: ViewPostIme key 1
01-19 17:17:28.150  5249  5504 D SemNscXgbMsL1: Probability - Cloud gaming: [0.025685417]
01-19 17:17:28.151  5249  5504 D SemNscXgbMsL1: Probability - Real time: [0.75819564]
01-19 17:17:28.151  5249  5504 D SemNscXgbMsL1: Probability - Non real time: [0.9518746]
01-19 17:17:28.151  5249  5504 D SemNscXgbMsL1: 1 sample inference time: 0.602962 msecs
01-19 17:17:28.152  5249  5504 D SemNscXgbL2Rt: L2 RT 1 sample inference time: 0.930654 msecs
01-19 17:17:28.152  5249  5780 D InputDispatcher: Inject key (3761): action=0, f=0x8, d=-1, time=5480273000000
01-19 17:17:28.153  5249  5413 I InputDispatcher: Delivering key to (3761): action: 0x0 (0), f=0x8, m=0x0, d=0, 'ed0c352'
01-19 17:17:28.153  4945  4945 E SurfaceFlinger: Attempt to update InputPolicyFlags without permission ACCESS_SURFACE_FLINGER
01-19 17:17:28.154  7974  7974 I HBD     : a skip onKeyDown as physical keyboard not connected
01-19 17:17:28.154  7974  7974 I HBD     : HoneyBoardService onKeyDown r:3c0cf32c consumed:false
01-19 17:17:28.155  5249  5504 D SemNscXgbL2Nrt: L2 NRT 1 sample inference time: 2.629423 msecs
01-19 17:17:28.155  3761  3761 I ViewRootImpl@e1b2006[MainActivity]: ViewPostIme key 0
01-19 17:17:28.212  7974  7974 I HBD     : bd ous -  10 ,  10 ,  11 ,  11 ,  -1 ,  -1
01-19 17:17:28.215  5249  5548 D InputDispatcher: Inject key (3761): action=1, f=0x8, d=-1, time=5480336000000
01-19 17:17:28.216  5249  5413 I InputDispatcher: Delivering key to (3761): action: 0x1 (0), f=0x8, m=0x0, d=0, 'ed0c352'
01-19 17:17:28.219  7974  7974 I HBD     : b getTBC , flag: 1 , start: 11 , end: 11 , length: 11 , composingLength: 0 , isKCC: false
01-19 17:17:28.220  4945  4945 E SurfaceFlinger: Attempt to update InputPolicyFlags without permission ACCESS_SURFACE_FLINGER
01-19 17:17:28.222  7974  7974 I HBD     : b getTAC , flag: 1 , start: 11 , end: 11 , length: 11 , composingLength: 0 , isKCC: false
01-19 17:17:28.229  7974  7974 I HBD     : al EBD cm f 1
01-19 17:17:28.230  7974  7974 I HBD     : HoneyBoardService onKeyUp r:c2445d2d consumed:false
01-19 17:17:28.231  3761  3761 I ViewRootImpl@e1b2006[MainActivity]: ViewPostIme key 1
01-19 17:17:28.235  5249  5548 D InputDispatcher: Inject key (3761): action=0, f=0x8, d=-1, time=5480357000000
01-19 17:17:28.236  5249  5413 I InputDispatcher: Delivering key to (3761): action: 0x0 (0), f=0x8, m=0x0, d=0, 'ed0c352'
01-19 17:17:28.237  7974  7974 I HBD     : a skip onKeyDown as physical keyboard not connected
01-19 17:17:28.237  7974  7974 I HBD     : HoneyBoardService onKeyDown r:4d992386 consumed:false
01-19 17:17:28.239  3761  3761 I ViewRootImpl@e1b2006[MainActivity]: ViewPostIme key 0
01-19 17:17:28.280  7974  7974 I HBD     : bd ous -  11 ,  11 ,  12 ,  12 ,  -1 ,  -1
01-19 17:17:28.285  7974  7974 I HBD     : b getTBC , flag: 1 , start: 12 , end: 12 , length: 12 , composingLength: 0 , isKCC: false
01-19 17:17:28.287  4945  4945 E SurfaceFlinger: Attempt to update InputPolicyFlags without permission ACCESS_SURFACE_FLINGER
01-19 17:17:28.320  7974  7974 I HBD     : a [PF_KL][HBIC] getTextBeforeCursor t, 35
01-19 17:17:28.321  7974  7974 I HBD     : b getTAC , flag: 1 , start: 12 , end: 12 , length: 12 , composingLength: 0 , isKCC: false
01-19 17:17:28.322  5249  5761 D InputDispatcher: Inject key (3761): action=1, f=0x8, d=-1, time=5480444000000
01-19 17:17:28.323  5249  5413 I InputDispatcher: Delivering key to (3761): action: 0x1 (0), f=0x8, m=0x0, d=0, 'ed0c352'
01-19 17:17:28.336  7974  7974 I HBD     : al EBD cm f 1
01-19 17:17:28.337  4945  4945 E SurfaceFlinger: Attempt to update InputPolicyFlags without permission ACCESS_SURFACE_FLINGER
01-19 17:17:28.339  7974  7974 I HBD     : HoneyBoardService onKeyUp r:27feda22 consumed:false
01-19 17:17:28.341  3761  3761 I ViewRootImpl@e1b2006[MainActivity]: ViewPostIme key 1
01-19 17:17:28.348  5249  5761 D InputDispatcher: Inject key (3761): action=0, f=0x8, d=-1, time=5480467000000
01-19 17:17:28.350  5249  5413 I InputDispatcher: Delivering key to (3761): action: 0x0 (0), f=0x8, m=0x0, d=0, 'ed0c352'
01-19 17:17:28.352  7974  7974 I HBD     : a skip onKeyDown as physical keyboard not connected
01-19 17:17:28.353  7974  7974 I HBD     : HoneyBoardService onKeyDown r:890596cb consumed:false
01-19 17:17:28.354  3761  3761 I ViewRootImpl@e1b2006[MainActivity]: ViewPostIme key 0
01-19 17:17:28.400  7974  7974 I HBD     : bd ous -  12 ,  12 ,  13 ,  13 ,  -1 ,  -1
01-19 17:17:28.404  4945  4945 E SurfaceFlinger: Attempt to update InputPolicyFlags without permission ACCESS_SURFACE_FLINGER
01-19 17:17:28.404  7974  7974 I HBD     : b getTBC , flag: 1 , start: 13 , end: 13 , length: 13 , composingLength: 0 , isKCC: false
01-19 17:17:28.446  7974  7974 I HBD     : a [PF_KL][HBIC] getTextBeforeCursor t, 42
01-19 17:17:28.447  7974  7974 I HBD     : b getTAC , flag: 1 , start: 13 , end: 13 , length: 13 , composingLength: 0 , isKCC: false
01-19 17:17:28.449  5249  5761 D InputDispatcher: Inject key (3761): action=1, f=0x8, d=-1, time=5480570000000
01-19 17:17:28.451  5249  5413 I InputDispatcher: Delivering key to (3761): action: 0x1 (0), f=0x8, m=0x0, d=0, 'ed0c352'
01-19 17:17:28.454  4945  4945 E SurfaceFlinger: Attempt to update InputPolicyFlags without permission ACCESS_SURFACE_FLINGER
01-19 17:17:28.457  7974  7974 I HBD     : al EBD cm f 1
01-19 17:17:28.458  7974  7974 I HBD     : HoneyBoardService onKeyUp r:fc5e77e7 consumed:false
01-19 17:17:28.459  3761  3761 I ViewRootImpl@e1b2006[MainActivity]: ViewPostIme key 1
01-19 17:17:28.466  3761  3761 I ViewInteraction: Performing 'close keyboard' action on view view.getId() is <2131296495/com.myapp.alist:id/input2EditText>
01-19 17:17:28.467  3761  3761 D IdlingRegistry: Registering idling resources: [androidx.test.espresso.action.CloseKeyboardAction$CloseKeyboardIdlingResult@e2d24c1]
01-19 17:17:28.467  3761  3761 I IMM_LC  : hsifw() - flags=0, caller=android.view.inputmethod.InputMethodManager.hideSoftInputFromWindow:1858 androidx.test.espresso.action.CloseKeyboardAction.tryToCloseKeyboard:6 androidx.test.espresso.action.CloseKeyboardAction.perform:2 androidx.test.espresso.ViewInteraction$SingleExecutionViewAction.perform:2 androidx.test.espresso.ViewInteraction.doPerform:25
01-19 17:17:28.468  3761  3761 I IMM_LC  : hideSoftInputFromWindow - mService.hideSoftInput
01-19 17:17:28.469  7974  7974 I InputMethod: hideSoftInput(), flags : 0
01-19 17:17:28.470  7974  7974 I HBD     : HoneyBoardService onFinishInputView finishingInput= false
01-19 17:17:28.471  7974  7974 I DecorView: notifyKeepScreenOnChanged: keepScreenOn=false
01-19 17:17:28.471  7974  7974 I MSHandlerLifeCycle: isMultiSplitHandlerRequested: ignored. pkg=com.samsung.android.honeyboard isActivity=false callers=com.android.internal.policy.DecorView.hasMultiSplitHandlerInNonFreeformMode:891 com.android.internal.policy.DecorView.notifyKeepScreenOnChanged:885 android.view.ViewRootImpl.applyKeepScreenOnFlag:2945 android.view.ViewRootImpl.setLayoutParams:2108 android.view.WindowManagerGlobal.updateViewLayout:537
01-19 17:17:28.473  7974  7974 I HBD     : a [UpdatePolicy] [post] a: 3 cl: 65538 kit: [0/0] vt: 0 ir: 1
01-19 17:17:28.473  7974  7974 I HBD     : b processFinishInputView
01-19 17:17:28.474  7974  7974 I HBD     : bd stopRunningTimers
01-19 17:17:28.475  7974  7974 I HBD     : e unbindCurrentHoneyBoard : text_board
01-19 17:17:28.475  7974  7974 I HBD     : a onUnbind
01-19 17:17:28.476  7974  7974 I HBD     : e expression state[false], searchState[0]
01-19 17:17:28.479  5249  5780 D InputMethodManagerServicePhysicalKey: isConnectedDexOnPC false
01-19 17:17:28.479  5249  5780 D InputMethodManagerService: isImeSwitcherDisabledPackage : false
01-19 17:17:28.479  5249  5780 I InputMethodManagerService: setImeWindowStatus: vis=0, backDisposition=0
01-19 17:17:28.480  5599  5599 V Navbar.Store: handleEvent [EventType] ON_NAVBAR_ICON_HINT_CHANGED [Module] NavigationBar  KEYS_NAVBAR_ICON_HINT=0
01-19 17:17:28.480  5599  5599 V Navbar.Store: --[Band]SETUPWIZARD_PACK_SET_NAVBAR_ICON_HINT
01-19 17:17:28.480  5599  5599 V Navbar.Store: ----getValue(BOOL_NAVBAR_BUTTON_FORCED_VISIBLE)=false
01-19 17:17:28.481  5599  5599 V Navbar.Store: ----getValue(BOOL_NAVBAR_SETUPWIZARD_STYLE)=false
01-19 17:17:28.481  5599  5599 V Navbar.Store: --[Band]VIS_PACK_REEVAULATE_NAVBAR
01-19 17:17:28.481  5599  5599 V Navbar.Store: ----apply(REEVALUATE_NAVBAR)
01-19 17:17:28.481  5599  5599 V Navbar.Store: ----handleEvent [EventType] GET_BOOL_REGION_SAMPLING_ENABLED [Module] LightBarController  KEYS_DEFAULT=false
01-19 17:17:28.481  5599  5599 V Navbar.Store: ------[Band]COLOR_PACK_GET_REGION_SAMPLING_ENABLED
01-19 17:17:28.481  5599  5599 V Navbar.Store: --------getValue(BOOL_REGION_SAMPLING_ENABLED)=false
01-19 17:17:28.482  6080 13627 I TouchInteractionService: onActiveNavBarRegionChanges, region : SkRegion((0,2214,388,2218)(389,2214,690,2218)(691,2214,961,2218)(0,2218,388,2340)(389,2218,690,2340)(691,2218,961,2340)(962,2218,1089,2340))
01-19 17:17:28.483  5599  5599 V Navbar.Store: ----handleEvent [EventType] ON_UPDATE_REMOTEVIEW [Module] SamsungNavigationBarView  KEYS_NAVBAR_DARK_INTENSITY=1.0  KEYS_CONTEXTUALBUTTON_VISIBLE=false  KEYS_LEFT_REMOTEVIEW_CONTAINER=android.widget.LinearLayout{44760c9 I.E...... ......I. 0,0-118,126 #7f0b0478 app:id/left_remoteview}  KEYS_RIGHT_REMOTEVIEW_CONTAINER=android.widget.LinearLayout{657a3ce I.E...... ......I. 962,0-1080,126 #7f0b070a app:id/right_remoteview}
01-19 17:17:28.483  5599  5599 V Navbar.Store: ------[Band]REMOTE_VIEW_PACK_SET_REMOTEVIEW_CONTAINER
01-19 17:17:28.483  5599  5599 V Navbar.Store: --------apply(UPDATE_NAVBAR_REMOTEVIEW_CONTAINER)
01-19 17:17:28.483  5599  5599 V Navbar.Store: --------apply(UPDATE_NAVBAR_RIGHT_REMOTEVIEW_VISIBILITY)
01-19 17:17:28.483  5599  5599 V Navbar.Store: --------getValue(FLOAT_REMOTEVIEW_DARK_INTENSITY)=1.0
01-19 17:17:28.484  6080 13627 I TouchInteractionService: onActiveNavBarRegionChanges, region : SkRegion((0,2214,388,2340)(389,2214,690,2340)(691,2214,961,2340))
01-19 17:17:28.487  6080 13627 I TouchInteractionService: onSystemUiStateChanged, stateFlags : 131072
01-19 17:17:28.487  6080  6080 I TouchInteractionService: onSystemUiFlagsChanged, userUnlocked
01-19 17:17:28.487  5599  5599 V Navbar.Store: handleEvent [EventType] GET_BOOL_NAVBAR_CAN_MOVE_STATE [Module] SamsungNavigationBarView  KEYS_DEFAULT=true
01-19 17:17:28.487  5599  5599 V Navbar.Store: --[Band]CONFIG_PACK_GET_NAVBAR_CAN_MOVE
01-19 17:17:28.487  5599  5599 V Navbar.Store: ----getValue(BOOL_NAVBAR_CAN_MOVE)=true
01-19 17:17:28.488  5599  5599 V Navbar.Store: handleEvent [EventType] GET_BOOL_USE_NAVBAR_BACKGROUND_FRAME [Module] NavigationBarTransitions  KEYS_DEFAULT=false
01-19 17:17:28.488  5599  5599 V Navbar.Store: --[Band]COLOR_PACK_GET_USE_NAVBAR_BACKGROUND_FRAME
01-19 17:17:28.488  5599  5599 V Navbar.Store: ----getValue(BOOL_NAVBAR_GESTURAL_MODE)=false
01-19 17:17:28.488  5599  5599 V Navbar.Store: ----getValue(BOOL_NAVBAR_OPAQUE)=false
01-19 17:17:28.488  5599  5599 V Navbar.Store: ----getValue(BOOL_NAVBAR_PINNED_EDGE_ENABELD)=false
01-19 17:17:28.489  3761  3761 D InsetsSourceConsumer: setRequestedVisible: visible=false, type=19, host=com.myapp.alist/com.myapp.alist.ui.MainActivity, from=android.view.InsetsSourceConsumer.hide:253 android.view.ImeInsetsSourceConsumer.hide:68 android.view.ImeInsetsSourceConsumer.hide:74 android.view.InsetsController.hideDirectly:1473 android.view.InsetsController.controlAnimationUnchecked:1139 android.view.InsetsController.applyAnimation:1456 android.view.InsetsController.applyAnimation:1437 android.view.InsetsController.hide:1006 android.view.ViewRootImpl$ViewRootHandler.handleMessageImpl:6487 android.view.ViewRootImpl$ViewRootHandler.handleMessage:6408
01-19 17:17:28.490  7974  7974 I HBD     : a clear BaseLanguageRepo
01-19 17:17:28.490  7974  7974 I HBD     : HoneyBoardService [PF_CL][onFinishInputView]  20 ms
01-19 17:17:28.491  6080 13627 I TouchInteractionService: onActiveNavBarRegionChanges, region : SkRegion((0,2214,388,2340)(389,2214,690,2340)(691,2214,961,2340))
01-19 17:17:28.491  4945  4965 I SurfaceFlinger: id=4420 createSurf (0x0),-1 flag=24000, Surface(name=9c44ca3 NavigationBar0)/@0x49015f3 - animation-leash of insets_animation#0
01-19 17:17:28.492  7974  7974 I HBD     : HoneyBoardService onWindowHidden
01-19 17:17:28.492  7974  7974 I HBD     : HoneyBoardService [PF_CL][onWindowHidden]  651461 ns
01-19 17:17:28.494  7974  7974 I DecorView: notifyKeepScreenOnChanged: keepScreenOn=false
01-19 17:17:28.494  7974  7974 I MSHandlerLifeCycle: isMultiSplitHandlerRequested: ignored. pkg=com.samsung.android.honeyboard isActivity=false callers=com.android.internal.policy.DecorView.hasMultiSplitHandlerInNonFreeformMode:891 com.android.internal.policy.DecorView.notifyKeepScreenOnChanged:885 android.view.ViewRootImpl.applyKeepScreenOnFlag:2945 android.view.ViewRootImpl.setLayoutParams:2108 android.view.WindowManagerGlobal.updateViewLayout:537
01-19 17:17:28.498  7974  3989 I HBD     : bd requestCursorUpdates(0),  21
01-19 17:17:28.501  5599  5599 D PipMotionHelper: animateToOffset: originalBounds=Rect(533, 1888 - 1038, 2172) offset=0 callers=
01-19 17:17:28.501  5599  5599 D PipMotionHelper:     com.android.wm.shell.pip.phone.PipTouchHandler.onMovementBoundsChanged:477
01-19 17:17:28.501  5599  5599 D PipMotionHelper:     com.android.wm.shell.pip.phone.PipController.updateMovementBounds:715
01-19 17:17:28.501  5599  5599 D PipMotionHelper:     com.android.wm.shell.pip.phone.PipController.access$600:99
01-19 17:17:28.501  5599  5599 D PipMotionHelper:     com.android.wm.shell.pip.phone.PipController$PipControllerPinnedTaskListener.onMovementBoundsChanged:238
01-19 17:17:28.501  5599  5599 D PipMotionHelper:     com.android.wm.shell.pip.PinnedStackListenerForwarder.onMovementBoundsChanged:65
01-19 17:17:28.503 12823 12823 I CocktailBarUiController: onReceive: action=ResponseAxT9Info isVisibleWindow=0
01-19 17:17:28.509  5249  5761 V WindowManager: Relayout Window{d581a71 u0 ScreenDecorOverlayBottom}: viewVisibility=0 req=1079x151 d0
01-19 17:17:28.514  5249  5761 V WindowManager: Relayout hash=d581a71, pid=5599: mAttrs={(0,0)(fillxwrap) gr=BOTTOM CENTER_VERTICAL sim={adjust=pan} layoutInDisplayCutoutMode=always ty=NAVIGATION_BAR_PANEL fmt=TRANSLUCENT
01-19 17:17:28.514  5249  5761 V WindowManager:   fl=20800128
01-19 17:17:28.514  5249  5761 V WindowManager:   pfl=13100050
01-19 17:17:28.514  5249  5761 V WindowManager:   vsysui=100
01-19 17:17:28.514  5249  5761 V WindowManager:   bhv=DEFAULT naviIconColor=0}
01-19 17:17:28.515  5599  6779 I ViewRootImpl@f7c4d25[ScreenDecorOverlayBottom]: Relayout returned: old=(0,2189,1080,2340) new=(0,2189,1080,2340) req=(1079,151)0 dur=8 res=0x0 s={true 525878800384} ch=false fn=105
01-19 17:17:28.518  5249  5761 V WindowManager: Relayout Window{30ecb98 u0 InputMethod}: viewVisibility=0 req=1080x2257 d0
01-19 17:17:28.521  5249  5548 V WindowManager: Relayout Window{1a361da u0 ScreenDecorOverlay}: viewVisibility=0 req=1079x151 d0
01-19 17:17:28.521  5249  5761 V WindowManager: Relayout hash=30ecb98, pid=7974: mAttrs={(0,0)(fillxfill) gr=BOTTOM CENTER_VERTICAL sim={adjust=pan} ty=INPUT_METHOD fmt=TRANSPARENT wanim=0x7f130170 preferredMinDisplayRefreshRate=60.0 receive insets ignoring z-order
01-19 17:17:28.521  5249  5761 V WindowManager:   fl=81800108
01-19 17:17:28.521  5249  5761 V WindowManager:   pfl=12000000
01-19 17:17:28.521  5249  5761 V WindowManager:   vsysui=10
01-19 17:17:28.521  5249  5761 V WindowManager:   apr=LIGHT_NAVIGATION_BARS
01-19 17:17:28.521  5249  5761 V WindowManager:   bhv=DEFAULT
01-19 17:17:28.521  5249  5761 V WindowManager:   fitTypes=STATUS_BARS NAVIGATION_BARS
01-19 17:17:28.521  5249  5761 V WindowManager:   fitSides=LEFT TOP RIGHT
01-19 17:17:28.521  5249  5761 V WindowManager:   fitIgnoreVis dimDuration=150 naviIconColor=0}
01-19 17:17:28.523  7974  7974 I ViewRootImpl@85014ab[InputMethod]: Relayout returned: old=(0,83,1080,2340) new=(0,83,1080,2340) req=(1080,2257)0 dur=6 res=0x2 s={true 525778563072} ch=false fn=94
01-19 17:17:28.525  7974  7974 I ViewRootImpl@85014ab[InputMethod]: [DP] dp(1) 1 android.view.ViewRootImpl.reportNextDraw:11442 android.view.ViewRootImpl.performTraversals:4198 android.view.ViewRootImpl.doTraversal:2924
01-19 17:17:28.525  5249  5548 V WindowManager: Relayout hash=1a361da, pid=5599: mAttrs={(0,0)(fillxwrap) gr=TOP CENTER_VERTICAL sim={adjust=pan} layoutInDisplayCutoutMode=always ty=NAVIGATION_BAR_PANEL fmt=TRANSLUCENT
01-19 17:17:28.525  5249  5548 V WindowManager:   fl=20800128
01-19 17:17:28.525  5249  5548 V WindowManager:   pfl=13100050
01-19 17:17:28.525  5249  5548 V WindowManager:   vsysui=100
01-19 17:17:28.525  5249  5548 V WindowManager:   bhv=DEFAULT naviIconColor=0}
01-19 17:17:28.527  5599  6779 I ViewRootImpl@19a8c0[ScreenDecorOverlay]: Relayout returned: old=(0,0,1080,151) new=(0,0,1080,151) req=(1079,151)0 dur=9 res=0x0 s={true 525878792192} ch=false fn=106
01-19 17:17:28.529  5249  5761 V WindowManager: Relayout Window{d581a71 u0 ScreenDecorOverlayBottom}: viewVisibility=0 req=1079x151 d0
01-19 17:17:28.532  5249  5761 V WindowManager: Relayout hash=d581a71, pid=5599: mAttrs={(0,0)(fillxwrap) gr=BOTTOM CENTER_VERTICAL sim={adjust=pan} layoutInDisplayCutoutMode=always ty=NAVIGATION_BAR_PANEL fmt=TRANSLUCENT
01-19 17:17:28.532  5249  5761 V WindowManager:   fl=20800128
01-19 17:17:28.532  5249  5761 V WindowManager:   pfl=13100050
01-19 17:17:28.532  5249  5761 V WindowManager:   vsysui=100
01-19 17:17:28.532  5249  5761 V WindowManager:   bhv=DEFAULT naviIconColor=0}
01-19 17:17:28.534  5599  6779 I ViewRootImpl@f7c4d25[ScreenDecorOverlayBottom]: Relayout returned: old=(0,2189,1080,2340) new=(0,2189,1080,2340) req=(1079,151)0 dur=5 res=0x0 s={true 525878800384} ch=false fn=105
01-19 17:17:28.536  5249  5761 V WindowManager: Relayout Window{1a361da u0 ScreenDecorOverlay}: viewVisibility=0 req=1079x151 d0
01-19 17:17:28.539  5249  5761 V WindowManager: Relayout hash=1a361da, pid=5599: mAttrs={(0,0)(fillxwrap) gr=TOP CENTER_VERTICAL sim={adjust=pan} layoutInDisplayCutoutMode=always ty=NAVIGATION_BAR_PANEL fmt=TRANSLUCENT
01-19 17:17:28.539  5249  5761 V WindowManager:   fl=20800128
01-19 17:17:28.539  5249  5761 V WindowManager:   pfl=13100050
01-19 17:17:28.539  5249  5761 V WindowManager:   vsysui=100
01-19 17:17:28.539  5249  5761 V WindowManager:   bhv=DEFAULT naviIconColor=0}
01-19 17:17:28.540  5599  6779 I ViewRootImpl@19a8c0[ScreenDecorOverlay]: Relayout returned: old=(0,0,1080,151) new=(0,0,1080,151) req=(1079,151)0 dur=5 res=0x0 s={true 525878792192} ch=false fn=106
01-19 17:17:28.546  5249  5548 V WindowManager: Relayout Window{d581a71 u0 ScreenDecorOverlayBottom}: viewVisibility=0 req=1079x151 d0
01-19 17:17:28.548  7974  7974 I ViewRootImpl@85014ab[InputMethod]: [DP] pdf(0) 1 android.view.ViewRootImpl.lambda$addFrameCompleteCallbackIfNeeded$3$ViewRootImpl:5000 android.view.ViewRootImpl$$ExternalSyntheticLambda16.run:6 android.os.Handler.handleCallback:938
01-19 17:17:28.548  7974  7974 I ViewRootImpl@85014ab[InputMethod]: [DP] rdf()
01-19 17:17:28.549  7974  7974 I HBD     : d Init expand button state by global layout listener
01-19 17:17:28.551  5249  5548 V WindowManager: Relayout hash=d581a71, pid=5599: mAttrs={(0,0)(fillxwrap) gr=BOTTOM CENTER_VERTICAL sim={adjust=pan} layoutInDisplayCutoutMode=always ty=NAVIGATION_BAR_PANEL fmt=TRANSLUCENT
01-19 17:17:28.551  5249  5548 V WindowManager:   fl=20800128
01-19 17:17:28.551  5249  5548 V WindowManager:   pfl=13100050
01-19 17:17:28.551  5249  5548 V WindowManager:   vsysui=100
01-19 17:17:28.551  5249  5548 V WindowManager:   bhv=DEFAULT naviIconColor=0}
01-19 17:17:28.552  5599  6779 I ViewRootImpl@f7c4d25[ScreenDecorOverlayBottom]: Relayout returned: old=(0,2189,1080,2340) new=(0,2189,1080,2340) req=(1079,151)0 dur=10 res=0x0 s={true 525878800384} ch=false fn=105
01-19 17:17:28.556  5249  5548 V WindowManager: Relayout Window{1a361da u0 ScreenDecorOverlay}: viewVisibility=0 req=1079x151 d0
01-19 17:17:28.562  5249  5548 V WindowManager: Relayout hash=1a361da, pid=5599: mAttrs={(0,0)(fillxwrap) gr=TOP CENTER_VERTICAL sim={adjust=pan} layoutInDisplayCutoutMode=always ty=NAVIGATION_BAR_PANEL fmt=TRANSLUCENT
01-19 17:17:28.562  5249  5548 V WindowManager:   fl=20800128
01-19 17:17:28.562  5249  5548 V WindowManager:   pfl=13100050
01-19 17:17:28.562  5249  5548 V WindowManager:   vsysui=100
01-19 17:17:28.562  5249  5548 V WindowManager:   bhv=DEFAULT naviIconColor=0}
01-19 17:17:28.563  5599  6779 I ViewRootImpl@19a8c0[ScreenDecorOverlay]: Relayout returned: old=(0,0,1080,151) new=(0,0,1080,151) req=(1079,151)0 dur=10 res=0x0 s={true 525878792192} ch=false fn=106
01-19 17:17:28.567  3761  3761 D ScrollView:  onsize change changed
01-19 17:17:28.582  3761  3761 D InsetsSourceConsumer: ensureControlAlpha: for ITYPE_NAVIGATION_BAR on com.myapp.alist/com.myapp.alist.ui.MainActivity
01-19 17:17:28.587  4945  4945 E SurfaceFlinger: Attempt to update InputPolicyFlags without permission ACCESS_SURFACE_FLINGER
01-19 17:17:28.594  5249  5780 D InputMethodManagerServicePhysicalKey: isConnectedDexOnPC false
01-19 17:17:28.594  5249  5780 D InputMethodManagerService: isImeSwitcherDisabledPackage : false
01-19 17:17:28.656  5249  5504 D SemNscXgbMsL1: Probability - Cloud gaming: [0.023111835]
01-19 17:17:28.657  5249  5504 D SemNscXgbMsL1: Probability - Real time: [0.3041782]
01-19 17:17:28.657  5249  5504 D SemNscXgbMsL1: Probability - Non real time: [0.87925166]
01-19 17:17:28.657  5249  5504 D SemNscXgbMsL1: 1 sample inference time: 0.851923 msecs
01-19 17:17:28.658  5249  5504 D SemNscXgbL2Rt: L2 RT 1 sample inference time: 0.594731 msecs
01-19 17:17:28.658  5249  5504 D SemNscXgbL2Nrt: L2 NRT 1 sample inference time: 0.485077 msecs
01-19 17:17:28.667   437   523 I Finsky  : [193] aird.a(104): Skipping Gramophone warning due to shell install
01-19 17:17:28.690   437  3474 E AbstractLogEventBuilder: The provided ProductIdOrigin 3 is not one of the process-level expected values: 1 or 2
01-19 17:17:28.717  3761  3761 I IMM_LC  : notifyImeHidden
01-19 17:17:28.723  7974  7974 I MSHandlerLifeCycle: isMultiSplitHandlerRequested: ignored. pkg=com.samsung.android.honeyboard isActivity=false callers=com.android.internal.policy.DecorView.setVisibility:4295 android.app.Dialog.hide:741 android.inputmethodservice.InputMethodService.removeImeSurface:1143 android.inputmethodservice.InputMethodService.scheduleImeSurfaceRemoval:1136 android.inputmethodservice.InputMethodService.access$1400:354
01-19 17:17:28.723  7974  7974 I MSHandlerLifeCycle: removeMultiSplitHandler: no exist. decor=DecorView@73efe47[InputMethod]
01-19 17:17:28.729  4945  4945 D SurfaceFlinger: Display 0 HWC layers:
01-19 17:17:28.729  4945  4945 D SurfaceFlinger:      DEVICE | 0x7578fb8280 | 0102 | RGBA_8888    |    0.0    0.0 1080.0 2340.0 |    0    0 1080 2340 | com.myapp.alist/com.myapp.alist.ui.MainActivity$_3761#0
01-19 17:17:28.729  4945  4945 D SurfaceFlinger:      DEVICE | 0x759a4c04c0 | 0100 | RGBA_8888    |    0.0    0.0 1080.0   78.0 |    0    0 1080   78 | StatusBar$_5599#0
01-19 17:17:28.729  4945  4945 D SurfaceFlinger:      DEVICE | 0x7579018900 | 0100 | RGBA_8888    |    0.0    0.0 1080.0  126.0 |    0 2214 1080 2340 | NavigationBar0$_5599#0
01-19 17:17:28.729  4945  4945 D SurfaceFlinger:      DEVICE | 0x759a4bdcc0 | 0140 | RGBA_8888    |    0.0    0.0 1080.0  151.0 |    0    0 1080  151 | ScreenDecorOverlay$_5599#0
01-19 17:17:28.729  4945  4945 D SurfaceFlinger:      DEVICE | 0x7564e1ba00 | 0140 | RGBA_8888    |    0.0    0.0 1080.0  151.0 |    0 2189 1080 2340 | ScreenDecorOverlayBottom$_5599#0
01-19 17:17:28.729  4945  4945 D SurfaceFlinger:
01-19 17:17:28.749  5249  5780 V WindowManager: Relayout Window{30ecb98 u0 InputMethod}: viewVisibility=8 req=1080x2257 d0
01-19 17:17:28.755  4945  4945 I Layer   : id=4419 removeFromCurrentState InputMethod$_7974#0 (105)
01-19 17:17:28.758  5249  5780 V WindowManager: Relayout hash=30ecb98, pid=7974: mAttrs={(0,0)(fillxfill) gr=BOTTOM CENTER_VERTICAL sim={adjust=pan} ty=INPUT_METHOD fmt=TRANSPARENT wanim=0x7f130170 preferredMinDisplayRefreshRate=60.0 receive insets ignoring z-order
01-19 17:17:28.758  5249  5780 V WindowManager:   fl=81800108
01-19 17:17:28.758  5249  5780 V WindowManager:   pfl=12000000
01-19 17:17:28.758  5249  5780 V WindowManager:   vsysui=10
01-19 17:17:28.758  5249  5780 V WindowManager:   apr=LIGHT_NAVIGATION_BARS
01-19 17:17:28.758  5249  5780 V WindowManager:   bhv=DEFAULT
01-19 17:17:28.758  5249  5780 V WindowManager:   fitTypes=STATUS_BARS NAVIGATION_BARS
01-19 17:17:28.758  5249  5780 V WindowManager:   fitSides=LEFT TOP RIGHT
01-19 17:17:28.758  5249  5780 V WindowManager:   fitIgnoreVis dimDuration=150 naviIconColor=0}
01-19 17:17:28.759  4945  4945 I SurfaceFlinger: Setting desired display mode specs: default mode ID: 0, allowGroupSwitching = 0, primary range: [0.00fps 120.00fps], app request range: [0.00fps 120.00fps]
01-19 17:17:28.760  4945  4965 I SurfaceFlinger: id=4419 Removed InputMethod$_7974#0 (105)
01-19 17:17:28.760  7974  7974 I ViewRootImpl@85014ab[InputMethod]: Relayout returned: old=(0,83,1080,2340) new=(0,83,1080,2340) req=(1080,2257)8 dur=15 res=0x4 s={false 0} ch=true fn=105
01-19 17:17:28.772  4945  4945 I Layer   : id=4419 Destroyed InputMethod$_7974#0
01-19 17:17:28.779  5249  5548 V WindowManager: Relayout Window{d581a71 u0 ScreenDecorOverlayBottom}: viewVisibility=0 req=1079x151 d0
01-19 17:17:28.784  5249  5548 V WindowManager: Relayout hash=d581a71, pid=5599: mAttrs={(0,0)(fillxwrap) gr=BOTTOM CENTER_VERTICAL sim={adjust=pan} layoutInDisplayCutoutMode=always ty=NAVIGATION_BAR_PANEL fmt=TRANSLUCENT
01-19 17:17:28.784  5249  5548 V WindowManager:   fl=20800128
01-19 17:17:28.784  5249  5548 V WindowManager:   pfl=13100050
01-19 17:17:28.784  5249  5548 V WindowManager:   vsysui=100
01-19 17:17:28.784  5249  5548 V WindowManager:   bhv=DEFAULT naviIconColor=0}
01-19 17:17:28.786  5599  6779 I ViewRootImpl@f7c4d25[ScreenDecorOverlayBottom]: Relayout returned: old=(0,2189,1080,2340) new=(0,2189,1080,2340) req=(1079,151)0 dur=8 res=0x0 s={true 525878800384} ch=false fn=105
01-19 17:17:28.792  5249  5780 V WindowManager: Relayout Window{d581a71 u0 ScreenDecorOverlayBottom}: viewVisibility=0 req=1079x151 d0
01-19 17:17:28.797  5249  5780 V WindowManager: Relayout hash=d581a71, pid=5599: mAttrs={(0,0)(fillxwrap) gr=BOTTOM CENTER_VERTICAL sim={adjust=pan} layoutInDisplayCutoutMode=always ty=NAVIGATION_BAR_PANEL fmt=TRANSLUCENT
01-19 17:17:28.797  5249  5780 V WindowManager:   fl=20800128
01-19 17:17:28.797  5249  5780 V WindowManager:   pfl=13100050
01-19 17:17:28.797  5249  5780 V WindowManager:   vsysui=100
01-19 17:17:28.797  5249  5780 V WindowManager:   bhv=DEFAULT naviIconColor=0}
01-19 17:17:28.798  5599  6779 I ViewRootImpl@f7c4d25[ScreenDecorOverlayBottom]: Relayout returned: old=(0,2189,1080,2340) new=(0,2189,1080,2340) req=(1079,151)0 dur=8 res=0x0 s={true 525878800384} ch=false fn=105
01-19 17:17:28.802  5249  5761 V WindowManager: Relayout Window{1a361da u0 ScreenDecorOverlay}: viewVisibility=0 req=1079x151 d0
01-19 17:17:28.804 12823 12823 I Utils   : isCurrentUser current = 0, ownerId = 0
01-19 17:17:28.805 12823 12823 I TrayVisibilityController: getComputedTrayVisible : keyguardState = 1
01-19 17:17:28.805 12823 12823 I TrayVisibilityController: updateTrayVisible: State=1 visible=1 mCurrentVisible=2 specificMode=0
01-19 17:17:28.805 12823 12823 I TrayStateController: onNotifyUpdateTray: state=2
01-19 17:17:28.806 12823 12823 I MSHandlerLifeCycle: isMultiSplitHandlerRequested: ignored. pkg=com.samsung.android.app.cocktailbarservice isActivity=false callers=com.android.internal.policy.DecorView.setVisibility:4295 com.samsung.android.app.cocktailbarservice.controller.traystate.TrayStateHide.onExitState:54 com.samsung.android.app.cocktailbarservice.controller.traystate.TrayStateController.setUiState:779 com.samsung.android.app.cocktailbarservice.controller.traystate.TrayStateController$9.onNotifyUpdateTray:1482 com.samsung.android.app.cocktailbarservice.controller.traystate.TrayVisibilityController.notifyUpdateTray:431
01-19 17:17:28.806 12823 12823 I MSHandlerLifeCycle: removeMultiSplitHandler: no exist. decor=DecorView@6352c64[CocktailBarService]
01-19 17:17:28.807 12823 12823 I MSHandlerLifeCycle: isMultiSplitHandlerRequested: ignored. pkg=com.samsung.android.app.cocktailbarservice isActivity=false callers=com.android.internal.policy.DecorView.setVisibility:4295 com.samsung.android.app.cocktailbarservice.controller.traystate.TrayStateTrigger.onEnterState:187 com.samsung.android.app.cocktailbarservice.controller.traystate.TrayStateController.setUiState:793 com.samsung.android.app.cocktailbarservice.controller.traystate.TrayStateController$9.onNotifyUpdateTray:1482 com.samsung.android.app.cocktailbarservice.controller.traystate.TrayVisibilityController.notifyUpdateTray:431
01-19 17:17:28.807 12823 12823 I MSHandlerLifeCycle: removeMultiSplitHandler: no exist. decor=DecorView@6352c64[CocktailBarService]
01-19 17:17:28.808  5249  5761 V WindowManager: Relayout hash=1a361da, pid=5599: mAttrs={(0,0)(fillxwrap) gr=TOP CENTER_VERTICAL sim={adjust=pan} layoutInDisplayCutoutMode=always ty=NAVIGATION_BAR_PANEL fmt=TRANSLUCENT
01-19 17:17:28.808  5249  5761 V WindowManager:   fl=20800128
01-19 17:17:28.808  5249  5761 V WindowManager:   pfl=13100050
01-19 17:17:28.808  5249  5761 V WindowManager:   vsysui=100
01-19 17:17:28.808  5249  5761 V WindowManager:   bhv=DEFAULT naviIconColor=0}
01-19 17:17:28.811  5599  6779 I ViewRootImpl@19a8c0[ScreenDecorOverlay]: Relayout returned: old=(0,0,1080,151) new=(0,0,1080,151) req=(1079,151)0 dur=12 res=0x0 s={true 525878792192} ch=false fn=106
01-19 17:17:28.819 12823 12823 I TrayStateTrigger: getTriggerMarginOnTop retY=1637 halfHandleSize=181 getTriggerPosition=81.818184
01-19 17:17:28.821 12823 12823 I CapturedBlurController: updateBlurBackground: false false
01-19 17:17:28.821 12823 12823 I TrayStateController: setUiState 0 : 2 --> 0
01-19 17:17:28.824  5249  5761 V WindowManager: Relayout Window{1a361da u0 ScreenDecorOverlay}: viewVisibility=0 req=1079x151 d0
01-19 17:17:28.828  5249  5780 V WindowManager: Relayout Window{82feb1e u0 com.samsung.android.app.cocktailbarservice/com.samsung.android.app.cocktailbarservice.CocktailBarService}: viewVisibility=0 req=67x362 d0
01-19 17:17:28.829  4945  5860 I SurfaceFlinger: id=4421 createSurf (67x362),-3 flag=40004, com.samsung.android.app.cocktailbarservice/com.samsung.android.app.cocktailbarservice.CocktailBarService$_12823#0
01-19 17:17:28.829  5249  5761 V WindowManager: Relayout hash=1a361da, pid=5599: mAttrs={(0,0)(fillxwrap) gr=TOP CENTER_VERTICAL sim={adjust=pan} layoutInDisplayCutoutMode=always ty=NAVIGATION_BAR_PANEL fmt=TRANSLUCENT
01-19 17:17:28.829  5249  5761 V WindowManager:   fl=20800128
01-19 17:17:28.829  5249  5761 V WindowManager:   pfl=13100050
01-19 17:17:28.829  5249  5761 V WindowManager:   vsysui=100
01-19 17:17:28.829  5249  5761 V WindowManager:   bhv=DEFAULT naviIconColor=0}
01-19 17:17:28.831  5599  6779 I ViewRootImpl@19a8c0[ScreenDecorOverlay]: Relayout returned: old=(0,0,1080,151) new=(0,0,1080,151) req=(1079,151)0 dur=8 res=0x0 s={true 525878792192} ch=false fn=106
01-19 17:17:28.837  5249  5780 V WindowManager: Relayout hash=82feb1e, pid=12823: mAttrs={(0,1637)(67x362) gr=TOP RIGHT CENTER sim={adjust=nothing} layoutInDisplayCutoutMode=shortEdges ty=2226 fmt=TRANSPARENT
01-19 17:17:28.837  5249  5780 V WindowManager:   fl=81800548
01-19 17:17:28.837  5249  5780 V WindowManager:   pfl=2000050
01-19 17:17:28.837  5249  5780 V WindowManager:   vsysui=2000
01-19 17:17:28.837  5249  5780 V WindowManager:   apr=LIGHT_STATUS_BARS
01-19 17:17:28.837  5249  5780 V WindowManager:   bhv=SHOW_TRANSIENT_BARS_BY_SWIPE
01-19 17:17:28.837  5249  5780 V WindowManager:   fitTypes=NAVIGATION_BARS CAPTION_BAR dimAmount=0.0 dimDuration=0 naviIconColor=0
01-19 17:17:28.837  5249  5780 V WindowManager:   sfl=200000}
01-19 17:17:28.840 12823 12823 I ViewRootImpl@1f377ad[CocktailBarService]: Relayout returned: old=(1013,1637,1080,1999) new=(1013,1637,1080,1999) req=(67,362)0 dur=15 res=0x6 s={true 527947644928} ch=true fn=-1
01-19 17:17:28.841 12823 12823 I ViewRootImpl@1f377ad[CocktailBarService]: [DP] dp(1) 1 android.view.ViewRootImpl.reportNextDraw:11442 android.view.ViewRootImpl.performTraversals:4198 android.view.ViewRootImpl.doTraversal:2924
01-19 17:17:28.851 12823 12823 I ViewRootImpl@1f377ad[CocktailBarService]: [DP] pdf(0) 1 android.view.ViewRootImpl.lambda$addFrameCompleteCallbackIfNeeded$3$ViewRootImpl:5000 android.view.ViewRootImpl$$ExternalSyntheticLambda16.run:6 android.os.Handler.handleCallback:938
01-19 17:17:28.851 12823 12823 I ViewRootImpl@1f377ad[CocktailBarService]: [DP] rdf()
01-19 17:17:28.851 12823 12823 I TrayStateController: putInputRect mDynamicInputRegion=175442438@LastEvent=t=1705684647248Rect(25, 0 - 67, 362),Rect=Rect(25, 0 - 67, 362)
01-19 17:17:28.852 12823 12823 I DecorView: notifyKeepScreenOnChanged: keepScreenOn=false
01-19 17:17:28.853 12823 12823 I MSHandlerLifeCycle: isMultiSplitHandlerRequested: ignored. pkg=com.samsung.android.app.cocktailbarservice isActivity=false callers=com.android.internal.policy.DecorView.hasMultiSplitHandlerInNonFreeformMode:891 com.android.internal.policy.DecorView.notifyKeepScreenOnChanged:885 android.view.ViewRootImpl.applyKeepScreenOnFlag:2945 android.view.ViewRootImpl.setLayoutParams:2108 android.view.WindowManagerGlobal.updateViewLayout:537
01-19 17:17:28.855 12823 12823 I TrayStateTrigger: showTriggerView
01-19 17:17:28.855  4945  4945 E SurfaceFlinger: Attempt to update InputPolicyFlags without permission ACCESS_SURFACE_FLINGER
01-19 17:17:28.860  5249  5548 V WindowManager: Relayout Window{82feb1e u0 com.samsung.android.app.cocktailbarservice/com.samsung.android.app.cocktailbarservice.CocktailBarService}: viewVisibility=0 req=67x362 d0
01-19 17:17:28.866  4945  4945 D SurfaceFlinger: Display 0 HWC layers:
01-19 17:17:28.866  4945  4945 D SurfaceFlinger:      DEVICE | 0x7578fb8280 | 0102 | RGBA_8888    |    0.0    0.0 1080.0 2340.0 |    0    0 1080 2340 | com.myapp.alist/com.myapp.alist.ui.MainActivity$_3761#0
01-19 17:17:28.866  4945  4945 D SurfaceFlinger:      DEVICE | 0x759a4c04c0 | 0100 | RGBA_8888    |    0.0    0.0 1080.0   78.0 |    0    0 1080   78 | StatusBar$_5599#0
01-19 17:17:28.866  4945  4945 D SurfaceFlinger:      DEVICE | 0x759a4bfe80 | 0100 | RGBA_8888    |    0.0    0.0   67.0  362.0 | 1013 1637 1080 1999 | com.samsung.android.app.cocktailbars[...]rservice.CocktailBarService$_12823#0
01-19 17:17:28.866  4945  4945 D SurfaceFlinger:      DEVICE | 0x7579018900 | 0100 | RGBA_8888    |    0.0    0.0 1080.0  126.0 |    0 2214 1080 2340 | NavigationBar0$_5599#0
01-19 17:17:28.866  4945  4945 D SurfaceFlinger:      DEVICE | 0x759a4bdcc0 | 0140 | RGBA_8888    |    0.0    0.0 1080.0  151.0 |    0    0 1080  151 | ScreenDecorOverlay$_5599#0
01-19 17:17:28.866  4945  4945 D SurfaceFlinger:      DEVICE | 0x7564e1ba00 | 0140 | RGBA_8888    |    0.0    0.0 1080.0  151.0 |    0 2189 1080 2340 | ScreenDecorOverlayBottom$_5599#0
01-19 17:17:28.866  4945  4945 D SurfaceFlinger:
01-19 17:17:28.868  5249  5548 V WindowManager: Relayout hash=82feb1e, pid=12823: mAttrs={(0,1637)(67x362) gr=TOP RIGHT CENTER sim={adjust=nothing} layoutInDisplayCutoutMode=shortEdges ty=2226 fmt=TRANSPARENT
01-19 17:17:28.868  5249  5548 V WindowManager:   fl=81800548
01-19 17:17:28.868  5249  5548 V WindowManager:   pfl=2000050
01-19 17:17:28.868  5249  5548 V WindowManager:   vsysui=2000
01-19 17:17:28.868  5249  5548 V WindowManager:   apr=LIGHT_STATUS_BARS
01-19 17:17:28.868  5249  5548 V WindowManager:   bhv=SHOW_TRANSIENT_BARS_BY_SWIPE
01-19 17:17:28.868  5249  5548 V WindowManager:   fitTypes=NAVIGATION_BARS CAPTION_BAR dimAmount=0.0 dimDuration=0 naviIconColor=0
01-19 17:17:28.868  5249  5548 V WindowManager:   sfl=200000}
01-19 17:17:28.869 12823 12823 I ViewRootImpl@1f377ad[CocktailBarService]: Relayout returned: old=(1013,1637,1080,1999) new=(1013,1637,1080,1999) req=(67,362)0 dur=10 res=0x0 s={true 527947644928} ch=false fn=2
01-19 17:17:28.870 12823 12823 I CocktailBarUiController: onCocktailBarStateChanged: flag=0x1 vis=1 bgType= showTimeout=-1 activate=true
01-19 17:17:28.889  4945  4945 E SurfaceFlinger: Attempt to update InputPolicyFlags without permission ACCESS_SURFACE_FLINGER
01-19 17:17:28.902  3761  3761 D IdlingRegistry: Unregistering idling resources: [androidx.test.espresso.action.CloseKeyboardAction$CloseKeyboardIdlingResult@e2d24c1]
01-19 17:17:28.905  4945  4945 E SurfaceFlinger: Attempt to update InputPolicyFlags without permission ACCESS_SURFACE_FLINGER
01-19 17:17:28.918  3761  3761 I ViewInteraction: Checking 'MatchesViewAssertion{viewMatcher=an instance of android.widget.TextView and view.getText() with or without transformation to match: is "Description 1"}' assertion on view view.getId() is <2131296495/com.myapp.alist:id/input2EditText>
01-19 17:17:28.932  3761  3761 I ViewInteraction: Performing 'single click' action on view view.getId() is <2131296688/com.myapp.alist:id/spinner1>
01-19 17:17:28.938  5249  5548 D InputDispatcher: Inject motion (3761): action=0x0, time=5481059000000, f=0x0, d=0
01-19 17:17:28.938  5249  5413 I InputDispatcher: Delivering touch to (5599): action: 0x4, f=0x0, d=0, '9c44ca3', t=0
01-19 17:17:28.939  5249  5413 I InputDispatcher: Delivering touch to (3761): action: 0x0, f=0x0, d=0, 'ed0c352', t=0
01-19 17:17:28.939  5249  5287 I GestureDetector: obtain mCurrentDownEvent. id: -467348395 caller: com.android.server.wm.SystemGesturesPointerEventListener.onPointerEvent:179 com.android.server.wm.PointerEventDispatcher.onInputEvent:71 android.view.InputEventReceiver.dispatchInputEvent:259
01-19 17:17:28.940  5249  5287 I GestureDetector: obtain mCurrentDownEvent. id: -467348395 caller: com.android.server.wm.SystemPerformancePointerEventListener.onPointerEvent:89 com.android.server.wm.PointerEventDispatcher.onInputEvent:71 android.view.InputEventReceiver.dispatchInputEvent:259
01-19 17:17:28.940  3761  3761 I ViewRootImpl@e1b2006[MainActivity]: ViewPostIme pointer 0
01-19 17:17:28.941  3761  3761 I MSHandlerLifeCycle: isMultiSplitHandlerRequested: windowingMode=1 isFullscreen=true isPopOver=false isHidden=false skipActivityType=false isHandlerType=false this: DecorView@2d72371[MainActivity]
01-19 17:17:28.978  5249  5548 D InputDispatcher: Inject motion (3761): action=0x1, time=5481099000000, f=0x0, d=0
01-19 17:17:28.978  5249  5413 I InputDispatcher: Delivering touch to (3761): action: 0x1, f=0x0, d=0, 'ed0c352', t=0
01-19 17:17:28.979  5249  5287 I GestureDetector: obtain mCurrentMotionEventRaw. action: 1 id: -816860797
01-19 17:17:28.979  3761  3761 I ViewRootImpl@e1b2006[MainActivity]: ViewPostIme pointer 1
01-19 17:17:28.979  5249  5287 I GestureDetector: obtain mCurrentMotionEventRaw. action: 1 id: -816860797
01-19 17:17:28.979  3761  3761 I MSHandlerLifeCycle: isMultiSplitHandlerRequested: windowingMode=1 isFullscreen=true isPopOver=false isHidden=false skipActivityType=false isHandlerType=false this: DecorView@2d72371[MainActivity]
01-19 17:17:29.006  4945  4945 E SurfaceFlinger: Attempt to update InputPolicyFlags without permission ACCESS_SURFACE_FLINGER
01-19 17:17:29.009  6847  6847 D BoundBrokerSvc: onUnbind: Intent { act=com.google.android.gms.feedback.internal.IFeedbackService dat=chimera-action: cmp=com.google.android.gms/.chimera.GmsBoundBrokerService }
01-19 17:17:29.039  4945  4945 E SurfaceFlinger: Attempt to update InputPolicyFlags without permission ACCESS_SURFACE_FLINGER
01-19 17:17:29.055  4945  4945 E SurfaceFlinger: Attempt to update InputPolicyFlags without permission ACCESS_SURFACE_FLINGER
01-19 17:17:29.068  4879  3906 I HYPER-HAL: [RequestManager.cpp]releaseLocked(): Released ID : 29625767
01-19 17:17:29.070  4945  5860 I SurfaceFlinger: id=4422 createSurf (0x0),-1 flag=80004, 7306035 PopupWindow:1a7fdb5#0
01-19 17:17:29.071  5249  5548 D InputTransport: Input channel constructed: '7306035', fd=513
01-19 17:17:29.071  5249  5548 D InputTransport: Input channel constructed: '7306035', fd=587
01-19 17:17:29.071  5249  5548 D InputTransport: Input channel constructed: '7306035', fd=613
01-19 17:17:29.072  4945  4945 E SurfaceFlinger: Attempt to update InputPolicyFlags without permission ACCESS_SURFACE_FLINGER
01-19 17:17:29.073  4945  5860 I SurfaceFlinger: id=4423 createSurf (0x0),-1 flag=24000, Surface(name=1e58e32 StatusBar)/@0xf9f1b57 - animation-leash of insets_animation#1
01-19 17:17:29.074  4945  5860 I SurfaceFlinger: id=4424 createSurf (0x0),-1 flag=24000, Surface(name=9c44ca3 NavigationBar0)/@0x49015f3 - animation-leash of insets_animation#1
01-19 17:17:29.075  5249  5548 D InputTransport: Input channel destroyed: '7306035', fd=613
01-19 17:17:29.079  3761  3761 I ViewRootImpl@2d25c4a[PopupWindow:1a7fdb5]: setView = android.widget.PopupWindow$PopupDecorView@1a7c031 TM=true
01-19 17:17:29.087  5249  5548 V WindowManager: Relayout Window{7306035 u0 PopupWindow:1a7fdb5}: viewVisibility=0 req=336x1668 d0
01-19 17:17:29.088  4945  5860 I SurfaceFlinger: id=4425 createSurf (169x169),-3 flag=40004, PopupWindow:1a7fdb5$_3761#0
01-19 17:17:29.089  4945  4945 E SurfaceFlinger: Attempt to update InputPolicyFlags without permission ACCESS_SURFACE_FLINGER
01-19 17:17:29.089  4945  4945 I Layer   : id=4410 removeFromCurrentState Surface(name=1e58e32 StatusBar)/@0xf9f1b57 - animation-leash of insets_animation#0 (109)
01-19 17:17:29.089  4945  4945 I Layer   : id=4420 removeFromCurrentState Surface(name=9c44ca3 NavigationBar0)/@0x49015f3 - animation-leash of insets_animation#0 (109)
01-19 17:17:29.094  5249  5548 V WindowManager: Relayout hash=7306035, pid=3761: mAttrs={(576,546)(336x1668) gr=TOP START CENTER DISPLAY_CLIP_VERTICAL sim={state=unchanged adjust=resize} ty=APPLICATION_SUB_PANEL fmt=TRANSLUCENT surfaceInsets=Rect(84, 84 - 84, 84) (manual)
01-19 17:17:29.094  5249  5548 V WindowManager:   fl=41860200
01-19 17:17:29.094  5249  5548 V WindowManager:   pfl=2018000
01-19 17:17:29.094  5249  5548 V WindowManager:   bhv=DEFAULT
01-19 17:17:29.094  5249  5548 V WindowManager:   fitTypes=STATUS_BARS NAVIGATION_BARS CAPTION_BAR IME naviIconColor=0
01-19 17:17:29.094  5249  5548 V WindowManager:   sfl=20000}
01-19 17:17:29.097  3761  3885 I ViewRootImpl@2d25c4a[PopupWindow:1a7fdb5]: Resizing android.view.ViewRootImpl@7e1f316: frame=[576,546][912,2214] reportDraw=true forceLayout=false backDropFrame=Rect(0, 0 - 336, 1668)
01-19 17:17:29.100  3761  3761 D InsetsSourceConsumer: ensureControlAlpha: for ITYPE_NAVIGATION_BAR on PopupWindow:1a7fdb5
01-19 17:17:29.101  3761  3761 D InsetsSourceConsumer: ensureControlAlpha: for ITYPE_STATUS_BAR on PopupWindow:1a7fdb5
01-19 17:17:29.102  3761  3761 I ViewRootImpl@2d25c4a[PopupWindow:1a7fdb5]: Relayout returned: old=(0,83,1080,2214) new=(576,546,912,2214) req=(336,1668)0 dur=10 res=0x7 s={true 526540816384} ch=true fn=-1
01-19 17:17:29.105  3761  3787 D OpenGLRenderer: eglCreateWindowSurface
01-19 17:17:29.106  4945  4945 E SurfaceFlinger: Attempt to update InputPolicyFlags without permission ACCESS_SURFACE_FLINGER
01-19 17:17:29.122  4945  4945 E SurfaceFlinger: Attempt to update InputPolicyFlags without permission ACCESS_SURFACE_FLINGER
01-19 17:17:29.124  5249  5761 D InputDispatcher: Focus request (0): 7306035 PopupWindow:1a7fdb5 but waiting because NOT_VISIBLE
01-19 17:17:29.124  5249  5761 D InputDispatcher: Focus left window (0): ed0c352 com.myapp.alist/com.myapp.alist.ui.MainActivity
01-19 17:17:29.139  4945  4945 E SurfaceFlinger: Attempt to update InputPolicyFlags without permission ACCESS_SURFACE_FLINGER
01-19 17:17:29.156  4945  4945 E SurfaceFlinger: Attempt to update InputPolicyFlags without permission ACCESS_SURFACE_FLINGER
01-19 17:17:29.161  5249  5504 D SemNscXgbMsL1: Probability - Cloud gaming: [0.02255274]
01-19 17:17:29.162  5249  5504 D SemNscXgbMsL1: Probability - Real time: [0.11186051]
01-19 17:17:29.162  5249  5504 D SemNscXgbMsL1: Probability - Non real time: [0.66146576]
01-19 17:17:29.162  5249  5504 D SemNscXgbMsL1: 1 sample inference time: 0.8355 msecs
01-19 17:17:29.163  5249  5504 D SemNscXgbL2Rt: L2 RT 1 sample inference time: 0.980692 msecs
01-19 17:17:29.164  5249  5504 D SemNscXgbL2Nrt: L2 NRT 1 sample inference time: 0.795269 msecs
01-19 17:17:29.172  4945  4945 E SurfaceFlinger: Attempt to update InputPolicyFlags without permission ACCESS_SURFACE_FLINGER
01-19 17:17:29.179  3761  3761 D AbsListView:  in onLayout changed
01-19 17:17:29.181  3761  3761 I ViewRootImpl@2d25c4a[PopupWindow:1a7fdb5]: [DP] dp(1) 0 android.view.ViewRootImpl.reportNextDraw:11442 android.view.ViewRootImpl.performTraversals:4198 android.view.ViewRootImpl.doTraversal:2924
01-19 17:17:29.185  3761  3761 D ViewRootImpl@2d25c4a[PopupWindow:1a7fdb5]: Creating frameDrawingCallback nextDrawUseBlastSync=false reportNextDraw=true hasBlurUpdates=false
01-19 17:17:29.186  3761  3761 D ViewRootImpl@2d25c4a[PopupWindow:1a7fdb5]: Creating frameCompleteCallback
01-19 17:17:29.189  4945  4945 E SurfaceFlinger: Attempt to update InputPolicyFlags without permission ACCESS_SURFACE_FLINGER
01-19 17:17:29.190  3761  3813 D ViewRootImpl@2d25c4a[PopupWindow:1a7fdb5]: Received frameDrawingCallback frameNum=1. Creating transactionCompleteCallback=false
01-19 17:17:29.196  3761  3787 D ViewRootImpl@2d25c4a[PopupWindow:1a7fdb5]: Received frameCompleteCallback  lastAcquiredFrameNum=1 lastAttemptedDrawFrameNum=1
01-19 17:17:29.199  3761  3761 I ViewRootImpl@2d25c4a[PopupWindow:1a7fdb5]: [DP] pdf(0) 0 android.view.ViewRootImpl.lambda$addFrameCompleteCallbackIfNeeded$3$ViewRootImpl:5000 android.view.ViewRootImpl$$ExternalSyntheticLambda16.run:6 android.os.Handler.handleCallback:938
01-19 17:17:29.199  3761  3761 I ViewRootImpl@2d25c4a[PopupWindow:1a7fdb5]: [DP] rdf()
01-19 17:17:29.199  3761  3761 D ViewRootImpl@2d25c4a[PopupWindow:1a7fdb5]: reportDrawFinished (fn: -1)
01-19 17:17:29.206  4945  4945 E SurfaceFlinger: Attempt to update InputPolicyFlags without permission ACCESS_SURFACE_FLINGER
01-19 17:17:29.206  4945  4945 E SurfaceFlinger: Attempt to update InputPolicyFlags without permission ACCESS_SURFACE_FLINGER
01-19 17:17:29.206  4945  5860 I SurfaceFlinger: id=4420 Removed Surface(name=9c44ca3 NavigationBar0)/@0x49015f3 - animation-leash of insets_animation#0 (109)
01-19 17:17:29.206  4945  5860 I SurfaceFlinger: id=4410 Removed Surface(name=1e58e32 StatusBar)/@0xf9f1b57 - animation-leash of insets_animation#0 (109)
01-19 17:17:29.206  4945  4945 I Layer   : id=4410 Destroyed Surface(name=1e58e32 StatusBar)/@0xf9f1b57 - animation-leash of insets_animation#0
01-19 17:17:29.206  4945  4945 I Layer   : id=4420 Destroyed Surface(name=9c44ca3 NavigationBar0)/@0x49015f3 - animation-leash of insets_animation#0
01-19 17:17:29.208  5249  5548 D InputDispatcher: Focus entered window (0): 7306035 PopupWindow:1a7fdb5
01-19 17:17:29.212  4945  4945 D SurfaceFlinger: Display 0 HWC layers:
01-19 17:17:29.212  4945  4945 D SurfaceFlinger:      DEVICE | 0x7564e1cf40 | 0102 | RGBA_8888    |    0.0    0.0 1080.0 2340.0 |    0    0 1080 2340 | com.myapp.alist/com.myapp.alist.ui.MainActivity$_3761#0
01-19 17:17:29.212  4945  4945 D SurfaceFlinger:      DEVICE | 0x759a4c0d80 | 0100 | RGBA_8888    |    0.0    0.0  504.0 1836.0 |  492  462  996 2298 | PopupWindow:1a7fdb5$_3761#0
01-19 17:17:29.212  4945  4945 D SurfaceFlinger:      DEVICE | 0x759a4c04c0 | 0100 | RGBA_8888    |    0.0    0.0 1080.0   78.0 |    0    0 1080   78 | StatusBar$_5599#0
01-19 17:17:29.212  4945  4945 D SurfaceFlinger:      DEVICE | 0x759a4bfac0 | 0100 | RGBA_8888    |    0.0    0.0   67.0  362.0 | 1013 1637 1080 1999 | com.samsung.android.app.cocktailbars[...]rservice.CocktailBarService$_12823#0
01-19 17:17:29.212  4945  4945 D SurfaceFlinger:      DEVICE | 0x7579018900 | 0100 | RGBA_8888    |    0.0    0.0 1080.0  126.0 |    0 2214 1080 2340 | NavigationBar0$_5599#0
01-19 17:17:29.212  4945  4945 D SurfaceFlinger:      DEVICE | 0x759a4bdcc0 | 0140 | RGBA_8888    |    0.0    0.0 1080.0  151.0 |    0    0 1080  151 | ScreenDecorOverlay$_5599#0
