04-19 15:55:11.257  7937  7937 I HBD     : h getDefaultInputRange : UNKNOWN
04-19 15:55:11.257  7937  7937 I HBD     : a currentState : 0
04-19 15:55:11.259  7937  7937 I HBD     : h load selected json path : /data/user/0/com.samsung.android.honeyboard/files/selected.json
04-19 15:55:11.259  7937  7937 I HBD     : h load selected json info : {"version":"1.0","currentLanguageOrder":0,"selected":[{"activeOptionList":["auto_spacing","writing_assistant"],"engName":"English","id":65538,"inputType":"qwerty","isUsed":true}]}
04-19 15:55:11.260  7937  7937 I HBD     : a [UpdatePolicy] [post] a: 0 cl: 65538 kit: [0/0] vt: 0 ir: 1
04-19 15:55:11.261  7937  7937 I HBD     : HoneyBoardService [PF_OP][onStartInput]  18242923 ns
04-19 15:55:11.263  7937  7937 I MSHandlerLifeCycle: isMultiSplitHandlerRequested: ignored. pkg=com.samsung.android.honeyboard isActivity=false callers=com.android.internal.policy.DecorView.setVisibility:4295 android.app.Dialog.hide:741 android.inputmethodservice.InputMethodService.removeImeSurface:1143 android.inputmethodservice.InputMethodService.scheduleImeSurfaceRemoval:1136 android.inputmethodservice.InputMethodService.access$1400:354
04-19 15:55:11.263  7937  7937 I MSHandlerLifeCycle: removeMultiSplitHandler: no exist. decor=DecorView@79cf902[InputMethod]
04-19 15:55:11.270  4894  4894 E SurfaceFlinger: Attempt to update InputPolicyFlags without permission ACCESS_SURFACE_FLINGER
04-19 15:55:11.275  5576  5576 D SecLightBarControlHelper: updateStatus(WHITE icon) NumLightStacks:0, NumStacks:1, IndexLightStack:-1, StatusBarMode:0, StatusBarState:SHD, NeedDarkFontFromWallpaper:false, isWhiteKeyguardStatusBarBySettings:false
04-19 15:55:11.286  6061  6091 W FileTestStorage: Output properties is not supported.
04-19 15:55:11.287  4894  4894 E SurfaceFlinger: Attempt to update InputPolicyFlags without permission ACCESS_SURFACE_FLINGER
04-19 15:55:11.287  6061  6091 I Tracing : Tracer added: class androidx.test.platform.tracing.AndroidXTracer
04-19 15:55:11.287  4894  4894 I Layer   : id=4052 removeFromCurrentState Splash Screen com.myapp.alist$_5576#0 (104)
04-19 15:55:11.287  4894  4894 I Layer   : id=4051 removeFromCurrentState 7f96d22 Splash Screen com.myapp.alist#0 (104)
04-19 15:55:11.287  4894  4894 I Layer   : id=4062 removeFromCurrentState Surface(name=7f96d22 Splash Screen com.myapp.alist)/@0xec4dd39 - animation-leash of window_animation#0 (104)
04-19 15:55:11.287  4894  4894 I SurfaceFlinger: id=4051 Removed 7f96d22 Splash Screen com.myapp.alist#0 (104)
04-19 15:55:11.287  4894  4894 I SurfaceFlinger: id=4052 Removed Splash Screen com.myapp.alist$_5576#0 (104)
04-19 15:55:11.287  4894  4894 I SurfaceFlinger: id=4062 Removed Surface(name=7f96d22 Splash Screen com.myapp.alist)/@0xec4dd39 - animation-leash of window_animation#0 (104)
04-19 15:55:11.287  4894  4894 I Layer   : id=4062 Destroyed Surface(name=7f96d22 Splash Screen com.myapp.alist)/@0xec4dd39 - animation-leash of window_animation#0
04-19 15:55:11.287  4894  4894 I Layer   : id=4051 Destroyed 7f96d22 Splash Screen com.myapp.alist#0
04-19 15:55:11.289  4894  4894 I Layer   : id=4052 Destroyed Splash Screen com.myapp.alist$_5576#0
04-19 15:55:11.293  5232  7403 V WindowManager: Relayout Window{818e5f0 u0 NotificationShade}: viewVisibility=4 req=1080x2340 d0
04-19 15:55:11.293  4894  4894 D SurfaceFlinger: Display 0 HWC layers:
04-19 15:55:11.293  4894  4894 D SurfaceFlinger:      DEVICE | 0x7d9f7c7680 | 0102 | RGBA_8888    |    0.0    0.0 1080.0 2340.0 |    0    0 1080 2340 | com.myapp.alist/com.myapp.alist.ui.MainActivity$_6061#0
04-19 15:55:11.293  4894  4894 D SurfaceFlinger:      DEVICE | 0x7d8143fe40 | 0100 | RGBA_8888    |    0.0    0.0 1080.0   78.0 |    0    0 1080   78 | StatusBar$_5576#0
04-19 15:55:11.293  4894  4894 D SurfaceFlinger:      DEVICE | 0x7da12c0100 | 0100 | RGBA_8888    |    0.0    0.0   67.0  362.0 | 1013 1637 1080 1999 | com.samsung.android.app.cocktailbars[...]rservice.CocktailBarService$_11163#0
04-19 15:55:11.293  4894  4894 D SurfaceFlinger:      DEVICE | 0x7da12bd540 | 0100 | RGBA_8888    |    0.0    0.0 1080.0  126.0 |    0 2214 1080 2340 | NavigationBar0$_5576#0
04-19 15:55:11.293  4894  4894 D SurfaceFlinger:      DEVICE | 0x7da135d380 | 0140 | RGBA_8888    |    0.0    0.0 1080.0  151.0 |    0    0 1080  151 | ScreenDecorOverlay$_5576#0
04-19 15:55:11.293  4894  4894 D SurfaceFlinger:      DEVICE | 0x7da12bf700 | 0140 | RGBA_8888    |    0.0    0.0 1080.0  151.0 |    0 2189 1080 2340 | ScreenDecorOverlayBottom$_5576#0
04-19 15:55:11.293  4894  4894 D SurfaceFlinger:
04-19 15:55:11.296  5232  7403 V WindowManager: Relayout hash=818e5f0, pid=5576: mAttrs={(0,0)(fillxfill) gr=TOP CENTER_VERTICAL sim={adjust=resize} layoutInDisplayCutoutMode=always ty=2040 fmt=TRANSLUCENT
04-19 15:55:11.296  5232  7403 V WindowManager:   fl=81840048
04-19 15:55:11.296  5232  7403 V WindowManager:   pfl=1b000000
04-19 15:55:11.296  5232  7403 V WindowManager:   bhv=SHOW_TRANSIENT_BARS_BY_SWIPE naviIconColor=0
04-19 15:55:11.296  5232  7403 V WindowManager:   sfl=42000}
04-19 15:55:11.297  5576  5576 I ViewRootImpl@30498a4[NotificationShade]: Relayout returned: old=(0,0,1080,2340) new=(0,0,1080,2340) req=(1080,2340)4 dur=6 res=0x1 s={false 0} ch=false fn=-1
04-19 15:55:11.299  5576  5576 D KeyguardBottomAreaShortcutView: updateCameraVisibility isCameraDisabled:false visible:true
04-19 15:55:11.299  5576  5576 D KeyguardBottomAreaShortcutView: mIndicationArea margin start : 163, end : 163, bottom : 150
04-19 15:55:11.300  5576  5576 D QS      : setQSExpansion 0.0 -110.774994
04-19 15:55:11.300  5576  5576 D QS      : setQSExpansion 0.0 -110.774994
04-19 15:55:11.301  6061  6091 D EventInjectionStrategy: Creating injection strategy with input manager.
04-19 15:55:11.301  5576  5576 D IndicatorGardenInputProperty: updateRotation() prv:-1 >> new:0
04-19 15:55:11.301  5576  5576 D DeviceState: getDeviceResolutionPixelSize - currentDensity = 420 deviceDensity = 420 initialDisplaySizeFactor = 1080 currentDisplaySizeFactor = 1080 initialDisplayDensity = 420 proportionalDensity = 420 proportionalPixel = 0
04-19 15:55:11.301  5576  5576 D DeviceState: getDeviceResolutionPixelSize - currentDensity = 420 deviceDensity = 420 initialDisplaySizeFactor = 1080 currentDisplaySizeFactor = 1080 initialDisplayDensity = 420 proportionalDensity = 420 proportionalPixel = 0
04-19 15:55:11.301  5576  5576 D DeviceState: getDeviceResolutionPixelSize - currentDensity = 420 deviceDensity = 420 initialDisplaySizeFactor = 1080 currentDisplaySizeFactor = 1080 initialDisplayDensity = 420 proportionalDensity = 420 proportionalPixel = 0
04-19 15:55:11.301  5576  5576 E IndicatorGardenAlgorithmBasicCutout: NOT MATCH !!!! resourceHeight:78, cutoutHeight:83 ([IndicatorGardenInputProperty]  Rotation(0-0,90-1,180-2,270-3)0, Density:2.625, ScreenWidthSize:1080, CoverSidePadding:0, mIndicatorGardenCenterOffset:11, mCameraCutoutCropSize:80, mGardenPaddingStart:21, mIndicatorCornerPadding:0, mCameraSidePadding:0, mCameraTopMargin:0, DpCutout:DisplayCutout{insets=Rect(0, 83 - 0, 0) waterfall=Insets{left=0, top=0, right=0, bottom=0} boundingRect={Bounds=[Rect(0, 0 - 0, 0), Rect(443, 0 - 637, 83), Rect(0, 0 - 0, 0), Rect(0, 0 - 0, 0)]} cutoutPathParserInfo={CutoutPathParserInfo{displayWidth=1080 displayHeight=2340 density={2.625} cutoutSpec={M36.95,0C26.35,0,24.15,3.8,23.15,9.8 l-0.1,0.7c-1.7,9.6-9.3,17.2-18.9,18.9c-12.7,2.2-24.8-6.2-27-18.9 c0,0-0.1-0.7-0.1-0.7C-24.15,3.8,-26.25,0,-36.95,0Z @dp} rotation={0} scale={1.0}}}})
04-19 15:55:11.301  5576  5576 E IndicatorGardenAlgorithmBasicCutout: NOT MATCH !!!! resourceHeight:78, cutoutHeight:83 ([IndicatorGardenInputProperty]  Rotation(0-0,90-1,180-2,270-3)0, Density:2.625, ScreenWidthSize:1080, CoverSidePadding:0, mIndicatorGardenCenterOffset:11, mCameraCutoutCropSize:80, mGardenPaddingStart:21, mIndicatorCornerPadding:0, mCameraSidePadding:0, mCameraTopMargin:0, DpCutout:DisplayCutout{insets=Rect(0, 83 - 0, 0) waterfall=Insets{left=0, top=0, right=0, bottom=0} boundingRect={Bounds=[Rect(0, 0 - 0, 0), Rect(443, 0 - 637, 83), Rect(0, 0 - 0, 0), Rect(0, 0 - 0, 0)]} cutoutPathParserInfo={CutoutPathParserInfo{displayWidth=1080 displayHeight=2340 density={2.625} cutoutSpec={M36.95,0C26.35,0,24.15,3.8,23.15,9.8 l-0.1,0.7c-1.7,9.6-9.3,17.2-18.9,18.9c-12.7,2.2-24.8-6.2-27-18.9 c0,0-0.1-0.7-0.1-0.7C-24.15,3.8,-26.25,0,-36.95,0Z @dp} rotation={0} scale={1.0}}}})
04-19 15:55:11.303  6061  6091 W com.myapp.alis: Accessing hidden method Landroid/hardware/input/InputManager;->getInstance()Landroid/hardware/input/InputManager; (unsupported, reflection, allowed)
04-19 15:55:11.303  6061  6091 W com.myapp.alis: Accessing hidden method Landroid/hardware/input/InputManager;->injectInputEvent(Landroid/view/InputEvent;I)Z (unsupported, reflection, allowed)
04-19 15:55:11.303  6061  6091 W com.myapp.alis: Accessing hidden field Landroid/hardware/input/InputManager;->INJECT_INPUT_EVENT_MODE_WAIT_FOR_FINISH:I (unsupported, reflection, allowed)
04-19 15:55:11.320  6061  6091 W com.myapp.alis: Accessing hidden method Landroid/view/ViewConfiguration;->getDoubleTapMinTime()I (unsupported, reflection, allowed)
04-19 15:55:11.328  6061  6061 W com.myapp.alis: Accessing hidden method Landroid/os/MessageQueue;->next()Landroid/os/Message; (unsupported, reflection, allowed)
04-19 15:55:11.328  6061  6061 W com.myapp.alis: Accessing hidden field Landroid/os/MessageQueue;->mMessages:Landroid/os/Message; (unsupported, reflection, allowed)
04-19 15:55:11.328  6061  6061 W com.myapp.alis: Accessing hidden method Landroid/os/Message;->recycleUnchecked()V (unsupported, reflection, allowed)
04-19 15:55:11.332  6061  6061 W com.myapp.alis: Accessing hidden method Landroid/view/WindowManagerGlobal;->getInstance()Landroid/view/WindowManagerGlobal; (unsupported, reflection, allowed)
04-19 15:55:11.332  6061  6061 W com.myapp.alis: Accessing hidden field Landroid/view/WindowManagerGlobal;->mViews:Ljava/util/ArrayList; (unsupported, reflection, allowed)
04-19 15:55:11.332  6061  6061 W com.myapp.alis: Accessing hidden field Landroid/view/WindowManagerGlobal;->mParams:Ljava/util/ArrayList; (unsupported, reflection, allowed)
04-19 15:55:11.336  6061  6061 I ViewInteraction: Performing 'type text(Name 1)' action on view view.getId() is <2131296492/com.myapp.alist:id/input1EditText>
04-19 15:55:11.344  5232  7403 D InputDispatcher: Inject motion (6061): action=0x0, time=6871041000000, f=0x0, d=0
04-19 15:55:11.344  5232  5378 I InputDispatcher: Delivering touch to (5576): action: 0x4, f=0x0, d=0, 'ec1a749', t=0
04-19 15:55:11.344  5232  5378 I InputDispatcher: Delivering touch to (6061): action: 0x0, f=0x0, d=0, 'e615793', t=0
04-19 15:55:11.345  6061  6061 I ViewRootImpl@79cdf24[MainActivity]: ViewPostIme pointer 0
04-19 15:55:11.345  6061  6061 I MSHandlerLifeCycle: isMultiSplitHandlerRequested: windowingMode=1 isFullscreen=true isPopOver=false isHidden=false skipActivityType=false isHandlerType=true this: DecorView@e4c4401[MainActivity]
04-19 15:55:11.345  5232  5255 I GestureDetector: obtain mCurrentDownEvent. id: -882330256 caller: com.android.server.wm.SystemGesturesPointerEventListener.onPointerEvent:179 com.android.server.wm.PointerEventDispatcher.onInputEvent:71 android.view.InputEventReceiver.dispatchInputEvent:259
04-19 15:55:11.346  5232  5255 I GestureDetector: obtain mCurrentDownEvent. id: -882330256 caller: com.android.server.wm.SystemPerformancePointerEventListener.onPointerEvent:89 com.android.server.wm.PointerEventDispatcher.onInputEvent:71 android.view.InputEventReceiver.dispatchInputEvent:259
04-19 15:55:11.347  5232  5802 I InputMethodManagerService: isInputMethodShown: isShown=false
04-19 15:55:11.383  5232  7403 D InputDispatcher: Inject motion (6061): action=0x1, time=6871082000000, f=0x0, d=0
04-19 15:55:11.383  5232  5378 I InputDispatcher: Delivering touch to (6061): action: 0x1, f=0x0, d=0, 'e615793', t=0
04-19 15:55:11.384  6061  6061 I ViewRootImpl@79cdf24[MainActivity]: ViewPostIme pointer 1
04-19 15:55:11.384  5232  5255 I GestureDetector: obtain mCurrentMotionEventRaw. action: 1 id: -397293994
04-19 15:55:11.384  6061  6061 I MSHandlerLifeCycle: isMultiSplitHandlerRequested: windowingMode=1 isFullscreen=true isPopOver=false isHidden=false skipActivityType=false isHandlerType=true this: DecorView@e4c4401[MainActivity]
04-19 15:55:11.384  5232  5255 I GestureDetector: obtain mCurrentMotionEventRaw. action: 1 id: -397293994
04-19 15:55:11.397  6061  6061 D InputMethodManager: startInputInner - Id : 0
04-19 15:55:11.397  6061  6061 I InputMethodManager: startInputInner - mService.startInputOrWindowGainedFocus
04-19 15:55:11.398  5232  5802 D InputMethodManagerService: mDesktopModeManager null!
04-19 15:55:11.398  5232  5802 V InputMethodManagerService: getDisplayIdOfInputMethodWindowToBeAdded : 0
04-19 15:55:11.399  5232  5802 D InputMethodManagerService: checkDisplayOfStartInputAndUpdateKeyboard display Id 0last 0
04-19 15:55:11.399  5232  5802 D InputTransport: Input channel constructed: 'ClientS', fd=873
04-19 15:55:11.399  5232  5802 D InputTransport: Input channel destroyed: 'ClientS', fd=873
04-19 15:55:11.399  7937  7937 I HBD     : HoneyBoardService onFinishInput
04-19 15:55:11.400  6061  6061 D CompatibilityChangeReporter: Compat change id reported: 163400105; UID 10423; state: ENABLED
04-19 15:55:11.400  6061  6061 I IMM_LC  : showSoftInput(View,I)
04-19 15:55:11.400  6061  6061 I IMM_LC  : ssi() - flag : 0 view : com.myapp.alist reason = SHOW_SOFT_INPUT
04-19 15:55:11.400  5232  5802 V InputMethodManagerService: Client requesting input be shown, flags : 0
04-19 15:55:11.401  7937  7937 I HBD     : a IC have been unbinding,  InputConnectionWrapper{idHash=#e526992 mMissingMethods=}
04-19 15:55:11.401  7937  7937 I HBD     : HoneyBoardService [PF_CL][onFinishInput]  1334500 ns
04-19 15:55:11.401  5232  5802 D InputMethodManagerService: ACCESS_CONTROL_ENABLED = false, ACCESS_CONTROL_KEYBOARD_BLOCK = false
04-19 15:55:11.401  7937  7937 I HBD     : HoneyBoardService onInlineSuggestionsResponse
04-19 15:55:11.408  6061  6061 D Editor  : waiting for the right moment
04-19 15:55:11.411  7937  7937 I HBD     : HoneyBoardService onCreateInlineSuggestionsRequest
04-19 15:55:11.417  6061  6061 I AssistStructure: Flattened final assist data: 4780 bytes, containing 1 windows, 25 views
04-19 15:55:11.420  4894  4894 E SurfaceFlinger: Attempt to update InputPolicyFlags without permission ACCESS_SURFACE_FLINGER
04-19 15:55:11.443  6163  9273 I FontLog : Received query Noto Color Emoji Compat, URI content://com.google.android.gms.fonts [CONTEXT service_id=132 ]
04-19 15:55:11.443  6163  9273 I FontLog : Query [emojicompat-emoji-font] resolved to {Noto Color Emoji Compat, wdth 100.0, wght 400, ital 0.0, bestEffort false} [CONTEXT service_id=132 ]
04-19 15:55:11.443  7937  7937 I HBD     : HoneyBoardService [IMI] onStartInput - caller pid : 6061 , caller uid : 10423
04-19 15:55:11.443  7937  7937 I HBD     : j updateConfigs
04-19 15:55:11.443  7937  7937 I HBD     : j isEnabledNightMode : false
04-19 15:55:11.443  7937  7937 I HBD     : a IC have been binding, InputConnectionWrapper{idHash=#98f3760 mMissingMethods=}
04-19 15:55:11.443  7937  7937 W HBD     : b [EditorInputType] undefined Enter action code : 0x40000005
04-19 15:55:11.443  7937  7937 I HBD     : h [EditorInputType]setPrivateImeOptionsToTable privateImeOptions ( null )
04-19 15:55:11.444  7937  7937 I HBD     : b incognitoMode : false
04-19 15:55:11.444  7937  7937 W HBD     : b [EditorInputType] undefined Enter action code : 0x40000005
04-19 15:55:11.444  7937  7937 I HBD     : a [CPS]isPredictionOnByLanguage :false, isForceOff : false, isPredictionOn : true , isOnPref : true
04-19 15:55:11.444  7937  7937 I HBD     : h getDefaultInputRange : UNKNOWN
04-19 15:55:11.444  7937  7937 I HBD     : h getDefaultInputRange : UNKNOWN
04-19 15:55:11.444  7937  7937 I HBD     : h getDefaultInputRange : UNKNOWN
04-19 15:55:11.445  7937  7937 I HBD     : h getDefaultInputRange : UNKNOWN
04-19 15:55:11.445  7937  7937 I HBD     : a currentState : 0
04-19 15:55:11.446  7937  7937 I HBD     : h load selected json path : /data/user/0/com.samsung.android.honeyboard/files/selected.json
04-19 15:55:11.446  7937  7937 I HBD     : h load selected json info : {"version":"1.0","currentLanguageOrder":0,"selected":[{"activeOptionList":["auto_spacing","writing_assistant"],"engName":"English","id":65538,"inputType":"qwerty","isUsed":true}]}
04-19 15:55:11.446  6163  9273 I FontLog : Fetch {Noto Color Emoji Compat, wdth 100.0, wght 400, ital 0.0, bestEffort false} end status Status{statusCode=SUCCESS, resolution=null} [CONTEXT service_id=132 ]
04-19 15:55:11.446  7937  7937 I HBD     : a [UpdatePolicy] [post] a: 0 cl: 65538 kit: [0/0] vt: 0 ir: 1
04-19 15:55:11.447  7937  7937 I HBD     : HoneyBoardService [PF_OP][onStartInput]  3860384 ns
04-19 15:55:11.449  7937  7937 I HBD     : HoneyBoardService onViewClicked
04-19 15:55:11.455  6163  9273 I FontLog : Pulling font file for id = 230, cache size = 8 [CONTEXT service_id=132 ]
04-19 15:55:11.461  6163  9989 I FontLog : Pulling font file for id = 230, cache size = 8 [CONTEXT service_id=132 ]
04-19 15:55:11.465  6163  6163 W AutofillChimeraService: Pending fill request while another request in the same session was triggered. [CONTEXT service_id=177 ]
04-19 15:55:11.469  7937  7937 I HBD     : HoneyBoardService [PF_OP][onViewClicked]  12101769 ns
04-19 15:55:11.469  7937  7937 I InputMethod: showSoftInput(), flags : 1
04-19 15:55:11.475  5232  7403 I InputMethodManagerService: isAccessoryKeyboard 0
04-19 15:55:11.475  7937  7937 I HBD     : HoneyBoardService onEvaluateInputViewShown: true
04-19 15:55:11.483  7937  7937 I HBD     : a undoMinimize requested, minimized = false
04-19 15:55:11.483  7937  7937 I DecorView: notifyKeepScreenOnChanged: keepScreenOn=false
04-19 15:55:11.487  4894  4894 E SurfaceFlinger: Attempt to update InputPolicyFlags without permission ACCESS_SURFACE_FLINGER
04-19 15:55:11.491  7937  7937 I MSHandlerLifeCycle: isMultiSplitHandlerRequested: ignored. pkg=com.samsung.android.honeyboard isActivity=false callers=com.android.internal.policy.DecorView.hasMultiSplitHandlerInNonFreeformMode:891 com.android.internal.policy.DecorView.notifyKeepScreenOnChanged:885 android.view.ViewRootImpl.applyKeepScreenOnFlag:2945 android.view.ViewRootImpl.setLayoutParams:2108 android.view.WindowManagerGlobal.updateViewLayout:537
04-19 15:55:11.492  7937  7937 I DecorView: notifyKeepScreenOnChanged: keepScreenOn=false
04-19 15:55:11.492  7937  7937 I MSHandlerLifeCycle: isMultiSplitHandlerRequested: ignored. pkg=com.samsung.android.honeyboard isActivity=false callers=com.android.internal.policy.DecorView.hasMultiSplitHandlerInNonFreeformMode:891 com.android.internal.policy.DecorView.notifyKeepScreenOnChanged:885 android.view.ViewRootImpl.applyKeepScreenOnFlag:2945 android.view.ViewRootImpl.setLayoutParams:2108 android.view.WindowManagerGlobal.updateViewLayout:537
04-19 15:55:11.492  5232  7403 I InputMethodManagerService: isAccessoryKeyboard 0
04-19 15:55:11.493  7937  7937 I HBD     : HoneyBoardService onEvaluateInputViewShown: true
04-19 15:55:11.493  7937  7937 I HBD     : HoneyBoardService onCreateInputView
04-19 15:55:11.493  7937  7937 I HBD     : HoneyBoardService setInputView
04-19 15:55:11.509  7937  7937 I DecorView: notifyKeepScreenOnChanged: keepScreenOn=false
04-19 15:55:11.510  7937  7937 I MSHandlerLifeCycle: isMultiSplitHandlerRequested: ignored. pkg=com.samsung.android.honeyboard isActivity=false callers=com.android.internal.policy.DecorView.hasMultiSplitHandlerInNonFreeformMode:891 com.android.internal.policy.DecorView.notifyKeepScreenOnChanged:885 android.view.ViewRootImpl.applyKeepScreenOnFlag:2945 android.view.ViewRootImpl.setLayoutParams:2108 android.view.WindowManagerGlobal.updateViewLayout:537
04-19 15:55:11.512  7937  7937 I HBD     : HoneyBoardService onStartInputView : restarting = false, client = com.myapp.alist
04-19 15:55:11.514  7937  8568 I SemDvfsHyPerManager: acquire hyper - SKBD_RE_ENTER_SHOW/7937@1, type = -999
04-19 15:55:11.515  4829  4883 I HYPER-HAL: [RequestManager.cpp]acquire(): Acquired ID : 31509892  [7937 / 1]    HINT : KBD_APP_RE_ENTER_VIEW    list : [TIMEOUT / 400]
04-19 15:55:11.515  7937  7937 W HBD     : b [EditorInputType] undefined Enter action code : 0x40000005
04-19 15:55:11.515  7937  7937 I HBD     : h [EditorInputType]setPrivateImeOptionsToTable privateImeOptions ( null )
04-19 15:55:11.515  7937  7937 I HBD     : b incognitoMode : false
04-19 15:55:11.515  7937  7937 W HBD     : b [EditorInputType] undefined Enter action code : 0x40000005
04-19 15:55:11.515  7937  7937 I HBD     : h getDefaultInputRange : UNKNOWN
04-19 15:55:11.515  7937  7937 I HBD     : h getDefaultInputRange : UNKNOWN
04-19 15:55:11.515  7937  7937 I HBD     : h getDefaultInputRange : UNKNOWN
04-19 15:55:11.519  7937  7937 I HBD     : HoneyBoardService onStartInputViewInternal: inputType=0x20001, imeOptions=0x48000005, initialSelStart=0, initialSelEnd=0
04-19 15:55:11.520  7937  7937 I HBD     : f applyThemesPolicy
04-19 15:55:11.523  7937  7937 I HBD     : e mUsedOpenTheme = false IsRequiredDarkTypeTheme = false night mode : false mIsEnabledHighContrast = false mIsOpenThemeForHoneyBoardInstalled = false mIsWallpaperThemeInstalled = false mIsThemeParkTheme = false
04-19 15:55:11.523  7937  7937 I HBD     : f ThemeIndex By PolicyInternal theme index :  285212672 Light
04-19 15:55:11.523  7937  7937 I HBD     : f update KeyboardTheme themeIndex : 0x 11000000  theme :  Light
04-19 15:55:11.523  7937  7937 I HBD     : a set Theme convertedIndex : 2
04-19 15:55:11.523  7937  7937 I HBD     : a themeStyleSet :2
04-19 15:55:11.524  7937  7937 I HBD     : a updatePredictionStatus : 1, editorOpt
04-19 15:55:11.524  7937  7937 I HBD     : a updateForEditorClass isPredictionOn = true
04-19 15:55:11.580  7937 15012 I HBD     : a [PF_EN] updateSelectList() t, 41
04-19 15:55:11.593  7937  7937 I HBD     : al EBD ssu f 1
04-19 15:55:11.596  7937  7937 I HBD     : a [UpdatePolicy] [post] a: 1 cl: 65538 kit: [0/0] vt: 0 ir: 1
04-19 15:55:11.598  5232  7403 D SecContentProvider: query(), uri = 17 selection = isSettingsChangesAllowed
04-19 15:55:11.599  5232  7403 D SecContentProvider: query(), uri = 17 selection = isSettingsChangesAllowed
04-19 15:55:11.600  7937  8511 I HBD     : m updated Sub Types. English
04-19 15:55:11.601  7937  6181 I HBD     : a InputMethodSubtype is set as local:en_GB
04-19 15:55:11.602  5232  5232 D InputMethodManagerServicePhysicalKey: isConnectedDexOnPC false
04-19 15:55:11.603  5232  5232 D InputMethodManagerService: isImeSwitcherDisabledPackage : false
04-19 15:55:11.609  5232  5376 I AssistStructure: Flattened final assist data: 4376 bytes, containing 1 windows, 25 views
04-19 15:55:11.611  6163  6905 W tez     : Infinite Data has no result for com.myapp.alist [CONTEXT service_id=177 ]
04-19 15:55:11.613  8636  8636 D BoundBrokerSvc: onBind: Intent { act=com.google.android.gms.wallet.service.BIND pkg=com.google.android.gms }
04-19 15:55:11.613  8636  8636 D BoundBrokerSvc: Loading bound service for intent: Intent { act=com.google.android.gms.wallet.service.BIND pkg=com.google.android.gms }
04-19 15:55:11.614  7937  7937 I HBD     : a [SKE_TAM] Changed false
04-19 15:55:11.617  7937  7937 I HBD     : a refresh(), mParameterMode,  0
04-19 15:55:11.620  7937  7937 I HBD     : ::BnR:: d HONEY_SUPPORT_DATA_MIGRATION_FROM_SKBD : true, isMigrateNotNeeded : true, isFinishMigPreferences : false, isPasswordInputType : falseisUserUnlocked : true
04-19 15:55:11.620  6163  6163 D BoundBrokerSvc: onBind: Intent { act=com.google.android.gms.tapandpay.service.BIND dat=chimera-action: cmp=com.google.android.gms/.chimera.PersistentApiService }
04-19 15:55:11.620  6163  6163 D BoundBrokerSvc: Loading bound service for intent: Intent { act=com.google.android.gms.tapandpay.service.BIND dat=chimera-action: cmp=com.google.android.gms/.chimera.PersistentApiService }
04-19 15:55:11.620  7937  7937 I HBD     : b updateMultiTapTimeValue
04-19 15:55:11.620  7937  7937 I HBD     : b getMultiTapTimeoutValue
04-19 15:55:11.620  7937  7937 I HBD     : b getSingleVowelMultiTapTimeoutValue
04-19 15:55:11.621  7937  6195 I HBD     : bd requestCursorUpdates returned  true ,  1
04-19 15:55:11.637  7937  7937 I HBD     : a onBind
04-19 15:55:11.640  7937  7937 I HBD     : b [EditorEnterActionItem] updateConfig: 0x3 to 0x40000005
04-19 15:55:11.640  7937  7937 I HBD     : b updateConfig: [LanguageItem] English / [KeyboardViewTypeItem] 0 / [KeyboardInputTypeItem] mainType(0), subType(0) / [CurrentLanguageInputTypeItem] mainType(0), subType(0) / [KeyboardInputRangeItem] 1 / [HandwritingModeItem] false / [SelectedLanguageItem] 1 / [LocaleItem] en-GB / [TextOrNullInputClassItem] true / [DateInputTypeItem] false / [DateTimeInputTypeItem] false /
04-19 15:55:11.640  7937  7937 I HBD     : b updateConfig: [DecimalNumberInputTypeItem] false / [NumberOnlyInputTypeItem] false / [NumberPasswordInputTypeItem] false / [PhoneNumberInputClassItem] false / [SignedDecimalNumberInputTypeItem] false / [SignedNumberInputTypeItem] false / [EmailInputTypeItem] false / [UrlInputTypeItem] false / [UrlEmailModeItem] false / [PasswordInputTypeItem] false / [WebPasswordEditorItem] false /
04-19 15:55:11.640  7937  7937 I HBD     : b updateConfig: [NumberInputClassItem] false / [DateTimeInputClassItem] false / [DigitEditorItem] false / [MonthInputTypeItem] false / [YearDateTimeInputTypeItem] false / [IPAddressInputTypeItem] false / [FileNameInputTypeItem] false / [CustomSymbolsForPeriodKeyItem] false / [OptionInputTypeItem] false / [DisableHanjaInputItem] false / [DisableCmKeyInputItem] false /
04-19 15:55:11.641  7937  7937 I HBD     : b updateConfig: [DisableCommaKeyInputItem] false / [DisableLanguageChangeKeyItem] false / [DisableSpaceKeyItem] false / [NumberPickerInputItem] false / [TimeInputTypeItem] false / [NumberKeyFirstLineItem] true / [AlternativeCharacterItem] false / [SimpleRowStyleItem] false / [HighContrastItem] false / [TouchAndHoldSpaceBarTypeItem] cursor_control / [UseContinuousInputItem] false /
04-19 15:55:11.641  7937  7937 I HBD     : b updateConfig: [UseToolBarItem] true / [OrientationItem] false / [DensityItem] 2.625 / [DisplayWidthItem] 0x1080 / [DisplayHeightItem] 0x2131 / [MainTextLabelItem] 1 / [LanguageSwitchingUsingSpaceBarItem] true / [LanguageSwitchingUsingKeyItem] false / [TransliterationTypingModeItem] false / [CoverDisplayModeItem] false / [TalkBackEnabledItem] false /
04-19 15:55:11.642  7937  7937 I HBD     : b updateConfig: [Japanese8FlickCustomisationItem] false / [VoiceEnabledItem] true / [SamsungVoiceImeItem] false / [PredictionStatusItem] true /
04-19 15:55:11.642  7937  7937 I HBD     : b updateKeyboardViewHolder: INVALIDATE
04-19 15:55:11.645  5232  5255 I GestureDetector: handleMessage TAP
04-19 15:55:11.646  5232  5232 I GestureDetector: handleMessage TAP
04-19 15:55:11.647  6061  6061 D UiControllerImpl: Injecting string: "Name 1"
04-19 15:55:11.649  5232  8700 D InputDispatcher: Inject key (6061): action=0, f=0x8, d=-1, time=6871347000000
04-19 15:55:11.649  5232  5378 I InputDispatcher: Delivering key to (6061): action: 0x0 (0), f=0x8, m=0x41, d=0, 'e615793'
04-19 15:55:11.655  7937  7937 I HBD     : c [BoardScrapManager] sendBoardScrap
04-19 15:55:11.656  7937  7937 I HBD     : ci updateChangedBoard - [LC:false][TC:false][RC:false][RB:false]
04-19 15:55:11.662  7937  7937 I HBD     : d updateCurrentEngine,  65538 ,  SWIFTKEY
04-19 15:55:11.662  7937  7937 I HBD     : a [SKE_TAM] Changed false
04-19 15:55:11.664  7937  7937 I HBD     : a [SKE_TAM] custom = false , useEngine = true
04-19 15:55:11.664  7937  7937 I HBD     : a [SKE_TAM] Changed false
04-19 15:55:11.666  7937  7937 I HBD     : a refresh(), mParameterMode,  0
04-19 15:55:11.667  7937  7937 I HBD     : a [PF_EN] updateChangedBoard() 5
04-19 15:55:11.670  5232  5490 D NetdEventListenerService: DNS Requested by : 0, 10191, 7
04-19 15:55:11.671  6163  6201 W ejqa    : [{0}] Failed to resolve name. status={1}
04-19 15:55:11.674  5232  5376 D SecContentProvider: query(), uri = 15 selection = isClipboardShareAllowedAsUser
04-19 15:55:11.689  6163  6193 W sfc     : Failed to retrieve prediction data. [CONTEXT service_id=177 ]
04-19 15:55:11.701  7937  7937 E HBD     : f metaData is null.
04-19 15:55:11.705  5937  5937 V InlineSuggestionRenderService: handleDestroySuggestionViews called for 0:1174872950
04-19 15:55:11.719  7937  7937 I HBD     : HoneyBoardService [PF_OP][onStartInputView]  208 ms
04-19 15:55:11.720  5232  5376 D InputMethodManagerServicePhysicalKey: isConnectedDexOnPC false
04-19 15:55:11.720  5232  5376 D InputMethodManagerService: isImeSwitcherDisabledPackage : false
04-19 15:55:11.720  5232  5376 I InputMethodManagerService: setImeWindowStatus: vis=3, backDisposition=0
04-19 15:55:11.720  7937  7937 I HBD     : HoneyBoardService onWindowShown
04-19 15:55:11.721 11163 11163 I CocktailBarUiController: onReceive: action=ResponseAxT9Info isVisibleWindow=1
04-19 15:55:11.722  5232  5376 D SecContentProvider: query(), uri = 15 selection = isClipboardShareAllowedAsUser
04-19 15:55:11.722  5232  6219 W System.err: java.io.IOException: write failed: EBUSY (Device or resource busy)
04-19 15:55:11.724  5232  6219 W System.err: 	at libcore.io.IoBridge.write(IoBridge.java:651)
04-19 15:55:11.724  5232  6219 W System.err: 	at java.io.FileOutputStream.write(FileOutputStream.java:401)
04-19 15:55:11.724  5232  6219 W System.err: 	at java.io.FileOutputStream.write(FileOutputStream.java:379)
04-19 15:55:11.724  5232  6219 W System.err: 	at com.android.server.wm.TspStateController.lambda$writeTspCommandToSysfs$0$TspStateController(TspStateController.java:601)
04-19 15:55:11.724  5232  6219 W System.err: 	at com.android.server.wm.TspStateController$$ExternalSyntheticLambda0.run(Unknown Source:6)
04-19 15:55:11.724  5232  6219 W System.err: 	at java.lang.Thread.run(Thread.java:1012)
04-19 15:55:11.724  7937  7937 I HBD     : HoneyBoardService [PF_OP][onWindowShown]  3231346 ns
04-19 15:55:11.724  5232  6219 W System.err: Caused by: android.system.ErrnoException: write failed: EBUSY (Device or resource busy)
04-19 15:55:11.724  5232  6219 W System.err: 	at libcore.io.Linux.writeBytes(Native Method)
04-19 15:55:11.724  5232  6219 W System.err: 	at libcore.io.Linux.write(Linux.java:296)
04-19 15:55:11.724  5232  6219 W System.err: 	at libcore.io.ForwardingOs.write(ForwardingOs.java:943)
04-19 15:55:11.724  5232  6219 W System.err: 	at libcore.io.BlockGuardOs.write(BlockGuardOs.java:448)
04-19 15:55:11.724  5232  6219 W System.err: 	at libcore.io.IoBridge.write(IoBridge.java:646)
04-19 15:55:11.724  5232  6219 W System.err: 	... 5 more
04-19 15:55:11.725  7937  7937 I MSHandlerLifeCycle: isMultiSplitHandlerRequested: ignored. pkg=com.samsung.android.honeyboard isActivity=false callers=com.android.internal.policy.DecorView.setVisibility:4295 android.app.Dialog.show:445 android.inputmethodservice.SoftInputWindow.show:302 android.inputmethodservice.InputMethodService.showWindow:2823 android.inputmethodservice.InputMethodService$InputMethodImpl.showSoftInput:963
04-19 15:55:11.725  7937  7937 I MSHandlerLifeCycle: removeMultiSplitHandler: no exist. decor=DecorView@79cf902[InputMethod]
04-19 15:55:11.725  7937  7937 I HBD     : a skip onKeyDown as physical keyboard not connected
04-19 15:55:11.726  7937  7937 I HBD     : HoneyBoardService onKeyDown r:4ad1c049 consumed:false
04-19 15:55:11.727  6061  6061 I ViewRootImpl@79cdf24[MainActivity]: ViewPostIme key 0
04-19 15:55:11.727  5232  5376 D InputMethodManagerServicePhysicalKey: isConnectedDexOnPC false
04-19 15:55:11.728  5232  5376 D InputMethodManagerService: isImeSwitcherDisabledPackage : false
04-19 15:55:11.728  5232  5376 I InputMethodManagerService: setImeWindowStatus: vis=3, backDisposition=0
04-19 15:55:11.743  5232  8700 D InputDispatcher: Inject key (6061): action=0, f=0x8, d=-1, time=6871441000000
04-19 15:55:11.743  5232  5378 I InputDispatcher: Delivering key to (6061): action: 0x0 (0), f=0x8, m=0x41, d=0, 'e615793'
04-19 15:55:11.754  4894  4894 E SurfaceFlinger: Attempt to update InputPolicyFlags without permission ACCESS_SURFACE_FLINGER
04-19 15:55:11.756  5232  7403 V WindowManager: Relayout Window{877f4ea u0 InputMethod}: viewVisibility=0 req=1080x2257 d0
04-19 15:55:11.756  4894  4926 I SurfaceFlinger: id=4064 createSurf (1080x2257),-3 flag=40004, InputMethod$_7937#0
04-19 15:55:11.758  7937 20814 I ViewRootImpl@ec5d19[InputMethod]: Resizing android.view.ViewRootImpl@5372052: frame=[0,83][1080,2340] reportDraw=true forceLayout=true backDropFrame=Rect(0, 0 - 1080, 2257)
04-19 15:55:11.759  5232  7403 V WindowManager: Relayout hash=877f4ea, pid=7937: mAttrs={(0,0)(fillxfill) gr=BOTTOM CENTER_VERTICAL sim={adjust=pan} ty=INPUT_METHOD fmt=TRANSPARENT wanim=0x7f130170 preferredMinDisplayRefreshRate=60.0 receive insets ignoring z-order
04-19 15:55:11.759  5232  7403 V WindowManager:   fl=81800108
04-19 15:55:11.759  5232  7403 V WindowManager:   pfl=12000000
04-19 15:55:11.759  5232  7403 V WindowManager:   vsysui=10
04-19 15:55:11.759  5232  7403 V WindowManager:   apr=LIGHT_NAVIGATION_BARS
04-19 15:55:11.759  5232  7403 V WindowManager:   bhv=DEFAULT
04-19 15:55:11.759  5232  7403 V WindowManager:   fitTypes=STATUS_BARS NAVIGATION_BARS
04-19 15:55:11.759  5232  7403 V WindowManager:   fitSides=LEFT TOP RIGHT
04-19 15:55:11.759  5232  7403 V WindowManager:   fitIgnoreVis dimDuration=150 naviIconColor=0}
04-19 15:55:11.761  7937  7937 I ViewRootImpl@ec5d19[InputMethod]: Relayout returned: old=(0,83,1080,2340) new=(0,83,1080,2340) req=(1080,2257)0 dur=5 res=0x7 s={true 538122883072} ch=true fn=-1
04-19 15:55:11.763  7937  7937 I ViewRootImpl@ec5d19[InputMethod]: [DP] dp(1) 1 android.view.ViewRootImpl.reportNextDraw:11442 android.view.ViewRootImpl.performTraversals:4198 android.view.ViewRootImpl.doTraversal:2924
04-19 15:55:11.773  5232  7403 V WindowManager: Relayout Window{4822353 u0 ScreenDecorOverlayBottom}: viewVisibility=0 req=1079x151 d0
04-19 15:55:11.776  5232  7403 V WindowManager: Relayout hash=4822353, pid=5576: mAttrs={(0,0)(fillxwrap) gr=BOTTOM CENTER_VERTICAL sim={adjust=pan} layoutInDisplayCutoutMode=always ty=NAVIGATION_BAR_PANEL fmt=TRANSLUCENT
04-19 15:55:11.776  5232  7403 V WindowManager:   fl=20800128
04-19 15:55:11.776  5232  7403 V WindowManager:   pfl=13100050
04-19 15:55:11.776  5232  7403 V WindowManager:   vsysui=100
04-19 15:55:11.776  5232  7403 V WindowManager:   bhv=DEFAULT naviIconColor=0}
04-19 15:55:11.777  5576  6511 I ViewRootImpl@60d6efe[ScreenDecorOverlayBottom]: Relayout returned: old=(0,2189,1080,2340) new=(0,2189,1080,2340) req=(1079,151)0 dur=3 res=0x1 s={true 535593426944} ch=false fn=108
04-19 15:55:11.779  5232  5376 V WindowManager: Relayout Window{5338360 u0 ScreenDecorOverlay}: viewVisibility=0 req=1079x151 d0
04-19 15:55:11.781  5232  5376 V WindowManager: Relayout hash=5338360, pid=5576: mAttrs={(0,0)(fillxwrap) gr=TOP CENTER_VERTICAL sim={adjust=pan} layoutInDisplayCutoutMode=always ty=NAVIGATION_BAR_PANEL fmt=TRANSLUCENT
04-19 15:55:11.781  5232  5376 V WindowManager:   fl=20800128
04-19 15:55:11.781  5232  5376 V WindowManager:   pfl=13100050
04-19 15:55:11.781  5232  5376 V WindowManager:   vsysui=100
04-19 15:55:11.781  5232  5376 V WindowManager:   bhv=DEFAULT naviIconColor=0}
04-19 15:55:11.782  5576  6511 I ViewRootImpl@cb0095a[ScreenDecorOverlay]: Relayout returned: old=(0,0,1080,151) new=(0,0,1080,151) req=(1079,151)0 dur=5 res=0x1 s={true 535593418752} ch=false fn=112
04-19 15:55:11.786  7937  7937 I HBD     : a skip onKeyDown as physical keyboard not connected
04-19 15:55:11.790  5232  5376 V WindowManager: Relayout Window{4822353 u0 ScreenDecorOverlayBottom}: viewVisibility=0 req=1079x151 d0
04-19 15:55:11.791  7937  7937 I HBD     : HoneyBoardService onKeyDown r:93465f8e consumed:false
04-19 15:55:11.792  7937  7937 I ViewRootImpl@ec5d19[InputMethod]: [DP] pdf(0) 1 android.view.ViewRootImpl.lambda$addFrameCompleteCallbackIfNeeded$3$ViewRootImpl:5000 android.view.ViewRootImpl$$ExternalSyntheticLambda16.run:6 android.os.Handler.handleCallback:938
04-19 15:55:11.792  7937  7937 I ViewRootImpl@ec5d19[InputMethod]: [DP] rdf()
04-19 15:55:11.792  6061  6061 I ViewRootImpl@79cdf24[MainActivity]: setInTouchMode(false), android.view.ViewRootImpl.checkForLeavingTouchModeAndConsume:9050 android.view.ViewRootImpl.access$3500:303 android.view.ViewRootImpl$EarlyPostImeInputStage.processKeyEvent:7399 android.view.ViewRootImpl$EarlyPostImeInputStage.onProcess:7383 android.view.ViewRootImpl$InputStage.deliver:6927 android.view.ViewRootImpl$InputStage.onDeliverToNext:6984 android.view.ViewRootImpl$InputStage.forward:6950 android.view.ViewRootImpl$AsyncInputStage.forward:7181 android.view.ViewRootImpl$ImeInputStage.onFinishedInputEvent:7368 android.view.inputmethod.InputMethodManager$PendingEvent.run:3411
04-19 15:55:11.792  6061  6061 I ViewRootImpl@79cdf24[MainActivity]: ViewPostIme key 0
04-19 15:55:11.793  5232  5376 V WindowManager: Relayout hash=4822353, pid=5576: mAttrs={(0,0)(fillxwrap) gr=BOTTOM CENTER_VERTICAL sim={adjust=pan} layoutInDisplayCutoutMode=always ty=NAVIGATION_BAR_PANEL fmt=TRANSLUCENT
04-19 15:55:11.793  5232  5376 V WindowManager:   fl=20800128
04-19 15:55:11.793  5232  5376 V WindowManager:   pfl=13100050
04-19 15:55:11.793  5232  5376 V WindowManager:   vsysui=100
04-19 15:55:11.793  5232  5376 V WindowManager:   bhv=DEFAULT naviIconColor=0}
04-19 15:55:11.794  5576  6511 I ViewRootImpl@60d6efe[ScreenDecorOverlayBottom]: Relayout returned: old=(0,2189,1080,2340) new=(0,2189,1080,2340) req=(1079,151)0 dur=4 res=0x1 s={true 535593426944} ch=false fn=108
04-19 15:55:11.795  5232  7403 V WindowManager: Relayout Window{5338360 u0 ScreenDecorOverlay}: viewVisibility=0 req=1079x151 d0
04-19 15:55:11.800  5232  7403 V WindowManager: Relayout hash=5338360, pid=5576: mAttrs={(0,0)(fillxwrap) gr=TOP CENTER_VERTICAL sim={adjust=pan} layoutInDisplayCutoutMode=always ty=NAVIGATION_BAR_PANEL fmt=TRANSLUCENT
04-19 15:55:11.800  5232  7403 V WindowManager:   fl=20800128
04-19 15:55:11.800  5232  7403 V WindowManager:   pfl=13100050
04-19 15:55:11.800  5232  7403 V WindowManager:   vsysui=100
04-19 15:55:11.800  5232  7403 V WindowManager:   bhv=DEFAULT naviIconColor=0}
04-19 15:55:11.801  5576  6511 I ViewRootImpl@cb0095a[ScreenDecorOverlay]: Relayout returned: old=(0,0,1080,151) new=(0,0,1080,151) req=(1079,151)0 dur=6 res=0x0 s={true 535593418752} ch=false fn=112
04-19 15:55:11.802  4894  4894 I SurfaceFlinger: Setting desired display mode specs: default mode ID: 0, allowGroupSwitching = 0, primary range: [60.00fps 120.00fps], app request range: [60.00fps 120.00fps]
04-19 15:55:11.810  6061  6061 D InsetsController: show(ime(), fromIme=true)
04-19 15:55:11.815  7937  8511 E IceCone : g isNetworkDisconnected net=null, getNetworkCapabilities.hasCapability() is false or null
04-19 15:55:11.815  6061  6061 D InsetsSourceConsumer: setRequestedVisible: visible=true, type=19, host=com.myapp.alist/com.myapp.alist.ui.MainActivity, from=android.view.InsetsSourceConsumer.show:246 android.view.InsetsController.showDirectly:1489 android.view.InsetsController.controlAnimationUnchecked:1137 android.view.InsetsController.applyAnimation:1456 android.view.InsetsController.applyAnimation:1437 android.view.InsetsController.show:976 android.view.ViewRootImpl$ViewRootHandler.handleMessageImpl:6483 android.view.ViewRootImpl$ViewRootHandler.handleMessage:6408 android.os.Handler.dispatchMessage:106 androidx.test.espresso.base.Interrogator.loopAndInterrogate:14
04-19 15:55:11.825  7937  7937 I HBD     : al EBD si t 0
04-19 15:55:11.833  5232  7701 V WindowManager: Relayout Window{4822353 u0 ScreenDecorOverlayBottom}: viewVisibility=0 req=1079x151 d0
04-19 15:55:11.834  7937  7937 I ViewRootImpl@ec5d19[InputMethod]: handleResized, msg = 5 frames=ClientWindowFrames{frame=[0,83][1080,2340] display=[0,83][1080,2340] backdrop=[0,0][1080,2257]} forceNextWindowRelayout=true displayId=0 frameChanged=false backdropFrameChanged=false configChanged=false displayChanged=false mNextDrawUseBlastSync=false mergedConfiguration={mGlobalConfig={1.1 234mcc15mnc [en_GB] ldltr sw411dp w411dp h811dp 420dpi nrml long hdr port finger -keyb/v/h -nav/h winConfig={ mBounds=Rect(0, 0 - 1080, 2340) mAppBounds=Rect(0, 83 - 1080, 2214) mMaxBounds=Rect(0, 0 - 1080, 2340) mWindowingMode=fullscreen mDisplayWindowingMode=fullscreen mActivityType=undefined mAlwaysOnTop=undefined mRotation=ROTATION_0 mPopOver=undefined mFreeformTaskPinningState=undefined} s.760 fontWeightAdjustment=0 ff=0 bf=0 bts=0 enb/d themeSeq=0} mOverrideConfig={1.1 234mcc15mnc [en_GB] ldltr sw411dp w411dp h811dp 420dpi nrml long hdr port finger -keyb/v/h -nav/h winConfig={ mBounds=Rect(0, 0 - 1080, 2340) mAppBounds=Rect(0, 83 - 1080, 2214) mMaxBounds=Rect(0, 0 - 1080, 2340) mWindowingMode=fullscreen mDisplayWindowingMode=fullscreen mActivityType=undefined mAlwaysOnTop=undefined mRotation=ROTATION_0 mPopOver=undefined mFreeformTaskPinningState=undefined} s.699 fontWeightAdjustment=0 ff=0 bf=0 bts=0 enb/d themeSeq=0}}
04-19 15:55:11.834  7937  7937 I ViewRootImpl@ec5d19[InputMethod]: [DP] dp(1) 1 android.view.ViewRootImpl.reportNextDraw:11442 android.view.ViewRootImpl.handleResized:2235 android.view.ViewRootImpl.access$1200:303
04-19 15:55:11.836  7937  9396 I HBD     : b [SKE_KPM] load kpm : /data/user/0/com.samsung.android.honeyboard/app_KeyPressModel/model_0_0_-667254808.im
04-19 15:55:11.837  7937  8511 E HBD     : g activeNetwork is null
04-19 15:55:11.838  4894  4894 I Layer   : id=4060 removeFromCurrentState Surface(name=ec1a749 NavigationBar0)/@0xfb3ebf7 - animation-leash of insets_animation#0 (102)
04-19 15:55:11.840  5576  5576 D PipMotionHelper: animateToOffset: originalBounds=Rect(533, 1020 - 1038, 1304) offset=-126 callers=
04-19 15:55:11.840  5576  5576 D PipMotionHelper:     com.android.wm.shell.pip.phone.PipTouchHandler.onMovementBoundsChanged:482
04-19 15:55:11.840  5576  5576 D PipMotionHelper:     com.android.wm.shell.pip.phone.PipController.updateMovementBounds:715
04-19 15:55:11.840  5576  5576 D PipMotionHelper:     com.android.wm.shell.pip.phone.PipController.access$600:99
04-19 15:55:11.840  5576  5576 D PipMotionHelper:     com.android.wm.shell.pip.phone.PipController$PipControllerPinnedTaskListener.onMovementBoundsChanged:238
04-19 15:55:11.840  5576  5576 D PipMotionHelper:     com.android.wm.shell.pip.PinnedStackListenerForwarder.onMovementBoundsChanged:65
04-19 15:55:11.845  5232  7701 V WindowManager: Relayout hash=4822353, pid=5576: mAttrs={(0,0)(fillxwrap) gr=BOTTOM CENTER_VERTICAL sim={adjust=pan} layoutInDisplayCutoutMode=always ty=NAVIGATION_BAR_PANEL fmt=TRANSLUCENT
04-19 15:55:11.845  5232  7701 V WindowManager:   fl=20800128
04-19 15:55:11.845  5232  7701 V WindowManager:   pfl=13100050
04-19 15:55:11.845  5232  7701 V WindowManager:   vsysui=100
04-19 15:55:11.845  5232  7701 V WindowManager:   bhv=DEFAULT naviIconColor=0}
04-19 15:55:11.846  5576  6511 I ViewRootImpl@60d6efe[ScreenDecorOverlayBottom]: Relayout returned: old=(0,2189,1080,2340) new=(0,2189,1080,2340) req=(1079,151)0 dur=23 res=0x0 s={true 535593426944} ch=false fn=108
04-19 15:55:11.849  5232  7403 V WindowManager: Relayout Window{5338360 u0 ScreenDecorOverlay}: viewVisibility=0 req=1079x151 d0
04-19 15:55:11.851  5232  7403 V WindowManager: Relayout hash=5338360, pid=5576: mAttrs={(0,0)(fillxwrap) gr=TOP CENTER_VERTICAL sim={adjust=pan} layoutInDisplayCutoutMode=always ty=NAVIGATION_BAR_PANEL fmt=TRANSLUCENT
04-19 15:55:11.851  5232  7403 V WindowManager:   fl=20800128
04-19 15:55:11.851  5232  7403 V WindowManager:   pfl=13100050
04-19 15:55:11.851  5232  7403 V WindowManager:   vsysui=100
04-19 15:55:11.851  5232  7403 V WindowManager:   bhv=DEFAULT naviIconColor=0}
04-19 15:55:11.852  5576  6511 I ViewRootImpl@cb0095a[ScreenDecorOverlay]: Relayout returned: old=(0,0,1080,151) new=(0,0,1080,151) req=(1079,151)0 dur=5 res=0x0 s={true 535593418752} ch=false fn=112
04-19 15:55:11.857  5232  7403 V WindowManager: Relayout Window{4822353 u0 ScreenDecorOverlayBottom}: viewVisibility=0 req=1079x151 d0
04-19 15:55:11.861  4894  4894 D SurfaceFlinger: Display 0 HWC layers:
04-19 15:55:11.861  4894  4894 D SurfaceFlinger:      DEVICE | 0x7d9f7c7680 | 0102 | RGBA_8888    |    0.0    0.0 1080.0 2340.0 |    0    0 1080 2340 | com.myapp.alist/com.myapp.alist.ui.MainActivity$_6061#0
04-19 15:55:11.861  4894  4894 D SurfaceFlinger:      DEVICE | 0x7da134e580 | 0100 | RGBA_8888    |    0.0    0.0 1080.0 1515.0 |    0  825 1080 2340 | InputMethod$_7937#0
04-19 15:55:11.861  4894  4894 D SurfaceFlinger:      DEVICE | 0x7d8143fe40 | 0100 | RGBA_8888    |    0.0    0.0 1080.0   78.0 |    0    0 1080   78 | StatusBar$_5576#0
04-19 15:55:11.861  4894  4894 D SurfaceFlinger:      DEVICE | 0x7da12c0100 | 0100 | RGBA_8888    |    0.0    0.0   67.0  362.0 | 1013 1637 1080 1999 | com.samsung.android.app.cocktailbars[...]rservice.CocktailBarService$_11163#0
04-19 15:55:11.861  4894  4894 D SurfaceFlinger:      DEVICE | 0x7da12bd540 | 0100 | RGBA_8888    |    0.0    0.0 1080.0  126.0 |    0 2214 1080 2340 | NavigationBar0$_5576#0
04-19 15:55:11.861  4894  4894 D SurfaceFlinger:      DEVICE | 0x7da135d380 | 0140 | RGBA_8888    |    0.0    0.0 1080.0  151.0 |    0    0 1080  151 | ScreenDecorOverlay$_5576#0
04-19 15:55:11.861  4894  4894 D SurfaceFlinger:      DEVICE | 0x7da12bf700 | 0140 | RGBA_8888    |    0.0    0.0 1080.0  151.0 |    0 2189 1080 2340 | ScreenDecorOverlayBottom$_5576#0
04-19 15:55:11.861  4894  4894 D SurfaceFlinger:
04-19 15:55:11.861  5232  7403 V WindowManager: Relayout hash=4822353, pid=5576: mAttrs={(0,0)(fillxwrap) gr=BOTTOM CENTER_VERTICAL sim={adjust=pan} layoutInDisplayCutoutMode=always ty=NAVIGATION_BAR_PANEL fmt=TRANSLUCENT
04-19 15:55:11.861  5232  7403 V WindowManager:   fl=20800128
04-19 15:55:11.861  5232  7403 V WindowManager:   pfl=13100050
04-19 15:55:11.861  5232  7403 V WindowManager:   vsysui=100
04-19 15:55:11.861  5232  7403 V WindowManager:   bhv=DEFAULT naviIconColor=0}
04-19 15:55:11.862  5576  6511 I ViewRootImpl@60d6efe[ScreenDecorOverlayBottom]: Relayout returned: old=(0,2189,1080,2340) new=(0,2189,1080,2340) req=(1079,151)0 dur=5 res=0x0 s={true 535593426944} ch=false fn=108
04-19 15:55:11.864  5232  7701 V WindowManager: Relayout Window{5338360 u0 ScreenDecorOverlay}: viewVisibility=0 req=1079x151 d0
04-19 15:55:11.866  5232  7701 V WindowManager: Relayout hash=5338360, pid=5576: mAttrs={(0,0)(fillxwrap) gr=TOP CENTER_VERTICAL sim={adjust=pan} layoutInDisplayCutoutMode=always ty=NAVIGATION_BAR_PANEL fmt=TRANSLUCENT
04-19 15:55:11.866  5232  7701 V WindowManager:   fl=20800128
04-19 15:55:11.866  5232  7701 V WindowManager:   pfl=13100050
04-19 15:55:11.866  5232  7701 V WindowManager:   vsysui=100
04-19 15:55:11.866  5232  7701 V WindowManager:   bhv=DEFAULT naviIconColor=0}
04-19 15:55:11.866  5576  6511 I ViewRootImpl@cb0095a[ScreenDecorOverlay]: Relayout returned: old=(0,0,1080,151) new=(0,0,1080,151) req=(1079,151)0 dur=4 res=0x0 s={true 535593418752} ch=false fn=112
04-19 15:55:11.868  6061  6061 D ScrollView:  onsize change changed
04-19 15:55:11.873  5232  7403 V WindowManager: Relayout Window{4822353 u0 ScreenDecorOverlayBottom}: viewVisibility=0 req=1079x151 d0
04-19 15:55:11.875  5232  7403 V WindowManager: Relayout hash=4822353, pid=5576: mAttrs={(0,0)(fillxwrap) gr=BOTTOM CENTER_VERTICAL sim={adjust=pan} layoutInDisplayCutoutMode=always ty=NAVIGATION_BAR_PANEL fmt=TRANSLUCENT
04-19 15:55:11.875  5232  7403 V WindowManager:   fl=20800128
04-19 15:55:11.875  5232  7403 V WindowManager:   pfl=13100050
04-19 15:55:11.875  5232  7403 V WindowManager:   vsysui=100
04-19 15:55:11.875  5232  7403 V WindowManager:   bhv=DEFAULT naviIconColor=0}
04-19 15:55:11.876  5576  6511 I ViewRootImpl@60d6efe[ScreenDecorOverlayBottom]: Relayout returned: old=(0,2189,1080,2340) new=(0,2189,1080,2340) req=(1079,151)0 dur=3 res=0x0 s={true 535593426944} ch=false fn=108
04-19 15:55:11.877  4894  6600 I SurfaceFlinger: id=4060 Removed Surface(name=ec1a749 NavigationBar0)/@0xfb3ebf7 - animation-leash of insets_animation#0 (102)
04-19 15:55:11.878  7937  7937 I HBD     : bd ous -  0 ,  0 ,  1 ,  1 ,  -1 ,  -1
04-19 15:55:11.878  5232  8700 D InputMethodManagerServicePhysicalKey: isConnectedDexOnPC false
04-19 15:55:11.880  5232  5376 D InputDispatcher: Inject key (6061): action=1, f=0x8, d=-1, time=6871578000000
04-19 15:55:11.880  5232  7403 V WindowManager: Relayout Window{5338360 u0 ScreenDecorOverlay}: viewVisibility=0 req=1079x151 d0
04-19 15:55:11.880  5232  5378 I InputDispatcher: Delivering key to (6061): action: 0x1 (0), f=0x8, m=0x41, d=0, 'e615793'
04-19 15:55:11.882  5232  8700 D InputMethodManagerService: isImeSwitcherDisabledPackage : false
04-19 15:55:11.882  5232  7403 V WindowManager: Relayout hash=5338360, pid=5576: mAttrs={(0,0)(fillxwrap) gr=TOP CENTER_VERTICAL sim={adjust=pan} layoutInDisplayCutoutMode=always ty=NAVIGATION_BAR_PANEL fmt=TRANSLUCENT
04-19 15:55:11.882  5232  7403 V WindowManager:   fl=20800128
04-19 15:55:11.882  5232  7403 V WindowManager:   pfl=13100050
04-19 15:55:11.882  5232  7403 V WindowManager:   vsysui=100
04-19 15:55:11.882  5232  7403 V WindowManager:   bhv=DEFAULT naviIconColor=0}
04-19 15:55:11.883  5576  6511 I ViewRootImpl@cb0095a[ScreenDecorOverlay]: Relayout returned: old=(0,0,1080,151) new=(0,0,1080,151) req=(1079,151)0 dur=5 res=0x0 s={true 535593418752} ch=false fn=112
04-19 15:55:11.883  5576  5576 V Navbar.Store: handleEvent [EventType] ON_NAVBAR_ICON_HINT_CHANGED [Module] NavigationBar  KEYS_NAVBAR_ICON_HINT=3
04-19 15:55:11.883  5576  5576 V Navbar.Store: --[Band]SETUPWIZARD_PACK_SET_NAVBAR_ICON_HINT
04-19 15:55:11.883  5576  5576 V Navbar.Store: ----getValue(BOOL_NAVBAR_BUTTON_FORCED_VISIBLE)=false
04-19 15:55:11.883  5576  5576 V Navbar.Store: ----getValue(BOOL_NAVBAR_SETUPWIZARD_STYLE)=false
