04-19 15:55:16.825  6061  6091 I TestRunner: started: testSelectButton_clickSelectButtonAndGetExpectedText(com.myapp.alist.ui.MainActivityClickSelectEspressoInstrumentationTest)
04-19 15:55:16.832  6061  6091 W Settings: Setting always_finish_activities has moved from android.provider.Settings.System to android.provider.Settings.Global, returning read-only value.
04-19 15:55:16.833  4894  4894 I Layer   : id=4092 Destroyed Screenshot Parent
04-19 15:55:16.845  5983  5983 I RecentsView: onTaskRemoved() taskId : 48
04-19 15:55:16.846  5983  5983 I RecentsView: onTaskRemoved() taskId : 48
04-19 15:55:16.848  5232  7403 V WindowManager: Relayout Window{433de2d u0 com.myapp.alist.test/androidx.test.core.app.InstrumentationActivityInvoker$EmptyActivity}: viewVisibility=0 req=1080x2340 d0
04-19 15:55:16.849  4894  6600 I SurfaceFlinger: id=4093 createSurf (1080x2340),-3 flag=40004, com.myapp.alist.test/androidx.test.core.app.InstrumentationActivityInvoker$EmptyActivity$_6314#0
04-19 15:55:16.849  4894  4894 I Layer   : id=4050 removeFromCurrentState ActivityRecord{4320d96 u0 com.myapp.alist/.ui.MainActivity t48}#0 (106)
04-19 15:55:16.849  4894  4894 I Layer   : id=4049 removeFromCurrentState Task=48#0 (106)
04-19 15:55:16.849  4894  4894 I Layer   : id=4091 removeFromCurrentState Task=48#1 (106)
04-19 15:55:16.849  4894  4894 I SurfaceFlinger: id=4050 Removed ActivityRecord{4320d96 u0 com.myapp.alist/.ui.MainActivity t48}#0 (106)
04-19 15:55:16.849  4894  4894 I SurfaceFlinger: id=4091 Removed Task=48#1 (106)
04-19 15:55:16.850  4894  4894 I Layer   : id=4050 Destroyed ActivityRecord{4320d96 u0 com.myapp.alist/.ui.MainActivity t48}#0
04-19 15:55:16.850  4894  4894 I Layer   : id=4091 Destroyed Task=48#1
04-19 15:55:16.854  5232  7403 V WindowManager: Relayout hash=433de2d, pid=6314: mAttrs={(0,0)(fillxfill) sim={adjust=pan forwardNavigation} ty=BASE_APPLICATION
04-19 15:55:16.854  5232  7403 V WindowManager:   fl=81810100
04-19 15:55:16.854  5232  7403 V WindowManager:   pfl=12020040
04-19 15:55:16.854  5232  7403 V WindowManager:   apr=LIGHT_NAVIGATION_BARS
04-19 15:55:16.854  5232  7403 V WindowManager:   bhv=DEFAULT
04-19 15:55:16.854  5232  7403 V WindowManager:   fitSides= naviIconColor=0
04-19 15:55:16.854  5232  7403 V WindowManager:   sfl=100000}
04-19 15:55:16.856  4894  6600 W ServiceManager: Permission failure: android.permission.ACCESS_SURFACE_FLINGER from uid=10358 pid=6314
04-19 15:55:16.856  4894  6600 D PermissionCache: checking android.permission.ACCESS_SURFACE_FLINGER for uid=10358 => denied (454 us)
04-19 15:55:16.856  4894  6600 W ServiceManager: Permission failure: android.permission.ROTATE_SURFACE_FLINGER from uid=10358 pid=6314
04-19 15:55:16.856  4894  6600 D PermissionCache: checking android.permission.ROTATE_SURFACE_FLINGER for uid=10358 => denied (221 us)
04-19 15:55:16.857  5232  5951 I SemDvfsHyPerManager: acquire hyper - AMS_APP_SWITCH/5232@27, type = -999
04-19 15:55:16.857  5232  6658 D PkgPredictorService-IpmAdcpController: create a new DexPreloadTask pkg:com.myapp.alist  path:/data/app/~~tdHQCaq5gPpb0DpaYsYinA==/com.myapp.alist--8l73Z9eN6_vne9aY0nWxw==
04-19 15:55:16.857  4829  4883 I HYPER-HAL: [RequestManager.cpp]acquire(): Acquired ID : 13831197  [5232 / 27]    HINT : AMS_APP_SWITCH    list :
04-19 15:55:16.858  4894  6600 I SurfaceFlinger: id=4094 createSurf (0x0),-1 flag=24004, Task=50#0
04-19 15:55:16.858  6314  6314 I ViewRootImpl@e20f74[InstrumentationActivityInvoker$EmptyActivity]: Relayout returned: old=(0,0,1080,2340) new=(0,0,1080,2340) req=(1080,2340)0 dur=8 res=0x7 s={true 536318672896} ch=true fn=-1
04-19 15:55:16.858  7297  7297 I SemDvfsHyPerManager: acquire hyper - APP_START_SHORT/7297@13, type = -999
04-19 15:55:16.858  4829  4883 I HYPER-HAL: [RequestManager.cpp]acquire(): Acquired ID : 26721718  [7297 / 13]    HINT : APP_START    list : [TIMEOUT / 1500]
04-19 15:55:16.859  4818  4818 I display : getColorModes:: is not supported
04-19 15:55:16.859  4818  4818 I display : getColorModes:: is not supported
04-19 15:55:16.859  4894  6600 E HWComposer: getSupportedContentTypes: getSupportedContentTypes failed for display 0: Unsupported (8)
04-19 15:55:16.860  6314  6342 D hw-ProcessState: Binder ioctl to enable oneway spam detection failed: Invalid argument
04-19 15:55:16.860  6314  6342 D OpenGLRenderer: eglCreateWindowSurface
04-19 15:55:16.862  4264  4264 I hwservicemanager: getTransport: Cannot find entry android.hardware.graphics.mapper@4.0::IMapper/default in either framework or device VINTF manifest.
04-19 15:55:16.862  6314  6357 I Gralloc4: mapper 4.x is not supported
04-19 15:55:16.863  4264  4264 I hwservicemanager: getTransport: Cannot find entry android.hardware.graphics.mapper@3.0::IMapper/default in either framework or device VINTF manifest.
04-19 15:55:16.863  6314  6357 W Gralloc3: mapper 3.x is not supported
04-19 15:55:16.863  4894  6600 I SurfaceFlinger: id=4095 createSurf (0x0),-1 flag=80004, ActivityRecord{af398ba u0 com.myapp.alist/.ui.MainActivity t50}#0
04-19 15:55:16.866  6314  6357 I gralloc : Arm Module v1.0
04-19 15:55:16.867  4264  4264 I hwservicemanager: getTransport: Cannot find entry android.hardware.graphics.allocator@4.0::IAllocator/default in either framework or device VINTF manifest.
04-19 15:55:16.867  6314  6357 W Gralloc4: allocator 4.x is not supported
04-19 15:55:16.868  4264  4264 I hwservicemanager: getTransport: Cannot find entry android.hardware.graphics.allocator@3.0::IAllocator/default in either framework or device VINTF manifest.
04-19 15:55:16.868  6314  6357 W Gralloc3: allocator 3.x is not supported
04-19 15:55:16.869  5232  5601 I SemDvfsHyPerManager: acquire hyper - AMS_APP_LAUNCH/5232@14, type = -999
04-19 15:55:16.869  4829  4883 I HYPER-HAL: [RequestManager.cpp]acquire(): Acquired ID : 13762895  [5232 / 14]    HINT : AMS_APP_LAUNCH    list :
04-19 15:55:16.870  7297  7297 I SemDvfsHyPerManager: acquire hyper - APP_START/7297@14, type = -999
04-19 15:55:16.871  4829  4883 I HYPER-HAL: [RequestManager.cpp]acquire(): Acquired ID : 26729030  [7297 / 14]    HINT : APP_START    list :
04-19 15:55:16.871  6314  6314 I ViewRootImpl@e20f74[InstrumentationActivityInvoker$EmptyActivity]: [DP] dp(1) 1 android.view.ViewRootImpl.reportNextDraw:11442 android.view.ViewRootImpl.performTraversals:4198 android.view.ViewRootImpl.doTraversal:2924
04-19 15:55:16.872  6314  6314 D ViewRootImpl@e20f74[InstrumentationActivityInvoker$EmptyActivity]: Creating frameDrawingCallback nextDrawUseBlastSync=false reportNextDraw=true hasBlurUpdates=false
04-19 15:55:16.872  6314  6314 D ViewRootImpl@e20f74[InstrumentationActivityInvoker$EmptyActivity]: Creating frameCompleteCallback
04-19 15:55:16.875  5232  7701 D InputTransport: Input channel constructed: '9b28686', fd=854
04-19 15:55:16.875  5232  7701 D InputTransport: Input channel constructed: '9b28686', fd=859
04-19 15:55:16.875  5232  7701 D InputTransport: Input channel constructed: '9b28686', fd=904
04-19 15:55:16.876  4894  6600 I SurfaceFlinger: id=4096 createSurf (0x0),-1 flag=80004, 9b28686 Splash Screen com.myapp.alist#0
04-19 15:55:16.876  6314  6359 D ViewRootImpl@e20f74[InstrumentationActivityInvoker$EmptyActivity]: Received frameDrawingCallback frameNum=1. Creating transactionCompleteCallback=false
04-19 15:55:16.877  5232  7701 D InputTransport: Input channel destroyed: '9b28686', fd=904
04-19 15:55:16.878  5576  5640 I ViewRootImpl@979cb40[alist]: setView = android.widget.FrameLayout@9a3dc1f TM=true
04-19 15:55:16.879  5576  5667 D OpenGLRenderer: setSurface called with nullptr
04-19 15:55:16.879  5576  5667 D OpenGLRenderer: setSurface() destroyed EGLSurface
04-19 15:55:16.879  5576  5667 D OpenGLRenderer: destroyEglSurface
04-19 15:55:16.885  5232  7701 V WindowManager: Relayout Window{9b28686 u0 Splash Screen com.myapp.alist}: viewVisibility=0 req=1080x2340 d0
04-19 15:55:16.886  4894  6600 I SurfaceFlinger: id=4097 createSurf (1x1),-3 flag=40004, Splash Screen com.myapp.alist$_5576#0
04-19 15:55:16.890  5232  7701 V WindowManager: Relayout hash=9b28686, pid=5576: mAttrs={(0,0)(fillxfill) sim={adjust=pan} ty=APPLICATION_STARTING fmt=TRANSLUCENT wanim=0x1030303
04-19 15:55:16.890  5232  7701 V WindowManager:   fl=81030118
04-19 15:55:16.890  5232  7701 V WindowManager:   pfl=36000010
04-19 15:55:16.890  5232  7701 V WindowManager:   apr=LIGHT_STATUS_BARS LIGHT_NAVIGATION_BARS
04-19 15:55:16.890  5232  7701 V WindowManager:   bhv=DEFAULT
04-19 15:55:16.890  5232  7701 V WindowManager:   fitSides= naviIconColor=0}
04-19 15:55:16.892  5576  5640 I ViewRootImpl@979cb40[alist]: Relayout returned: old=(0,0,1080,2340) new=(0,0,1080,2340) req=(1080,2340)0 dur=7 res=0x7 s={true 534497894400} ch=true fn=-1
04-19 15:55:16.893  5576  5667 D OpenGLRenderer: eglCreateWindowSurface
04-19 15:55:16.893  5576  5640 I ViewRootImpl@979cb40[alist]: [DP] dp(1) 0 android.view.ViewRootImpl.reportNextDraw:11442 android.view.ViewRootImpl.performTraversals:4198 android.view.ViewRootImpl.doTraversal:2924
04-19 15:55:16.893  5576  5640 D ViewRootImpl@979cb40[alist]: Creating frameDrawingCallback nextDrawUseBlastSync=false reportNextDraw=true hasBlurUpdates=false
04-19 15:55:16.893  5576  5640 D ViewRootImpl@979cb40[alist]: Creating frameCompleteCallback
04-19 15:55:16.894  5576  6204 D ViewRootImpl@979cb40[alist]: Received frameDrawingCallback frameNum=1. Creating transactionCompleteCallback=false
04-19 15:55:16.900  6314  6342 D ViewRootImpl@e20f74[InstrumentationActivityInvoker$EmptyActivity]: Received frameCompleteCallback  lastAcquiredFrameNum=1 lastAttemptedDrawFrameNum=1
04-19 15:55:16.906  5576  5667 D ViewRootImpl@979cb40[alist]: Received frameCompleteCallback  lastAcquiredFrameNum=1 lastAttemptedDrawFrameNum=1
04-19 15:55:16.906  6314  6314 I ViewRootImpl@e20f74[InstrumentationActivityInvoker$EmptyActivity]: [DP] pdf(0) 1 android.view.ViewRootImpl.lambda$addFrameCompleteCallbackIfNeeded$3$ViewRootImpl:5000 android.view.ViewRootImpl$$ExternalSyntheticLambda16.run:6 android.os.Handler.handleCallback:938
04-19 15:55:16.906  6314  6314 I ViewRootImpl@e20f74[InstrumentationActivityInvoker$EmptyActivity]: [DP] rdf()
04-19 15:55:16.906  6314  6314 D ViewRootImpl@e20f74[InstrumentationActivityInvoker$EmptyActivity]: reportDrawFinished (fn: -1)
04-19 15:55:16.907  5232  5601 V WindowManager: Relayout Window{b41d802 u0 Splash Screen com.myapp.alist.test}: viewVisibility=8 req=1080x2340 d0
04-19 15:55:16.909  5232  5601 V WindowManager: Relayout hash=b41d802, pid=5576: mAttrs={(0,0)(fillxfill) sim={adjust=pan} ty=APPLICATION_STARTING fmt=TRANSLUCENT
04-19 15:55:16.909  5232  5601 V WindowManager:   fl=81030118
04-19 15:55:16.909  5232  5601 V WindowManager:   pfl=36000010
04-19 15:55:16.909  5232  5601 V WindowManager:   apr=LIGHT_STATUS_BARS LIGHT_NAVIGATION_BARS
04-19 15:55:16.909  5232  5601 V WindowManager:   bhv=DEFAULT
04-19 15:55:16.909  5232  5601 V WindowManager:   fitSides= naviIconColor=0}
04-19 15:55:16.911  5576  5640 I ViewRootImpl@94c0de6[test]: Relayout returned: old=(0,0,1080,2340) new=(0,0,1080,2340) req=(1080,2340)8 dur=4 res=0x5 s={false 0} ch=true fn=2
04-19 15:55:16.911  5576  5640 I ViewRootImpl@979cb40[alist]: [DP] pdf(0) 0 android.view.ViewRootImpl.lambda$addFrameCompleteCallbackIfNeeded$3$ViewRootImpl:5000 android.view.ViewRootImpl$$ExternalSyntheticLambda16.run:6 android.os.Handler.handleCallback:938
04-19 15:55:16.911  5576  5640 I ViewRootImpl@979cb40[alist]: [DP] rdf()
04-19 15:55:16.911  5576  5640 D ViewRootImpl@979cb40[alist]: reportDrawFinished (fn: -1)
04-19 15:55:16.911  5576  5640 I ViewRootImpl@94c0de6[test]: dispatchDetachedFromWindow
04-19 15:55:16.916  4894  4894 E SurfaceFlinger: Attempt to update InputPolicyFlags without permission ACCESS_SURFACE_FLINGER
04-19 15:55:16.919  5232  7701 D InputDispatcher: Focused application set to (0): af398ba
04-19 15:55:16.924  5232  7403 D InputTransport: Input channel destroyed: 'b41d802', fd=899
04-19 15:55:16.924  5232  7403 W InputManager-JNI: Input channel object 'b41d802 Splash Screen com.myapp.alist.test (client)' was disposed without first being removed with the input manager!
04-19 15:55:16.924  5232  7403 D InputTransport: Input channel destroyed: 'b41d802', fd=900
04-19 15:55:16.926  5576  5576 D FullscreenTaskListener: Fullscreen Task Appeared: #50, caller=com.android.wm.shell.ShellTaskOrganizer.onTaskAppeared:387 com.android.wm.shell.ShellTaskOrganizer.onTaskAppeared:376 android.window.TaskOrganizer$1.lambda$onTaskAppeared$4$TaskOrganizer$1:297
04-19 15:55:16.928  4894  6600 I SurfaceFlinger: id=4098 createSurf (0x0),-1 flag=24000, Surface(name=Task=49)/@0xc295c3f - animation-leash of app_transition#0
04-19 15:55:16.929  4894  6600 I SurfaceFlinger: id=4099 createSurf (0x0),-1 flag=20004, Dim Layer for - Task=49 - animating-dim#0
04-19 15:55:16.930  4894  6600 I SurfaceFlinger: id=4100 createSurf (0x0),-1 flag=24000, Surface(name=Dim Layer for - Task=49 - animating-dim)/@0x2ed255 - animation-leash of dimmer#0
04-19 15:55:16.932  4894  6600 I SurfaceFlinger: id=4101 createSurf (0x0),-1 flag=24004, Surface(name=Task=50)/@0x21056c2 - animation-leash of app_transition#0
04-19 15:55:16.935  4894  5668 I SurfaceFlinger: id=4102 createSurf (0x0),-1 flag=24000, Surface(name=2bb52fa StatusBar)/@0xde6dab8 - animation-leash of insets_animation#0
04-19 15:55:16.936  4894  5668 I SurfaceFlinger: id=4103 createSurf (0x0),-1 flag=24000, Surface(name=ec1a749 NavigationBar0)/@0xfb3ebf7 - animation-leash of insets_animation#0
04-19 15:55:16.939  5576  5640 D InputTransport: Input channel destroyed: 'b41d802', fd=217
04-19 15:55:16.940  5576  5640 D InsetsSourceConsumer: ensureControlAlpha: for ITYPE_NAVIGATION_BAR on Splash Screen com.myapp.alist
04-19 15:55:16.942  5232  5474 W SemWifiTransportLayerUtils: getApplicationCategory - IOException com.myapp.alist
04-19 15:55:16.942  5232  5474 W System.err: java.net.UnknownHostException: Unable to resolve host "play.google.com": No address associated with hostname
04-19 15:55:16.943  5232  5474 W System.err: 	at java.net.Inet6AddressImpl.lookupHostByName(Inet6AddressImpl.java:124)
04-19 15:55:16.943  5232  5474 W System.err: 	at java.net.Inet6AddressImpl.lookupAllHostAddr(Inet6AddressImpl.java:103)
04-19 15:55:16.943  5232  5474 W System.err: 	at java.net.InetAddress.getAllByName(InetAddress.java:1152)
04-19 15:55:16.943  5232  5474 W System.err: 	at com.android.okhttp.Dns$1.lookup(Dns.java:41)
04-19 15:55:16.943  5232  5474 W System.err: 	at com.android.okhttp.internal.http.RouteSelector.resetNextInetSocketAddress(RouteSelector.java:178)
04-19 15:55:16.943  5232  5474 W System.err: 	at com.android.okhttp.internal.http.RouteSelector.nextProxy(RouteSelector.java:144)
04-19 15:55:16.943  5232  5474 W System.err: 	at com.android.okhttp.internal.http.RouteSelector.next(RouteSelector.java:86)
04-19 15:55:16.943  5232  5474 W System.err: 	at com.android.okhttp.internal.http.StreamAllocation.findConnection(StreamAllocation.java:176)
04-19 15:55:16.943  5232  5474 W System.err: 	at com.android.okhttp.internal.http.StreamAllocation.findHealthyConnection(StreamAllocation.java:128)
04-19 15:55:16.943  5232  5474 W System.err: 	at com.android.okhttp.internal.http.StreamAllocation.newStream(StreamAllocation.java:97)
04-19 15:55:16.943  5232  5474 W System.err: 	at com.android.okhttp.internal.http.HttpEngine.connect(HttpEngine.java:289)
04-19 15:55:16.943  5232  5474 W System.err: 	at com.android.okhttp.internal.http.HttpEngine.sendRequest(HttpEngine.java:232)
04-19 15:55:16.943  5232  5474 W System.err: 	at com.android.okhttp.internal.huc.HttpURLConnectionImpl.execute(HttpURLConnectionImpl.java:465)
04-19 15:55:16.943  5232  5474 W System.err: 	at com.android.okhttp.internal.huc.HttpURLConnectionImpl.getResponse(HttpURLConnectionImpl.java:411)
04-19 15:55:16.943  5232  5474 W System.err: 	at com.android.okhttp.internal.huc.HttpURLConnectionImpl.getInputStream(HttpURLConnectionImpl.java:248)
04-19 15:55:16.943  5232  5474 W System.err: 	at com.android.okhttp.internal.huc.DelegatingHttpsURLConnection.getInputStream(DelegatingHttpsURLConnection.java:211)
04-19 15:55:16.943  5232  5474 W System.err: 	at com.android.okhttp.internal.huc.HttpsURLConnectionImpl.getInputStream(HttpsURLConnectionImpl.java:30)
04-19 15:55:16.943  5232  5474 W System.err: 	at com.samsung.android.server.wifi.tcp.SemWifiTransportLayerUtils.getApplicationCategory(SemWifiTransportLayerUtils.java:104)
04-19 15:55:16.943  5232  5474 W System.err: 	at com.samsung.android.server.wifi.tcp.SemWifiTransportLayerMonitor$TcpMonitorHandler.handleMessage(SemWifiTransportLayerMonitor.java:244)
04-19 15:55:16.943  5232  5474 W System.err: 	at android.os.Handler.dispatchMessage(Handler.java:106)
04-19 15:55:16.944  5232  5474 W System.err: 	at android.os.Looper.loopOnce(Looper.java:226)
04-19 15:55:16.944  5232  5474 W System.err: 	at android.os.Looper.loop(Looper.java:313)
04-19 15:55:16.944  5232  5474 W System.err: 	at android.os.HandlerThread.run(HandlerThread.java:67)
04-19 15:55:16.944  5232  5474 D SemWifiTransportLayerMonitor.TcpMonitorHandler: MSG_SAVE_PACKAGE_INFO
04-19 15:55:16.944  5232  5474 D SemWifiTransportLayerFileManager: saveWifiPackageInfoToFile
04-19 15:55:16.944  5232  5474 D SemWifiTransportLayerFileManager: writeWifiPackageInfoList
04-19 15:55:16.950  4894  4894 I Layer   : id=4087 removeFromCurrentState Surface(name=2bb52fa StatusBar)/@0xde6dab8 - animation-leash of insets_animation#1 (114)
04-19 15:55:16.950  4894  4894 I Layer   : id=4088 removeFromCurrentState Surface(name=ec1a749 NavigationBar0)/@0xfb3ebf7 - animation-leash of insets_animation#1 (114)
04-19 15:55:16.950  4894  4894 I SurfaceFlinger: id=4087 Removed Surface(name=2bb52fa StatusBar)/@0xde6dab8 - animation-leash of insets_animation#1 (114)
04-19 15:55:16.950  4894  4894 I SurfaceFlinger: id=4088 Removed Surface(name=ec1a749 NavigationBar0)/@0xfb3ebf7 - animation-leash of insets_animation#1 (114)
04-19 15:55:16.950  4894  4894 I Layer   : id=4087 Destroyed Surface(name=2bb52fa StatusBar)/@0xde6dab8 - animation-leash of insets_animation#1
04-19 15:55:16.950  4894  4894 I Layer   : id=4088 Destroyed Surface(name=ec1a749 NavigationBar0)/@0xfb3ebf7 - animation-leash of insets_animation#1
04-19 15:55:16.952  5576  5640 D InsetsSourceConsumer: ensureControlAlpha: for ITYPE_STATUS_BAR on Splash Screen com.myapp.alist
04-19 15:55:16.958  4894  4894 D SurfaceFlinger: Display 0 HWC layers:
04-19 15:55:16.958  4894  4894 D SurfaceFlinger:      DEVICE | 0x7d6cf6db80 | 0102 | RGBA_8888    |    0.0    0.0 1080.0 2340.0 |    0    0 1080 2340 | com.myapp.alist.test/androidx.test.c[...]ctivityInvoker$EmptyActivity$_6314#0
04-19 15:55:16.958  4894  4894 D SurfaceFlinger:      DEVICE | 0x7da12bfac0 | 0100 | RGBA_8888    |    0.0    0.0 1080.0 2340.0 |    0    0 1080 2340 | Splash Screen com.myapp.alist.test$_5576#0
04-19 15:55:16.958  4894  4894 D SurfaceFlinger:      DEVICE | 0x7d8143fe40 | 0100 | RGBA_8888    |    0.0    0.0 1080.0   78.0 |    0    0 1080   78 | StatusBar$_5576#0
04-19 15:55:16.958  4894  4894 D SurfaceFlinger:      DEVICE | 0x7d6cf6e580 | 0100 | RGBA_8888    |    0.0    0.0   67.0  362.0 | 1013 1637 1080 1999 | com.samsung.android.app.cocktailbars[...]rservice.CocktailBarService$_11163#0
04-19 15:55:16.958  4894  4894 D SurfaceFlinger:      DEVICE | 0x7da135d600 | 0100 | RGBA_8888    |    0.0    0.0 1080.0  126.0 |    0 2214 1080 2340 | NavigationBar0$_5576#0
04-19 15:55:16.958  4894  4894 D SurfaceFlinger:      DEVICE | 0x7da135d380 | 0140 | RGBA_8888    |    0.0    0.0 1080.0  151.0 |    0    0 1080  151 | ScreenDecorOverlay$_5576#0
04-19 15:55:16.958  4894  4894 D SurfaceFlinger:      DEVICE | 0x7da12bf700 | 0140 | RGBA_8888    |    0.0    0.0 1080.0  151.0 |    0 2189 1080 2340 | ScreenDecorOv
04-19 15:55:16.958  4894  4894 D SurfaceFlinger: erlayBottom$_5576#0
04-19 15:55:16.958  4894  4894 D SurfaceFlinger:
04-19 15:55:16.960 11163 11163 I Utils   : isCurrentUser current = 0, ownerId = 0
04-19 15:55:16.961 11163 11163 I TrayVisibilityController: getComputedTrayVisible : keyguardState = 1
04-19 15:55:16.961 11163 11163 I TrayVisibilityController: updateTrayVisible: State=1 visible=1 mCurrentVisible=1 specificMode=0
04-19 15:55:16.961 11163 11163 I TrayStateController: onNotifyUpdateTray: state=0
04-19 15:55:16.961  5232  6699 I MediaSessionMonitor: Media session stopped : controllerList empty
04-19 15:55:16.962  6061  6061 D LifecycleMonitor: Lifecycle status change: com.myapp.alist.ui.MainActivity@a8af41f in: PRE_ON_CREATE
04-19 15:55:16.962  6061  6061 V ActivityScenario: Activity lifecycle changed event received but ignored because the reported transition was not ON_CREATE while the last known transition was PRE_ON_CREATE
04-19 15:55:16.968 11163 11163 I Utils   : HomePackage : com.sec.android.app.launcher, resumePackageName : com.myapp.alist
04-19 15:55:16.979  6061  6061 D ScrollView: initGoToTop
04-19 15:55:16.987  4894  4894 D SurfaceFlinger: Display 0 HWC layers:
04-19 15:55:16.987  4894  4894 D SurfaceFlinger:      DEVICE | 0x7d6cf6db80 | 0102 | RGBA_8888    |    0.0    7.0 1080.0 2340.0 |    0    0 1080 2333 | com.myapp.alist.test/androidx.test.c[...]ctivityInvoker$EmptyActivity$_6314#0
04-19 15:55:16.987  4894  4894 D SurfaceFlinger:      DEVICE | 0x7da12bfac0 | 0100 | RGBA_8888    |    0.0    7.0 1080.0 2340.0 |    0    0 1080 2333 | Splash Screen com.myapp.alist.test$_5576#0
04-19 15:55:16.987  4894  4894 D SurfaceFlinger:  SOLID_COLOR |              | 0000 |  Unknown  |    0.0    0.0    0.0    0.0 |    0    0 1080 2333 | Dim Layer for - Task=49 - animating-dim#0
04-19 15:55:16.987  4894  4894 D SurfaceFlinger:      DEVICE | 0x7d9f7ca740 | 0100 | RGBA_8888    |    0.0    0.0 1080.0 1947.0 |    0  393 1080 2340 | Splash Screen com.myapp.alist$_5576#0
04-19 15:55:16.987  4894  4894 D SurfaceFlinger:      DEVICE | 0x7d8143fe40 | 0100 | RGBA_8888    |    0.0    0.0 1080.0   78.0 |    0    0 1080   78 | StatusBar$_5576#0
04-19 15:55:16.987  4894  4894 D SurfaceFlinger:      DEVICE | 0x7d6cf6e580 | 0100 | RGBA_8888    |    0.0    0.0   67.0  362.0 | 1013 1637 1080 1999 | com.samsung.android.app.cocktailbars[...]rservice.CocktailBarService$_11163#0
04-19 15:55:16.987  4894  4894 D SurfaceFlinger:      DEVICE | 0x7da135d600 | 0100 | RGBA_8888    |    0.0    0.0 1080.0  126.0 |    0 22
04-19 15:55:16.988  4894  4894 D SurfaceFlinger: 14 1080 2340 | NavigationBar0$_5576#0
04-19 15:55:16.988  4894  4894 D SurfaceFlinger:      DEVICE | 0x7da135d380 | 0140 | RGBA_8888    |    0.0    0.0 1080.0  151.0 |    0    0 1080  151 | ScreenDecorOverlay$_5576#0
04-19 15:55:16.988  4894  4894 D SurfaceFlinger:      DEVICE | 0x7da12bf700 | 0140 | RGBA_8888    |    0.0    0.0 1080.0  151.0 |    0 2189 1080 2340 | ScreenDecorOverlayBottom$_5576#0
04-19 15:55:16.988  4894  4894 D SurfaceFlinger:
04-19 15:55:17.022  5983  6006 I RecentModel: onTaskStackChangedBackground
04-19 15:55:17.029  6061  6061 I DecorView: [INFO] isPopOver=false, config=true
04-19 15:55:17.029  6061  6061 I DecorView: updateCaptionType >> DecorView@15f230f[], isFloating=false, isApplication=true, hasWindowControllerCallback=true, hasWindowDecorCaption=false
04-19 15:55:17.029  6061  6061 D DecorView: setCaptionType = 0, this = DecorView@15f230f[]
04-19 15:55:17.031  6061  6061 I DecorView: getCurrentDensityDpi: from real metrics. densityDpi=420 msg=resources_loaded
04-19 15:55:17.044  6061  6061 D LifecycleMonitor: Lifecycle status change: com.myapp.alist.ui.MainActivity@a8af41f in: CREATED
04-19 15:55:17.044  6061  6061 V ActivityScenario: Update currentActivityStage to CREATED, currentActivity=com.myapp.alist.ui.MainActivity@a8af41f
04-19 15:55:17.045  7937  7937 I HBD     : c bee animation finished cnt=-2 2131231869
04-19 15:55:17.046  6061  6061 D LifecycleMonitor: Lifecycle status change: com.myapp.alist.ui.MainActivity@a8af41f in: STARTED
04-19 15:55:17.047  6061  6061 V ActivityScenario: Update currentActivityStage to STARTED, currentActivity=com.myapp.alist.ui.MainActivity@a8af41f
04-19 15:55:17.049  6061  6061 D LifecycleMonitor: Lifecycle status change: com.myapp.alist.ui.MainActivity@a8af41f in: RESUMED
04-19 15:55:17.049  6061  6061 V ActivityScenario: Update currentActivityStage to RESUMED, currentActivity=com.myapp.alist.ui.MainActivity@a8af41f
04-19 15:55:17.050  6061  6061 I MSHandlerLifeCycle: isMultiSplitHandlerRequested: ignored. pkg=com.myapp.alist parent=null callers=com.android.internal.policy.DecorView.setVisibility:4295 android.app.ActivityThread.handleResumeActivity:5383 android.app.servertransaction.ResumeActivityItem.execute:54 android.app.servertransaction.ActivityTransactionItem.execute:45 android.app.servertransaction.TransactionExecutor.executeLifecycleState:176
04-19 15:55:17.051  6061  6061 I MSHandlerLifeCycle: removeMultiSplitHandler: no exist. decor=DecorView@15f230f[]
04-19 15:55:17.056  6061  6061 I DecorView: notifyKeepScreenOnChanged: keepScreenOn=false
04-19 15:55:17.056  6061  6061 I MSHandlerLifeCycle: isMultiSplitHandlerRequested: ignored. pkg=com.myapp.alist parent=null callers=com.android.internal.policy.DecorView.hasMultiSplitHandlerInNonFreeformMode:891 com.android.internal.policy.DecorView.notifyKeepScreenOnChanged:885 android.view.ViewRootImpl.applyKeepScreenOnFlag:2945 android.view.ViewRootImpl.collectViewAttributes:2969 android.view.ViewRootImpl.setView:1558
04-19 15:55:17.058  5232  5601 D InputTransport: Input channel constructed: '1b7ed40', fd=899
04-19 15:55:17.058  5232  5601 D InputTransport: Input channel constructed: '1b7ed40', fd=900
04-19 15:55:17.058  5232  5601 D InputTransport: Input channel constructed: '1b7ed40', fd=904
04-19 15:55:17.059  4894  6600 I SurfaceFlinger: id=4104 createSurf (0x0),-1 flag=80004, 1b7ed40 com.myapp.alist/com.myapp.alist.ui.MainActivity#0
04-19 15:55:17.060  5232  5601 D InputTransport: Input channel destroyed: '1b7ed40', fd=904
04-19 15:55:17.062  6061  6061 I ViewRootImpl@1d4edff[MainActivity]: setView = com.android.internal.policy.DecorView@15f230f TM=true
04-19 15:55:17.062  6061  6061 I MSHandlerLifeCycle: isMultiSplitHandlerRequested: windowingMode=1 isFullscreen=true isPopOver=false isHidden=false skipActivityType=false isHandlerType=true this: DecorView@15f230f[MainActivity]
04-19 15:55:17.062  6061  6061 I MSHandlerLifeCycle: removeMultiSplitHandler: no exist. decor=DecorView@15f230f[MainActivity]
04-19 15:55:17.123  5232  5601 V WindowManager: Relayout Window{1b7ed40 u0 com.myapp.alist/com.myapp.alist.ui.MainActivity}: viewVisibility=0 req=1080x2340 d0
04-19 15:55:17.124  4894  4926 I SurfaceFlinger: id=4105 createSurf (1x1),-3 flag=40004, com.myapp.alist/com.myapp.alist.ui.MainActivity$_6061#0
04-19 15:55:17.128  4894  4926 I SurfaceFlinger: id=4106 createSurf (0x0),-1 flag=24000, Surface(name=2bb52fa StatusBar)/@0xde6dab8 - animation-leash of insets_animation#1
04-19 15:55:17.130  4894  4926 I SurfaceFlinger: id=4107 createSurf (0x0),-1 flag=24000, Surface(name=ec1a749 NavigationBar0)/@0xfb3ebf7 - animation-leash of insets_animation#1
04-19 15:55:17.131  5576  5576 D NavigationBar: onSystemBarAttributesChanged() -  displayId:0, appearance:16 (APPEARANCE_LIGHT_NAVIGATION_BARS ), navbarColorManagedByIme:false
04-19 15:55:17.132  5232  5601 V WindowManager: Relayout hash=1b7ed40, pid=6061: mAttrs={(0,0)(fillxfill) sim={adjust=resize forwardNavigation} ty=BASE_APPLICATION wanim=0x1030303
04-19 15:55:17.132  5232  5601 V WindowManager:   fl=81810100
04-19 15:55:17.132  5232  5601 V WindowManager:   pfl=12020040
04-19 15:55:17.132  5232  5601 V WindowManager:   vsysui=500
04-19 15:55:17.132  5232  5601 V WindowManager:   apr=LIGHT_NAVIGATION_BARS
04-19 15:55:17.132  5232  5601 V WindowManager:   bhv=DEFAULT
04-19 15:55:17.132  5232  5601 V WindowManager:   fitSides= naviIconColor=0
04-19 15:55:17.132  5232  5601 V WindowManager:   sfl=100000}
04-19 15:55:17.135  6061  6061 I ViewRootImpl@1d4edff[MainActivity]: Relayout returned: old=(0,0,1080,2340) new=(0,0,1080,2340) req=(1080,2340)0 dur=10 res=0x7 s={true 536551641088} ch=true fn=-1
04-19 15:55:17.136  6061  6097 D OpenGLRenderer: eglCreateWindowSurface
04-19 15:55:17.150  4894  4894 I Layer   : id=4102 removeFromCurrentState Surface(name=2bb52fa StatusBar)/@0xde6dab8 - animation-leash of insets_animation#0 (116)
04-19 15:55:17.150  4894  4894 I Layer   : id=4103 removeFromCurrentState Surface(name=ec1a749 NavigationBar0)/@0xfb3ebf7 - animation-leash of insets_animation#0 (116)
04-19 15:55:17.150  4894  4894 I SurfaceFlinger: id=4102 Removed Surface(name=2bb52fa StatusBar)/@0xde6dab8 - animation-leash of insets_animation#0 (116)
04-19 15:55:17.151  4894  4894 I SurfaceFlinger: id=4103 Removed Surface(name=ec1a749 NavigationBar0)/@0xfb3ebf7 - animation-leash of insets_animation#0 (116)
04-19 15:55:17.151  4894  4894 I Layer   : id=4102 Destroyed Surface(name=2bb52fa StatusBar)/@0xde6dab8 - animation-leash of insets_animation#0
04-19 15:55:17.151  4894  4894 I Layer   : id=4103 Destroyed Surface(name=ec1a749 NavigationBar0)/@0xfb3ebf7 - animation-leash of insets_animation#0
04-19 15:55:17.152  5232  5376 D InputDispatcher: Focus request (0): 1b7ed40 com.myapp.alist/com.myapp.alist.ui.MainActivity but waiting because NOT_VISIBLE
04-19 15:55:17.162  6061  6061 D ScrollView:  onsize change changed
04-19 15:55:17.163  6061  6061 I ViewRootImpl@1d4edff[MainActivity]: [DP] dp(1) 1 android.view.ViewRootImpl.reportNextDraw:11442 android.view.ViewRootImpl.performTraversals:4198 android.view.ViewRootImpl.doTraversal:2924
04-19 15:55:17.163  6061  6061 D ViewRootImpl@1d4edff[MainActivity]: Creating frameDrawingCallback nextDrawUseBlastSync=false reportNextDraw=true hasBlurUpdates=false
04-19 15:55:17.163  6061  6061 D ViewRootImpl@1d4edff[MainActivity]: Creating frameCompleteCallback
04-19 15:55:17.173  6061  6129 D ViewRootImpl@1d4edff[MainActivity]: Received frameDrawingCallback frameNum=1. Creating transactionCompleteCallback=false
04-19 15:55:17.179  6061  6097 D ViewRootImpl@1d4edff[MainActivity]: Received frameCompleteCallback  lastAcquiredFrameNum=1 lastAttemptedDrawFrameNum=1
04-19 15:55:17.180  6061  6061 I ViewRootImpl@1d4edff[MainActivity]: [DP] pdf(0) 1 android.view.ViewRootImpl.lambda$addFrameCompleteCallbackIfNeeded$3$ViewRootImpl:5000 android.view.ViewRootImpl$$ExternalSyntheticLambda16.run:6 android.os.Handler.handleCallback:938
04-19 15:55:17.180  6061  6061 I ViewRootImpl@1d4edff[MainActivity]: [DP] rdf()
04-19 15:55:17.180  6061  6061 D ViewRootImpl@1d4edff[MainActivity]: reportDrawFinished (fn: -1)
04-19 15:55:17.183  4894  4894 E SurfaceFlinger: Attempt to update InputPolicyFlags without permission ACCESS_SURFACE_FLINGER
04-19 15:55:17.186  5232  5254 W ziparchive: Unable to open '/data/app/~~tdHQCaq5gPpb0DpaYsYinA==/com.myapp.alist--8l73Z9eN6_vne9aY0nWxw==/base.dm': No such file or directory
04-19 15:55:17.187  4894  4927 I SurfaceFlinger: id=4108 createSurf (0x0),-1 flag=24000, Surface(name=1b7ed40 com.myapp.alist/com.myapp.alist.ui.MainActivity)/@0x770c53b - animation-leash of starting_reveal#0
04-19 15:55:17.187  5232  5254 I PkgPredictorService-SecIpmManagerServiceImpl: reportToNAP uid:10423 com.myapp.alist/com.myapp.alist.ui.MainActivity thisTime:329
04-19 15:55:17.190  5232  5254 I ActivityTaskManager: Displayed com.myapp.alist/.ui.MainActivity: +329ms
04-19 15:55:17.192  6736  6736 E pageboostd: Received HALT command code 2
04-19 15:55:17.201  5232  5376 D InputDispatcher: Focus entered window (0): 1b7ed40 com.myapp.alist/com.myapp.alist.ui.MainActivity
04-19 15:55:17.201  5576  6205 I ViewRootImpl@979cb40[alist]: mWNT: t = android.view.SurfaceControl$Transaction@41a0535 fN = 2 android.view.SyncRtSurfaceTransactionApplier.applyTransaction:94 android.view.SyncRtSurfaceTransactionApplier.lambda$scheduleApply$0$SyncRtSurfaceTransactionApplier:71 android.view.SyncRtSurfaceTransactionApplier$$ExternalSyntheticLambda0.onFrameDraw:4
04-19 15:55:17.202  5576  6205 I ViewRootImpl@979cb40[alist]: mWNT: merge t to BBQ
04-19 15:55:17.202  5576  6205 I ViewRootImpl@979cb40[alist]: mWNT: t = android.view.SurfaceControl$Transaction@8a88dca fN = 2 android.view.SyncRtSurfaceTransactionApplier.applyTransaction:94 android.view.SyncRtSurfaceTransactionApplier.lambda$scheduleApply$0$SyncRtSurfaceTransactionApplier:71 android.view.SyncRtSurfaceTransactionApplier$$ExternalSyntheticLambda0.onFrameDraw:4
04-19 15:55:17.202  5576  6205 I ViewRootImpl@979cb40[alist]: mWNT: merge t to BBQ
04-19 15:55:17.204  6061  6061 D InsetsSourceConsumer: ensureControlAlpha: for ITYPE_NAVIGATION_BAR on com.myapp.alist/com.myapp.alist.ui.MainActivity
04-19 15:55:17.204  6061  6061 D InsetsSourceConsumer: ensureControlAlpha: for ITYPE_STATUS_BAR on com.myapp.alist/com.myapp.alist.ui.MainActivity
04-19 15:55:17.209  4894  4894 D SurfaceFlinger: Display 0 HWC layers:
04-19 15:55:17.209  4894  4894 D SurfaceFlinger:      DEVICE | 0x7d6cf6db80 | 0102 | RGBA_8888    |    0.0   64.0 1080.0 2340.0 |    0    0 1080 2276 | com.myapp.alist.test/androidx.test.c[...]ctivityInvoker$EmptyActivity$_6314#0
04-19 15:55:17.209  4894  4894 D SurfaceFlinger:      DEVICE | 0x7da12bfac0 | 0100 | RGBA_8888    |    0.0   64.0 1080.0 2340.0 |    0    0 1080 2276 | Splash Screen com.myapp.alist.test$_5576#0
04-19 15:55:17.209  4894  4894 D SurfaceFlinger:  SOLID_COLOR |              | 0000 |  Unknown  |    0.0    0.0    0.0    0.0 |    0    0 1080 2276 | Dim Layer for - Task=49 - animating-dim#0
04-19 15:55:17.209  4894  4894 D SurfaceFlinger:      DEVICE | 0x7da135ab80 | 0102 | RGBA_8888    |    0.0    0.0 1080.0 2322.0 |    0   18 1080 2340 | com.myapp.alist/com.myapp.alist.ui.MainActivity$_6061#0
04-19 15:55:17.209  4894  4894 D SurfaceFlinger:      DEVICE | 0x7d9f7ca740 | 0100 | RGBA_8888    |    0.0    0.0 1080.0 2322.0 |    0   18 1080 2340 | Splash Screen com.myapp.alist$_5576#0
04-19 15:55:17.209  4894  4894 D SurfaceFlinger:      DEVICE | 0x7d8143fe40 | 0100 | RGBA_8888    |    0.0    0.0 1080.0   78.0 |    0    0 1080   78 | StatusBar$_5576#0
04-19 15:55:17.209  4894  4894 D SurfaceFlinger:      DEVICE | 0x7d6cf6e580 | 0100 | RGBA_8888    |    0.0    0.0   67.0  362.0 | 1013 1637 1080 1999 | com.sam
04-19 15:55:17.209  4894  4894 D SurfaceFlinger: sung.android.app.cocktailbars[...]rservice.CocktailBarService$_11163#0
04-19 15:55:17.209  4894  4894 D SurfaceFlinger:      DEVICE | 0x7da135d600 | 0100 | RGBA_8888    |    0.0    0.0 1080.0  126.0 |    0 2214 1080 2340 | NavigationBar0$_5576#0
04-19 15:55:17.209  4894  4894 D SurfaceFlinger:      DEVICE | 0x7da135d380 | 0140 | RGBA_8888    |    0.0    0.0 1080.0  151.0 |    0    0 1080  151 | ScreenDecorOverlay$_5576#0
04-19 15:55:17.209  4894  4894 D SurfaceFlinger:      DEVICE | 0x7da12bf700 | 0140 | RGBA_8888    |    0.0    0.0 1080.0  151.0 |    0 2189 1080 2340 | ScreenDecorOverlayBottom$_5576#0
04-19 15:55:17.209  4894  4894 D SurfaceFlinger:
04-19 15:55:17.219  5576  6204 I ViewRootImpl@979cb40[alist]: mWNT: t = android.view.SurfaceControl$Transaction@f341b3b fN = 3 android.view.SyncRtSurfaceTransactionApplier.applyTransaction:94 android.view.SyncRtSurfaceTransactionApplier.lambda$scheduleApply$0$SyncRtSurfaceTransactionApplier:71 android.view.SyncRtSurfaceTransactionApplier$$ExternalSyntheticLambda0.onFrameDraw:4
04-19 15:55:17.220  5576  6204 I ViewRootImpl@979cb40[alist]: mWNT: merge t to BBQ
04-19 15:55:17.235  5576  6205 I ViewRootImpl@979cb40[alist]: mWNT: t = android.view.SurfaceControl$Transaction@41dc258 fN = 4 android.view.SyncRtSurfaceTransactionApplier.applyTransaction:94 android.view.SyncRtSurfaceTransactionApplier.lambda$scheduleApply$0$SyncRtSurfaceTransactionApplier:71 android.view.SyncRtSurfaceTransactionApplier$$ExternalSyntheticLambda0.onFrameDraw:4
04-19 15:55:17.235  5576  6205 I ViewRootImpl@979cb40[alist]: mWNT: merge t to BBQ
04-19 15:55:17.239  6061  6061 I ViewRootImpl@1d4edff[MainActivity]: MSG_WINDOW_FOCUS_CHANGED 1 1
04-19 15:55:17.247  6061  6061 D InputMethodManager: startInputInner - Id : 0
04-19 15:55:17.247  6061  6061 I InputMethodManager: startInputInner - mService.startInputOrWindowGainedFocus
04-19 15:55:17.248  5232  5376 D InputMethodManagerService: mDesktopModeManager null!
04-19 15:55:17.248  5232  5376 V InputMethodManagerService: getDisplayIdOfInputMethodWindowToBeAdded : 0
04-19 15:55:17.248  5232  5376 D InputMethodManagerService: checkDisplayOfStartInputAndUpdateKeyboard display Id 0last 0
04-19 15:55:17.248  5232  5376 D InputTransport: Input channel constructed: 'ClientS', fd=904
04-19 15:55:17.248  5232  5376 D InputTransport: Input channel destroyed: 'ClientS', fd=904
04-19 15:55:17.249  7937  7937 I HBD     : HoneyBoardService onFinishInput
04-19 15:55:17.250  4894  4927 I SurfaceFlinger: id=4109 createSurf (0x0),-1 flag=24004, Surface(name=877f4ea InputMethod)/@0x6ee3742 - animation-leash of insets_animation#1
04-19 15:55:17.250  7937  7937 I HBD     : a IC have been unbinding,  InputConnectionWrapper{idHash=#ea7a8e0 mMissingMethods=}
04-19 15:55:17.250  4894  4894 E SurfaceFlinger: Attempt to update InputPolicyFlags without permission ACCESS_SURFACE_FLINGER
04-19 15:55:17.251  7937  7937 I HBD     : HoneyBoardService [PF_CL][onFinishInput]  1301538 ns
04-19 15:55:17.251  7937  7937 I HBD     : HoneyBoardService [IMI] onStartInput - caller pid : 6061 , caller uid : 10423
04-19 15:55:17.252  7937  7937 I HBD     : j updateConfigs
04-19 15:55:17.252  7937  7937 I HBD     : j isEnabledNightMode : false
04-19 15:55:17.252  5576  5667 D OpenGLRenderer: setSurface called with nullptr
04-19 15:55:17.252  5576  5667 D OpenGLRenderer: setSurface() destroyed EGLSurface
04-19 15:55:17.252  5576  5667 D OpenGLRenderer: destroyEglSurface
04-19 15:55:17.252  7937  7937 I HBD     : a IC have been binding, InputConnectionWrapper{idHash=#e526992 mMissingMethods=}
04-19 15:55:17.253  7937  7937 I HBD     : h [EditorInputType]setPrivateImeOptionsToTable privateImeOptions ( null )
04-19 15:55:17.253  7937  7937 I HBD     : b incognitoMode : false
04-19 15:55:17.253  7937  7937 I HBD     : a needOff = true , isForceOff = false, isNullInputClass : true
04-19 15:55:17.254  7937  7937 I HBD     : h getDefaultInputRange : UNKNOWN
04-19 15:55:17.254  7937  7937 I HBD     : h getDefaultInputRange : UNKNOWN
04-19 15:55:17.254  7937  7937 I HBD     : h getDefaultInputRange : UNKNOWN
04-19 15:55:17.256  7937  7937 I HBD     : h getDefaultInputRange : UNKNOWN
04-19 15:55:17.256  7937  7937 I HBD     : a currentState : 0
04-19 15:55:17.257  5232  5376 V WindowManager: Relayout Window{9b28686 u0 Splash Screen com.myapp.alist}: viewVisibility=8 req=1080x2340 d0
04-19 15:55:17.259  7937  7937 I HBD     : h load selected json path : /data/user/0/com.samsung.android.honeyboard/files/selected.json
04-19 15:55:17.260  7937  7937 I HBD     : h load selected json info : {"version":"1.0","currentLanguageOrder":0,"selected":[{"activeOptionList":["auto_spacing","writing_assistant"],"engName":"English","id":65538,"inputType":"qwerty","isUsed":true}]}
04-19 15:55:17.261  4894  4927 I SurfaceFlinger: id=4110 createSurf (0x0),-1 flag=24000, Surface(name=9b28686 Splash Screen com.myapp.alist)/@0xc13ade9 - animation-leash of window_animation#0
04-19 15:55:17.262  7937  7937 I HBD     : a [UpdatePolicy] [post] a: 0 cl: 65538 kit: [0/0] vt: 0 ir: 1
04-19 15:55:17.264  7937  7937 I HBD     : HoneyBoardService [PF_OP][onStartInput]  12847846 ns
04-19 15:55:17.266  5232  5376 V WindowManager: Relayout hash=9b28686, pid=5576: mAttrs={(0,0)(fillxfill) sim={adjust=pan} ty=APPLICATION_STARTING fmt=TRANSLUCENT wanim=0x1030303
04-19 15:55:17.266  5232  5376 V WindowManager:   fl=81030118
04-19 15:55:17.266  5232  5376 V WindowManager:   pfl=36000010
04-19 15:55:17.266  5232  5376 V WindowManager:   apr=LIGHT_STATUS_BARS LIGHT_NAVIGATION_BARS
04-19 15:55:17.266  5232  5376 V WindowManager:   bhv=DEFAULT
04-19 15:55:17.266  5232  5376 V WindowManager:   fitSides= naviIconColor=0}
04-19 15:55:17.267  4894  4894 I Layer   : id=4090 removeFromCurrentState Surface(name=877f4ea InputMethod)/@0x6ee3742 - animation-leash of insets_animation#0 (117)
04-19 15:55:17.267  5576  5640 I ViewRootImpl@979cb40[alist]: Relayout returned: old=(0,0,1080,2340) new=(0,0,1080,2340) req=(1080,2340)8 dur=10 res=0x5 s={false 0} ch=true fn=5
04-19 15:55:17.268  5576  5640 I ViewRootImpl@979cb40[alist]: dispatchDetachedFromWindow
04-19 15:55:17.268  5232  7403 D InputTransport: Input channel destroyed: '9b28686', fd=854
04-19 15:55:17.269  5232  7403 W InputManager-JNI: Input channel object '9b28686 Splash Screen com.myapp.alist (client)' was disposed without first being removed with the input manager!
04-19 15:55:17.269  5232  7403 D InputTransport: Input channel destroyed: '9b28686', fd=859
04-19 15:55:17.272 11163 11163 I Utils   : isCurrentUser current = 0, ownerId = 0
04-19 15:55:17.273 11163 11163 I TrayVisibilityController: getComputedTrayVisible : keyguardState = 1
04-19 15:55:17.273 11163 11163 I TrayVisibilityController: updateTrayVisible: State=1 visible=1 mCurrentVisible=1 specificMode=0
04-19 15:55:17.273 11163 11163 I TrayStateController: onNotifyUpdateTray: state=0
04-19 15:55:17.274  5576  5640 D InputTransport: Input channel destroyed: '9b28686', fd=218
04-19 15:55:17.280  5232  5245 I system_server: Background concurrent copying GC freed 645794(35MB) AllocSpace objects, 52(6156KB) LOS objects, 20% free, 91MB/115MB, paused 3.349ms,247us total 332.427ms
04-19 15:55:17.284  4894  4894 I Layer   : id=4108 removeFromCurrentState Surface(name=1b7ed40 com.myapp.alist/com.myapp.alist.ui.MainActivity)/@0x770c53b - animation-leash of starting_reveal#0 (117)
04-19 15:55:17.290  5232  5376 D InputMethodManagerServicePhysicalKey: isConnectedDexOnPC false
04-19 15:55:17.291  5232  5376 D InputMethodManagerService: isImeSwitcherDisabledPackage : false
04-19 15:55:17.293  5232  7403 I SemDvfsHyPerManager: acquire hyper - AMS_RESUME_TAIL/5232@15, type = -999
04-19 15:55:17.293  5232  7403 I SemDvfsHyPerManager: acquire hyper - AMS_ACT_LAZY/5232@16, type = -999
04-19 15:55:17.293  4829  4883 I HYPER-HAL: [RequestManager.cpp]acquire(): Acquired ID : 13768143  [5232 / 15]    HINT : AMS_RESUME_TAIL    list :
04-19 15:55:17.294  7937  7937 I MSHandlerLifeCycle: isMultiSplitHandlerRequested: ignored. pkg=com.samsung.android.honeyboard isActivity=false callers=com.android.internal.policy.DecorView.setVisibility:4295 android.app.Dialog.hide:741 android.inputmethodservice.InputMethodService.removeImeSurface:1143 android.inputmethodservice.InputMethodService.scheduleImeSurfaceRemoval:1136 android.inputmethodservice.InputMethodService.access$1400:354
04-19 15:55:17.294  7937  7937 I MSHandlerLifeCycle: removeMultiSplitHandler: no exist. decor=DecorView@79cf902[InputMethod]
04-19 15:55:17.294  4829  4883 I HYPER-HAL: [RequestManager.cpp]releaseLocked(): Released ID : 13831197
04-19 15:55:17.300  4894  4894 I Layer   : id=4100 removeFromCurrentState Surface(name=Dim Layer for - Task=49 - animating-dim)/@0x2ed255 - animation-leash of dimmer#0 (117)
04-19 15:55:17.301  4894  4894 E SurfaceFlinger: Attempt to update InputPolicyFlags without permission ACCESS_SURFACE_FLINGER
04-19 15:55:17.301  4894  4894 I SurfaceFlinger: id=4100 Removed Surface(name=Dim Layer for - Task=49 - animating-dim)/@0x2ed255 - animation-leash of dimmer#0 (117)
04-19 15:55:17.301  4894  4894 I Layer   : id=4100 Destroyed Surface(name=Dim Layer for - Task=49 - animating-dim)/@0x2ed255 - animation-leash of dimmer#0
04-19 15:55:17.322  5232  5247 W System  : A resource failed to call release.
04-19 15:55:17.323  5232  5247 W System  : A resource failed to call release.
04-19 15:55:17.323  5232  5247 W System  : A resource failed to call close.
04-19 15:55:17.323  5232  5247 W System  : A resource failed to call release.
04-19 15:55:17.324  5576  5576 D SecLightBarControlHelper: updateStatus(WHITE icon) NumLightStacks:0, NumStacks:1, IndexLightStack:-1, StatusBarMode:0, StatusBarState:SHD, NeedDarkFontFromWallpaper:false, isWhiteKeyguardStatusBarBySettings:false
04-19 15:55:17.334  4894  4894 I Layer   : id=4097 removeFromCurrentState Splash Screen com.myapp.alist$_5576#0 (116)
04-19 15:55:17.334  4894  4894 I Layer   : id=4096 removeFromCurrentState 9b28686 Splash Screen com.myapp.alist#0 (116)
04-19 15:55:17.334  4894  4894 I Layer   : id=4110 removeFromCurrentState Surface(name=9b28686 Splash Screen com.myapp.alist)/@0xc13ade9 - animation-leash of window_animation#0 (116)
04-19 15:55:17.334  4894  4894 I SurfaceFlinger: id=4096 Removed 9b28686 Splash Screen com.myapp.alist#0 (116)
04-19 15:55:17.334  4894  4894 I SurfaceFlinger: id=4097 Removed Splash Screen com.myapp.alist$_5576#0 (116)
04-19 15:55:17.334  4894  4894 I SurfaceFlinger: id=4110 Removed Surface(name=9b28686 Splash Screen com.myapp.alist)/@0xc13ade9 - animation-leash of window_animation#0 (116)
04-19 15:55:17.334  4894  4894 I Layer   : id=4110 Destroyed Surface(name=9b28686 Splash Screen com.myapp.alist)/@0xc13ade9 - animation-leash of window_animation#0
04-19 15:55:17.334  4894  4894 I Layer   : id=4096 Destroyed 9b28686 Splash Screen com.myapp.alist#0
04-19 15:55:17.336  4894  4894 I Layer   : id=4097 Destroyed Splash Screen com.myapp.alist$_5576#0
04-19 15:55:17.339  4894  4894 D SurfaceFlinger: Display 0 HWC layers:
04-19 15:55:17.339  4894  4894 D SurfaceFlinger:      DEVICE | 0x7d6cf6db80 | 0102 | RGBA_8888    |    0.0   67.0 1080.0 2340.0 |    0    0 1080 2273 | com.myapp.alist.test/androidx.test.c[...]ctivityInvoker$EmptyActivity$_6314#0
04-19 15:55:17.339  4894  4894 D SurfaceFlinger:      DEVICE | 0x7da12bfac0 | 0100 | RGBA_8888    |    0.0   67.0 1080.0 2340.0 |    0    0 1080 2273 | Splash Screen com.myapp.alist.test$_5576#0
04-19 15:55:17.339  4894  4894 D SurfaceFlinger:  SOLID_COLOR |              | 0000 |  Unknown  |    0.0    0.0    0.0    0.0 |    0    0 1080 2273 | Dim Layer for - Task=49 - animating-dim#0
04-19 15:55:17.339  4894  4894 D SurfaceFlinger:      DEVICE | 0x7d8143e540 | 0102 | RGBA_8888    |    0.0    0.0 1080.0 2339.0 |    0    1 1080 2340 | com.myapp.alist/com.myapp.alist.ui.MainActivity$_6061#0
04-19 15:55:17.339  4894  4894 D SurfaceFlinger:      DEVICE | 0x7d8143fe40 | 0100 | RGBA_8888    |    0.0    0.0 1080.0   78.0 |    0    0 1080   78 | StatusBar$_5576#0
04-19 15:55:17.339  4894  4894 D SurfaceFlinger:      DEVICE | 0x7d6cf6e580 | 0100 | RGBA_8888    |    0.0    0.0   67.0  362.0 | 1013 1637 1080 1999 | com.samsung.android.app.cocktailbars[...]rservice.CocktailBarService$_11163#0
04-19 15:55:17.339  4894  4894 D SurfaceFlinger:      DEVICE | 0x7da135d600 | 0100 | RGBA_8888    |    0.0    0.0 1080.
04-19 15:55:17.339  4894  4894 D SurfaceFlinger: 0  126.0 |    0 2214 1080 2340 | NavigationBar0$_5576#0
04-19 15:55:17.339  4894  4894 D SurfaceFlinger:      DEVICE | 0x7da135d380 | 0140 | RGBA_8888    |    0.0    0.0 1080.0  151.0 |    0    0 1080  151 | ScreenDecorOverlay$_5576#0
04-19 15:55:17.339  4894  4894 D SurfaceFlinger:      DEVICE | 0x7da12bf700 | 0140 | RGBA_8888    |    0.0    0.0 1080.0  151.0 |    0 2189 1080 2340 | ScreenDecorOverlayBottom$_5576#0
04-19 15:55:17.339  4894  4894 D SurfaceFlinger:
04-19 15:55:17.342  5232  7403 V WindowManager: Relayout Window{818e5f0 u0 NotificationShade}: viewVisibility=4 req=1080x2340 d0
04-19 15:55:17.344  5232  7403 V WindowManager: Relayout hash=818e5f0, pid=5576: mAttrs={(0,0)(fillxfill) gr=TOP CENTER_VERTICAL sim={adjust=resize} layoutInDisplayCutoutMode=always ty=2040 fmt=TRANSLUCENT
04-19 15:55:17.344  5232  7403 V WindowManager:   fl=81840048
04-19 15:55:17.344  5232  7403 V WindowManager:   pfl=1b000000
04-19 15:55:17.344  5232  7403 V WindowManager:   bhv=SHOW_TRANSIENT_BARS_BY_SWIPE naviIconColor=0
04-19 15:55:17.344  5232  7403 V WindowManager:   sfl=42000}
04-19 15:55:17.344  5576  5576 I ViewRootImpl@30498a4[NotificationShade]: Relayout returned: old=(0,0,1080,2340) new=(0,0,1080,2340) req=(1080,2340)4 dur=3 res=0x1 s={false 0} ch=false fn=-1
04-19 15:55:17.346  5576  5576 D KeyguardBottomAreaShortcutView: updateCameraVisibility isCameraDisabled:false visible:true
04-19 15:55:17.346  5576  5576 D KeyguardBottomAreaShortcutView: mIndicationArea margin start : 163, end : 163, bottom : 150
04-19 15:55:17.347  5576  5576 D QS      : setQSExpansion 0.0 -110.774994
04-19 15:55:17.347  5576  5576 D QS      : setQSExpansion 0.0 -110.774994
04-19 15:55:17.348  5576  5576 D IndicatorGardenInputProperty: updateRotation() prv:-1 >> new:0
04-19 15:55:17.348  5576  5576 D DeviceState: getDeviceResolutionPixelSize - currentDensity = 420 deviceDensity = 420 initialDisplaySizeFactor = 1080 currentDisplaySizeFactor = 1080 initialDisplayDensity = 420 proportionalDensity = 420 proportionalPixel = 0
04-19 15:55:17.348  5576  5576 D DeviceState: getDeviceResolutionPixelSize - currentDensity = 420 deviceDensity = 420 initialDisplaySizeFactor = 1080 currentDisplaySizeFactor = 1080 initialDisplayDensity = 420 proportionalDensity = 420 proportionalPixel = 0
04-19 15:55:17.348  5576  5576 D DeviceState: getDeviceResolutionPixelSize - currentDensity = 420 deviceDensity = 420 initialDisplaySizeFactor = 1080 currentDisplaySizeFactor = 1080 initialDisplayDensity = 420 proportionalDensity = 420 proportionalPixel = 0
