04-17 18:01:28.783  7411 31112 W GmsStrictMode: 	at cgjk.<init>(:com.google.android.gms@231312044@23.13.12 (190400-519946965):2)
04-17 18:01:28.783  7411 31112 W GmsStrictMode: 	at cgyb.<init>(:com.google.android.gms@231312044@23.13.12 (190400-519946965):3)
04-17 18:01:28.783  7411 31112 W GmsStrictMode: 	at com.google.android.gms.wallet.service.PaymentChimeraService.onCreate(:com.google.android.gms@231312044@23.13.12 (190400-519946965):12)
04-17 18:01:28.783  7411 31112 W GmsStrictMode: 	at hbd.onCreate(:com.google.android.gms@231312044@23.13.12 (190400-519946965):0)
04-17 18:01:28.783  7411 31112 W GmsStrictMode: 	at hbg.onBind(:com.google.android.gms@231312044@23.13.12 (190400-519946965):10)
04-17 18:01:28.783  7411 31112 W GmsStrictMode: 	at yjn.onBind(:com.google.android.gms@231312044@23.13.12 (190400-519946965):3)
04-17 18:01:28.783  7411 31112 W GmsStrictMode: 	at android.app.ActivityThread.handleBindService(ActivityThread.java:5052)
04-17 18:01:28.783  7411 31112 W GmsStrictMode: 	at android.app.ActivityThread.access$1900(ActivityThread.java:315)
04-17 18:01:28.783  7411 31112 W GmsStrictMode: 	at android.app.ActivityThread$H.handleMessage(ActivityThread.java:2310)
04-17 18:01:28.783  7411 31112 W GmsStrictMode: 	at android.os.Handler.dispatchMessage(Handler.java:106)
04-17 18:01:28.783  7411 31112 W GmsStrictMode: 	at android.os.Looper.loopOnce(Looper.java:226)
04-17 18:01:28.783  7411 31112 W GmsStrictMode: 	at android.os.Looper.loop(Looper.java:313)
04-17 18:01:28.783  7411 31112 W GmsStrictMode: 	at android.app.ActivityThread.main(ActivityThread.java:8751)
04-17 18:01:28.783  7411 31112 W GmsStrictMode: 	at java.lang.reflect.Method.invoke(Native Method)
04-17 18:01:28.783  7411 31112 W GmsStrictMode: 	at com.android.internal.os.RuntimeInit$MethodAndArgsCaller.run(RuntimeInit.java:571)
04-17 18:01:28.783  7411 31112 W GmsStrictMode: 	at com.android.internal.os.ZygoteInit.main(ZygoteInit.java:1135)
04-17 18:01:28.783  7411 31112 W GmsStrictMode: DISK_READ [CONTEXT service_id=256 ]
04-17 18:01:28.783  7411 31112 W GmsStrictMode: android.os.strictmode.DiskReadViolation
04-17 18:01:28.783  7411 31112 W GmsStrictMode: 	at android.os.StrictMode$AndroidBlockGuardPolicy.onReadFromDisk(StrictMode.java:1659)
04-17 18:01:28.783  7411 31112 W GmsStrictMode: 	at libcore.io.BlockGuardOs.stat(BlockGuardOs.java:419)
04-17 18:01:28.783  7411 31112 W GmsStrictMode: 	at libcore.io.ForwardingOs.stat(ForwardingOs.java:846)
04-17 18:01:28.783  7411 31112 W GmsStrictMode: 	at android.app.ActivityThread$AndroidOs.stat(ActivityThread.java:8625)
04-17 18:01:28.783  7411 31112 W GmsStrictMode: 	at android.system.Os.stat(Os.java:904)
04-17 18:01:28.783  7411 31112 W GmsStrictMode: 	at android.app.SharedPreferencesImpl.hasFileChangedUnexpectedly(SharedPreferencesImpl.java:245)
04-17 18:01:28.783  7411 31112 W GmsStrictMode: 	at android.app.SharedPreferencesImpl.startReloadIfChangedUnexpectedly(SharedPreferencesImpl.java:220)
04-17 18:01:28.783  7411 31112 W GmsStrictMode: 	at android.app.ContextImpl.getSharedPreferences(ContextImpl.java:606)
04-17 18:01:28.783  7411 31112 W GmsStrictMode: 	at android.app.ContextImpl.getSharedPreferences(ContextImpl.java:566)
04-17 18:01:28.783  7411 31112 W GmsStrictMode: 	at android.content.ContextWrapper.getSharedPreferences(ContextWrapper.java:205)
04-17 18:01:28.783  7411 31112 W GmsStrictMode: 	at android.content.ContextWrapper.getSharedPreferences(ContextWrapper.java:205)
04-17 18:01:28.783  7411 31112 W GmsStrictMode: 	at android.content.ContextWrapper.getSharedPreferences(ContextWrapper.java:205)
04-17 18:01:28.783  7411 31112 W GmsStrictMode: 	at cgjk.<init>(:com.google.android.gms@231312044@23.13.12 (190400-519946965):2)
04-17 18:01:28.783  7411 31112 W GmsStrictMode: 	at cgyb.<init>(:com.google.android.gms@231312044@23.13.12 (190400-519946965):3)
04-17 18:01:28.783  7411 31112 W GmsStrictMode: 	at com.google.android.gms.wallet.service.PaymentChimeraService.onCreate(:com.google.android.gms@231312044@23.13.12 (190400-519946965):12)
04-17 18:01:28.783  7411 31112 W GmsStrictMode: 	at hbd.onCreate(:com.google.android.gms@231312044@23.13.12 (190400-519946965):0)
04-17 18:01:28.783  7411 31112 W GmsStrictMode: 	at hbg.onBind(:com.google.android.gms@231312044@23.13.12 (190400-519946965):10)
04-17 18:01:28.783  7411 31112 W GmsStrictMode: 	at yjn.onBind(:com.google.android.gms@231312044@23.13.12 (190400-519946965):3)
04-17 18:01:28.783  7411 31112 W GmsStrictMode: 	at android.app.ActivityThread.handleBindService(ActivityThread.java:5052)
04-17 18:01:28.783  7411 31112 W GmsStrictMode: 	at android.app.ActivityThread.access$1900(ActivityThread.java:315)
04-17 18:01:28.783  7411 31112 W GmsStrictMode: 	at android.app.ActivityThread$H.handleMessage(ActivityThread.java:2310)
04-17 18:01:28.783  7411 31112 W GmsStrictMode: 	at android.os.Handler.dispatchMessage(Handler.java:106)
04-17 18:01:28.783  7411 31112 W GmsStrictMode: 	at android.os.Looper.loopOnce(Looper.java:226)
04-17 18:01:28.783  7411 31112 W GmsStrictMode: 	at android.os.Looper.loop(Looper.java:313)
04-17 18:01:28.783  7411 31112 W GmsStrictMode: 	at android.app.ActivityThread.main(ActivityThread.java:8751)
04-17 18:01:28.783  7411 31112 W GmsStrictMode: 	at java.lang.reflect.Method.invoke(Native Method)
04-17 18:01:28.783  7411 31112 W GmsStrictMode: 	at com.android.internal.os.RuntimeInit$MethodAndArgsCaller.run(RuntimeInit.java:571)
04-17 18:01:28.783  7411 31112 W GmsStrictMode: 	at com.android.internal.os.ZygoteInit.main(ZygoteInit.java:1135)
04-17 18:01:28.784  6034  8099 I TouchInteractionService: onSystemUiStateChanged, stateFlags : 393216
04-17 18:01:28.784  6034  6034 I TouchInteractionService: onSystemUiFlagsChanged, userUnlocked
04-17 18:01:28.789  5598  5598 V Navbar.Store: handleEvent [EventType] GET_BOOL_NAVBAR_CAN_MOVE_STATE [Module] SamsungNavigationBarView  KEYS_DEFAULT=true
04-17 18:01:28.789  5598  5598 V Navbar.Store: --[Band]CONFIG_PACK_GET_NAVBAR_CAN_MOVE
04-17 18:01:28.789  5598  5598 V Navbar.Store: ----getValue(BOOL_NAVBAR_CAN_MOVE)=true
04-17 18:01:28.790  5598  5598 V Navbar.Store: handleEvent [EventType] GET_BOOL_USE_NAVBAR_BACKGROUND_FRAME [Module] NavigationBarTransitions  KEYS_DEFAULT=false
04-17 18:01:28.790  5598  5598 V Navbar.Store: --[Band]COLOR_PACK_GET_USE_NAVBAR_BACKGROUND_FRAME
04-17 18:01:28.790  5598  5598 V Navbar.Store: ----getValue(BOOL_NAVBAR_GESTURAL_MODE)=false
04-17 18:01:28.790  5598  5598 V Navbar.Store: ----getValue(BOOL_NAVBAR_OPAQUE)=false
04-17 18:01:28.790  5598  5598 V Navbar.Store: ----getValue(BOOL_NAVBAR_PINNED_EDGE_ENABELD)=false
04-17 18:01:28.790  6034  8099 I TouchInteractionService: onActiveNavBarRegionChanges, region : SkRegion((0,2214,388,2340)(389,2214,690,2340)(691,2214,961,2340)(962,2214,1084,2340)(962,2340,1084,2341))
04-17 18:01:28.803  6239 23519 W sfc     : Failed to retrieve prediction data. [CONTEXT service_id=177 ]
04-17 18:01:28.814  5947  5947 V InlineSuggestionRenderService: handleDestroySuggestionViews called for 0:1219203246
04-17 18:01:28.822 24018 24018 D UiControllerImpl: Injecting string: "Name 1"
04-17 18:01:28.823  5274  7039 D InputDispatcher: Inject key (24018): action=0, f=0x8, d=-1, time=10527338000000
04-17 18:01:28.824  5274  5414 I InputDispatcher: Delivering key to (24018): action: 0x0 (0), f=0x8, m=0x41, d=0, '7a5389d'
04-17 18:01:28.825  8190  8190 I HBD     : a skip onKeyDown as physical keyboard not connected
04-17 18:01:28.825  8190  8190 I HBD     : HoneyBoardService onKeyDown r:dc72c829 consumed:false
04-17 18:01:28.826 24018 24018 I ViewRootImpl@dc4bce3[MainActivity]: ViewPostIme key 0
04-17 18:01:28.831  5274  5294 I GestureDetector: handleMessage TAP
04-17 18:01:28.832  5274  5274 I GestureDetector: handleMessage TAP
04-17 18:01:28.843  5274  7039 D InputDispatcher: Inject key (24018): action=0, f=0x8, d=-1, time=10527358000000
04-17 18:01:28.844  5274  5414 I InputDispatcher: Delivering key to (24018): action: 0x0 (0), f=0x8, m=0x41, d=0, '7a5389d'
04-17 18:01:28.844  8190  8190 I HBD     : a skip onKeyDown as physical keyboard not connected
04-17 18:01:28.845  8190  8190 I HBD     : HoneyBoardService onKeyDown r:297b79f9 consumed:false
04-17 18:01:28.845  8190  8190 I HBD     : al EBD ex
04-17 18:01:28.845 24018 24018 I ViewRootImpl@dc4bce3[MainActivity]: setInTouchMode(false), android.view.ViewRootImpl.checkForLeavingTouchModeAndConsume:9050 android.view.ViewRootImpl.access$3500:303 android.view.ViewRootImpl$EarlyPostImeInputStage.processKeyEvent:7399 android.view.ViewRootImpl$EarlyPostImeInputStage.onProcess:7383 android.view.ViewRootImpl$InputStage.deliver:6927 android.view.ViewRootImpl$InputStage.onDeliverToNext:6984 android.view.ViewRootImpl$InputStage.forward:6950 android.view.ViewRootImpl$AsyncInputStage.forward:7181 android.view.ViewRootImpl$ImeInputStage.onFinishedInputEvent:7368 android.view.inputmethod.InputMethodManager$PendingEvent.run:3411
04-17 18:01:28.846 24018 24018 I ViewRootImpl@dc4bce3[MainActivity]: ViewPostIme key 0
04-17 18:01:28.856  4929  4929 E SurfaceFlinger: Attempt to update InputPolicyFlags without permission ACCESS_SURFACE_FLINGER
04-17 18:01:28.871  8190  8190 I HBD     : bd ous -  0 ,  0 ,  1 ,  1 ,  -1 ,  -1
04-17 18:01:28.873  4929  4929 E SurfaceFlinger: Attempt to update InputPolicyFlags without permission ACCESS_SURFACE_FLINGER
04-17 18:01:28.877  8190  8828 I HBD     : b getET , flag: 1 , start: 1 , end: 1 , length: 1 , composingLength: 0 , isKCC: false
04-17 18:01:28.877  8190  8190 I HBD     : b getTBC , flag: 1 , start: 1 , end: 1 , length: 1 , composingLength: 0 , isKCC: false
04-17 18:01:28.884  8190  8190 I HBD     : b getTAC , flag: 1 , start: 1 , end: 1 , length: 1 , composingLength: 0 , isKCC: false
04-17 18:01:28.885  5274  7039 D InputDispatcher: Inject key (24018): action=1, f=0x8, d=-1, time=10527400000000
04-17 18:01:28.885  5274  5414 I InputDispatcher: Delivering key to (24018): action: 0x1 (0), f=0x8, m=0x41, d=0, '7a5389d'
04-17 18:01:28.888  8190  8190 I HBD     : al EBD cm f 1
04-17 18:01:28.888  8190  8190 I HBD     : HoneyBoardService onKeyUp r:ad06c91b consumed:false
04-17 18:01:28.889 24018 24018 I ViewRootImpl@dc4bce3[MainActivity]: ViewPostIme key 1
04-17 18:01:28.889  4929  4929 E SurfaceFlinger: Attempt to update InputPolicyFlags without permission ACCESS_SURFACE_FLINGER
04-17 18:01:28.892  5274  7486 D InputDispatcher: Inject key (24018): action=1, f=0x8, d=-1, time=10527407000000
04-17 18:01:28.892  5274  5414 I InputDispatcher: Delivering key to (24018): action: 0x1 (0), f=0x8, m=0x0, d=0, '7a5389d'
04-17 18:01:28.893  8190  8190 I HBD     : HoneyBoardService onKeyUp r:e7977c0b consumed:false
04-17 18:01:28.893 24018 24018 I ViewRootImpl@dc4bce3[MainActivity]: ViewPostIme key 1
04-17 18:01:28.910  5274  7486 D InputDispatcher: Inject key (24018): action=0, f=0x8, d=-1, time=10527425000000
04-17 18:01:28.910  5274  5414 I InputDispatcher: Delivering key to (24018): action: 0x0 (0), f=0x8, m=0x0, d=0, '7a5389d'
04-17 18:01:28.911  8190  8190 I HBD     : a skip onKeyDown as physical keyboard not connected
04-17 18:01:28.911  8190  8190 I HBD     : HoneyBoardService onKeyDown r:7d68da25 consumed:false
04-17 18:01:28.912 24018 24018 I ViewRootImpl@dc4bce3[MainActivity]: ViewPostIme key 0
04-17 18:01:28.923  4929  4929 E SurfaceFlinger: Attempt to update InputPolicyFlags without permission ACCESS_SURFACE_FLINGER
04-17 18:01:28.933  8190  8190 I HBD     : bd ous -  1 ,  1 ,  2 ,  2 ,  -1 ,  -1
04-17 18:01:28.935  5274  7486 D InputDispatcher: Inject key (24018): action=1, f=0x8, d=-1, time=10527450000000
04-17 18:01:28.936  5274  5414 I InputDispatcher: Delivering key to (24018): action: 0x1 (0), f=0x8, m=0x0, d=0, '7a5389d'
04-17 18:01:28.938  8190  8190 I HBD     : b getTBC , flag: 1 , start: 2 , end: 2 , length: 2 , composingLength: 0 , isKCC: false
04-17 18:01:28.939  8190  8190 I HBD     : b getTAC , flag: 1 , start: 2 , end: 2 , length: 2 , composingLength: 0 , isKCC: false
04-17 18:01:28.940  4929  4929 E SurfaceFlinger: Attempt to update InputPolicyFlags without permission ACCESS_SURFACE_FLINGER
04-17 18:01:28.943  8190  8190 I HBD     : al EBD cm f 1
04-17 18:01:28.944  8190  8190 I HBD     : HoneyBoardService onKeyUp r:ab170159 consumed:false
04-17 18:01:28.945 24018 24018 I ViewRootImpl@dc4bce3[MainActivity]: ViewPostIme key 1
04-17 18:01:28.945  7578  7578 I Utils   : isCurrentUser current = 0, ownerId = 0
04-17 18:01:28.946  7578  7578 I TrayVisibilityController: updateTrayVisible: State=4194305 visible=2 mCurrentVisible=1 specificMode=0
04-17 18:01:28.947  5274  5587 D InputDispatcher: Inject key (24018): action=0, f=0x8, d=-1, time=10527462000000
04-17 18:01:28.947  5274  5414 I InputDispatcher: Delivering key to (24018): action: 0x0 (0), f=0x8, m=0x0, d=0, '7a5389d'
04-17 18:01:28.947  7578  7578 I MSHandlerLifeCycle: isMultiSplitHandlerRequested: ignored. pkg=com.samsung.android.app.cocktailbarservice isActivity=false callers=com.android.internal.policy.DecorView.setVisibility:4295 com.samsung.android.app.cocktailbarservice.controller.traystate.TrayStateHide.onUpdateVisible:66 com.samsung.android.app.cocktailbarservice.controller.traystate.TrayStateHide.onEnterState:29 com.samsung.android.app.cocktailbarservice.controller.traystate.TrayStateController.setUiState:793 com.samsung.android.app.cocktailbarservice.controller.traystate.TrayStateController$9.onNotifyUpdateTray:1492
04-17 18:01:28.947  7578  7578 I MSHandlerLifeCycle: removeMultiSplitHandler: no exist. decor=DecorView@2e85943[CocktailBarService]
04-17 18:01:28.948  8190  8190 I HBD     : a skip onKeyDown as physical keyboard not connected
04-17 18:01:28.948  8190  8190 I HBD     : HoneyBoardService onKeyDown r:4a9169ca consumed:false
04-17 18:01:28.948  7578  7578 I CapturedBlurController: updateBlurBackground: false false
04-17 18:01:28.948  7578  7578 I TrayStateController: setUiState 2 : 0 --> 2
04-17 18:01:28.948 24018 24018 I ViewRootImpl@dc4bce3[MainActivity]: ViewPostIme key 0
04-17 18:01:28.958  5274  5587 V WindowManager: Relayout Window{efcd846 u0 com.samsung.android.app.cocktailbarservice/com.samsung.android.app.cocktailbarservice.CocktailBarService}: viewVisibility=8 req=67x362 d0
04-17 18:01:28.962  5274  5587 V WindowManager: Relayout hash=efcd846, pid=7578: mAttrs={(0,1637)(67x362) gr=TOP RIGHT CENTER sim={adjust=nothing} layoutInDisplayCutoutMode=shortEdges ty=2226 fmt=TRANSPARENT
04-17 18:01:28.962  5274  5587 V WindowManager:   fl=81800548
04-17 18:01:28.962  5274  5587 V WindowManager:   pfl=2000050
04-17 18:01:28.962  5274  5587 V WindowManager:   vsysui=2000
04-17 18:01:28.962  5274  5587 V WindowManager:   apr=LIGHT_STATUS_BARS
04-17 18:01:28.962  5274  5587 V WindowManager:   bhv=SHOW_TRANSIENT_BARS_BY_SWIPE
04-17 18:01:28.962  5274  5587 V WindowManager:   fitTypes=NAVIGATION_BARS CAPTION_BAR dimAmount=0.0 dimDuration=0 naviIconColor=0
04-17 18:01:28.962  5274  5587 V WindowManager:   sfl=200000}
04-17 18:01:28.963  7578  7578 I ViewRootImpl@316fa20[CocktailBarService]: Relayout returned: old=(1013,1637,1080,1999) new=(1013,1637,1080,1999) req=(67,362)8 dur=5 res=0x4 s={false 0} ch=true fn=3
04-17 18:01:28.964  7578  7578 I TrayStateController: putInputRect mDynamicInputRegion=57491729@LastEvent=t=1681750888964Rect(25, 0 - 67, 362),Rect=Rect(0, 0 - 0, 0)
04-17 18:01:28.964  7578  7578 I DecorView: notifyKeepScreenOnChanged: keepScreenOn=false
04-17 18:01:28.965  7578  7578 I MSHandlerLifeCycle: isMultiSplitHandlerRequested: ignored. pkg=com.samsung.android.app.cocktailbarservice isActivity=false callers=com.android.internal.policy.DecorView.hasMultiSplitHandlerInNonFreeformMode:891 com.android.internal.policy.DecorView.notifyKeepScreenOnChanged:885 android.view.ViewRootImpl.applyKeepScreenOnFlag:2945 android.view.ViewRootImpl.setLayoutParams:2108 android.view.WindowManagerGlobal.updateViewLayout:537
04-17 18:01:28.971  8190  8190 I HBD     : bd ous -  2 ,  2 ,  3 ,  3 ,  -1 ,  -1
04-17 18:01:28.972  5274  7039 D InputDispatcher: Inject key (24018): action=1, f=0x8, d=-1, time=10527487000000
04-17 18:01:28.973  4929  4929 I Layer   : id=6731 removeFromCurrentState com.samsung.android.app.cocktailbarservice/com.samsung.android.app.cocktailbarservice.CocktailBarService$_7578#0 (101)
04-17 18:01:28.973  5274  5414 I InputDispatcher: Delivering key to (24018): action: 0x1 (0), f=0x8, m=0x0, d=0, '7a5389d'
04-17 18:01:28.973  4929  4929 E SurfaceFlinger: Attempt to update InputPolicyFlags without permission ACCESS_SURFACE_FLINGER
04-17 18:01:28.973  4929  4929 I SurfaceFlinger: id=6731 Removed com.samsung.android.app.cocktailbarservice/com.samsung.android.app.cocktailbarservice.CocktailBarService$_7578#0 (101)
04-17 18:01:28.975  4929  4929 I Layer   : id=6731 Destroyed com.samsung.android.app.cocktailbarservice/com.samsung.android.app.cocktailbarservice.CocktailBarService$_7578#0
04-17 18:01:28.975  8190  8190 I HBD     : b getTBC , flag: 1 , start: 3 , end: 3 , length: 3 , composingLength: 0 , isKCC: false
04-17 18:01:28.975  5274  5587 V WindowManager: Relayout Window{efcd846 u0 com.samsung.android.app.cocktailbarservice/com.samsung.android.app.cocktailbarservice.CocktailBarService}: viewVisibility=8 req=67x362 d0
04-17 18:01:28.977  4929  4929 D SurfaceFlinger: Display 0 HWC layers:
04-17 18:01:28.977  4929  4929 D SurfaceFlinger:      DEVICE | 0x716f176cc0 | 0102 | RGBA_8888    |    0.0    0.0 1080.0 2340.0 |    0    0 1080 2340 | com.myapp.alist/com.myapp.alist.ui.MainActivity$_24018#0
04-17 18:01:28.977  4929  4929 D SurfaceFlinger:      DEVICE | 0x716f176e00 | 0100 | RGBA_8888    |    0.0    0.0 1080.0 2257.0 |    0   83 1080 2340 | InputMethod$_8190#0
04-17 18:01:28.977  4929  4929 D SurfaceFlinger:      DEVICE | 0x71a58be580 | 0100 | RGBA_8888    |    0.0    0.0 1080.0   78.0 |    0    0 1080   78 | StatusBar$_5598#0
04-17 18:01:28.977  4929  4929 D SurfaceFlinger:      DEVICE | 0x716f176680 | 0100 | RGBA_8888    |    0.0    0.0 1080.0  126.0 |    0 2214 1080 2340 | NavigationBar0$_5598#0
04-17 18:01:28.977  4929  4929 D SurfaceFlinger:      DEVICE | 0x7170160d40 | 0140 | RGBA_8888    |    0.0    0.0 1080.0  151.0 |    0    0 1080  151 | ScreenDecorOverlay$_5598#0
04-17 18:01:28.977  4929  4929 D SurfaceFlinger:      DEVICE | 0x71a3dca740 | 0140 | RGBA_8888    |    0.0    0.0 1080.0  151.0 |    0 2189 1080 2340 | ScreenDecorOverlayBottom$_5598#0
04-17 18:01:28.977  4929  4929 D SurfaceFlinger:
04-17 18:01:28.977  8190  8190 I HBD     : b getTAC , flag: 1 , start: 3 , end: 3 , length: 3 , composingLength: 0 , isKCC: false
04-17 18:01:28.980  5274  5587 V WindowManager: Relayout hash=efcd846, pid=7578: mAttrs={(0,1637)(67x362) gr=TOP RIGHT CENTER sim={adjust=nothing} layoutInDisplayCutoutMode=shortEdges ty=2226 fmt=TRANSPARENT
04-17 18:01:28.980  5274  5587 V WindowManager:   fl=81800548
04-17 18:01:28.980  5274  5587 V WindowManager:   pfl=2000050
04-17 18:01:28.980  5274  5587 V WindowManager:   vsysui=2000
04-17 18:01:28.980  5274  5587 V WindowManager:   apr=LIGHT_STATUS_BARS
04-17 18:01:28.980  5274  5587 V WindowManager:   bhv=SHOW_TRANSIENT_BARS_BY_SWIPE
04-17 18:01:28.980  5274  5587 V WindowManager:   fitTypes=NAVIGATION_BARS CAPTION_BAR dimAmount=0.0 dimDuration=0 naviIconColor=0
04-17 18:01:28.980  5274  5587 V WindowManager:   sfl=200000}
04-17 18:01:28.981  7578  7578 I ViewRootImpl@316fa20[CocktailBarService]: Relayout returned: old=(1013,1637,1080,1999) new=(1013,1637,1080,1999) req=(67,362)8 dur=8 res=0x0 s={false 0} ch=false fn=-1
04-17 18:01:28.982  7578  7578 I CocktailBarUiController: onCocktailBarStateChanged: flag=0x1 vis=2 bgType= showTimeout=-1 activate=true
04-17 18:01:28.983  8190  8190 I HBD     : al EBD cm f 1
04-17 18:01:28.984  8190  8190 I HBD     : HoneyBoardService onKeyUp r:c20ae1bb consumed:false
04-17 18:01:28.984 24018 24018 I ViewRootImpl@dc4bce3[MainActivity]: ViewPostIme key 1
04-17 18:01:28.986  5274  5587 D InputDispatcher: Inject key (24018): action=0, f=0x8, d=-1, time=10527502000000
04-17 18:01:28.987  5274  5414 I InputDispatcher: Delivering key to (24018): action: 0x0 (0), f=0x8, m=0x0, d=0, '7a5389d'
04-17 18:01:28.987  8190  8190 I HBD     : a skip onKeyDown as physical keyboard not connected
04-17 18:01:28.987  8190  8190 I HBD     : HoneyBoardService onKeyDown r:f280f758 consumed:false
04-17 18:01:28.988 24018 24018 I ViewRootImpl@dc4bce3[MainActivity]: ViewPostIme key 0
04-17 18:01:29.002  4882 24093 I HYPER-HAL: [RequestManager.cpp]releaseLocked(): Released ID : 33550337
04-17 18:01:29.017  8190  8190 I HBD     : bd ous -  3 ,  3 ,  4 ,  4 ,  -1 ,  -1
04-17 18:01:29.018  5274  5587 D InputDispatcher: Inject key (24018): action=1, f=0x8, d=-1, time=10527533000000
04-17 18:01:29.018  5274  5414 I InputDispatcher: Delivering key to (24018): action: 0x1 (0), f=0x8, m=0x0, d=0, '7a5389d'
04-17 18:01:29.021  8190  8190 I HBD     : b getTBC , flag: 1 , start: 4 , end: 4 , length: 4 , composingLength: 0 , isKCC: false
04-17 18:01:29.022  8190  8190 I HBD     : b getTAC , flag: 1 , start: 4 , end: 4 , length: 4 , composingLength: 0 , isKCC: false
04-17 18:01:29.023  4929  4929 E SurfaceFlinger: Attempt to update InputPolicyFlags without permission ACCESS_SURFACE_FLINGER
04-17 18:01:29.026  8190  8190 I HBD     : al EBD cm f 1
04-17 18:01:29.027  8190  8190 I HBD     : HoneyBoardService onKeyUp r:5e97ad15 consumed:false
04-17 18:01:29.027 24018 24018 I ViewRootImpl@dc4bce3[MainActivity]: ViewPostIme key 1
04-17 18:01:29.029  5274  5587 D InputDispatcher: Inject key (24018): action=0, f=0x8, d=-1, time=10527544000000
04-17 18:01:29.029  5274  5414 I InputDispatcher: Delivering key to (24018): action: 0x0 (0), f=0x8, m=0x0, d=0, '7a5389d'
04-17 18:01:29.030  8190  8190 I HBD     : a skip onKeyDown as physical keyboard not connected
04-17 18:01:29.030  8190  8190 I HBD     : HoneyBoardService onKeyDown r:62a24750 consumed:false
04-17 18:01:29.030 24018 24018 I ViewRootImpl@dc4bce3[MainActivity]: ViewPostIme key 0
04-17 18:01:29.052  8190  8190 I HBD     : bd ous -  4 ,  4 ,  5 ,  5 ,  -1 ,  -1
04-17 18:01:29.054  5274  5587 D InputDispatcher: Inject key (24018): action=1, f=0x8, d=-1, time=10527569000000
04-17 18:01:29.054  5274  5414 I InputDispatcher: Delivering key to (24018): action: 0x1 (0), f=0x8, m=0x0, d=0, '7a5389d'
04-17 18:01:29.056  8190  8190 I HBD     : b getTBC , flag: 1 , start: 5 , end: 5 , length: 5 , composingLength: 0 , isKCC: false
04-17 18:01:29.056  4929  4929 E SurfaceFlinger: Attempt to update InputPolicyFlags without permission ACCESS_SURFACE_FLINGER
04-17 18:01:29.061  8190  8190 I HBD     : b getTAC , flag: 1 , start: 5 , end: 5 , length: 5 , composingLength: 0 , isKCC: false
04-17 18:01:29.065  8190  8190 I HBD     : al EBD cm f 1
04-17 18:01:29.066  8190  8190 I HBD     : HoneyBoardService onKeyUp r:12189edc consumed:false
04-17 18:01:29.066 24018 24018 I ViewRootImpl@dc4bce3[MainActivity]: ViewPostIme key 1
04-17 18:01:29.068  5274  5587 D InputDispatcher: Inject key (24018): action=0, f=0x8, d=-1, time=10527584000000
04-17 18:01:29.069  5274  5414 I InputDispatcher: Delivering key to (24018): action: 0x0 (0), f=0x8, m=0x0, d=0, '7a5389d'
04-17 18:01:29.069  8190  8190 I HBD     : a skip onKeyDown as physical keyboard not connected
04-17 18:01:29.070  8190  8190 I HBD     : HoneyBoardService onKeyDown r:f0534277 consumed:false
04-17 18:01:29.070 24018 24018 I ViewRootImpl@dc4bce3[MainActivity]: ViewPostIme key 0
04-17 18:01:29.073  4929  4929 E SurfaceFlinger: Attempt to update InputPolicyFlags without permission ACCESS_SURFACE_FLINGER
04-17 18:01:29.100  8190  8190 I HBD     : bd ous -  5 ,  5 ,  6 ,  6 ,  -1 ,  -1
04-17 18:01:29.102  5274  5587 D InputDispatcher: Inject key (24018): action=1, f=0x8, d=-1, time=10527616000000
04-17 18:01:29.102  5274  5414 I InputDispatcher: Delivering key to (24018): action: 0x1 (0), f=0x8, m=0x0, d=0, '7a5389d'
04-17 18:01:29.104  8190  8190 I HBD     : b getTBC , flag: 1 , start: 6 , end: 6 , length: 6 , composingLength: 0 , isKCC: false
04-17 18:01:29.106  8190  8190 I HBD     : b getTAC , flag: 1 , start: 6 , end: 6 , length: 6 , composingLength: 0 , isKCC: false
04-17 18:01:29.106  4929  4929 E SurfaceFlinger: Attempt to update InputPolicyFlags without permission ACCESS_SURFACE_FLINGER
04-17 18:01:29.112  8190  8190 I HBD     : al EBD cm f 1
04-17 18:01:29.113  8190  8190 I HBD     : HoneyBoardService onKeyUp r:64138895 consumed:false
04-17 18:01:29.114 24018 24018 I ViewRootImpl@dc4bce3[MainActivity]: ViewPostIme key 1
04-17 18:01:29.118 24018 24018 I ViewInteraction: Performing 'close keyboard' action on view view.getId() is <2131296492/com.myapp.alist:id/input1EditText>
04-17 18:01:29.119 24018 24018 D IdlingRegistry: Registering idling resources: [androidx.test.espresso.action.CloseKeyboardAction$CloseKeyboardIdlingResult@10b644d]
04-17 18:01:29.119 24018 24018 I IMM_LC  : hsifw() - flags=0, caller=android.view.inputmethod.InputMethodManager.hideSoftInputFromWindow:1858 androidx.test.espresso.action.CloseKeyboardAction.tryToCloseKeyboard:6 androidx.test.espresso.action.CloseKeyboardAction.perform:2 androidx.test.espresso.ViewInteraction$SingleExecutionViewAction.perform:2 androidx.test.espresso.ViewInteraction.doPerform:25
04-17 18:01:29.119 24018 24018 I IMM_LC  : hideSoftInputFromWindow - mService.hideSoftInput
04-17 18:01:29.120  8190  8190 I InputMethod: hideSoftInput(), flags : 0
04-17 18:01:29.121  8190  8190 I HBD     : HoneyBoardService onFinishInputView finishingInput= false
04-17 18:01:29.121  8190  8190 I HBD     : a [UpdatePolicy] [post] a: 3 cl: 65538 kit: [0/0] vt: 0 ir: 1
04-17 18:01:29.121  8190  8190 I HBD     : b processFinishInputView
04-17 18:01:29.122  8190  8190 I HBD     : bd stopRunningTimers
04-17 18:01:29.123  5274  7530 D InputMethodManagerServicePhysicalKey: isConnectedDexOnPC false
04-17 18:01:29.124  8190  8190 I HBD     : e unbindCurrentHoneyBoard : text_board
04-17 18:01:29.125  8190  8190 I HBD     : a onUnbind
04-17 18:01:29.125  5274  7530 D InputMethodManagerService: isImeSwitcherDisabledPackage : false
04-17 18:01:29.126  5274  7530 I InputMethodManagerService: setImeWindowStatus: vis=0, backDisposition=0
04-17 18:01:29.126  8190  8190 I HBD     : a clear BaseLanguageRepo
04-17 18:01:29.126  8190 24111 I HBD     : bd requestCursorUpdates(0),  2
04-17 18:01:29.126  4882 24048 I HYPER-HAL: [RequestManager.cpp]releaseLocked(): Released ID : 27480004
04-17 18:01:29.126  8190  8190 I HBD     : HoneyBoardService [PF_CL][onFinishInputView]  5 ms
04-17 18:01:29.126  5598  5598 V Navbar.Store: handleEvent [EventType] ON_NAVBAR_ICON_HINT_CHANGED [Module] NavigationBar  KEYS_NAVBAR_ICON_HINT=0
04-17 18:01:29.127  5598  5598 V Navbar.Store: --[Band]SETUPWIZARD_PACK_SET_NAVBAR_ICON_HINT
04-17 18:01:29.127  8190  8190 I HBD     : HoneyBoardService onWindowHidden
04-17 18:01:29.127  5598  5598 V Navbar.Store: ----getValue(BOOL_NAVBAR_BUTTON_FORCED_VISIBLE)=false
04-17 18:01:29.127  5598  5598 V Navbar.Store: ----getValue(BOOL_NAVBAR_SETUPWIZARD_STYLE)=false
04-17 18:01:29.127  5598  5598 V Navbar.Store: --[Band]VIS_PACK_REEVAULATE_NAVBAR
04-17 18:01:29.127  5598  5598 V Navbar.Store: ----apply(REEVALUATE_NAVBAR)
04-17 18:01:29.127  5598  5598 V Navbar.Store: ----handleEvent [EventType] GET_BOOL_REGION_SAMPLING_ENABLED [Module] LightBarController  KEYS_DEFAULT=false
04-17 18:01:29.127  5598  5598 V Navbar.Store: ------[Band]COLOR_PACK_GET_REGION_SAMPLING_ENABLED
04-17 18:01:29.127  5598  5598 V Navbar.Store: --------getValue(BOOL_REGION_SAMPLING_ENABLED)=false
04-17 18:01:29.127  8190  8190 I HBD     : HoneyBoardService [PF_CL][onWindowHidden]  366923 ns
04-17 18:01:29.127  4882 24082 I HYPER-HAL: [RequestManager.cpp]releaseLocked(): Released ID : 13989420
04-17 18:01:29.127 24018 24018 D InsetsSourceConsumer: setRequestedVisible: visible=false, type=19, host=com.myapp.alist/com.myapp.alist.ui.MainActivity, from=android.view.InsetsSourceConsumer.hide:253 android.view.ImeInsetsSourceConsumer.hide:68 android.view.ImeInsetsSourceConsumer.hide:74 android.view.InsetsController.hideDirectly:1473 android.view.InsetsController.controlAnimationUnchecked:1139 android.view.InsetsController.applyAnimation:1456 android.view.InsetsController.applyAnimation:1437 android.view.InsetsController.hide:1006 android.view.ViewRootImpl$ViewRootHandler.handleMessageImpl:6487 android.view.ViewRootImpl$ViewRootHandler.handleMessage:6408
04-17 18:01:29.128  5598  5598 V Navbar.Store: ----handleEvent [EventType] ON_UPDATE_REMOTEVIEW [Module] SamsungNavigationBarView  KEYS_LEFT_REMOTEVIEW_CONTAINER=android.widget.LinearLayout{f974a1b I.E...... ......ID 0,0-118,126 #7f0b0478 app:id/left_remoteview}  KEYS_NAVBAR_DARK_INTENSITY=1.0  KEYS_CONTEXTUALBUTTON_VISIBLE=false  KEYS_RIGHT_REMOTEVIEW_CONTAINER=android.widget.LinearLayout{7e0f7b8 I.E...... ......ID 962,0-1080,126 #7f0b070a app:id/right_remoteview}
04-17 18:01:29.128  5598  5598 V Navbar.Store: ------[Band]REMOTE_VIEW_PACK_SET_REMOTEVIEW_CONTAINER
04-17 18:01:29.128  5598  5598 V Navbar.Store: --------apply(UPDATE_NAVBAR_REMOTEVIEW_CONTAINER)
04-17 18:01:29.128  5598  5598 V Navbar.Store: --------apply(UPDATE_NAVBAR_RIGHT_REMOTEVIEW_VISIBILITY)
04-17 18:01:29.128  5598  5598 V Navbar.Store: --------getValue(FLOAT_REMOTEVIEW_DARK_INTENSITY)=1.0
04-17 18:01:29.128  8190  8190 I DecorView: notifyKeepScreenOnChanged: keepScreenOn=false
04-17 18:01:29.129  8190  8190 I MSHandlerLifeCycle: isMultiSplitHandlerRequested: ignored. pkg=com.samsung.android.honeyboard isActivity=false callers=com.android.internal.policy.DecorView.hasMultiSplitHandlerInNonFreeformMode:891 com.android.internal.policy.DecorView.notifyKeepScreenOnChanged:885 android.view.ViewRootImpl.applyKeepScreenOnFlag:2945 android.view.ViewRootImpl.setLayoutParams:2108 android.view.WindowManagerGlobal.updateViewLayout:537
04-17 18:01:29.129  6034  8099 I TouchInteractionService: onActiveNavBarRegionChanges, region : SkRegion((0,2214,388,2340)(389,2214,690,2340)(691,2214,961,2340)(962,2214,1084,2340)(962,2340,1084,2341))
04-17 18:01:29.129  6034  8099 I TouchInteractionService: onActiveNavBarRegionChanges, region : SkRegion((0,2214,388,2340)(389,2214,690,2340)(691,2214,961,2340))
04-17 18:01:29.129  4929  4965 I SurfaceFlinger: id=6787 createSurf (0x0),-1 flag=24000, Surface(name=175e94d NavigationBar0)/@0xef769fd - animation-leash of insets_animation#0
04-17 18:01:29.131  7578  7578 I CocktailBarUiController: onReceive: action=ResponseAxT9Info isVisibleWindow=0
04-17 18:01:29.131  6034  8099 I TouchInteractionService: onSystemUiStateChanged, stateFlags : 131072
04-17 18:01:29.131  6034  6034 I TouchInteractionService: onSystemUiFlagsChanged, userUnlocked
04-17 18:01:29.137  5274  5587 V WindowManager: Relayout Window{4b2d9f9 u0 InputMethod}: viewVisibility=0 req=1080x2257 d0
04-17 18:01:29.139  5274  5587 V WindowManager: Relayout hash=4b2d9f9, pid=8190: mAttrs={(0,0)(fillxfill) gr=BOTTOM CENTER_VERTICAL sim={adjust=pan} ty=INPUT_METHOD fmt=TRANSPARENT wanim=0x7f130170 preferredMinDisplayRefreshRate=60.0 receive insets ignoring z-order
04-17 18:01:29.139  5274  5587 V WindowManager:   fl=81800108
04-17 18:01:29.139  5274  5587 V WindowManager:   pfl=12000000
04-17 18:01:29.139  5274  5587 V WindowManager:   vsysui=10
04-17 18:01:29.139  5274  5587 V WindowManager:   apr=LIGHT_NAVIGATION_BARS
04-17 18:01:29.139  5274  5587 V WindowManager:   bhv=DEFAULT
04-17 18:01:29.139  5274  5587 V WindowManager:   fitTypes=STATUS_BARS NAVIGATION_BARS
04-17 18:01:29.139  5274  5587 V WindowManager:   fitSides=LEFT TOP RIGHT
04-17 18:01:29.139  5274  5587 V WindowManager:   fitIgnoreVis dimDuration=150 naviIconColor=0}
04-17 18:01:29.140  8190  8190 I ViewRootImpl@e692e0[InputMethod]: Relayout returned: old=(0,83,1080,2340) new=(0,83,1080,2340) req=(1080,2257)0 dur=4 res=0x2 s={true 488344834048} ch=false fn=3
04-17 18:01:29.141  5598  5598 V Navbar.Store: handleEvent [EventType] GET_BOOL_NAVBAR_CAN_MOVE_STATE [Module] SamsungNavigationBarView  KEYS_DEFAULT=true
04-17 18:01:29.141  5598  5598 V Navbar.Store: --[Band]CONFIG_PACK_GET_NAVBAR_CAN_MOVE
04-17 18:01:29.141  5598  5598 V Navbar.Store: ----getValue(BOOL_NAVBAR_CAN_MOVE)=true
04-17 18:01:29.141  5274  7530 V WindowManager: Relayout Window{b7541b2 u0 ScreenDecorOverlayBottom}: viewVisibility=0 req=1079x151 d0
04-17 18:01:29.141  6034  8099 I TouchInteractionService: onActiveNavBarRegionChanges, region : SkRegion((0,2214,388,2340)(389,2214,690,2340)(691,2214,961,2340))
04-17 18:01:29.141  5598  5598 V Navbar.Store: handleEvent [EventType] GET_BOOL_USE_NAVBAR_BACKGROUND_FRAME [Module] NavigationBarTransitions  KEYS_DEFAULT=false
04-17 18:01:29.141  5598  5598 V Navbar.Store: --[Band]COLOR_PACK_GET_USE_NAVBAR_BACKGROUND_FRAME
04-17 18:01:29.141  5598  5598 V Navbar.Store: ----getValue(BOOL_NAVBAR_GESTURAL_MODE)=false
04-17 18:01:29.141  5598  5598 V Navbar.Store: ----getValue(BOOL_NAVBAR_OPAQUE)=false
04-17 18:01:29.141  5598  5598 V Navbar.Store: ----getValue(BOOL_NAVBAR_PINNED_EDGE_ENABELD)=false
04-17 18:01:29.142  8190  8190 I ViewRootImpl@e692e0[InputMethod]: [DP] dp(1) 1 android.view.ViewRootImpl.reportNextDraw:11442 android.view.ViewRootImpl.performTraversals:4198 android.view.ViewRootImpl.doTraversal:2924
04-17 18:01:29.142  5598  5598 D PipMotionHelper: animateToOffset: originalBounds=Rect(533, 1888 - 1038, 2172) offset=0 callers=
04-17 18:01:29.142  5598  5598 D PipMotionHelper:     com.android.wm.shell.pip.phone.PipTouchHandler.onMovementBoundsChanged:477
04-17 18:01:29.142  5598  5598 D PipMotionHelper:     com.android.wm.shell.pip.phone.PipController.updateMovementBounds:715
04-17 18:01:29.142  5598  5598 D PipMotionHelper:     com.android.wm.shell.pip.phone.PipController.access$600:99
04-17 18:01:29.142  5598  5598 D PipMotionHelper:     com.android.wm.shell.pip.phone.PipController$PipControllerPinnedTaskListener.onMovementBoundsChanged:238
04-17 18:01:29.142  5598  5598 D PipMotionHelper:     com.android.wm.shell.pip.PinnedStackListenerForwarder.onMovementBoundsChanged:65
04-17 18:01:29.144  5274  7530 V WindowManager: Relayout hash=b7541b2, pid=5598: mAttrs={(0,0)(fillxwrap) gr=BOTTOM CENTER_VERTICAL sim={adjust=pan} layoutInDisplayCutoutMode=always ty=NAVIGATION_BAR_PANEL fmt=TRANSLUCENT
04-17 18:01:29.144  5274  7530 V WindowManager:   fl=20800128
04-17 18:01:29.144  5274  7530 V WindowManager:   pfl=13100050
04-17 18:01:29.144  5274  7530 V WindowManager:   vsysui=100
04-17 18:01:29.144  5274  7530 V WindowManager:   bhv=DEFAULT naviIconColor=0}
04-17 18:01:29.145  5598  6625 I ViewRootImpl@dd9c72a[ScreenDecorOverlayBottom]: Relayout returned: old=(0,2189,1080,2340) new=(0,2189,1080,2340) req=(1079,151)0 dur=5 res=0x0 s={true 485883961344} ch=false fn=163
04-17 18:01:29.154  8190  8190 I ViewRootImpl@e692e0[InputMethod]: [DP] pdf(0) 1 android.view.ViewRootImpl.lambda$addFrameCompleteCallbackIfNeeded$3$ViewRootImpl:5000 android.view.ViewRootImpl$$ExternalSyntheticLambda16.run:6 android.os.Handler.handleCallback:938
04-17 18:01:29.154  8190  8190 I ViewRootImpl@e692e0[InputMethod]: [DP] rdf()
04-17 18:01:29.155  8190  8190 I HBD     : d Init expand button state by global layout listener
04-17 18:01:29.157  5274  7039 V WindowManager: Relayout Window{b7541b2 u0 ScreenDecorOverlayBottom}: viewVisibility=0 req=1079x151 d0
04-17 18:01:29.160  6034  6034 I CapturePreview: canCapture status : true false false false true false
04-17 18:01:29.160  6034  6034 I CapturePreview: startCaptureScreen fail : com.android.launcher3.LauncherRootView{f47a57f V.E...... .......D 0,0-1080,2340 #7f0a01ff app:id/launcher aid=1073741828}
04-17 18:01:29.160  5274  7039 V WindowManager: Relayout hash=b7541b2, pid=5598: mAttrs={(0,0)(fillxwrap) gr=BOTTOM CENTER_VERTICAL sim={adjust=pan} layoutInDisplayCutoutMode=always ty=NAVIGATION_BAR_PANEL fmt=TRANSLUCENT
04-17 18:01:29.160  5274  7039 V WindowManager:   fl=20800128
04-17 18:01:29.160  5274  7039 V WindowManager:   pfl=13100050
04-17 18:01:29.160  5274  7039 V WindowManager:   vsysui=100
04-17 18:01:29.160  5274  7039 V WindowManager:   bhv=DEFAULT naviIconColor=0}
04-17 18:01:29.160  5598  6625 I ViewRootImpl@dd9c72a[ScreenDecorOverlayBottom]: Relayout returned: old=(0,2189,1080,2340) new=(0,2189,1080,2340) req=(1079,151)0 dur=3 res=0x0 s={true 485883961344} ch=false fn=163
04-17 18:01:29.163  5274  7530 V WindowManager: Relayout Window{2f5398f u0 ScreenDecorOverlay}: viewVisibility=0 req=1079x151 d0
04-17 18:01:29.166  5274  7530 V WindowManager: Relayout hash=2f5398f, pid=5598: mAttrs={(0,0)(fillxwrap) gr=TOP CENTER_VERTICAL sim={adjust=pan} layoutInDisplayCutoutMode=always ty=NAVIGATION_BAR_PANEL fmt=TRANSLUCENT
04-17 18:01:29.166  5274  7530 V WindowManager:   fl=20800128
04-17 18:01:29.166  5274  7530 V WindowManager:   pfl=13100050
04-17 18:01:29.166  5274  7530 V WindowManager:   vsysui=100
04-17 18:01:29.166  5274  7530 V WindowManager:   bhv=DEFAULT naviIconColor=0}
04-17 18:01:29.166  5598  6625 I ViewRootImpl@ce89bca[ScreenDecorOverlay]: Relayout returned: old=(0,0,1080,151) new=(0,0,1080,151) req=(1079,151)0 dur=5 res=0x0 s={true 485883396096} ch=false fn=212
04-17 18:01:29.171 24018 24018 D ScrollView:  onsize change changed
04-17 18:01:29.174  5274  7039 V WindowManager: Relayout Window{b7541b2 u0 ScreenDecorOverlayBottom}: viewVisibility=0 req=1079x151 d0
04-17 18:01:29.176 24018 24018 D InsetsSourceConsumer: ensureControlAlpha: for ITYPE_NAVIGATION_BAR on com.myapp.alist/com.myapp.alist.ui.MainActivity
04-17 18:01:29.180  5274  7039 V WindowManager: Relayout hash=b7541b2, pid=5598: mAttrs={(0,0)(fillxwrap) gr=BOTTOM CENTER_VERTICAL sim={adjust=pan} layoutInDisplayCutoutMode=always ty=NAVIGATION_BAR_PANEL fmt=TRANSLUCENT
04-17 18:01:29.180  5274  7039 V WindowManager:   fl=20800128
04-17 18:01:29.180  5274  7039 V WindowManager:   pfl=13100050
04-17 18:01:29.180  5274  7039 V WindowManager:   vsysui=100
04-17 18:01:29.180  5274  7039 V WindowManager:   bhv=DEFAULT naviIconColor=0}
04-17 18:01:29.180  5598  6625 I ViewRootImpl@dd9c72a[ScreenDecorOverlayBottom]: Relayout returned: old=(0,2189,1080,2340) new=(0,2189,1080,2340) req=(1079,151)0 dur=6 res=0x0 s={true 485883961344} ch=false fn=163
04-17 18:01:29.182  5274  7530 V WindowManager: Relayout Window{2f5398f u0 ScreenDecorOverlay}: viewVisibility=0 req=1079x151 d0
04-17 18:01:29.183  5274  7530 V WindowManager: Relayout hash=2f5398f, pid=5598: mAttrs={(0,0)(fillxwrap) gr=TOP CENTER_VERTICAL sim={adjust=pan} layoutInDisplayCutoutMode=always ty=NAVIGATION_BAR_PANEL fmt=TRANSLUCENT
04-17 18:01:29.183  5274  7530 V WindowManager:   fl=20800128
04-17 18:01:29.183  5274  7530 V WindowManager:   pfl=13100050
04-17 18:01:29.183  5274  7530 V WindowManager:   vsysui=100
04-17 18:01:29.183  5274  7530 V WindowManager:   bhv=DEFAULT naviIconColor=0}
04-17 18:01:29.184  5598  6625 I ViewRootImpl@ce89bca[ScreenDecorOverlay]: Relayout returned: old=(0,0,1080,151) new=(0,0,1080,151) req=(1079,151)0 dur=4 res=0x0 s={true 485883396096} ch=false fn=212
04-17 18:01:29.190  4929  4929 E SurfaceFlinger: Attempt to update InputPolicyFlags without permission ACCESS_SURFACE_FLINGER
04-17 18:01:29.225  5274  7530 D InputMethodManagerServicePhysicalKey: isConnectedDexOnPC false
04-17 18:01:29.225  5274  7530 D InputMethodManagerService: isImeSwitcherDisabledPackage : false
04-17 18:01:29.341 24018 24018 I IMM_LC  : notifyImeHidden
04-17 18:01:29.344  8190  8190 I MSHandlerLifeCycle: isMultiSplitHandlerRequested: ignored. pkg=com.samsung.android.honeyboard isActivity=false callers=com.android.internal.policy.DecorView.setVisibility:4295 android.app.Dialog.hide:741 android.inputmethodservice.InputMethodService.removeImeSurface:1143 android.inputmethodservice.InputMethodService.scheduleImeSurfaceRemoval:1136 android.inputmethodservice.InputMethodService.access$1400:354
04-17 18:01:29.345  8190  8190 I MSHandlerLifeCycle: removeMultiSplitHandler: no exist. decor=DecorView@79765ce[InputMethod]
04-17 18:01:29.361  4929  4929 D SurfaceFlinger: Display 0 HWC layers:
04-17 18:01:29.361  4929  4929 D SurfaceFlinger:      DEVICE | 0x716f176900 | 0102 | RGBA_8888    |    0.0    0.0 1080.0 2340.0 |    0    0 1080 2340 | com.myapp.alist/com.myapp.alist.ui.MainActivity$_24018#0
04-17 18:01:29.361  4929  4929 D SurfaceFlinger:      DEVICE | 0x71a58be580 | 0100 | RGBA_8888    |    0.0    0.0 1080.0   78.0 |    0    0 1080   78 | StatusBar$_5598#0
04-17 18:01:29.361  4929  4929 D SurfaceFlinger:      DEVICE | 0x71a58dcfc0 | 0100 | RGBA_8888    |    0.0    0.0 1080.0  126.0 |    0 2214 1080 2340 | NavigationBar0$_5598#0
04-17 18:01:29.361  4929  4929 D SurfaceFlinger:      DEVICE | 0x7170160d40 | 0140 | RGBA_8888    |    0.0    0.0 1080.0  151.0 |    0    0 1080  151 | ScreenDecorOverlay$_5598#0
04-17 18:01:29.361  4929  4929 D SurfaceFlinger:      DEVICE | 0x71a3dca740 | 0140 | RGBA_8888    |    0.0    0.0 1080.0  151.0 |    0 2189 1080 2340 | ScreenDecorOverlayBottom$_5598#0
04-17 18:01:29.361  4929  4929 D SurfaceFlinger:
04-17 18:01:29.361  5274  7039 V WindowManager: Relayout Window{4b2d9f9 u0 InputMethod}: viewVisibility=8 req=1080x2257 d0
04-17 18:01:29.365  5274  7039 V WindowManager: Relayout hash=4b2d9f9, pid=8190: mAttrs={(0,0)(fillxfill) gr=BOTTOM CENTER_VERTICAL sim={adjust=pan} ty=INPUT_METHOD fmt=TRANSPARENT wanim=0x7f130170 preferredMinDisplayRefreshRate=60.0 receive insets ignoring z-order
04-17 18:01:29.365  5274  7039 V WindowManager:   fl=81800108
04-17 18:01:29.365  5274  7039 V WindowManager:   pfl=12000000
04-17 18:01:29.365  5274  7039 V WindowManager:   vsysui=10
04-17 18:01:29.365  5274  7039 V WindowManager:   apr=LIGHT_NAVIGATION_BARS
04-17 18:01:29.365  5274  7039 V WindowManager:   bhv=DEFAULT
04-17 18:01:29.365  5274  7039 V WindowManager:   fitTypes=STATUS_BARS NAVIGATION_BARS
04-17 18:01:29.365  5274  7039 V WindowManager:   fitSides=LEFT TOP RIGHT
04-17 18:01:29.365  5274  7039 V WindowManager:   fitIgnoreVis dimDuration=150 naviIconColor=0}
04-17 18:01:29.365  4929  4929 I SurfaceFlinger: Setting desired display mode specs: default mode ID: 0, allowGroupSwitching = 0, primary range: [0.00fps 120.00fps], app request range: [0.00fps 120.00fps]
04-17 18:01:29.366  8190  8190 I ViewRootImpl@e692e0[InputMethod]: Relayout returned: old=(0,83,1080,2340) new=(0,83,1080,2340) req=(1080,2257)8 dur=4 res=0x4 s={false 0} ch=true fn=4
04-17 18:01:29.374  4929  4929 I Layer   : id=6786 removeFromCurrentState InputMethod$_8190#0 (101)
04-17 18:01:29.374  4929  4929 I SurfaceFlinger: id=6786 Removed InputMethod$_8190#0 (101)
04-17 18:01:29.374  5274  7039 V WindowManager: Relayout Window{b7541b2 u0 ScreenDecorOverlayBottom}: viewVisibility=0 req=1079x151 d0
04-17 18:01:29.375  4929  4929 I Layer   : id=6786 Destroyed InputMethod$_8190#0
04-17 18:01:29.377  5274  7039 V WindowManager: Relayout hash=b7541b2, pid=5598: mAttrs={(0,0)(fillxwrap) gr=BOTTOM CENTER_VERTICAL sim={adjust=pan} layoutInDisplayCutoutMode=always ty=NAVIGATION_BAR_PANEL fmt=TRANSLUCENT
04-17 18:01:29.377  5274  7039 V WindowManager:   fl=20800128
04-17 18:01:29.377  5274  7039 V WindowManager:   pfl=13100050
04-17 18:01:29.377  5274  7039 V WindowManager:   vsysui=100
04-17 18:01:29.377  5274  7039 V WindowManager:   bhv=DEFAULT naviIconColor=0}
04-17 18:01:29.378  5598  6625 I ViewRootImpl@dd9c72a[ScreenDecorOverlayBottom]: Relayout returned: old=(0,2189,1080,2340) new=(0,2189,1080,2340) req=(1079,151)0 dur=3 res=0x0 s={true 485883961344} ch=false fn=163
04-17 18:01:29.380  5274  7530 V WindowManager: Relayout Window{2f5398f u0 ScreenDecorOverlay}: viewVisibility=0 req=1079x151 d0
04-17 18:01:29.382  5274  7530 V WindowManager: Relayout hash=2f5398f, pid=5598: mAttrs={(0,0)(fillxwrap) gr=TOP CENTER_VERTICAL sim={adjust=pan} layoutInDisplayCutoutMode=always ty=NAVIGATION_BAR_PANEL fmt=TRANSLUCENT
04-17 18:01:29.382  5274  7530 V WindowManager:   fl=20800128
04-17 18:01:29.382  5274  7530 V WindowManager:   pfl=13100050
04-17 18:01:29.382  5274  7530 V WindowManager:   vsysui=100
04-17 18:01:29.382  5274  7530 V WindowManager:   bhv=DEFAULT naviIconColor=0}
04-17 18:01:29.383  5598  6625 I ViewRootImpl@ce89bca[ScreenDecorOverlay]: Relayout returned: old=(0,0,1080,151) new=(0,0,1080,151) req=(1079,151)0 dur=3 res=0x0 s={true 485883396096} ch=false fn=212
04-17 18:01:29.391  5274  7530 V WindowManager: Relayout Window{b7541b2 u0 ScreenDecorOverlayBottom}: viewVisibility=0 req=1079x151 d0
04-17 18:01:29.393  5274  7530 V WindowManager: Relayout hash=b7541b2, pid=5598: mAttrs={(0,0)(fillxwrap) gr=BOTTOM CENTER_VERTICAL sim={adjust=pan} layoutInDisplayCutoutMode=always ty=NAVIGATION_BAR_PANEL fmt=TRANSLUCENT
04-17 18:01:29.393  5274  7530 V WindowManager:   fl=20800128
04-17 18:01:29.393  5274  7530 V WindowManager:   pfl=13100050
04-17 18:01:29.393  5274  7530 V WindowManager:   vsysui=100
04-17 18:01:29.393  5274  7530 V WindowManager:   bhv=DEFAULT naviIconColor=0}
04-17 18:01:29.394  5598  6625 I ViewRootImpl@dd9c72a[ScreenDecorOverlayBottom]: Relayout returned: old=(0,2189,1080,2340) new=(0,2189,1080,2340) req=(1079,151)0 dur=2 res=0x0 s={true 485883961344} ch=false fn=163
04-17 18:01:29.396  5274  7530 V WindowManager: Relayout Window{2f5398f u0 ScreenDecorOverlay}: viewVisibility=0 req=1079x151 d0
04-17 18:01:29.397  5274  7530 V WindowManager: Relayout hash=2f5398f, pid=5598: mAttrs={(0,0)(fillxwrap) gr=TOP CENTER_VERTICAL sim={adjust=pan} layoutInDisplayCutoutMode=always ty=NAVIGATION_BAR_PANEL fmt=TRANSLUCENT
04-17 18:01:29.397  5274  7530 V WindowManager:   fl=20800128
04-17 18:01:29.397  5274  7530 V WindowManager:   pfl=13100050
04-17 18:01:29.397  5274  7530 V WindowManager:   vsysui=100
04-17 18:01:29.397  5274  7530 V WindowManager:   bhv=DEFAULT naviIconColor=0}
04-17 18:01:29.398  5598  6625 I ViewRootImpl@ce89bca[ScreenDecorOverlay]: Relayout returned: old=(0,0,1080,151) new=(0,0,1080,151) req=(1079,151)0 dur=4 res=0x0 s={true 485883396096} ch=false fn=212
04-17 18:01:29.432  7578  7578 I Utils   : isCurrentUser current = 0, ownerId = 0
04-17 18:01:29.432  7578  7578 I TrayVisibilityController: getComputedTrayVisible : keyguardState = 1
04-17 18:01:29.432  7578  7578 I TrayVisibilityController: updateTrayVisible: State=1 visible=1 mCurrentVisible=2 specificMode=0
04-17 18:01:29.432  7578  7578 I TrayStateController: onNotifyUpdateTray: state=2
04-17 18:01:29.432  7578  7578 I MSHandlerLifeCycle: isMultiSplitHandlerRequested: ignored. pkg=com.samsung.android.app.cocktailbarservice isActivity=false callers=com.android.internal.policy.DecorView.setVisibility:4295 com.samsung.android.app.cocktailbarservice.controller.traystate.TrayStateHide.onExitState:54 com.samsung.android.app.cocktailbarservice.controller.traystate.TrayStateController.setUiState:779 com.samsung.android.app.cocktailbarservice.controller.traystate.TrayStateController$9.onNotifyUpdateTray:1482 com.samsung.android.app.cocktailbarservice.controller.traystate.TrayVisibilityController.notifyUpdateTray:431
04-17 18:01:29.432  7578  7578 I MSHandlerLifeCycle: removeMultiSplitHandler: no exist. decor=DecorView@2e85943[CocktailBarService]
04-17 18:01:29.433  7578  7578 I MSHandlerLifeCycle: isMultiSplitHandlerRequested: ignored. pkg=com.samsung.android.app.cocktailbarservice isActivity=false callers=com.android.internal.policy.DecorView.setVisibility:4295 com.samsung.android.app.cocktailbarservice.controller.traystate.TrayStateTrigger.onEnterState:187 com.samsung.android.app.cocktailbarservice.controller.traystate.TrayStateController.setUiState:793 com.samsung.android.app.cocktailbarservice.controller.traystate.TrayStateController$9.onNotifyUpdateTray:1482 com.samsung.android.app.cocktailbarservice.controller.traystate.TrayVisibilityController.notifyUpdateTray:431
04-17 18:01:29.433  7578  7578 I MSHandlerLifeCycle: removeMultiSplitHandler: no exist. decor=DecorView@2e85943[CocktailBarService]
04-17 18:01:29.436  7578  7578 I TrayStateTrigger: getTriggerMarginOnTop retY=1637 halfHandleSize=181 getTriggerPosition=81.818184
04-17 18:01:29.437  7578  7578 I CapturedBlurController: updateBlurBackground: false false
04-17 18:01:29.437  7578  7578 I TrayStateController: setUiState 0 : 2 --> 0
04-17 18:01:29.441  5274  7530 V WindowManager: Relayout Window{efcd846 u0 com.samsung.android.app.cocktailbarservice/com.samsung.android.app.cocktailbarservice.CocktailBarService}: viewVisibility=0 req=67x362 d0
04-17 18:01:29.441  4929  4965 I SurfaceFlinger: id=6788 createSurf (67x362),-3 flag=40004, com.samsung.android.app.cocktailbarservice/com.samsung.android.app.cocktailbarservice.CocktailBarService$_7578#0
04-17 18:01:29.444  5274  7530 V WindowManager: Relayout hash=efcd846, pid=7578: mAttrs={(0,1637)(67x362) gr=TOP RIGHT CENTER sim={adjust=nothing} layoutInDisplayCutoutMode=shortEdges ty=2226 fmt=TRANSPARENT
04-17 18:01:29.444  5274  7530 V WindowManager:   fl=81800548
04-17 18:01:29.444  5274  7530 V WindowManager:   pfl=2000050
04-17 18:01:29.444  5274  7530 V WindowManager:   vsysui=2000
04-17 18:01:29.444  5274  7530 V WindowManager:   apr=LIGHT_STATUS_BARS
04-17 18:01:29.444  5274  7530 V WindowManager:   bhv=SHOW_TRANSIENT_BARS_BY_SWIPE
04-17 18:01:29.444  5274  7530 V WindowManager:   fitTypes=NAVIGATION_BARS CAPTION_BAR dimAmount=0.0 dimDuration=0 naviIconColor=0
04-17 18:01:29.444  5274  7530 V WindowManager:   sfl=200000}
04-17 18:01:29.446  7578  7578 I ViewRootImpl@316fa20[CocktailBarService]: Relayout returned: old=(1013,1637,1080,1999) new=(1013,1637,1080,1999) req=(67,362)0 dur=4 res=0x6 s={true 488271499264} ch=true fn=-1
04-17 18:01:29.446  7578  7578 I ViewRootImpl@316fa20[CocktailBarService]: [DP] dp(1) 1 android.view.ViewRootImpl.reportNextDraw:11442 android.view.ViewRootImpl.performTraversals:4198 android.view.ViewRootImpl.doTraversal:2924
04-17 18:01:29.450  7578  7578 I ViewRootImpl@316fa20[CocktailBarService]: [DP] pdf(0) 1 android.view.ViewRootImpl.lambda$addFrameCompleteCallbackIfNeeded$3$ViewRootImpl:5000 android.view.ViewRootImpl$$ExternalSyntheticLambda16.run:6 android.os.Handler.handleCallback:938
04-17 18:01:29.450  7578  7578 I ViewRootImpl@316fa20[CocktailBarService]: [DP] rdf()
