04-19 15:55:17.818  4894  4894 I Layer   : id=4069 removeFromCurrentState com.samsung.android.app.cocktailbarservice/com.samsung.android.app.cocktailbarservice.CocktailBarService$_11163#0 (105)
04-19 15:55:17.818  4894  4894 I SurfaceFlinger: id=4069 Removed com.samsung.android.app.cocktailbarservice/com.samsung.android.app.cocktailbarservice.CocktailBarService$_11163#0 (105)
04-19 15:55:17.819  5232  8700 V WindowManager: Relayout Window{baba372 u0 com.samsung.android.app.cocktailbarservice/com.samsung.android.app.cocktailbarservice.CocktailBarService}: viewVisibility=8 req=67x362 d0
04-19 15:55:17.820  4894  4894 I Layer   : id=4069 Destroyed com.samsung.android.app.cocktailbarservice/com.samsung.android.app.cocktailbarservice.CocktailBarService$_11163#0
04-19 15:55:17.822  5232  8700 V WindowManager: Relayout hash=baba372, pid=11163: mAttrs={(0,1637)(67x362) gr=TOP RIGHT CENTER sim={adjust=nothing} layoutInDisplayCutoutMode=shortEdges ty=2226 fmt=TRANSPARENT
04-19 15:55:17.822  5232  8700 V WindowManager:   fl=81800548
04-19 15:55:17.822  5232  8700 V WindowManager:   pfl=2000050
04-19 15:55:17.822  5232  8700 V WindowManager:   vsysui=2000
04-19 15:55:17.822  5232  8700 V WindowManager:   apr=LIGHT_STATUS_BARS
04-19 15:55:17.822  5232  8700 V WindowManager:   bhv=SHOW_TRANSIENT_BARS_BY_SWIPE
04-19 15:55:17.822  5232  8700 V WindowManager:   fitTypes=NAVIGATION_BARS CAPTION_BAR dimAmount=0.0 dimDuration=0 naviIconColor=0
04-19 15:55:17.822  5232  8700 V WindowManager:   sfl=200000}
04-19 15:55:17.823  4894  4894 D SurfaceFlinger: Display 0 HWC layers:
04-19 15:55:17.823  4894  4894 D SurfaceFlinger:      DEVICE | 0x7d6cf6c780 | 0102 | RGBA_8888    |    0.0    0.0 1080.0 2340.0 |    0    0 1080 2340 | com.myapp.alist/com.myapp.alist.ui.MainActivity$_6061#0
04-19 15:55:17.823  4894  4894 D SurfaceFlinger:      DEVICE | 0x7da12c0600 | 0100 | RGBA_8888    |    0.0    0.0 1080.0 2257.0 |    0   83 1080 2340 | InputMethod$_7937#0
04-19 15:55:17.823  4894  4894 D SurfaceFlinger:      DEVICE | 0x7d8143fe40 | 0100 | RGBA_8888    |    0.0    0.0 1080.0   78.0 |    0    0 1080   78 | StatusBar$_5576#0
04-19 15:55:17.823  4894  4894 D SurfaceFlinger:      DEVICE | 0x7da12bd540 | 0100 | RGBA_8888    |    0.0    0.0 1080.0  126.0 |    0 2214 1080 2340 | NavigationBar0$_5576#0
04-19 15:55:17.823  4894  4894 D SurfaceFlinger:      DEVICE | 0x7da135d380 | 0140 | RGBA_8888    |    0.0    0.0 1080.0  151.0 |    0    0 1080  151 | ScreenDecorOverlay$_5576#0
04-19 15:55:17.823  4894  4894 D SurfaceFlinger:      DEVICE | 0x7da12bf700 | 0140 | RGBA_8888    |    0.0    0.0 1080.0  151.0 |    0 2189 1080 2340 | ScreenDecorOverlayBottom$_5576#0
04-19 15:55:17.823  4894  4894 D SurfaceFlinger:
04-19 15:55:17.823 11163 11163 I ViewRootImpl@5e91ff6[CocktailBarService]: Relayout returned: old=(1013,1637,1080,1999) new=(1013,1637,1080,1999) req=(67,362)8 dur=4 res=0x0 s={false 0} ch=false fn=-1
04-19 15:55:17.824 11163 11163 I CocktailBarUiController: onCocktailBarStateChanged: flag=0x1 vis=2 bgType= showTimeout=-1 activate=true
04-19 15:55:17.841  7937  7937 I HBD     : bd ous -  2 ,  2 ,  3 ,  3 ,  -1 ,  -1
04-19 15:55:17.843  5232  8700 D InputDispatcher: Inject key (6061): action=1, f=0x8, d=-1, time=6877541000000
04-19 15:55:17.843  5232  5378 I InputDispatcher: Delivering key to (6061): action: 0x1 (0), f=0x8, m=0x0, d=0, '1b7ed40'
04-19 15:55:17.845  7937  7937 I HBD     : b getTBC , flag: 1 , start: 3 , end: 3 , length: 3 , composingLength: 0 , isKCC: false
04-19 15:55:17.846  7937  7937 I HBD     : b getTAC , flag: 1 , start: 3 , end: 3 , length: 3 , composingLength: 0 , isKCC: false
04-19 15:55:17.848  4829  6393 I HYPER-HAL: [RequestManager.cpp]releaseLocked(): Released ID : 31509892
04-19 15:55:17.850  7937  7937 I HBD     : al EBD cm f 1
04-19 15:55:17.851  7937  7937 I HBD     : HoneyBoardService onKeyUp r:4c7ede0a consumed:false
04-19 15:55:17.851  6061  6061 I ViewRootImpl@1d4edff[MainActivity]: ViewPostIme key 1
04-19 15:55:17.852  4894  4894 E SurfaceFlinger: Attempt to update InputPolicyFlags without permission ACCESS_SURFACE_FLINGER
04-19 15:55:17.854  5232  8700 D InputDispatcher: Inject key (6061): action=0, f=0x8, d=-1, time=6877552000000
04-19 15:55:17.854  5232  5378 I InputDispatcher: Delivering key to (6061): action: 0x0 (0), f=0x8, m=0x0, d=0, '1b7ed40'
04-19 15:55:17.854  7937  7937 I HBD     : a skip onKeyDown as physical keyboard not connected
04-19 15:55:17.855  7937  7937 I HBD     : HoneyBoardService onKeyDown r:d7183c75 consumed:false
04-19 15:55:17.855  6061  6061 I ViewRootImpl@1d4edff[MainActivity]: ViewPostIme key 0
04-19 15:55:17.887  7937  7937 I HBD     : bd ous -  3 ,  3 ,  4 ,  4 ,  -1 ,  -1
04-19 15:55:17.889  5232  8700 D InputDispatcher: Inject key (6061): action=1, f=0x8, d=-1, time=6877587000000
04-19 15:55:17.889  5232  5378 I InputDispatcher: Delivering key to (6061): action: 0x1 (0), f=0x8, m=0x0, d=0, '1b7ed40'
04-19 15:55:17.892  7937  7937 I HBD     : b getTBC , flag: 1 , start: 4 , end: 4 , length: 4 , composingLength: 0 , isKCC: false
04-19 15:55:17.893  7937  7937 I HBD     : b getTAC , flag: 1 , start: 4 , end: 4 , length: 4 , composingLength: 0 , isKCC: false
04-19 15:55:17.897  7937  7937 I HBD     : al EBD cm f 1
04-19 15:55:17.898  7937  7937 I HBD     : HoneyBoardService onKeyUp r:8325888a consumed:false
04-19 15:55:17.898  6061  6061 I ViewRootImpl@1d4edff[MainActivity]: ViewPostIme key 1
04-19 15:55:17.900  5232  8700 D InputDispatcher: Inject key (6061): action=0, f=0x8, d=-1, time=6877599000000
04-19 15:55:17.901  5232  5378 I InputDispatcher: Delivering key to (6061): action: 0x0 (0), f=0x8, m=0x0, d=0, '1b7ed40'
04-19 15:55:17.901  7937  7937 I HBD     : a skip onKeyDown as physical keyboard not connected
04-19 15:55:17.901  7937  7937 I HBD     : HoneyBoardService onKeyDown r:1915ec6f consumed:false
04-19 15:55:17.902  4894  4894 E SurfaceFlinger: Attempt to update InputPolicyFlags without permission ACCESS_SURFACE_FLINGER
04-19 15:55:17.902  6061  6061 I ViewRootImpl@1d4edff[MainActivity]: ViewPostIme key 0
04-19 15:55:17.938  7937  7937 I HBD     : bd ous -  4 ,  4 ,  5 ,  5 ,  -1 ,  -1
04-19 15:55:17.942  7937  7937 I HBD     : b getTBC , flag: 1 , start: 5 , end: 5 , length: 5 , composingLength: 0 , isKCC: false
04-19 15:55:17.952  4894  4894 E SurfaceFlinger: Attempt to update InputPolicyFlags without permission ACCESS_SURFACE_FLINGER
04-19 15:55:17.955  7937  7937 I HBD     : b getTAC , flag: 1 , start: 5 , end: 5 , length: 5 , composingLength: 0 , isKCC: false
04-19 15:55:17.956  5232  8700 D InputDispatcher: Inject key (6061): action=1, f=0x8, d=-1, time=6877655000000
04-19 15:55:17.957  5232  5378 I InputDispatcher: Delivering key to (6061): action: 0x1 (0), f=0x8, m=0x0, d=0, '1b7ed40'
04-19 15:55:17.960  7937  7937 I HBD     : al EBD cm f 1
04-19 15:55:17.960  7937  7937 I HBD     : HoneyBoardService onKeyUp r:d77a4a85 consumed:false
04-19 15:55:17.961  6061  6061 I ViewRootImpl@1d4edff[MainActivity]: ViewPostIme key 1
04-19 15:55:17.963  5232  8700 D InputDispatcher: Inject key (6061): action=0, f=0x8, d=-1, time=6877662000000
04-19 15:55:17.963  5232  5378 I InputDispatcher: Delivering key to (6061): action: 0x0 (0), f=0x8, m=0x0, d=0, '1b7ed40'
04-19 15:55:17.963  7937  7937 I HBD     : a skip onKeyDown as physical keyboard not connected
04-19 15:55:17.964  7937  7937 I HBD     : HoneyBoardService onKeyDown r:0ac1d423 consumed:false
04-19 15:55:17.964  6061  6061 I ViewRootImpl@1d4edff[MainActivity]: ViewPostIme key 0
04-19 15:55:17.969  4894  4894 E SurfaceFlinger: Attempt to update InputPolicyFlags without permission ACCESS_SURFACE_FLINGER
04-19 15:55:17.981  7937  7937 I HBD     : bd ous -  5 ,  5 ,  6 ,  6 ,  -1 ,  -1
04-19 15:55:17.984  7937  7937 I HBD     : b getTBC , flag: 1 , start: 6 , end: 6 , length: 6 , composingLength: 0 , isKCC: false
04-19 15:55:17.985  4894  4894 E SurfaceFlinger: Attempt to update InputPolicyFlags without permission ACCESS_SURFACE_FLINGER
04-19 15:55:18.003  7937  7937 I HBD     : b getTAC , flag: 1 , start: 6 , end: 6 , length: 6 , composingLength: 0 , isKCC: false
04-19 15:55:18.004  5232  8700 D InputDispatcher: Inject key (6061): action=1, f=0x8, d=-1, time=6877703000000
04-19 15:55:18.005  5232  5378 I InputDispatcher: Delivering key to (6061): action: 0x1 (0), f=0x8, m=0x0, d=0, '1b7ed40'
04-19 15:55:18.008  7937  7937 I HBD     : al EBD cm f 1
04-19 15:55:18.009  7937  7937 I HBD     : HoneyBoardService onKeyUp r:74a1218c consumed:false
04-19 15:55:18.009  6061  6061 I ViewRootImpl@1d4edff[MainActivity]: ViewPostIme key 1
04-19 15:55:18.012  6061  6061 I ViewInteraction: Performing 'close keyboard' action on view view.getId() is <2131296492/com.myapp.alist:id/input1EditText>
04-19 15:55:18.013  6061  6061 D IdlingRegistry: Registering idling resources: [androidx.test.espresso.action.CloseKeyboardAction$CloseKeyboardIdlingResult@ac1dd81]
04-19 15:55:18.013  6061  6061 I IMM_LC  : hsifw() - flags=0, caller=android.view.inputmethod.InputMethodManager.hideSoftInputFromWindow:1858 androidx.test.espresso.action.CloseKeyboardAction.tryToCloseKeyboard:6 androidx.test.espresso.action.CloseKeyboardAction.perform:2 androidx.test.espresso.ViewInteraction$SingleExecutionViewAction.perform:2 androidx.test.espresso.ViewInteraction.doPerform:25
04-19 15:55:18.013  6061  6061 I IMM_LC  : hideSoftInputFromWindow - mService.hideSoftInput
04-19 15:55:18.014  7937  7937 I InputMethod: hideSoftInput(), flags : 0
04-19 15:55:18.014  7937  7937 I HBD     : HoneyBoardService onFinishInputView finishingInput= false
04-19 15:55:18.014  7937  7937 I HBD     : a [UpdatePolicy] [post] a: 3 cl: 65538 kit: [0/0] vt: 0 ir: 1
04-19 15:55:18.015  7937  7937 I HBD     : b processFinishInputView
04-19 15:55:18.015  7937  7937 I HBD     : bd stopRunningTimers
04-19 15:55:18.016  5232  7403 D InputMethodManagerServicePhysicalKey: isConnectedDexOnPC false
04-19 15:55:18.016  7937  7937 I HBD     : e unbindCurrentHoneyBoard : text_board
04-19 15:55:18.016  7937  7937 I HBD     : a onUnbind
04-19 15:55:18.017  5232  7403 D InputMethodManagerService: isImeSwitcherDisabledPackage : false
04-19 15:55:18.017  5232  7403 I InputMethodManagerService: setImeWindowStatus: vis=0, backDisposition=0
04-19 15:55:18.017  7937  7937 I HBD     : a clear BaseLanguageRepo
04-19 15:55:18.017  5576  5576 V Navbar.Store: handleEvent [EventType] ON_NAVBAR_ICON_HINT_CHANGED [Module] NavigationBar  KEYS_NAVBAR_ICON_HINT=0
04-19 15:55:18.018  5576  5576 V Navbar.Store: --[Band]SETUPWIZARD_PACK_SET_NAVBAR_ICON_HINT
04-19 15:55:18.018  5576  5576 V Navbar.Store: ----getValue(BOOL_NAVBAR_BUTTON_FORCED_VISIBLE)=false
04-19 15:55:18.018  5576  5576 V Navbar.Store: ----getValue(BOOL_NAVBAR_SETUPWIZARD_STYLE)=false
04-19 15:55:18.018  7937  7937 I HBD     : HoneyBoardService [PF_CL][onFinishInputView]  3 ms
04-19 15:55:18.018  5576  5576 V Navbar.Store: --[Band]VIS_PACK_REEVAULATE_NAVBAR
04-19 15:55:18.018  5576  5576 V Navbar.Store: ----apply(REEVALUATE_NAVBAR)
04-19 15:55:18.018  7937  6430 I HBD     : bd requestCursorUpdates(0),  3
04-19 15:55:18.018  7937  7937 I HBD     : HoneyBoardService onWindowHidden
04-19 15:55:18.018  5576  5576 V Navbar.Store: ----handleEvent [EventType] GET_BOOL_REGION_SAMPLING_ENABLED [Module] LightBarController  KEYS_DEFAULT=false
04-19 15:55:18.018  5576  5576 V Navbar.Store: ------[Band]COLOR_PACK_GET_REGION_SAMPLING_ENABLED
04-19 15:55:18.018  5576  5576 V Navbar.Store: --------getValue(BOOL_REGION_SAMPLING_ENABLED)=false
04-19 15:55:18.019  7937  7937 I HBD     : HoneyBoardService [PF_CL][onWindowHidden]  392038 ns
04-19 15:55:18.019  6061  6061 D InsetsSourceConsumer: setRequestedVisible: visible=false, type=19, host=com.myapp.alist/com.myapp.alist.ui.MainActivity, from=android.view.InsetsSourceConsumer.hide:253 android.view.ImeInsetsSourceConsumer.hide:68 android.view.ImeInsetsSourceConsumer.hide:74 android.view.InsetsController.hideDirectly:1473 android.view.InsetsController.controlAnimationUnchecked:1139 android.view.InsetsController.applyAnimation:1456 android.view.InsetsController.applyAnimation:1437 android.view.InsetsController.hide:1006 android.view.ViewRootImpl$ViewRootHandler.handleMessageImpl:6487 android.view.ViewRootImpl$ViewRootHandler.handleMessage:6408
04-19 15:55:18.019  4894  4894 E SurfaceFlinger: Attempt to update InputPolicyFlags without permission ACCESS_SURFACE_FLINGER
04-19 15:55:18.019  7937  7937 I DecorView: notifyKeepScreenOnChanged: keepScreenOn=false
04-19 15:55:18.020  7937  7937 I MSHandlerLifeCycle: isMultiSplitHandlerRequested: ignored. pkg=com.samsung.android.honeyboard isActivity=false callers=com.android.internal.policy.DecorView.hasMultiSplitHandlerInNonFreeformMode:891 com.android.internal.policy.DecorView.notifyKeepScreenOnChanged:885 android.view.ViewRootImpl.applyKeepScreenOnFlag:2945 android.view.ViewRootImpl.setLayoutParams:2108 android.view.WindowManagerGlobal.updateViewLayout:537
04-19 15:55:18.021  4894  4926 I SurfaceFlinger: id=4113 createSurf (0x0),-1 flag=24000, Surface(name=ec1a749 NavigationBar0)/@0xfb3ebf7 - animation-leash of insets_animation#0
04-19 15:55:18.022  5983 21648 I TouchInteractionService: onActiveNavBarRegionChanges, region : SkRegion((0,2214,388,2220)(389,2214,690,2220)(691,2214,961,2220)(0,2220,388,2340)(389,2220,690,2340)(691,2220,961,2340)(962,2220,1088,2340))
04-19 15:55:18.022  5576  5576 V Navbar.Store: ----handleEvent [EventType] ON_UPDATE_REMOTEVIEW [Module] SamsungNavigationBarView  KEYS_LEFT_REMOTEVIEW_CONTAINER=android.widget.LinearLayout{6ac3937 I.E...... ......ID 0,0-118,126 #7f0b0478 app:id/left_remoteview}  KEYS_NAVBAR_DARK_INTENSITY=1.0  KEYS_RIGHT_REMOTEVIEW_CONTAINER=android.widget.LinearLayout{84d4ea4 I.E...... ......ID 962,0-1080,126 #7f0b070a app:id/right_remoteview}  KEYS_CONTEXTUALBUTTON_VISIBLE=false
04-19 15:55:18.022  5576  5576 V Navbar.Store: ------[Band]REMOTE_VIEW_PACK_SET_REMOTEVIEW_CONTAINER
04-19 15:55:18.022  5576  5576 V Navbar.Store: --------apply(UPDATE_NAVBAR_REMOTEVIEW_CONTAINER)
04-19 15:55:18.022  5576  5576 V Navbar.Store: --------apply(UPDATE_NAVBAR_RIGHT_REMOTEVIEW_VISIBILITY)
04-19 15:55:18.022  5576  5576 V Navbar.Store: --------getValue(FLOAT_REMOTEVIEW_DARK_INTENSITY)=1.0
04-19 15:55:18.023  5983 21648 I TouchInteractionService: onActiveNavBarRegionChanges, region : SkRegion((0,2214,388,2340)(389,2214,690,2340)(691,2214,961,2340))
04-19 15:55:18.024 11163 11163 I CocktailBarUiController: onReceive: action=ResponseAxT9Info isVisibleWindow=0
04-19 15:55:18.025  5983 21648 I TouchInteractionService: onSystemUiStateChanged, stateFlags : 131072
04-19 15:55:18.025  5983  5983 I TouchInteractionService: onSystemUiFlagsChanged, userUnlocked
04-19 15:55:18.031  5232  8700 V WindowManager: Relayout Window{877f4ea u0 InputMethod}: viewVisibility=0 req=1080x2257 d0
04-19 15:55:18.033  5232  8700 V WindowManager: Relayout hash=877f4ea, pid=7937: mAttrs={(0,0)(fillxfill) gr=BOTTOM CENTER_VERTICAL sim={adjust=pan} ty=INPUT_METHOD fmt=TRANSPARENT wanim=0x7f130170 preferredMinDisplayRefreshRate=60.0 receive insets ignoring z-order
04-19 15:55:18.033  5232  8700 V WindowManager:   fl=81800108
04-19 15:55:18.033  5232  8700 V WindowManager:   pfl=12000000
04-19 15:55:18.033  5232  8700 V WindowManager:   vsysui=10
04-19 15:55:18.033  5232  8700 V WindowManager:   apr=LIGHT_NAVIGATION_BARS
04-19 15:55:18.033  5232  8700 V WindowManager:   bhv=DEFAULT
04-19 15:55:18.033  5232  8700 V WindowManager:   fitTypes=STATUS_BARS NAVIGATION_BARS
04-19 15:55:18.033  5232  8700 V WindowManager:   fitSides=LEFT TOP RIGHT
04-19 15:55:18.033  5232  8700 V WindowManager:   fitIgnoreVis dimDuration=150 naviIconColor=0}
04-19 15:55:18.034  7937  7937 I ViewRootImpl@ec5d19[InputMethod]: Relayout returned: old=(0,83,1080,2340) new=(0,83,1080,2340) req=(1080,2257)0 dur=3 res=0x2 s={true 538122883072} ch=false fn=20
04-19 15:55:18.036  5576  5576 V Navbar.Store: handleEvent [EventType] GET_BOOL_NAVBAR_CAN_MOVE_STATE [Module] SamsungNavigationBarView  KEYS_DEFAULT=true
04-19 15:55:18.036  7937  7937 I ViewRootImpl@ec5d19[InputMethod]: [DP] dp(1) 1 android.view.ViewRootImpl.reportNextDraw:11442 android.view.ViewRootImpl.performTraversals:4198 android.view.ViewRootImpl.doTraversal:2924
04-19 15:55:18.036  5576  5576 V Navbar.Store: --[Band]CONFIG_PACK_GET_NAVBAR_CAN_MOVE
04-19 15:55:18.036  5576  5576 V Navbar.Store: ----getValue(BOOL_NAVBAR_CAN_MOVE)=true
04-19 15:55:18.037  5983 21648 I TouchInteractionService: onActiveNavBarRegionChanges, region : SkRegion((0,2214,388,2340)(389,2214,690,2340)(691,2214,961,2340))
04-19 15:55:18.038  5232  5376 V WindowManager: Relayout Window{4822353 u0 ScreenDecorOverlayBottom}: viewVisibility=0 req=1079x151 d0
04-19 15:55:18.038  5576  5576 V Navbar.Store: handleEvent [EventType] GET_BOOL_USE_NAVBAR_BACKGROUND_FRAME [Module] NavigationBarTransitions  KEYS_DEFAULT=false
04-19 15:55:18.039  5576  5576 V Navbar.Store: --[Band]COLOR_PACK_GET_USE_NAVBAR_BACKGROUND_FRAME
04-19 15:55:18.039  5576  5576 V Navbar.Store: ----getValue(BOOL_NAVBAR_GESTURAL_MODE)=false
04-19 15:55:18.039  5576  5576 V Navbar.Store: ----getValue(BOOL_NAVBAR_OPAQUE)=false
04-19 15:55:18.039  5576  5576 V Navbar.Store: ----getValue(BOOL_NAVBAR_PINNED_EDGE_ENABELD)=false
04-19 15:55:18.040  5576  5576 D PipMotionHelper: animateToOffset: originalBounds=Rect(533, 1888 - 1038, 2172) offset=0 callers=
04-19 15:55:18.040  5576  5576 D PipMotionHelper:     com.android.wm.shell.pip.phone.PipTouchHandler.onMovementBoundsChanged:477
04-19 15:55:18.040  5576  5576 D PipMotionHelper:     com.android.wm.shell.pip.phone.PipController.updateMovementBounds:715
04-19 15:55:18.040  5576  5576 D PipMotionHelper:     com.android.wm.shell.pip.phone.PipController.access$600:99
04-19 15:55:18.040  5576  5576 D PipMotionHelper:     com.android.wm.shell.pip.phone.PipController$PipControllerPinnedTaskListener.onMovementBoundsChanged:238
04-19 15:55:18.040  5576  5576 D PipMotionHelper:     com.android.wm.shell.pip.PinnedStackListenerForwarder.onMovementBoundsChanged:65
04-19 15:55:18.040  5232  5376 V WindowManager: Relayout hash=4822353, pid=5576: mAttrs={(0,0)(fillxwrap) gr=BOTTOM CENTER_VERTICAL sim={adjust=pan} layoutInDisplayCutoutMode=always ty=NAVIGATION_BAR_PANEL fmt=TRANSLUCENT
04-19 15:55:18.040  5232  5376 V WindowManager:   fl=20800128
04-19 15:55:18.040  5232  5376 V WindowManager:   pfl=13100050
04-19 15:55:18.040  5232  5376 V WindowManager:   vsysui=100
04-19 15:55:18.040  5232  5376 V WindowManager:   bhv=DEFAULT naviIconColor=0}
04-19 15:55:18.041  5576  6511 I ViewRootImpl@60d6efe[ScreenDecorOverlayBottom]: Relayout returned: old=(0,2189,1080,2340) new=(0,2189,1080,2340) req=(1079,151)0 dur=5 res=0x0 s={true 535593426944} ch=false fn=108
04-19 15:55:18.045  5232  7403 V WindowManager: Relayout Window{5338360 u0 ScreenDecorOverlay}: viewVisibility=0 req=1079x151 d0
04-19 15:55:18.047  5232  7403 V WindowManager: Relayout hash=5338360, pid=5576: mAttrs={(0,0)(fillxwrap) gr=TOP CENTER_VERTICAL sim={adjust=pan} layoutInDisplayCutoutMode=always ty=NAVIGATION_BAR_PANEL fmt=TRANSLUCENT
04-19 15:55:18.047  5232  7403 V WindowManager:   fl=20800128
04-19 15:55:18.047  5232  7403 V WindowManager:   pfl=13100050
04-19 15:55:18.047  5232  7403 V WindowManager:   vsysui=100
04-19 15:55:18.047  5232  7403 V WindowManager:   bhv=DEFAULT naviIconColor=0}
04-19 15:55:18.048  5576  6511 I ViewRootImpl@cb0095a[ScreenDecorOverlay]: Relayout returned: old=(0,0,1080,151) new=(0,0,1080,151) req=(1079,151)0 dur=4 res=0x0 s={true 535593418752} ch=false fn=112
04-19 15:55:18.050  7937  7937 I ViewRootImpl@ec5d19[InputMethod]: [DP] pdf(0) 1 android.view.ViewRootImpl.lambda$addFrameCompleteCallbackIfNeeded$3$ViewRootImpl:5000 android.view.ViewRootImpl$$ExternalSyntheticLambda16.run:6 android.os.Handler.handleCallback:938
04-19 15:55:18.050  7937  7937 I ViewRootImpl@ec5d19[InputMethod]: [DP] rdf()
04-19 15:55:18.050  7937  7937 I HBD     : d Init expand button state by global layout listener
04-19 15:55:18.053  5232  7403 V WindowManager: Relayout Window{4822353 u0 ScreenDecorOverlayBottom}: viewVisibility=0 req=1079x151 d0
04-19 15:55:18.055  5232  7403 V WindowManager: Relayout hash=4822353, pid=5576: mAttrs={(0,0)(fillxwrap) gr=BOTTOM CENTER_VERTICAL sim={adjust=pan} layoutInDisplayCutoutMode=always ty=NAVIGATION_BAR_PANEL fmt=TRANSLUCENT
04-19 15:55:18.055  5232  7403 V WindowManager:   fl=20800128
04-19 15:55:18.055  5232  7403 V WindowManager:   pfl=13100050
04-19 15:55:18.055  5232  7403 V WindowManager:   vsysui=100
04-19 15:55:18.055  5232  7403 V WindowManager:   bhv=DEFAULT naviIconColor=0}
04-19 15:55:18.056  5576  6511 I ViewRootImpl@60d6efe[ScreenDecorOverlayBottom]: Relayout returned: old=(0,2189,1080,2340) new=(0,2189,1080,2340) req=(1079,151)0 dur=4 res=0x0 s={true 535593426944} ch=false fn=108
04-19 15:55:18.059  5232  5376 V WindowManager: Relayout Window{5338360 u0 ScreenDecorOverlay}: viewVisibility=0 req=1079x151 d0
04-19 15:55:18.060  6061  6061 D ScrollView:  onsize change changed
04-19 15:55:18.061  5232  5376 V WindowManager: Relayout hash=5338360, pid=5576: mAttrs={(0,0)(fillxwrap) gr=TOP CENTER_VERTICAL sim={adjust=pan} layoutInDisplayCutoutMode=always ty=NAVIGATION_BAR_PANEL fmt=TRANSLUCENT
04-19 15:55:18.061  5232  5376 V WindowManager:   fl=20800128
04-19 15:55:18.061  5232  5376 V WindowManager:   pfl=13100050
04-19 15:55:18.061  5232  5376 V WindowManager:   vsysui=100
04-19 15:55:18.061  5232  5376 V WindowManager:   bhv=DEFAULT naviIconColor=0}
04-19 15:55:18.062  5576  6511 I ViewRootImpl@cb0095a[ScreenDecorOverlay]: Relayout returned: old=(0,0,1080,151) new=(0,0,1080,151) req=(1079,151)0 dur=4 res=0x0 s={true 535593418752} ch=false fn=112
04-19 15:55:18.065  6061  6061 D InsetsSourceConsumer: ensureControlAlpha: for ITYPE_NAVIGATION_BAR on com.myapp.alist/com.myapp.alist.ui.MainActivity
04-19 15:55:18.069  4894  4894 E SurfaceFlinger: Attempt to update InputPolicyFlags without permission ACCESS_SURFACE_FLINGER
04-19 15:55:18.070  5232  5376 V WindowManager: Relayout Window{4822353 u0 ScreenDecorOverlayBottom}: viewVisibility=0 req=1079x151 d0
04-19 15:55:18.072  5232  5376 V WindowManager: Relayout hash=4822353, pid=5576: mAttrs={(0,0)(fillxwrap) gr=BOTTOM CENTER_VERTICAL sim={adjust=pan} layoutInDisplayCutoutMode=always ty=NAVIGATION_BAR_PANEL fmt=TRANSLUCENT
04-19 15:55:18.072  5232  5376 V WindowManager:   fl=20800128
04-19 15:55:18.072  5232  5376 V WindowManager:   pfl=13100050
04-19 15:55:18.072  5232  5376 V WindowManager:   vsysui=100
04-19 15:55:18.072  5232  5376 V WindowManager:   bhv=DEFAULT naviIconColor=0}
04-19 15:55:18.073  5576  6511 I ViewRootImpl@60d6efe[ScreenDecorOverlayBottom]: Relayout returned: old=(0,2189,1080,2340) new=(0,2189,1080,2340) req=(1079,151)0 dur=3 res=0x0 s={true 535593426944} ch=false fn=108
04-19 15:55:18.074  5232  7403 V WindowManager: Relayout Window{5338360 u0 ScreenDecorOverlay}: viewVisibility=0 req=1079x151 d0
04-19 15:55:18.076  5232  7403 V WindowManager: Relayout hash=5338360, pid=5576: mAttrs={(0,0)(fillxwrap) gr=TOP CENTER_VERTICAL sim={adjust=pan} layoutInDisplayCutoutMode=always ty=NAVIGATION_BAR_PANEL fmt=TRANSLUCENT
04-19 15:55:18.076  5232  7403 V WindowManager:   fl=20800128
04-19 15:55:18.076  5232  7403 V WindowManager:   pfl=13100050
04-19 15:55:18.076  5232  7403 V WindowManager:   vsysui=100
04-19 15:55:18.076  5232  7403 V WindowManager:   bhv=DEFAULT naviIconColor=0}
04-19 15:55:18.077  5576  6511 I ViewRootImpl@cb0095a[ScreenDecorOverlay]: Relayout returned: old=(0,0,1080,151) new=(0,0,1080,151) req=(1079,151)0 dur=3 res=0x0 s={true 535593418752} ch=false fn=112
04-19 15:55:18.095  4829  6371 I HYPER-HAL: [RequestManager.cpp]releaseLocked(): Released ID : 13768143
04-19 15:55:18.120  5232  7403 D InputMethodManagerServicePhysicalKey: isConnectedDexOnPC false
04-19 15:55:18.120  5232  7403 D InputMethodManagerService: isImeSwitcherDisabledPackage : false
04-19 15:55:18.237  6061  6061 I IMM_LC  : notifyImeHidden
04-19 15:55:18.240  7937  7937 I MSHandlerLifeCycle: isMultiSplitHandlerRequested: ignored. pkg=com.samsung.android.honeyboard isActivity=false callers=com.android.internal.policy.DecorView.setVisibility:4295 android.app.Dialog.hide:741 android.inputmethodservice.InputMethodService.removeImeSurface:1143 android.inputmethodservice.InputMethodService.scheduleImeSurfaceRemoval:1136 android.inputmethodservice.InputMethodService.access$1400:354
04-19 15:55:18.240  7937  7937 I MSHandlerLifeCycle: removeMultiSplitHandler: no exist. decor=DecorView@79cf902[InputMethod]
04-19 15:55:18.257  4894  4894 D SurfaceFlinger: Display 0 HWC layers:
04-19 15:55:18.257  4894  4894 D SurfaceFlinger:      DEVICE | 0x7d8143e540 | 0102 | RGBA_8888    |    0.0    0.0 1080.0 2340.0 |    0    0 1080 2340 | com.myapp.alist/com.myapp.alist.ui.MainActivity$_6061#0
04-19 15:55:18.257  4894  4894 D SurfaceFlinger:      DEVICE | 0x7d8143fe40 | 0100 | RGBA_8888    |    0.0    0.0 1080.0   78.0 |    0    0 1080   78 | StatusBar$_5576#0
04-19 15:55:18.257  4894  4894 D SurfaceFlinger:      DEVICE | 0x7d6cce4bc0 | 0100 | RGBA_8888    |    0.0    0.0 1080.0  126.0 |    0 2214 1080 2340 | NavigationBar0$_5576#0
04-19 15:55:18.257  4894  4894 D SurfaceFlinger:      DEVICE | 0x7da135d380 | 0140 | RGBA_8888    |    0.0    0.0 1080.0  151.0 |    0    0 1080  151 | ScreenDecorOverlay$_5576#0
04-19 15:55:18.257  4894  4894 D SurfaceFlinger:      DEVICE | 0x7da12bf700 | 0140 | RGBA_8888    |    0.0    0.0 1080.0  151.0 |    0 2189 1080 2340 | ScreenDecorOverlayBottom$_5576#0
04-19 15:55:18.257  4894  4894 D SurfaceFlinger:
04-19 15:55:18.257  5232  7403 V WindowManager: Relayout Window{877f4ea u0 InputMethod}: viewVisibility=8 req=1080x2257 d0
04-19 15:55:18.260  5232  7403 V WindowManager: Relayout hash=877f4ea, pid=7937: mAttrs={(0,0)(fillxfill) gr=BOTTOM CENTER_VERTICAL sim={adjust=pan} ty=INPUT_METHOD fmt=TRANSPARENT wanim=0x7f130170 preferredMinDisplayRefreshRate=60.0 receive insets ignoring z-order
04-19 15:55:18.260  5232  7403 V WindowManager:   fl=81800108
04-19 15:55:18.260  5232  7403 V WindowManager:   pfl=12000000
04-19 15:55:18.260  5232  7403 V WindowManager:   vsysui=10
04-19 15:55:18.260  5232  7403 V WindowManager:   apr=LIGHT_NAVIGATION_BARS
04-19 15:55:18.260  5232  7403 V WindowManager:   bhv=DEFAULT
04-19 15:55:18.260  5232  7403 V WindowManager:   fitTypes=STATUS_BARS NAVIGATION_BARS
04-19 15:55:18.260  5232  7403 V WindowManager:   fitSides=LEFT TOP RIGHT
04-19 15:55:18.260  5232  7403 V WindowManager:   fitIgnoreVis dimDuration=150 naviIconColor=0}
04-19 15:55:18.261  4894  4894 I SurfaceFlinger: Setting desired display mode specs: default mode ID: 0, allowGroupSwitching = 0, primary range: [0.00fps 120.00fps], app request range: [0.00fps 120.00fps]
04-19 15:55:18.262  7937  7937 I ViewRootImpl@ec5d19[InputMethod]: Relayout returned: old=(0,83,1080,2340) new=(0,83,1080,2340) req=(1080,2257)8 dur=4 res=0x4 s={false 0} ch=true fn=32
04-19 15:55:18.269  4894  4894 I Layer   : id=4112 removeFromCurrentState InputMethod$_7937#0 (105)
04-19 15:55:18.269  4894  4894 I SurfaceFlinger: id=4112 Removed InputMethod$_7937#0 (105)
04-19 15:55:18.270  5232  7403 V WindowManager: Relayout Window{4822353 u0 ScreenDecorOverlayBottom}: viewVisibility=0 req=1079x151 d0
04-19 15:55:18.270  4894  4894 I Layer   : id=4112 Destroyed InputMethod$_7937#0
04-19 15:55:18.272  5232  7403 V WindowManager: Relayout hash=4822353, pid=5576: mAttrs={(0,0)(fillxwrap) gr=BOTTOM CENTER_VERTICAL sim={adjust=pan} layoutInDisplayCutoutMode=always ty=NAVIGATION_BAR_PANEL fmt=TRANSLUCENT
04-19 15:55:18.272  5232  7403 V WindowManager:   fl=20800128
04-19 15:55:18.272  5232  7403 V WindowManager:   pfl=13100050
04-19 15:55:18.272  5232  7403 V WindowManager:   vsysui=100
04-19 15:55:18.272  5232  7403 V WindowManager:   bhv=DEFAULT naviIconColor=0}
04-19 15:55:18.273  5576  6511 I ViewRootImpl@60d6efe[ScreenDecorOverlayBottom]: Relayout returned: old=(0,2189,1080,2340) new=(0,2189,1080,2340) req=(1079,151)0 dur=3 res=0x0 s={true 535593426944} ch=false fn=108
04-19 15:55:18.276  5232  8700 V WindowManager: Relayout Window{5338360 u0 ScreenDecorOverlay}: viewVisibility=0 req=1079x151 d0
04-19 15:55:18.279  5232  8700 V WindowManager: Relayout hash=5338360, pid=5576: mAttrs={(0,0)(fillxwrap) gr=TOP CENTER_VERTICAL sim={adjust=pan} layoutInDisplayCutoutMode=always ty=NAVIGATION_BAR_PANEL fmt=TRANSLUCENT
04-19 15:55:18.279  5232  8700 V WindowManager:   fl=20800128
04-19 15:55:18.279  5232  8700 V WindowManager:   pfl=13100050
04-19 15:55:18.279  5232  8700 V WindowManager:   vsysui=100
04-19 15:55:18.279  5232  8700 V WindowManager:   bhv=DEFAULT naviIconColor=0}
04-19 15:55:18.279  5576  6511 I ViewRootImpl@cb0095a[ScreenDecorOverlay]: Relayout returned: old=(0,0,1080,151) new=(0,0,1080,151) req=(1079,151)0 dur=4 res=0x0 s={true 535593418752} ch=false fn=112
04-19 15:55:18.287  5232  5376 V WindowManager: Relayout Window{4822353 u0 ScreenDecorOverlayBottom}: viewVisibility=0 req=1079x151 d0
04-19 15:55:18.288  5232  5376 V WindowManager: Relayout hash=4822353, pid=5576: mAttrs={(0,0)(fillxwrap) gr=BOTTOM CENTER_VERTICAL sim={adjust=pan} layoutInDisplayCutoutMode=always ty=NAVIGATION_BAR_PANEL fmt=TRANSLUCENT
04-19 15:55:18.288  5232  5376 V WindowManager:   fl=20800128
04-19 15:55:18.288  5232  5376 V WindowManager:   pfl=13100050
04-19 15:55:18.288  5232  5376 V WindowManager:   vsysui=100
04-19 15:55:18.288  5232  5376 V WindowManager:   bhv=DEFAULT naviIconColor=0}
04-19 15:55:18.289  5576  6511 I ViewRootImpl@60d6efe[ScreenDecorOverlayBottom]: Relayout returned: old=(0,2189,1080,2340) new=(0,2189,1080,2340) req=(1079,151)0 dur=3 res=0x0 s={true 535593426944} ch=false fn=108
04-19 15:55:18.290  5232  8700 V WindowManager: Relayout Window{5338360 u0 ScreenDecorOverlay}: viewVisibility=0 req=1079x151 d0
04-19 15:55:18.292  5232  8700 V WindowManager: Relayout hash=5338360, pid=5576: mAttrs={(0,0)(fillxwrap) gr=TOP CENTER_VERTICAL sim={adjust=pan} layoutInDisplayCutoutMode=always ty=NAVIGATION_BAR_PANEL fmt=TRANSLUCENT
04-19 15:55:18.292  5232  8700 V WindowManager:   fl=20800128
04-19 15:55:18.292  5232  8700 V WindowManager:   pfl=13100050
04-19 15:55:18.292  5232  8700 V WindowManager:   vsysui=100
04-19 15:55:18.292  5232  8700 V WindowManager:   bhv=DEFAULT naviIconColor=0}
04-19 15:55:18.293  5576  6511 I ViewRootImpl@cb0095a[ScreenDecorOverlay]: Relayout returned: old=(0,0,1080,151) new=(0,0,1080,151) req=(1079,151)0 dur=3 res=0x0 s={true 535593418752} ch=false fn=112
04-19 15:55:18.325 11163 11163 I Utils   : isCurrentUser current = 0, ownerId = 0
04-19 15:55:18.325 11163 11163 I TrayVisibilityController: getComputedTrayVisible : keyguardState = 1
04-19 15:55:18.325 11163 11163 I TrayVisibilityController: updateTrayVisible: State=1 visible=1 mCurrentVisible=2 specificMode=0
04-19 15:55:18.325 11163 11163 I TrayStateController: onNotifyUpdateTray: state=2
04-19 15:55:18.325 11163 11163 I MSHandlerLifeCycle: isMultiSplitHandlerRequested: ignored. pkg=com.samsung.android.app.cocktailbarservice isActivity=false callers=com.android.internal.policy.DecorView.setVisibility:4295 com.samsung.android.app.cocktailbarservice.controller.traystate.TrayStateHide.onExitState:54 com.samsung.android.app.cocktailbarservice.controller.traystate.TrayStateController.setUiState:779 com.samsung.android.app.cocktailbarservice.controller.traystate.TrayStateController$9.onNotifyUpdateTray:1482 com.samsung.android.app.cocktailbarservice.controller.traystate.TrayVisibilityController.notifyUpdateTray:431
04-19 15:55:18.325 11163 11163 I MSHandlerLifeCycle: removeMultiSplitHandler: no exist. decor=DecorView@1169e96[CocktailBarService]
04-19 15:55:18.325 11163 11163 I MSHandlerLifeCycle: isMultiSplitHandlerRequested: ignored. pkg=com.samsung.android.app.cocktailbarservice isActivity=false callers=com.android.internal.policy.DecorView.setVisibility:4295 com.samsung.android.app.cocktailbarservice.controller.traystate.TrayStateTrigger.onEnterState:187 com.samsung.android.app.cocktailbarservice.controller.traystate.TrayStateController.setUiState:793 com.samsung.android.app.cocktailbarservice.controller.traystate.TrayStateController$9.onNotifyUpdateTray:1482 com.samsung.android.app.cocktailbarservice.controller.traystate.TrayVisibilityController.notifyUpdateTray:431
04-19 15:55:18.325 11163 11163 I MSHandlerLifeCycle: removeMultiSplitHandler: no exist. decor=DecorView@1169e96[CocktailBarService]
04-19 15:55:18.329 11163 11163 I TrayStateTrigger: getTriggerMarginOnTop retY=1637 halfHandleSize=181 getTriggerPosition=81.818184
04-19 15:55:18.329 11163 11163 I CapturedBlurController: updateBlurBackground: false false
04-19 15:55:18.329 11163 11163 I TrayStateController: setUiState 0 : 2 --> 0
04-19 15:55:18.337  5232  8700 V WindowManager: Relayout Window{baba372 u0 com.samsung.android.app.cocktailbarservice/com.samsung.android.app.cocktailbarservice.CocktailBarService}: viewVisibility=0 req=67x362 d0
04-19 15:55:18.337  4894  5668 I SurfaceFlinger: id=4114 createSurf (67x362),-3 flag=40004, com.samsung.android.app.cocktailbarservice/com.samsung.android.app.cocktailbarservice.CocktailBarService$_11163#0
04-19 15:55:18.340  5232  8700 V WindowManager: Relayout hash=baba372, pid=11163: mAttrs={(0,1637)(67x362) gr=TOP RIGHT CENTER sim={adjust=nothing} layoutInDisplayCutoutMode=shortEdges ty=2226 fmt=TRANSPARENT
04-19 15:55:18.340  5232  8700 V WindowManager:   fl=81800548
04-19 15:55:18.340  5232  8700 V WindowManager:   pfl=2000050
04-19 15:55:18.340  5232  8700 V WindowManager:   vsysui=2000
04-19 15:55:18.340  5232  8700 V WindowManager:   apr=LIGHT_STATUS_BARS
04-19 15:55:18.340  5232  8700 V WindowManager:   bhv=SHOW_TRANSIENT_BARS_BY_SWIPE
04-19 15:55:18.340  5232  8700 V WindowManager:   fitTypes=NAVIGATION_BARS CAPTION_BAR dimAmount=0.0 dimDuration=0 naviIconColor=0
04-19 15:55:18.340  5232  8700 V WindowManager:   sfl=200000}
04-19 15:55:18.341 11163 11163 I ViewRootImpl@5e91ff6[CocktailBarService]: Relayout returned: old=(1013,1637,1080,1999) new=(1013,1637,1080,1999) req=(67,362)0 dur=4 res=0x6 s={true 536460369920} ch=true fn=-1
04-19 15:55:18.342 11163 11163 I ViewRootImpl@5e91ff6[CocktailBarService]: [DP] dp(1) 1 android.view.ViewRootImpl.reportNextDraw:11442 android.view.ViewRootImpl.performTraversals:4198 android.view.ViewRootImpl.doTraversal:2924
04-19 15:55:18.345 11163 11163 I ViewRootImpl@5e91ff6[CocktailBarService]: [DP] pdf(0) 1 android.view.ViewRootImpl.lambda$addFrameCompleteCallbackIfNeeded$3$ViewRootImpl:5000 android.view.ViewRootImpl$$ExternalSyntheticLambda16.run:6 android.os.Handler.handleCallback:938
04-19 15:55:18.346 11163 11163 I ViewRootImpl@5e91ff6[CocktailBarService]: [DP] rdf()
04-19 15:55:18.346 11163 11163 I TrayStateController: putInputRect mDynamicInputRegion=127722629@LastEvent=t=1681916118341Rect(0, 0 - 0, 0),Rect=Rect(25, 0 - 67, 362)
04-19 15:55:18.346 11163 11163 I DecorView: notifyKeepScreenOnChanged: keepScreenOn=false
04-19 15:55:18.346 11163 11163 I MSHandlerLifeCycle: isMultiSplitHandlerRequested: ignored. pkg=com.samsung.android.app.cocktailbarservice isActivity=false callers=com.android.internal.policy.DecorView.hasMultiSplitHandlerInNonFreeformMode:891 com.android.internal.policy.DecorView.notifyKeepScreenOnChanged:885 android.view.ViewRootImpl.applyKeepScreenOnFlag:2945 android.view.ViewRootImpl.setLayoutParams:2108 android.view.WindowManagerGlobal.updateViewLayout:537
04-19 15:55:18.348 11163 11163 I TrayStateTrigger: showTriggerView
04-19 15:55:18.353  4894  4894 E SurfaceFlinger: Attempt to update InputPolicyFlags without permission ACCESS_SURFACE_FLINGER
04-19 15:55:18.354  5232  5376 V WindowManager: Relayout Window{baba372 u0 com.samsung.android.app.cocktailbarservice/com.samsung.android.app.cocktailbarservice.CocktailBarService}: viewVisibility=0 req=67x362 d0
04-19 15:55:18.356  5232  5376 V WindowManager: Relayout hash=baba372, pid=11163: mAttrs={(0,1637)(67x362) gr=TOP RIGHT CENTER sim={adjust=nothing} layoutInDisplayCutoutMode=shortEdges ty=2226 fmt=TRANSPARENT
04-19 15:55:18.356  5232  5376 V WindowManager:   fl=81800548
04-19 15:55:18.356  5232  5376 V WindowManager:   pfl=2000050
04-19 15:55:18.356  5232  5376 V WindowManager:   vsysui=2000
04-19 15:55:18.356  5232  5376 V WindowManager:   apr=LIGHT_STATUS_BARS
04-19 15:55:18.356  5232  5376 V WindowManager:   bhv=SHOW_TRANSIENT_BARS_BY_SWIPE
04-19 15:55:18.356  5232  5376 V WindowManager:   fitTypes=NAVIGATION_BARS CAPTION_BAR dimAmount=0.0 dimDuration=0 naviIconColor=0
04-19 15:55:18.356  5232  5376 V WindowManager:   sfl=200000}
04-19 15:55:18.357 11163 11163 I ViewRootImpl@5e91ff6[CocktailBarService]: Relayout returned: old=(1013,1637,1080,1999) new=(1013,1637,1080,1999) req=(67,362)0 dur=4 res=0x0 s={true 536460369920} ch=false fn=2
04-19 15:55:18.358 11163 11163 I CocktailBarUiController: onCocktailBarStateChanged: flag=0x1 vis=1 bgType= showTimeout=-1 activate=true
04-19 15:55:18.360  4829  6308 I HYPER-HAL: [RequestManager.cpp]releaseLocked(): Released ID : 26721718
04-19 15:55:18.362  4894  4894 D SurfaceFlinger: Display 0 HWC layers:
04-19 15:55:18.362  4894  4894 D SurfaceFlinger:      DEVICE | 0x7d8143e540 | 0102 | RGBA_8888    |    0.0    0.0 1080.0 2340.0 |    0    0 1080 2340 | com.myapp.alist/com.myapp.alist.ui.MainActivity$_6061#0
04-19 15:55:18.362  4894  4894 D SurfaceFlinger:      DEVICE | 0x7d8143fe40 | 0100 | RGBA_8888    |    0.0    0.0 1080.0   78.0 |    0    0 1080   78 | StatusBar$_5576#0
04-19 15:55:18.362  4894  4894 D SurfaceFlinger:      DEVICE | 0x7da12c0880 | 0100 | RGBA_8888    |    0.0    0.0   67.0  362.0 | 1013 1637 1080 1999 | com.samsung.android.app.cocktailbars[...]rservice.CocktailBarService$_11163#0
04-19 15:55:18.362  4894  4894 D SurfaceFlinger:      DEVICE | 0x7d6cce4bc0 | 0100 | RGBA_8888    |    0.0    0.0 1080.0  126.0 |    0 2214 1080 2340 | NavigationBar0$_5576#0
04-19 15:55:18.362  4894  4894 D SurfaceFlinger:      DEVICE | 0x7da135d380 | 0140 | RGBA_8888    |    0.0    0.0 1080.0  151.0 |    0    0 1080  151 | ScreenDecorOverlay$_5576#0
04-19 15:55:18.362  4894  4894 D SurfaceFlinger:      DEVICE | 0x7da12bf700 | 0140 | RGBA_8888    |    0.0    0.0 1080.0  151.0 |    0 2189 1080 2340 | ScreenDecorOverlayBottom$_5576#0
04-19 15:55:18.362  4894  4894 D SurfaceFlinger:
04-19 15:55:18.367  6061  6061 D IdlingRegistry: Unregistering idling resources: [androidx.test.espresso.action.CloseKeyboardAction$CloseKeyboardIdlingResult@ac1dd81]
04-19 15:55:18.369  6061  6061 I ViewInteraction: Checking 'MatchesViewAssertion{viewMatcher=an instance of android.widget.TextView and view.getText() with or without transformation to match: is "Name 1"}' assertion on view view.getId() is <2131296492/com.myapp.alist:id/input1EditText>
04-19 15:55:18.369  4894  4894 E SurfaceFlinger: Attempt to update InputPolicyFlags without permission ACCESS_SURFACE_FLINGER
04-19 15:55:18.373  6061  6061 I ViewInteraction: Performing 'type text(Description 1)' action on view view.getId() is <2131296494/com.myapp.alist:id/input2EditText>
04-19 15:55:18.375  5232  5376 D InputDispatcher: Inject motion (6061): action=0x0, time=6878074000000, f=0x0, d=0
04-19 15:55:18.376  5232  5378 I InputDispatcher: Delivering touch to (5576): action: 0x4, f=0x0, d=0, 'ec1a749', t=0
04-19 15:55:18.376  5232  5378 I InputDispatcher: Delivering touch to (6061): action: 0x0, f=0x0, d=0, '1b7ed40', t=0
04-19 15:55:18.376  6061  6061 I ViewRootImpl@1d4edff[MainActivity]: ViewPostIme pointer 0
04-19 15:55:18.377  6061  6061 I MSHandlerLifeCycle: isMultiSplitHandlerRequested: windowingMode=1 isFullscreen=true isPopOver=false isHidden=false skipActivityType=false isHandlerType=true this: DecorView@15f230f[MainActivity]
04-19 15:55:18.378  5232  8700 I InputMethodManagerService: isInputMethodShown: isShown=false
04-19 15:55:18.378  5232  5255 I GestureDetector: obtain mCurrentDownEvent. id: -266185592 caller: com.android.server.wm.SystemGesturesPointerEventListener.onPointerEvent:179 com.android.server.wm.PointerEventDispatcher.onInputEvent:71 android.view.InputEventReceiver.dispatchInputEvent:259
04-19 15:55:18.378  5232  5255 I GestureDetector: obtain mCurrentDownEvent. id: -266185592 caller: com.android.server.wm.SystemPerformancePointerEventListener.onPointerEvent:89 com.android.server.wm.PointerEventDispatcher.onInputEvent:71 android.view.InputEventReceiver.dispatchInputEvent:259
04-19 15:55:18.415  5232  5376 D InputDispatcher: Inject motion (6061): action=0x1, time=6878114000000, f=0x0, d=0
04-19 15:55:18.415  5232  5378 I InputDispatcher: Delivering touch to (6061): action: 0x1, f=0x0, d=0, '1b7ed40', t=0
04-19 15:55:18.415  6061  6061 I ViewRootImpl@1d4edff[MainActivity]: ViewPostIme pointer 1
04-19 15:55:18.415  5232  5255 I GestureDetector: obtain mCurrentMotionEventRaw. action: 1 id: -575946148
04-19 15:55:18.415  6061  6061 I MSHandlerLifeCycle: isMultiSplitHandlerRequested: windowingMode=1 isFullscreen=true isPopOver=false isHidden=false skipActivityType=false isHandlerType=true this: DecorView@15f230f[MainActivity]
04-19 15:55:18.415  5232  5255 I GestureDetector: obtain mCurrentMotionEventRaw. action: 1 id: -575946148
04-19 15:55:18.419  6061  6061 D InputMethodManager: startInputInner - Id : 0
04-19 15:55:18.419  6061  6061 I InputMethodManager: startInputInner - mService.startInputOrWindowGainedFocus
04-19 15:55:18.420  5232  8700 D InputMethodManagerService: mDesktopModeManager null!
04-19 15:55:18.420  5232  8700 V InputMethodManagerService: getDisplayIdOfInputMethodWindowToBeAdded : 0
04-19 15:55:18.421  5232  8700 D InputMethodManagerService: checkDisplayOfStartInputAndUpdateKeyboard display Id 0last 0
04-19 15:55:18.421  5232  8700 D InputTransport: Input channel constructed: 'ClientS', fd=496
04-19 15:55:18.421  5232  8700 D InputTransport: Input channel destroyed: 'ClientS', fd=496
04-19 15:55:18.422  6061  6061 I IMM_LC  : showSoftInput(View,I)
04-19 15:55:18.422  7937  7937 I HBD     : HoneyBoardService onFinishInput
04-19 15:55:18.422  6061  6061 I IMM_LC  : ssi() - flag : 0 view : com.myapp.alist reason = SHOW_SOFT_INPUT
04-19 15:55:18.422  5232  7701 V InputMethodManagerService: Client requesting input be shown, flags : 0
04-19 15:55:18.422  5232  7701 D InputMethodManagerService: ACCESS_CONTROL_ENABLED = false, ACCESS_CONTROL_KEYBOARD_BLOCK = false
04-19 15:55:18.422  7937  7937 I HBD     : a IC have been unbinding,  InputConnectionWrapper{idHash=#18e730c mMissingMethods=}
04-19 15:55:18.422  7937  7937 I HBD     : HoneyBoardService [PF_CL][onFinishInput]  433000 ns
04-19 15:55:18.422  7937  7937 I HBD     : HoneyBoardService [IMI] onStartInput - caller pid : 6061 , caller uid : 10423
04-19 15:55:18.422  7937  7937 I HBD     : j updateConfigs
04-19 15:55:18.423  7937  7937 I HBD     : j isEnabledNightMode : false
04-19 15:55:18.423  7937  7937 I HBD     : a IC have been binding, InputConnectionWrapper{idHash=#5ca14eb mMissingMethods=}
04-19 15:55:18.423  7937  7937 W HBD     : b [EditorInputType] undefined Enter action code : 0x40000005
04-19 15:55:18.423  7937  7937 I HBD     : h [EditorInputType]setPrivateImeOptionsToTable privateImeOptions ( null )
04-19 15:55:18.423  7937  7937 I HBD     : b incognitoMode : false
04-19 15:55:18.423  7937  7937 W HBD     : b [EditorInputType] undefined Enter action code : 0x40000005
04-19 15:55:18.423  7937  7937 I HBD     : h getDefaultInputRange : UNKNOWN
04-19 15:55:18.423  7937  7937 I HBD     : h getDefaultInputRange : UNKNOWN
04-19 15:55:18.423  7937  7937 I HBD     : h getDefaultInputRange : UNKNOWN
04-19 15:55:18.425  6061  6061 D Editor  : waiting for the right moment
04-19 15:55:18.427  7937  7937 I HBD     : h getDefaultInputRange : UNKNOWN
04-19 15:55:18.427  7937  7937 I HBD     : a currentState : 0
04-19 15:55:18.428  7937  7937 I HBD     : h load selected json path : /data/user/0/com.samsung.android.honeyboard/files/selected.json
04-19 15:55:18.428  7937  7937 I HBD     : h load selected json info : {"version":"1.0","currentLanguageOrder":0,"selected":[{"activeOptionList":["auto_spacing","writing_assistant"],"engName":"English","id":65538,"inputType":"qwerty","isUsed":true}]}
04-19 15:55:18.429  7937  7937 I HBD     : a [UpdatePolicy] [post] a: 0 cl: 65538 kit: [0/0] vt: 0 ir: 1
04-19 15:55:18.429  7937  7937 I HBD     : HoneyBoardService [PF_OP][onStartInput]  6700231 ns
04-19 15:55:18.430  7937  7937 I InputMethod: showSoftInput(), flags : 1
04-19 15:55:18.430  5232  5376 I InputMethodManagerService: isAccessoryKeyboard 0
04-19 15:55:18.430  7937  7937 I HBD     : HoneyBoardService onEvaluateInputViewShown: true
04-19 15:55:18.431  7937  7937 I DecorView: notifyKeepScreenOnChanged: keepScreenOn=false
04-19 15:55:18.431  7937  7937 I MSHandlerLifeCycle: isMultiSplitHandlerRequested: ignored. pkg=com.samsung.android.honeyboard isActivity=false callers=com.android.internal.policy.DecorView.hasMultiSplitHandlerInNonFreeformMode:891 com.android.internal.policy.DecorView.notifyKeepScreenOnChanged:885 android.view.ViewRootImpl.applyKeepScreenOnFlag:2945 android.view.ViewRootImpl.setLayoutParams:2108 android.view.WindowManagerGlobal.updateViewLayout:537
04-19 15:55:18.431  5232  5376 I InputMethodManagerService: isAccessoryKeyboard 0
04-19 15:55:18.431  7937  7937 I HBD     : HoneyBoardService onEvaluateInputViewShown: true
04-19 15:55:18.432  7937  7937 I HBD     : HoneyBoardService onStartInputView : restarting = false, client = com.myapp.alist
04-19 15:55:18.432  7937  8568 I SemDvfsHyPerManager: acquire hyper - SKBD_RE_ENTER_SHOW/7937@1, type = -999
04-19 15:55:18.432  7937  7937 W HBD     : b [EditorInputType] undefined Enter action code : 0x40000005
04-19 15:55:18.432  7937  7937 I HBD     : h [EditorInputType]setPrivateImeOptionsToTable privateImeOptions ( null )
04-19 15:55:18.432  7937  7937 I HBD     : b incognitoMode : false
04-19 15:55:18.432  7937  7937 W HBD     : b [EditorInputType] undefined Enter action code : 0x40000005
04-19 15:55:18.432  7937  7937 I HBD     : h getDefaultInputRange : UNKNOWN
04-19 15:55:18.432  7937  7937 I HBD     : h getDefaultInputRange : UNKNOWN
04-19 15:55:18.432  7937  7937 I HBD     : h getDefaultInputRange : UNKNOWN
04-19 15:55:18.432  7937  7937 I HBD     : HoneyBoardService onStartInputViewInternal: inputType=0x20001, imeOptions=0x4c000005, initialSelStart=0, initialSelEnd=0
04-19 15:55:18.432  7937  7937 I HBD     : f applyThemesPolicy
04-19 15:55:18.432  7937  7937 I HBD     : e mUsedOpenTheme = false IsRequiredDarkTypeTheme = false night mode : false mIsEnabledHighContrast = false mIsOpenThemeForHoneyBoardInstalled = false mIsWallpaperThemeInstalled = false mIsThemeParkTheme = false
04-19 15:55:18.432  7937  7937 I HBD     : f ThemeIndex By PolicyInternal theme index :  285212672 Light
04-19 15:55:18.433  7937  7937 I HBD     : f update KeyboardTheme themeIndex : 0x 11000000  theme :  Light
04-19 15:55:18.433  7937  7937 I HBD     : a set Theme convertedIndex : 2
04-19 15:55:18.433  7937  7937 I HBD     : a themeStyleSet :2
04-19 15:55:18.433  7937  7937 I HBD     : a updatePredictionStatus : 1, editorOpt
04-19 15:55:18.433  7937  7937 I HBD     : a updateForEditorClass isPredictionOn = true
04-19 15:55:18.433  4829  4883 I HYPER-HAL: [RequestManager.cpp]acquire(): Acquired ID : 31509892  [7937 / 1]    HINT : KBD_APP_RE_ENTER_VIEW    list : [TIMEOUT / 400]
04-19 15:55:18.436  4894  4894 E SurfaceFlinger: Attempt to update InputPolicyFlags without permission ACCESS_SURFACE_FLINGER
04-19 15:55:18.438  7937  7937 I HBD     : al EBD ssu f 1
04-19 15:55:18.439  7937  7937 I HBD     : a [UpdatePolicy] [post] a: 1 cl: 65538 kit: [0/0] vt: 0 ir: 1
04-19 15:55:18.440  5232  5376 D SecContentProvider: query(), uri = 17 selection = isSettingsChangesAllowed
04-19 15:55:18.441  7937  7937 I HBD     : a [SKE_TAM] Changed false
04-19 15:55:18.441  5232  5376 D SecContentProvider: query(), uri = 17 selection = isSettingsChangesAllowed
04-19 15:55:18.441  7937  7937 I HBD     : a refresh(), mParameterMode,  0
04-19 15:55:18.442  7937  8511 I HBD     : m updated Sub Types. English
04-19 15:55:18.442  7937  7937 I HBD     : ::BnR:: d HONEY_SUPPORT_DATA_MIGRATION_FROM_SKBD : true, isMigrateNotNeeded : true, isFinishMigPreferences : false, isPasswordInputType : falseisUserUnlocked : true
04-19 15:55:18.442  7937  7937 I HBD     : b updateMultiTapTimeValue
04-19 15:55:18.443  7937  7937 I HBD     : b getMultiTapTimeoutValue
04-19 15:55:18.443  7937  7937 I HBD     : b getSingleVowelMultiTapTimeoutValue
04-19 15:55:18.443  7937  6438 I HBD     : a InputMethodSubtype is set as local:en_GB
04-19 15:55:18.444  7937  7937 I HBD     : a onBind
04-19 15:55:18.444  7937  6441 I HBD     : bd requestCursorUpdates returned  true ,  1
04-19 15:55:18.444  7937  7937 I HBD     : b updateConfig: [LanguageItem] English / [KeyboardViewTypeItem] 0 / [KeyboardInputTypeItem] mainType(0), subType(0) / [CurrentLanguageInputTypeItem] mainType(0), subType(0) / [KeyboardInputRangeItem] 1 / [HandwritingModeItem] false / [SelectedLanguageItem] 1 / [LocaleItem] en-GB / [TextOrNullInputClassItem] true / [DateInputTypeItem] false / [DateTimeInputTypeItem] false /
04-19 15:55:18.444  7937  7937 I HBD     : b updateConfig: [DecimalNumberInputTypeItem] false / [NumberOnlyInputTypeItem] false / [NumberPasswordInputTypeItem] false / [PhoneNumberInputClassItem] false / [SignedDecimalNumberInputTypeItem] false / [SignedNumberInputTypeItem] false / [EmailInputTypeItem] false / [UrlInputTypeItem] false / [UrlEmailModeItem] false / [PasswordInputTypeItem] false / [WebPasswordEditorItem] false /
04-19 15:55:18.444  7937  7937 I HBD     : b updateConfig: [NumberInputClassItem] false / [DateTimeInputClassItem] false / [DigitEditorItem] false / [MonthInputTypeItem] false / [YearDateTimeInputTypeItem] false / [IPAddressInputTypeItem] false / [FileNameInputTypeItem] false / [CustomSymbolsForPeriodKeyItem] false / [OptionInputTypeItem] false / [DisableHanjaInputItem] false / [DisableCmKeyInputItem] false /
