04-19 15:55:12.583  5232  5376 D InputDispatcher: Inject motion (6061): action=0x1, time=6872281000000, f=0x0, d=0
04-19 15:55:12.583  5232  5378 I InputDispatcher: Delivering touch to (6061): action: 0x1, f=0x0, d=0, 'e615793', t=0
04-19 15:55:12.584  6061  6061 I ViewRootImpl@79cdf24[MainActivity]: ViewPostIme pointer 1
04-19 15:55:12.584  6061  6061 I MSHandlerLifeCycle: isMultiSplitHandlerRequested: windowingMode=1 isFullscreen=true isPopOver=false isHidden=false skipActivityType=false isHandlerType=true this: DecorView@e4c4401[MainActivity]
04-19 15:55:12.584  5232  5255 I GestureDetector: obtain mCurrentMotionEventRaw. action: 1 id: -818192346
04-19 15:55:12.585  5232  5255 I GestureDetector: obtain mCurrentMotionEventRaw. action: 1 id: -818192346
04-19 15:55:12.594  6061  6061 D InputMethodManager: startInputInner - Id : 0
04-19 15:55:12.594  6061  6061 I InputMethodManager: startInputInner - mService.startInputOrWindowGainedFocus
04-19 15:55:12.597  5232  7701 D InputMethodManagerService: mDesktopModeManager null!
04-19 15:55:12.597  5232  7701 V InputMethodManagerService: getDisplayIdOfInputMethodWindowToBeAdded : 0
04-19 15:55:12.598  5232  7701 D InputMethodManagerService: checkDisplayOfStartInputAndUpdateKeyboard display Id 0last 0
04-19 15:55:12.598  5232  7701 D InputTransport: Input channel constructed: 'ClientS', fd=810
04-19 15:55:12.598  5232  7701 D InputTransport: Input channel destroyed: 'ClientS', fd=810
04-19 15:55:12.599  7937  7937 I HBD     : HoneyBoardService onFinishInput
04-19 15:55:12.600  7937  7937 I HBD     : a IC have been unbinding,  InputConnectionWrapper{idHash=#98f3760 mMissingMethods=}
04-19 15:55:12.600  6061  6061 I IMM_LC  : showSoftInput(View,I)
04-19 15:55:12.600  7937  7937 I HBD     : HoneyBoardService [PF_CL][onFinishInput]  730962 ns
04-19 15:55:12.600  6061  6061 I IMM_LC  : ssi() - flag : 0 view : com.myapp.alist reason = SHOW_SOFT_INPUT
04-19 15:55:12.600  7937  7937 I HBD     : HoneyBoardService [IMI] onStartInput - caller pid : 6061 , caller uid : 10423
04-19 15:55:12.600  7937  7937 I HBD     : j updateConfigs
04-19 15:55:12.600  7937  7937 I HBD     : j isEnabledNightMode : false
04-19 15:55:12.600  5232  7403 V InputMethodManagerService: Client requesting input be shown, flags : 0
04-19 15:55:12.601  5232  7403 D InputMethodManagerService: ACCESS_CONTROL_ENABLED = false, ACCESS_CONTROL_KEYBOARD_BLOCK = false
04-19 15:55:12.601  7937  7937 I HBD     : a IC have been binding, InputConnectionWrapper{idHash=#6bf7077 mMissingMethods=}
04-19 15:55:12.601  7937  7937 W HBD     : b [EditorInputType] undefined Enter action code : 0x40000006
04-19 15:55:12.601  7937  7937 I HBD     : h [EditorInputType]setPrivateImeOptionsToTable privateImeOptions ( null )
04-19 15:55:12.602  7937  7937 I HBD     : b incognitoMode : false
04-19 15:55:12.602  7937  7937 W HBD     : b [EditorInputType] undefined Enter action code : 0x40000006
04-19 15:55:12.602  7937  7937 I HBD     : h getDefaultInputRange : UNKNOWN
04-19 15:55:12.602  7937  7937 I HBD     : h getDefaultInputRange : UNKNOWN
04-19 15:55:12.602  7937  7937 I HBD     : h getDefaultInputRange : UNKNOWN
04-19 15:55:12.605  7937  7937 I HBD     : h getDefaultInputRange : UNKNOWN
04-19 15:55:12.605  7937  7937 I HBD     : a currentState : 0
04-19 15:55:12.606  6061  6061 D Editor  : waiting for the right moment
04-19 15:55:12.607  7937  7937 I HBD     : h load selected json path : /data/user/0/com.samsung.android.honeyboard/files/selected.json
04-19 15:55:12.607  7937  7937 I HBD     : h load selected json info : {"version":"1.0","currentLanguageOrder":0,"selected":[{"activeOptionList":["auto_spacing","writing_assistant"],"engName":"English","id":65538,"inputType":"qwerty","isUsed":true}]}
04-19 15:55:12.607  7937  7937 I HBD     : a [UpdatePolicy] [post] a: 0 cl: 65538 kit: [0/0] vt: 0 ir: 1
04-19 15:55:12.608  7937  7937 I HBD     : HoneyBoardService [PF_OP][onStartInput]  8052077 ns
04-19 15:55:12.609  7937  7937 I InputMethod: showSoftInput(), flags : 1
04-19 15:55:12.609  5232  7701 I InputMethodManagerService: isAccessoryKeyboard 0
04-19 15:55:12.610  7937  7937 I HBD     : HoneyBoardService onEvaluateInputViewShown: true
04-19 15:55:12.612  7937  7937 I DecorView: notifyKeepScreenOnChanged: keepScreenOn=false
04-19 15:55:12.613  7937  7937 I MSHandlerLifeCycle: isMultiSplitHandlerRequested: ignored. pkg=com.samsung.android.honeyboard isActivity=false callers=com.android.internal.policy.DecorView.hasMultiSplitHandlerInNonFreeformMode:891 com.android.internal.policy.DecorView.notifyKeepScreenOnChanged:885 android.view.ViewRootImpl.applyKeepScreenOnFlag:2945 android.view.ViewRootImpl.setLayoutParams:2108 android.view.WindowManagerGlobal.updateViewLayout:537
04-19 15:55:12.613  5232  7701 I InputMethodManagerService: isAccessoryKeyboard 0
04-19 15:55:12.614  7937  7937 I HBD     : HoneyBoardService onEvaluateInputViewShown: true
04-19 15:55:12.614  7937  7937 I HBD     : HoneyBoardService onStartInputView : restarting = false, client = com.myapp.alist
04-19 15:55:12.615  7937  7937 W HBD     : b [EditorInputType] undefined Enter action code : 0x40000006
04-19 15:55:12.615  7937  7937 I HBD     : h [EditorInputType]setPrivateImeOptionsToTable privateImeOptions ( null )
04-19 15:55:12.615  7937  7937 I HBD     : b incognitoMode : false
04-19 15:55:12.615  7937  7937 W HBD     : b [EditorInputType] undefined Enter action code : 0x40000006
04-19 15:55:12.615  7937  8568 I SemDvfsHyPerManager: acquire hyper - SKBD_RE_ENTER_SHOW/7937@1, type = -999
04-19 15:55:12.615  7937  7937 I HBD     : h getDefaultInputRange : UNKNOWN
04-19 15:55:12.616  7937  7937 I HBD     : h getDefaultInputRange : UNKNOWN
04-19 15:55:12.616  7937  7937 I HBD     : h getDefaultInputRange : UNKNOWN
04-19 15:55:12.616  7937  7937 I HBD     : HoneyBoardService onStartInputViewInternal: inputType=0x20001, imeOptions=0x44000006, initialSelStart=0, initialSelEnd=0
04-19 15:55:12.616  7937  7937 I HBD     : f applyThemesPolicy
04-19 15:55:12.616  4829  4883 I HYPER-HAL: [RequestManager.cpp]acquire(): Acquired ID : 31509892  [7937 / 1]    HINT : KBD_APP_RE_ENTER_VIEW    list : [TIMEOUT / 400]
04-19 15:55:12.617  7937  7937 I HBD     : e mUsedOpenTheme = false IsRequiredDarkTypeTheme = false night mode : false mIsEnabledHighContrast = false mIsOpenThemeForHoneyBoardInstalled = false mIsWallpaperThemeInstalled = false mIsThemeParkTheme = false
04-19 15:55:12.617  7937  7937 I HBD     : f ThemeIndex By PolicyInternal theme index :  285212672 Light
04-19 15:55:12.617  7937  7937 I HBD     : f update KeyboardTheme themeIndex : 0x 11000000  theme :  Light
04-19 15:55:12.617  7937  7937 I HBD     : a set Theme convertedIndex : 2
04-19 15:55:12.617  7937  7937 I HBD     : a themeStyleSet :2
04-19 15:55:12.618  7937  7937 I HBD     : a updatePredictionStatus : 1, editorOpt
04-19 15:55:12.618  7937  7937 I HBD     : a updateForEditorClass isPredictionOn = true
04-19 15:55:12.623  4894  4894 E SurfaceFlinger: Attempt to update InputPolicyFlags without permission ACCESS_SURFACE_FLINGER
04-19 15:55:12.629  7937  7937 I HBD     : al EBD ssu f 1
04-19 15:55:12.631  7937  7937 I HBD     : a [UpdatePolicy] [post] a: 1 cl: 65538 kit: [0/0] vt: 0 ir: 1
04-19 15:55:12.631  5232  7701 D SecContentProvider: query(), uri = 17 selection = isSettingsChangesAllowed
04-19 15:55:12.633  5232  7701 D SecContentProvider: query(), uri = 17 selection = isSettingsChangesAllowed
04-19 15:55:12.634  7937  8511 I HBD     : m updated Sub Types. English
04-19 15:55:12.635  7937  6257 I HBD     : a InputMethodSubtype is set as local:en_GB
04-19 15:55:12.635  7937  7937 I HBD     : a [SKE_TAM] Changed false
04-19 15:55:12.636  7937  7937 I HBD     : a refresh(), mParameterMode,  0
04-19 15:55:12.636  7937  7937 I HBD     : ::BnR:: d HONEY_SUPPORT_DATA_MIGRATION_FROM_SKBD : true, isMigrateNotNeeded : true, isFinishMigPreferences : false, isPasswordInputType : falseisUserUnlocked : true
04-19 15:55:12.637  7937  7937 I HBD     : b updateMultiTapTimeValue
04-19 15:55:12.637  7937  7937 I HBD     : b getMultiTapTimeoutValue
04-19 15:55:12.637  7937  7937 I HBD     : b getSingleVowelMultiTapTimeoutValue
04-19 15:55:12.638  7937  7937 I HBD     : a onBind
04-19 15:55:12.638  7937  7937 I HBD     : b [EditorEnterActionItem] updateConfig: 0x40000005 to 0x40000006
04-19 15:55:12.638  7937  7937 I HBD     : b updateConfig: [LanguageItem] English / [KeyboardViewTypeItem] 0 / [KeyboardInputTypeItem] mainType(0), subType(0) / [CurrentLanguageInputTypeItem] mainType(0), subType(0) / [KeyboardInputRangeItem] 1 / [HandwritingModeItem] false / [SelectedLanguageItem] 1 / [LocaleItem] en-GB / [TextOrNullInputClassItem] true / [DateInputTypeItem] false / [DateTimeInputTypeItem] false /
04-19 15:55:12.638  7937  6259 I HBD     : bd requestCursorUpdates returned  true ,  1
04-19 15:55:12.638  7937  7937 I HBD     : b updateConfig: [DecimalNumberInputTypeItem] false / [NumberOnlyInputTypeItem] false / [NumberPasswordInputTypeItem] false / [PhoneNumberInputClassItem] false / [SignedDecimalNumberInputTypeItem] false / [SignedNumberInputTypeItem] false / [EmailInputTypeItem] false / [UrlInputTypeItem] false / [UrlEmailModeItem] false / [PasswordInputTypeItem] false / [WebPasswordEditorItem] false /
04-19 15:55:12.638  7937  7937 I HBD     : b updateConfig: [NumberInputClassItem] false / [DateTimeInputClassItem] false / [DigitEditorItem] false / [MonthInputTypeItem] false / [YearDateTimeInputTypeItem] false / [IPAddressInputTypeItem] false / [FileNameInputTypeItem] false / [CustomSymbolsForPeriodKeyItem] false / [OptionInputTypeItem] false / [DisableHanjaInputItem] false / [DisableCmKeyInputItem] false /
04-19 15:55:12.638  7937  7937 I HBD     : b updateConfig: [DisableCommaKeyInputItem] false / [DisableLanguageChangeKeyItem] false / [DisableSpaceKeyItem] false / [NumberPickerInputItem] false / [TimeInputTypeItem] false / [NumberKeyFirstLineItem] true / [AlternativeCharacterItem] false / [SimpleRowStyleItem] false / [HighContrastItem] false / [TouchAndHoldSpaceBarTypeItem] cursor_control / [UseContinuousInputItem] false /
04-19 15:55:12.638  7937  7937 I HBD     : b updateConfig: [UseToolBarItem] true / [OrientationItem] false / [DensityItem] 2.625 / [DisplayWidthItem] 0x1080 / [DisplayHeightItem] 0x2131 / [MainTextLabelItem] 1 / [LanguageSwitchingUsingSpaceBarItem] true / [LanguageSwitchingUsingKeyItem] false / [TransliterationTypingModeItem] false / [CoverDisplayModeItem] false / [TalkBackEnabledItem] false /
04-19 15:55:12.639  7937  7937 I HBD     : b updateConfig: [Japanese8FlickCustomisationItem] false / [VoiceEnabledItem] true / [SamsungVoiceImeItem] false / [PredictionStatusItem] true /
04-19 15:55:12.639  7937  7937 I HBD     : b updateKeyboardViewHolder: INVALIDATE
04-19 15:55:12.641  7937  7937 I HBD     : c [BoardScrapManager] sendBoardScrap
04-19 15:55:12.641  7937  7937 I HBD     : ci updateChangedBoard - [LC:false][TC:false][RC:false][RB:false]
04-19 15:55:12.641  7937  7937 I HBD     : d updateCurrentEngine,  65538 ,  SWIFTKEY
04-19 15:55:12.641  7937  7937 I HBD     : a [SKE_TAM] Changed false
04-19 15:55:12.641  7937  7937 I HBD     : a [SKE_TAM] custom = false , useEngine = true
04-19 15:55:12.641  7937  7937 I HBD     : a [SKE_TAM] Changed false
04-19 15:55:12.642  7937  7937 I HBD     : a refresh(), mParameterMode,  0
04-19 15:55:12.643  7937  7937 I HBD     : a [PF_EN] updateChangedBoard() 2
04-19 15:55:12.644  5232  7701 D SecContentProvider: query(), uri = 15 selection = isClipboardShareAllowedAsUser
04-19 15:55:12.651  7937  7937 I HBD     : HoneyBoardService [PF_OP][onStartInputView]  37 ms
04-19 15:55:12.652  5232  7701 D InputMethodManagerServicePhysicalKey: isConnectedDexOnPC false
04-19 15:55:12.652  5232  7701 D InputMethodManagerService: isImeSwitcherDisabledPackage : false
04-19 15:55:12.652  5232  7701 I InputMethodManagerService: setImeWindowStatus: vis=3, backDisposition=0
04-19 15:55:12.653 11163 11163 I CocktailBarUiController: onReceive: action=ResponseAxT9Info isVisibleWindow=1
04-19 15:55:12.653  7937  7937 I HBD     : HoneyBoardService onWindowShown
04-19 15:55:12.654  5232  7701 D SecContentProvider: query(), uri = 15 selection = isClipboardShareAllowedAsUser
04-19 15:55:12.656  7937  7937 I HBD     : HoneyBoardService [PF_OP][onWindowShown]  2795231 ns
04-19 15:55:12.657  7937  7937 I MSHandlerLifeCycle: isMultiSplitHandlerRequested: ignored. pkg=com.samsung.android.honeyboard isActivity=false callers=com.android.internal.policy.DecorView.setVisibility:4295 android.app.Dialog.show:445 android.inputmethodservice.SoftInputWindow.show:302 android.inputmethodservice.InputMethodService.showWindow:2823 android.inputmethodservice.InputMethodService$InputMethodImpl.showSoftInput:963
04-19 15:55:12.657  7937  7937 I MSHandlerLifeCycle: removeMultiSplitHandler: no exist. decor=DecorView@79cf902[InputMethod]
04-19 15:55:12.657  7937  7937 I HBD     : HoneyBoardService onViewClicked
04-19 15:55:12.659  5232  7701 D InputMethodManagerServicePhysicalKey: isConnectedDexOnPC false
04-19 15:55:12.660  5232  7701 D InputMethodManagerService: isImeSwitcherDisabledPackage : false
04-19 15:55:12.660  5232  7701 I InputMethodManagerService: setImeWindowStatus: vis=3, backDisposition=0
04-19 15:55:12.660  7937  7937 I HBD     : HoneyBoardService [PF_OP][onViewClicked]  224038 ns
04-19 15:55:12.674  4894  4894 E SurfaceFlinger: Attempt to update InputPolicyFlags without permission ACCESS_SURFACE_FLINGER
04-19 15:55:12.683  5232  7701 V WindowManager: Relayout Window{877f4ea u0 InputMethod}: viewVisibility=0 req=1080x2257 d0
04-19 15:55:12.683  4894  6600 I SurfaceFlinger: id=4067 createSurf (1080x2257),-3 flag=40004, InputMethod$_7937#0
04-19 15:55:12.687  5232  7701 V WindowManager: Relayout hash=877f4ea, pid=7937: mAttrs={(0,0)(fillxfill) gr=BOTTOM CENTER_VERTICAL sim={adjust=pan} ty=INPUT_METHOD fmt=TRANSPARENT wanim=0x7f130170 preferredMinDisplayRefreshRate=60.0 receive insets ignoring z-order
04-19 15:55:12.687  5232  7701 V WindowManager:   fl=81800108
04-19 15:55:12.687  5232  7701 V WindowManager:   pfl=12000000
04-19 15:55:12.687  5232  7701 V WindowManager:   vsysui=10
04-19 15:55:12.687  5232  7701 V WindowManager:   apr=LIGHT_NAVIGATION_BARS
04-19 15:55:12.687  5232  7701 V WindowManager:   bhv=DEFAULT
04-19 15:55:12.687  5232  7701 V WindowManager:   fitTypes=STATUS_BARS NAVIGATION_BARS
04-19 15:55:12.687  5232  7701 V WindowManager:   fitSides=LEFT TOP RIGHT
04-19 15:55:12.687  5232  7701 V WindowManager:   fitIgnoreVis dimDuration=150 naviIconColor=0}
04-19 15:55:12.688  7937  7937 I ViewRootImpl@ec5d19[InputMethod]: Relayout returned: old=(0,83,1080,2340) new=(0,83,1080,2340) req=(1080,2257)0 dur=5 res=0x7 s={true 538122883072} ch=true fn=-1
04-19 15:55:12.689  7937  7937 I ViewRootImpl@ec5d19[InputMethod]: [DP] dp(1) 1 android.view.ViewRootImpl.reportNextDraw:11442 android.view.ViewRootImpl.performTraversals:4198 android.view.ViewRootImpl.doTraversal:2924
04-19 15:55:12.701  7937  7937 I ViewRootImpl@ec5d19[InputMethod]: [DP] pdf(0) 1 android.view.ViewRootImpl.lambda$addFrameCompleteCallbackIfNeeded$3$ViewRootImpl:5000 android.view.ViewRootImpl$$ExternalSyntheticLambda16.run:6 android.os.Handler.handleCallback:938
04-19 15:55:12.701  7937  7937 I ViewRootImpl@ec5d19[InputMethod]: [DP] rdf()
04-19 15:55:12.705  6061  6061 D InsetsController: show(ime(), fromIme=true)
04-19 15:55:12.706  6061  6061 D InsetsSourceConsumer: setRequestedVisible: visible=true, type=19, host=com.myapp.alist/com.myapp.alist.ui.MainActivity, from=android.view.InsetsSourceConsumer.show:246 android.view.InsetsController.showDirectly:1489 android.view.InsetsController.controlAnimationUnchecked:1137 android.view.InsetsController.applyAnimation:1456 android.view.InsetsController.applyAnimation:1437 android.view.InsetsController.show:976 android.view.ViewRootImpl$ViewRootHandler.handleMessageImpl:6483 android.view.ViewRootImpl$ViewRootHandler.handleMessage:6408 android.os.Handler.dispatchMessage:106 androidx.test.espresso.base.Interrogator.loopAndInterrogate:14
04-19 15:55:12.708  5232  8700 V WindowManager: Relayout Window{5338360 u0 ScreenDecorOverlay}: viewVisibility=0 req=1079x151 d0
04-19 15:55:12.711  5232  8700 V WindowManager: Relayout hash=5338360, pid=5576: mAttrs={(0,0)(fillxwrap) gr=TOP CENTER_VERTICAL sim={adjust=pan} layoutInDisplayCutoutMode=always ty=NAVIGATION_BAR_PANEL fmt=TRANSLUCENT
04-19 15:55:12.711  5232  8700 V WindowManager:   fl=20800128
04-19 15:55:12.711  5232  8700 V WindowManager:   pfl=13100050
04-19 15:55:12.711  5232  8700 V WindowManager:   vsysui=100
04-19 15:55:12.711  5232  8700 V WindowManager:   bhv=DEFAULT naviIconColor=0}
04-19 15:55:12.712  5576  6511 I ViewRootImpl@cb0095a[ScreenDecorOverlay]: Relayout returned: old=(0,0,1080,151) new=(0,0,1080,151) req=(1079,151)0 dur=4 res=0x1 s={true 535593418752} ch=false fn=112
04-19 15:55:12.713  7937  9396 I HBD     : b [SKE_KPM] load kpm : /data/user/0/com.samsung.android.honeyboard/app_KeyPressModel/model_0_0_-667254808.im
04-19 15:55:12.714  7937  8511 E HBD     : g activeNetwork is null
04-19 15:55:12.715  7937  8507 E IceCone : g isNetworkDisconnected net=null, getNetworkCapabilities.hasCapability() is false or null
04-19 15:55:12.717  7937  7937 I HBD     : al EBD si t 0
04-19 15:55:12.720  5576  5576 D PipMotionHelper: animateToOffset: originalBounds=Rect(533, 1020 - 1038, 1304) offset=-126 callers=
04-19 15:55:12.720  5576  5576 D PipMotionHelper:     com.android.wm.shell.pip.phone.PipTouchHandler.onMovementBoundsChanged:482
04-19 15:55:12.720  5576  5576 D PipMotionHelper:     com.android.wm.shell.pip.phone.PipController.updateMovementBounds:715
04-19 15:55:12.720  5576  5576 D PipMotionHelper:     com.android.wm.shell.pip.phone.PipController.access$600:99
04-19 15:55:12.720  5576  5576 D PipMotionHelper:     com.android.wm.shell.pip.phone.PipController$PipControllerPinnedTaskListener.onMovementBoundsChanged:238
04-19 15:55:12.720  5576  5576 D PipMotionHelper:     com.android.wm.shell.pip.PinnedStackListenerForwarder.onMovementBoundsChanged:65
04-19 15:55:12.724  4894  4894 I Layer   : id=4065 removeFromCurrentState Surface(name=ec1a749 NavigationBar0)/@0xfb3ebf7 - animation-leash of insets_animation#0 (102)
04-19 15:55:12.724  6163  6201 W ejqa    : [{0}] Failed to resolve name. status={1}
04-19 15:55:12.730  5232  7403 V WindowManager: Relayout Window{5338360 u0 ScreenDecorOverlay}: viewVisibility=0 req=1079x151 d0
04-19 15:55:12.732  4894  4894 I SurfaceFlinger: Setting desired display mode specs: default mode ID: 0, allowGroupSwitching = 0, primary range: [60.00fps 120.00fps], app request range: [60.00fps 120.00fps]
04-19 15:55:12.733  5232  7403 V WindowManager: Relayout hash=5338360, pid=5576: mAttrs={(0,0)(fillxwrap) gr=TOP CENTER_VERTICAL sim={adjust=pan} layoutInDisplayCutoutMode=always ty=NAVIGATION_BAR_PANEL fmt=TRANSLUCENT
04-19 15:55:12.733  5232  7403 V WindowManager:   fl=20800128
04-19 15:55:12.733  5232  7403 V WindowManager:   pfl=13100050
04-19 15:55:12.733  5232  7403 V WindowManager:   vsysui=100
04-19 15:55:12.733  5232  7403 V WindowManager:   bhv=DEFAULT naviIconColor=0}
04-19 15:55:12.733  5576  6511 I ViewRootImpl@cb0095a[ScreenDecorOverlay]: Relayout returned: old=(0,0,1080,151) new=(0,0,1080,151) req=(1079,151)0 dur=9 res=0x1 s={true 535593418752} ch=false fn=112
04-19 15:55:12.735  5232  7403 V WindowManager: Relayout Window{4822353 u0 ScreenDecorOverlayBottom}: viewVisibility=0 req=1079x151 d0
04-19 15:55:12.737  5232  7403 V WindowManager: Relayout hash=4822353, pid=5576: mAttrs={(0,0)(fillxwrap) gr=BOTTOM CENTER_VERTICAL sim={adjust=pan} layoutInDisplayCutoutMode=always ty=NAVIGATION_BAR_PANEL fmt=TRANSLUCENT
04-19 15:55:12.737  5232  7403 V WindowManager:   fl=20800128
04-19 15:55:12.737  5232  7403 V WindowManager:   pfl=13100050
04-19 15:55:12.737  5232  7403 V WindowManager:   vsysui=100
04-19 15:55:12.737  5232  7403 V WindowManager:   bhv=DEFAULT naviIconColor=0}
04-19 15:55:12.738  5576  6511 I ViewRootImpl@60d6efe[ScreenDecorOverlayBottom]: Relayout returned: old=(0,2189,1080,2340) new=(0,2189,1080,2340) req=(1079,151)0 dur=3 res=0x1 s={true 535593426944} ch=false fn=108
04-19 15:55:12.742  5232  7403 V WindowManager: Relayout Window{4822353 u0 ScreenDecorOverlayBottom}: viewVisibility=0 req=1079x151 d0
04-19 15:55:12.745  5232  7403 V WindowManager: Relayout hash=4822353, pid=5576: mAttrs={(0,0)(fillxwrap) gr=BOTTOM CENTER_VERTICAL sim={adjust=pan} layoutInDisplayCutoutMode=always ty=NAVIGATION_BAR_PANEL fmt=TRANSLUCENT
04-19 15:55:12.745  5232  7403 V WindowManager:   fl=20800128
04-19 15:55:12.745  5232  7403 V WindowManager:   pfl=13100050
04-19 15:55:12.745  5232  7403 V WindowManager:   vsysui=100
04-19 15:55:12.745  5232  7403 V WindowManager:   bhv=DEFAULT naviIconColor=0}
04-19 15:55:12.745  5576  6511 I ViewRootImpl@60d6efe[ScreenDecorOverlayBottom]: Relayout returned: old=(0,2189,1080,2340) new=(0,2189,1080,2340) req=(1079,151)0 dur=3 res=0x1 s={true 535593426944} ch=false fn=108
04-19 15:55:12.750  5232  7403 V WindowManager: Relayout Window{5338360 u0 ScreenDecorOverlay}: viewVisibility=0 req=1079x151 d0
04-19 15:55:12.753  5232  7403 V WindowManager: Relayout hash=5338360, pid=5576: mAttrs={(0,0)(fillxwrap) gr=TOP CENTER_VERTICAL sim={adjust=pan} layoutInDisplayCutoutMode=always ty=NAVIGATION_BAR_PANEL fmt=TRANSLUCENT
04-19 15:55:12.753  5232  7403 V WindowManager:   fl=20800128
04-19 15:55:12.753  5232  7403 V WindowManager:   pfl=13100050
04-19 15:55:12.753  5232  7403 V WindowManager:   vsysui=100
04-19 15:55:12.753  5232  7403 V WindowManager:   bhv=DEFAULT naviIconColor=0}
04-19 15:55:12.754  5576  6511 I ViewRootImpl@cb0095a[ScreenDecorOverlay]: Relayout returned: old=(0,0,1080,151) new=(0,0,1080,151) req=(1079,151)0 dur=5 res=0x1 s={true 535593418752} ch=false fn=112
04-19 15:55:12.758  5232  7403 V WindowManager: Relayout Window{4822353 u0 ScreenDecorOverlayBottom}: viewVisibility=0 req=1079x151 d0
04-19 15:55:12.761  5232  7403 V WindowManager: Relayout hash=4822353, pid=5576: mAttrs={(0,0)(fillxwrap) gr=BOTTOM CENTER_VERTICAL sim={adjust=pan} layoutInDisplayCutoutMode=always ty=NAVIGATION_BAR_PANEL fmt=TRANSLUCENT
04-19 15:55:12.761  5232  7403 V WindowManager:   fl=20800128
04-19 15:55:12.761  5232  7403 V WindowManager:   pfl=13100050
04-19 15:55:12.761  5232  7403 V WindowManager:   vsysui=100
04-19 15:55:12.761  5232  7403 V WindowManager:   bhv=DEFAULT naviIconColor=0}
04-19 15:55:12.761  4894  4894 D SurfaceFlinger: Display 0 HWC layers:
04-19 15:55:12.761  4894  4894 D SurfaceFlinger:      DEVICE | 0x7d9f7c7680 | 0102 | RGBA_8888    |    0.0    0.0 1080.0 2340.0 |    0    0 1080 2340 | com.myapp.alist/com.myapp.alist.ui.MainActivity$_6061#0
04-19 15:55:12.761  4894  4894 D SurfaceFlinger:      DEVICE | 0x7d6cf6db80 | 0100 | RGBA_8888    |    0.0    0.0 1080.0 1515.0 |    0  825 1080 2340 | InputMethod$_7937#0
04-19 15:55:12.761  4894  4894 D SurfaceFlinger:      DEVICE | 0x7d8143fe40 | 0100 | RGBA_8888    |    0.0    0.0 1080.0   78.0 |    0    0 1080   78 | StatusBar$_5576#0
04-19 15:55:12.761  4894  4894 D SurfaceFlinger:      DEVICE | 0x7d6cf6d540 | 0100 | RGBA_8888    |    0.0    0.0   67.0  362.0 | 1013 1637 1080 1999 | com.samsung.android.app.cocktailbars[...]rservice.CocktailBarService$_11163#0
04-19 15:55:12.761  4894  4894 D SurfaceFlinger:      DEVICE | 0x7da12bd540 | 0100 | RGBA_8888    |    0.0    0.0 1080.0  126.0 |    0 2214 1080 2340 | NavigationBar0$_5576#0
04-19 15:55:12.761  4894  4894 D SurfaceFlinger:      DEVICE | 0x7da135d380 | 0140 | RGBA_8888    |    0.0    0.0 1080.0  151.0 |    0    0 1080  151 | ScreenDecorOverlay$_5576#0
04-19 15:55:12.761  4894  4894 D SurfaceFlinger:      DEVICE | 0x7da12bf700 | 0140 | RGBA_8888    |    0.0    0.0 1080.0  151.0 |    0 2189 1080 2340 | ScreenDecorOverlayBottom$_5576#0
04-19 15:55:12.761  4894  4894 D SurfaceFlinger:
04-19 15:55:12.763  6061  6061 D ScrollView:  onsize change changed
04-19 15:55:12.763  5576  6511 I ViewRootImpl@60d6efe[ScreenDecorOverlayBottom]: Relayout returned: old=(0,2189,1080,2340) new=(0,2189,1080,2340) req=(1079,151)0 dur=4 res=0x1 s={true 535593426944} ch=false fn=108
04-19 15:55:12.766  5232  7701 V WindowManager: Relayout Window{5338360 u0 ScreenDecorOverlay}: viewVisibility=0 req=1079x151 d0
04-19 15:55:12.770  5232  7701 V WindowManager: Relayout hash=5338360, pid=5576: mAttrs={(0,0)(fillxwrap) gr=TOP CENTER_VERTICAL sim={adjust=pan} layoutInDisplayCutoutMode=always ty=NAVIGATION_BAR_PANEL fmt=TRANSLUCENT
04-19 15:55:12.770  5232  7701 V WindowManager:   fl=20800128
04-19 15:55:12.770  5232  7701 V WindowManager:   pfl=13100050
04-19 15:55:12.770  5232  7701 V WindowManager:   vsysui=100
04-19 15:55:12.770  5232  7701 V WindowManager:   bhv=DEFAULT naviIconColor=0}
04-19 15:55:12.770  4894  6600 I SurfaceFlinger: id=4065 Removed Surface(name=ec1a749 NavigationBar0)/@0xfb3ebf7 - animation-leash of insets_animation#0 (102)
04-19 15:55:12.771  5576  6511 I ViewRootImpl@cb0095a[ScreenDecorOverlay]: Relayout returned: old=(0,0,1080,151) new=(0,0,1080,151) req=(1079,151)0 dur=6 res=0x1 s={true 535593418752} ch=false fn=112
04-19 15:55:12.774  4894  4894 E SurfaceFlinger: Attempt to update InputPolicyFlags without permission ACCESS_SURFACE_FLINGER
04-19 15:55:12.774  4894  4894 I Layer   : id=4065 Destroyed Surface(name=ec1a749 NavigationBar0)/@0xfb3ebf7 - animation-leash of insets_animation#0
04-19 15:55:12.776  5232  8700 D InputMethodManagerServicePhysicalKey: isConnectedDexOnPC false
04-19 15:55:12.776  5232  8700 D InputMethodManagerService: isImeSwitcherDisabledPackage : false
04-19 15:55:12.778  5576  5576 V Navbar.Store: handleEvent [EventType] ON_NAVBAR_ICON_HINT_CHANGED [Module] NavigationBar  KEYS_NAVBAR_ICON_HINT=3
04-19 15:55:12.778  5576  5576 V Navbar.Store: --[Band]SETUPWIZARD_PACK_SET_NAVBAR_ICON_HINT
04-19 15:55:12.778  5576  5576 V Navbar.Store: ----getValue(BOOL_NAVBAR_BUTTON_FORCED_VISIBLE)=false
04-19 15:55:12.778  5576  5576 V Navbar.Store: ----getValue(BOOL_NAVBAR_SETUPWIZARD_STYLE)=false
04-19 15:55:12.778  5576  5576 V Navbar.Store: --[Band]VIS_PACK_REEVAULATE_NAVBAR
04-19 15:55:12.778  5576  5576 V Navbar.Store: ----apply(REEVALUATE_NAVBAR)
04-19 15:55:12.778  5576  5576 V Navbar.Store: ----handleEvent [EventType] GET_BOOL_REGION_SAMPLING_ENABLED [Module] LightBarController  KEYS_DEFAULT=false
04-19 15:55:12.778  5576  5576 V Navbar.Store: ------[Band]COLOR_PACK_GET_REGION_SAMPLING_ENABLED
04-19 15:55:12.778  5576  5576 V Navbar.Store: --------getValue(BOOL_REGION_SAMPLING_ENABLED)=false
04-19 15:55:12.778  5576  5576 V Navbar.Store: handleEvent [EventType] GET_BOOL_SHOW_KEYBOARD_BUTTON [Module] SamsungNavigationBarView  KEYS_PORTRAIT=true  KEYS_DEFAULT=true
04-19 15:55:12.778  5576  5576 V Navbar.Store: --[Band]GESTURE_PACK_SHOW_KEYBOARD_BUTTON
04-19 15:55:12.778  5576  5576 V Navbar.Store: ----getValue(BOOL_NAVBAR_GESTURAL_MODE)=false
04-19 15:55:12.779  5576  5576 V Navbar.Store: ----handleEvent [EventType] ON_UPDATE_REMOTEVIEW [Module] SamsungNavigationBarView  KEYS_LEFT_REMOTEVIEW_CONTAINER=android.widget.LinearLayout{6ac3937 I.E...... ......ID 0,0-118,126 #7f0b0478 app:id/left_remoteview}  KEYS_NAVBAR_DARK_INTENSITY=1.0  KEYS_RIGHT_REMOTEVIEW_CONTAINER=android.widget.LinearLayout{84d4ea4 I.E...... ......ID 962,0-1080,126 #7f0b070a app:id/right_remoteview}  KEYS_CONTEXTUALBUTTON_VISIBLE=true
04-19 15:55:12.779  5983  8271 I TouchInteractionService: onActiveNavBarRegionChanges, region : SkRegion((0,2214,388,2340)(389,2214,690,2340)(691,2214,961,2340))
04-19 15:55:12.779  5576  5576 V Navbar.Store: ------[Band]REMOTE_VIEW_PACK_SET_REMOTEVIEW_CONTAINER
04-19 15:55:12.779  5576  5576 V Navbar.Store: --------apply(UPDATE_NAVBAR_REMOTEVIEW_CONTAINER)
04-19 15:55:12.779  5576  5576 V Navbar.Store: --------apply(UPDATE_NAVBAR_RIGHT_REMOTEVIEW_VISIBILITY)
04-19 15:55:12.779  5576  5576 V Navbar.Store: --------getValue(FLOAT_REMOTEVIEW_DARK_INTENSITY)=1.0
04-19 15:55:12.780  5576  5576 V Navbar.Store: handleEvent [EventType] GET_BOOL_SHOW_KEYBOARD_BUTTON [Module] SamsungNavigationBarView  KEYS_PORTRAIT=true  KEYS_DEFAULT=true
04-19 15:55:12.780  5576  5576 V Navbar.Store: --[Band]GESTURE_PACK_SHOW_KEYBOARD_BUTTON
04-19 15:55:12.780  5983  8271 I TouchInteractionService: onActiveNavBarRegionChanges, region : SkRegion((0,2214,388,2220)(389,2214,690,2220)(691,2214,961,2220)(0,2220,388,2340)(389,2220,690,2340)(691,2220,961,2340)(962,2220,1088,2340))
04-19 15:55:12.780  5576  5576 V Navbar.Store: ----getValue(BOOL_NAVBAR_GESTURAL_MODE)=false
04-19 15:55:12.781  5983  8271 I TouchInteractionService: onSystemUiStateChanged, stateFlags : 393216
04-19 15:55:12.781  5983  5983 I TouchInteractionService: onSystemUiFlagsChanged, userUnlocked
04-19 15:55:12.791  5576  5576 V Navbar.Store: handleEvent [EventType] GET_BOOL_NAVBAR_CAN_MOVE_STATE [Module] SamsungNavigationBarView  KEYS_DEFAULT=true
04-19 15:55:12.791  5576  5576 V Navbar.Store: --[Band]CONFIG_PACK_GET_NAVBAR_CAN_MOVE
04-19 15:55:12.791  5576  5576 V Navbar.Store: ----getValue(BOOL_NAVBAR_CAN_MOVE)=true
04-19 15:55:12.792  5983  8271 I TouchInteractionService: onActiveNavBarRegionChanges, region : SkRegion((0,2214,388,2220)(389,2214,690,2220)(691,2214,961,2220)(0,2220,388,2340)(389,2220,690,2340)(691,2220,961,2340)(962,2220,1088,2340))
04-19 15:55:12.792  5576  5576 V Navbar.Store: handleEvent [EventType] GET_BOOL_USE_NAVBAR_BACKGROUND_FRAME [Module] NavigationBarTransitions  KEYS_DEFAULT=false
04-19 15:55:12.792  5576  5576 V Navbar.Store: --[Band]COLOR_PACK_GET_USE_NAVBAR_BACKGROUND_FRAME
04-19 15:55:12.792  5576  5576 V Navbar.Store: ----getValue(BOOL_NAVBAR_GESTURAL_MODE)=false
04-19 15:55:12.792  5576  5576 V Navbar.Store: ----getValue(BOOL_NAVBAR_OPAQUE)=false
04-19 15:55:12.792  5576  5576 V Navbar.Store: ----getValue(BOOL_NAVBAR_PINNED_EDGE_ENABELD)=false
04-19 15:55:12.837  6061  6061 D UiControllerImpl: Injecting string: "Description 1"
04-19 15:55:12.839  5232  8700 D InputDispatcher: Inject key (6061): action=0, f=0x8, d=-1, time=6872537000000
04-19 15:55:12.839  5232  5378 I InputDispatcher: Delivering key to (6061): action: 0x0 (0), f=0x8, m=0x41, d=0, 'e615793'
04-19 15:55:12.840  7937  7937 I HBD     : a skip onKeyDown as physical keyboard not connected
04-19 15:55:12.840  7937  7937 I HBD     : HoneyBoardService onKeyDown r:85f9711b consumed:false
04-19 15:55:12.841  6061  6061 I ViewRootImpl@79cdf24[MainActivity]: ViewPostIme key 0
04-19 15:55:12.848  5232  5255 I GestureDetector: handleMessage TAP
04-19 15:55:12.848  5232  5232 I GestureDetector: handleMessage TAP
04-19 15:55:12.862  5232  8700 D InputDispatcher: Inject key (6061): action=0, f=0x8, d=-1, time=6872561000000
04-19 15:55:12.863  5232  5378 I InputDispatcher: Delivering key to (6061): action: 0x0 (0), f=0x8, m=0x41, d=0, 'e615793'
04-19 15:55:12.864  7937  7937 I HBD     : a skip onKeyDown as physical keyboard not connected
04-19 15:55:12.865  7937  7937 I HBD     : HoneyBoardService onKeyDown r:b374c2ec consumed:false
04-19 15:55:12.865  6061  6061 I ViewRootImpl@79cdf24[MainActivity]: setInTouchMode(false), android.view.ViewRootImpl.checkForLeavingTouchModeAndConsume:9050 android.view.ViewRootImpl.access$3500:303 android.view.ViewRootImpl$EarlyPostImeInputStage.processKeyEvent:7399 android.view.ViewRootImpl$EarlyPostImeInputStage.onProcess:7383 android.view.ViewRootImpl$InputStage.deliver:6927 android.view.ViewRootImpl$InputStage.onDeliverToNext:6984 android.view.ViewRootImpl$InputStage.forward:6950 android.view.ViewRootImpl$AsyncInputStage.forward:7181 android.view.ViewRootImpl$ImeInputStage.onFinishedInputEvent:7368 android.view.inputmethod.InputMethodManager$PendingEvent.run:3411
04-19 15:55:12.866  6061  6061 I ViewRootImpl@79cdf24[MainActivity]: ViewPostIme key 0
04-19 15:55:12.868  7937  7937 I HBD     : al EBD ex
04-19 15:55:12.874  4894  4894 E SurfaceFlinger: Attempt to update InputPolicyFlags without permission ACCESS_SURFACE_FLINGER
04-19 15:55:12.908  7937  7937 I HBD     : bd ous -  0 ,  0 ,  1 ,  1 ,  -1 ,  -1
04-19 15:55:12.918  7937  8507 I HBD     : b getET , flag: 1 , start: 1 , end: 1 , length: 1 , composingLength: 0 , isKCC: false
04-19 15:55:12.919  5232  8700 D InputDispatcher: Inject key (6061): action=1, f=0x8, d=-1, time=6872607000000
04-19 15:55:12.920  5232  5378 I InputDispatcher: Delivering key to (6061): action: 0x1 (0), f=0x8, m=0x41, d=0, 'e615793'
04-19 15:55:12.922  7937  7937 I HBD     : b getTBC , flag: 1 , start: 1 , end: 1 , length: 1 , composingLength: 0 , isKCC: false
04-19 15:55:12.923  7937  7937 I HBD     : b getTAC , flag: 1 , start: 1 , end: 1 , length: 1 , composingLength: 0 , isKCC: false
04-19 15:55:12.924  4894  4894 E SurfaceFlinger: Attempt to update InputPolicyFlags without permission ACCESS_SURFACE_FLINGER
04-19 15:55:12.940  7937  7937 I HBD     : al EBD cm f 1
04-19 15:55:12.941  7937  7937 I HBD     : HoneyBoardService onKeyUp r:7994058b consumed:false
04-19 15:55:12.941  6061  6061 I ViewRootImpl@79cdf24[MainActivity]: ViewPostIme key 1
04-19 15:55:12.945  5232  8700 D InputDispatcher: Inject key (6061): action=1, f=0x8, d=-1, time=6872643000000
04-19 15:55:12.945  5232  5378 I InputDispatcher: Delivering key to (6061): action: 0x1 (0), f=0x8, m=0x0, d=0, 'e615793'
04-19 15:55:12.958 11163 11163 I Utils   : isCurrentUser current = 0, ownerId = 0
04-19 15:55:12.958 11163 11163 I TrayVisibilityController: updateTrayVisible: State=4194305 visible=2 mCurrentVisible=1 specificMode=0
04-19 15:55:12.959 11163 11163 I MSHandlerLifeCycle: isMultiSplitHandlerRequested: ignored. pkg=com.samsung.android.app.cocktailbarservice isActivity=false callers=com.android.internal.policy.DecorView.setVisibility:4295 com.samsung.android.app.cocktailbarservice.controller.traystate.TrayStateHide.onUpdateVisible:66 com.samsung.android.app.cocktailbarservice.controller.traystate.TrayStateHide.onEnterState:29 com.samsung.android.app.cocktailbarservice.controller.traystate.TrayStateController.setUiState:793 com.samsung.android.app.cocktailbarservice.controller.traystate.TrayStateController$9.onNotifyUpdateTray:1492
04-19 15:55:12.959 11163 11163 I MSHandlerLifeCycle: removeMultiSplitHandler: no exist. decor=DecorView@1169e96[CocktailBarService]
04-19 15:55:12.960 11163 11163 I CapturedBlurController: updateBlurBackground: false false
04-19 15:55:12.960 11163 11163 I TrayStateController: setUiState 2 : 0 --> 2
04-19 15:55:12.963  7937  7937 I HBD     : c displayAnimatedVectorDrawable bee animation started cnt=4 2131231869
04-19 15:55:12.966  7937  7937 I HBD     : HoneyBoardService onKeyUp r:e834d1d3 consumed:false
04-19 15:55:12.967  6061  6061 I ViewRootImpl@79cdf24[MainActivity]: ViewPostIme key 1
04-19 15:55:12.977  5232  8700 V WindowManager: Relayout Window{baba372 u0 com.samsung.android.app.cocktailbarservice/com.samsung.android.app.cocktailbarservice.CocktailBarService}: viewVisibility=8 req=67x362 d0
04-19 15:55:12.979  5232  7701 D InputDispatcher: Inject key (6061): action=0, f=0x8, d=-1, time=6872678000000
04-19 15:55:12.980  5232  5378 I InputDispatcher: Delivering key to (6061): action: 0x0 (0), f=0x8, m=0x0, d=0, 'e615793'
04-19 15:55:12.980  7937  7937 I HBD     : a skip onKeyDown as physical keyboard not connected
04-19 15:55:12.981  5232  8700 V WindowManager: Relayout hash=baba372, pid=11163: mAttrs={(0,1637)(67x362) gr=TOP RIGHT CENTER sim={adjust=nothing} layoutInDisplayCutoutMode=shortEdges ty=2226 fmt=TRANSPARENT
04-19 15:55:12.981  5232  8700 V WindowManager:   fl=81800548
04-19 15:55:12.981  5232  8700 V WindowManager:   pfl=2000050
04-19 15:55:12.981  5232  8700 V WindowManager:   vsysui=2000
04-19 15:55:12.981  5232  8700 V WindowManager:   apr=LIGHT_STATUS_BARS
04-19 15:55:12.981  5232  8700 V WindowManager:   bhv=SHOW_TRANSIENT_BARS_BY_SWIPE
04-19 15:55:12.981  5232  8700 V WindowManager:   fitTypes=NAVIGATION_BARS CAPTION_BAR dimAmount=0.0 dimDuration=0 naviIconColor=0
04-19 15:55:12.981  5232  8700 V WindowManager:   sfl=200000}
04-19 15:55:12.981  7937  7937 I HBD     : HoneyBoardService onKeyDown r:0f7fd1ed consumed:false
04-19 15:55:12.982  6061  6061 I ViewRootImpl@79cdf24[MainActivity]: ViewPostIme key 0
04-19 15:55:12.982 11163 11163 I ViewRootImpl@5e91ff6[CocktailBarService]: Relayout returned: old=(1013,1637,1080,1999) new=(1013,1637,1080,1999) req=(67,362)8 dur=5 res=0x4 s={false 0} ch=true fn=3
04-19 15:55:12.983 11163 11163 I TrayStateController: putInputRect mDynamicInputRegion=127722629@LastEvent=t=1681916112983Rect(25, 0 - 67, 362),Rect=Rect(0, 0 - 0, 0)
04-19 15:55:12.983 11163 11163 I DecorView: notifyKeepScreenOnChanged: keepScreenOn=false
04-19 15:55:12.983 11163 11163 I MSHandlerLifeCycle: isMultiSplitHandlerRequested: ignored. pkg=com.samsung.android.app.cocktailbarservice isActivity=false callers=com.android.internal.policy.DecorView.hasMultiSplitHandlerInNonFreeformMode:891 com.android.internal.policy.DecorView.notifyKeepScreenOnChanged:885 android.view.ViewRootImpl.applyKeepScreenOnFlag:2945 android.view.ViewRootImpl.setLayoutParams:2108 android.view.WindowManagerGlobal.updateViewLayout:537
04-19 15:55:12.991  4894  4894 I Layer   : id=4066 removeFromCurrentState com.samsung.android.app.cocktailbarservice/com.samsung.android.app.cocktailbarservice.CocktailBarService$_11163#0 (101)
04-19 15:55:12.991  4894  4894 E SurfaceFlinger: Attempt to update InputPolicyFlags without permission ACCESS_SURFACE_FLINGER
04-19 15:55:12.991  4894  4894 I SurfaceFlinger: id=4066 Removed com.samsung.android.app.cocktailbarservice/com.samsung.android.app.cocktailbarservice.CocktailBarService$_11163#0 (101)
04-19 15:55:12.993  4894  4894 I Layer   : id=4066 Destroyed com.samsung.android.app.cocktailbarservice/com.samsung.android.app.cocktailbarservice.CocktailBarService$_11163#0
04-19 15:55:12.993  5232  7701 V WindowManager: Relayout Window{baba372 u0 com.samsung.android.app.cocktailbarservice/com.samsung.android.app.cocktailbarservice.CocktailBarService}: viewVisibility=8 req=67x362 d0
04-19 15:55:12.996  4894  4894 D SurfaceFlinger: Display 0 HWC layers:
04-19 15:55:12.996  4894  4894 D SurfaceFlinger:      DEVICE | 0x7da1350880 | 0102 | RGBA_8888    |    0.0    0.0 1080.0 2340.0 |    0    0 1080 2340 | com.myapp.alist/com.myapp.alist.ui.MainActivity$_6061#0
04-19 15:55:12.996  4894  4894 D SurfaceFlinger:      DEVICE | 0x7d6cf6d7c0 | 0100 | RGBA_8888    |    0.0    0.0 1080.0 2257.0 |    0   83 1080 2340 | InputMethod$_7937#0
04-19 15:55:12.996  4894  4894 D SurfaceFlinger:      DEVICE | 0x7d8143fe40 | 0100 | RGBA_8888    |    0.0    0.0 1080.0   78.0 |    0    0 1080   78 | StatusBar$_5576#0
04-19 15:55:12.996  4894  4894 D SurfaceFlinger:      DEVICE | 0x7d6cce4bc0 | 0100 | RGBA_8888    |    0.0    0.0 1080.0  126.0 |    0 2214 1080 2340 | NavigationBar0$_5576#0
04-19 15:55:12.996  4894  4894 D SurfaceFlinger:      DEVICE | 0x7da135d380 | 0140 | RGBA_8888    |    0.0    0.0 1080.0  151.0 |    0    0 1080  151 | ScreenDecorOverlay$_5576#0
04-19 15:55:12.996  4894  4894 D SurfaceFlinger:      DEVICE | 0x7da12bf700 | 0140 | RGBA_8888    |    0.0    0.0 1080.0  151.0 |    0 2189 1080 2340 | ScreenDecorOverlayBottom$_5576#0
04-19 15:55:12.996  4894  4894 D SurfaceFlinger:
04-19 15:55:12.998  5232  7701 V WindowManager: Relayout hash=baba372, pid=11163: mAttrs={(0,1637)(67x362) gr=TOP RIGHT CENTER sim={adjust=nothing} layoutInDisplayCutoutMode=shortEdges ty=2226 fmt=TRANSPARENT
04-19 15:55:12.998  5232  7701 V WindowManager:   fl=81800548
04-19 15:55:12.998  5232  7701 V WindowManager:   pfl=2000050
04-19 15:55:12.998  5232  7701 V WindowManager:   vsysui=2000
04-19 15:55:12.998  5232  7701 V WindowManager:   apr=LIGHT_STATUS_BARS
04-19 15:55:12.998  5232  7701 V WindowManager:   bhv=SHOW_TRANSIENT_BARS_BY_SWIPE
04-19 15:55:12.998  5232  7701 V WindowManager:   fitTypes=NAVIGATION_BARS CAPTION_BAR dimAmount=0.0 dimDuration=0 naviIconColor=0
04-19 15:55:12.998  5232  7701 V WindowManager:   sfl=200000}
04-19 15:55:12.998 11163 11163 I ViewRootImpl@5e91ff6[CocktailBarService]: Relayout returned: old=(1013,1637,1080,1999) new=(1013,1637,1080,1999) req=(67,362)8 dur=7 res=0x0 s={false 0} ch=false fn=-1
04-19 15:55:12.999 11163 11163 I CocktailBarUiController: onCocktailBarStateChanged: flag=0x1 vis=2 bgType= showTimeout=-1 activate=true
04-19 15:55:13.009  7937  7937 I HBD     : bd ous -  1 ,  1 ,  2 ,  2 ,  -1 ,  -1
04-19 15:55:13.010  5232  7701 D InputDispatcher: Inject key (6061): action=1, f=0x8, d=-1, time=6872708000000
04-19 15:55:13.010  5232  5378 I InputDispatcher: Delivering key to (6061): action: 0x1 (0), f=0x8, m=0x0, d=0, 'e615793'
04-19 15:55:13.017  7937  7937 I HBD     : b getTBC , flag: 1 , start: 2 , end: 2 , length: 2 , composingLength: 0 , isKCC: false
04-19 15:55:13.019  7937  7937 I HBD     : b getTAC , flag: 1 , start: 2 , end: 2 , length: 2 , composingLength: 0 , isKCC: false
04-19 15:55:13.020  4829  6255 I HYPER-HAL: [RequestManager.cpp]releaseLocked(): Released ID : 31509892
04-19 15:55:13.024  7937  7937 I HBD     : al EBD cm f 1
04-19 15:55:13.024  4894  4894 E SurfaceFlinger: Attempt to update InputPolicyFlags without permission ACCESS_SURFACE_FLINGER
04-19 15:55:13.024  7937  7937 I HBD     : HoneyBoardService onKeyUp r:bd6be260 consumed:false
04-19 15:55:13.025  6061  6061 I ViewRootImpl@79cdf24[MainActivity]: ViewPostIme key 1
04-19 15:55:13.028  5232  7701 D InputDispatcher: Inject key (6061): action=0, f=0x8, d=-1, time=6872726000000
04-19 15:55:13.029  5232  5378 I InputDispatcher: Delivering key to (6061): action: 0x0 (0), f=0x8, m=0x0, d=0, 'e615793'
04-19 15:55:13.029  7937  7937 I HBD     : a skip onKeyDown as physical keyboard not connected
04-19 15:55:13.030  7937  7937 I HBD     : HoneyBoardService onKeyDown r:17252808 consumed:false
04-19 15:55:13.030  6061  6061 I ViewRootImpl@79cdf24[MainActivity]: ViewPostIme key 0
04-19 15:55:13.053  7937  7937 I HBD     : bd ous -  2 ,  2 ,  3 ,  3 ,  -1 ,  -1
04-19 15:55:13.055  5232  7701 D InputDispatcher: Inject key (6061): action=1, f=0x8, d=-1, time=6872752000000
04-19 15:55:13.056  5232  5378 I InputDispatcher: Delivering key to (6061): action: 0x1 (0), f=0x8, m=0x0, d=0, 'e615793'
04-19 15:55:13.057  4894  4894 E SurfaceFlinger: Attempt to update InputPolicyFlags without permission ACCESS_SURFACE_FLINGER
04-19 15:55:13.058  7937  7937 I HBD     : b getTBC , flag: 1 , start: 3 , end: 3 , length: 3 , composingLength: 0 , isKCC: false
04-19 15:55:13.060  7937  7937 I HBD     : b getTAC , flag: 1 , start: 3 , end: 3 , length: 3 , composingLength: 0 , isKCC: false
04-19 15:55:13.066  7937  7937 I HBD     : al EBD cm f 1
04-19 15:55:13.066  7937  7937 I HBD     : HoneyBoardService onKeyUp r:54faeecc consumed:false
04-19 15:55:13.067  6061  6061 I ViewRootImpl@79cdf24[MainActivity]: ViewPostIme key 1
04-19 15:55:13.069  5232  7701 D InputDispatcher: Inject key (6061): action=0, f=0x8, d=-1, time=6872768000000
04-19 15:55:13.070  5232  5378 I InputDispatcher: Delivering key to (6061): action: 0x0 (0), f=0x8, m=0x0, d=0, 'e615793'
04-19 15:55:13.070  7937  7937 I HBD     : a skip onKeyDown as physical keyboard not connected
04-19 15:55:13.070  7937  7937 I HBD     : HoneyBoardService onKeyDown r:6f2172d3 consumed:false
04-19 15:55:13.071  6061  6061 I ViewRootImpl@79cdf24[MainActivity]: ViewPostIme key 0
04-19 15:55:13.104  5232  5376 D InputDispatcher: Inject key (6061): action=1, f=0x8, d=-1, time=6872802000000
04-19 15:55:13.104  7937  7937 I HBD     : bd ous -  3 ,  3 ,  4 ,  4 ,  -1 ,  -1
04-19 15:55:13.104  5232  5378 I InputDispatcher: Delivering key to (6061): action: 0x1 (0), f=0x8, m=0x0, d=0, 'e615793'
04-19 15:55:13.108  4894  4894 E SurfaceFlinger: Attempt to update InputPolicyFlags without permission ACCESS_SURFACE_FLINGER
04-19 15:55:13.109  7937  7937 I HBD     : b getTBC , flag: 1 , start: 4 , end: 4 , length: 4 , composingLength: 0 , isKCC: false
04-19 15:55:13.111  7937  7937 I HBD     : b getTAC , flag: 1 , start: 4 , end: 4 , length: 4 , composingLength: 0 , isKCC: false
04-19 15:55:13.116  7937  7937 I HBD     : al EBD cm f 1
04-19 15:55:13.117  7937  7937 I HBD     : HoneyBoardService onKeyUp r:fac2c46b consumed:false
04-19 15:55:13.118  6061  6061 I ViewRootImpl@79cdf24[MainActivity]: ViewPostIme key 1
04-19 15:55:13.120  5232  5376 D InputDispatcher: Inject key (6061): action=0, f=0x8, d=-1, time=6872819000000
04-19 15:55:13.120  5232  5378 I InputDispatcher: Delivering key to (6061): action: 0x0 (0), f=0x8, m=0x0, d=0, 'e615793'
04-19 15:55:13.121  7937  7937 I HBD     : a skip onKeyDown as physical keyboard not connected
04-19 15:55:13.121  7937  7937 I HBD     : HoneyBoardService onKeyDown r:f45e6342 consumed:false
04-19 15:55:13.122  6061  6061 I ViewRootImpl@79cdf24[MainActivity]: ViewPostIme key 0
04-19 15:55:13.153  7937  7937 I HBD     : bd ous -  4 ,  4 ,  5 ,  5 ,  -1 ,  -1
04-19 15:55:13.154  5232  7403 D InputDispatcher: Inject key (6061): action=1, f=0x8, d=-1, time=6872853000000
04-19 15:55:13.155  5232  5378 I InputDispatcher: Delivering key to (6061): action: 0x1 (0), f=0x8, m=0x0, d=0, 'e615793'
04-19 15:55:13.158  7937  7937 I HBD     : b getTBC , flag: 1 , start: 5 , end: 5 , length: 5 , composingLength: 0 , isKCC: false
04-19 15:55:13.158  4894  4894 E SurfaceFlinger: Attempt to update InputPolicyFlags without permission ACCESS_SURFACE_FLINGER
04-19 15:55:13.159  7937  7937 I HBD     : b getTAC , flag: 1 , start: 5 , end: 5 , length: 5 , composingLength: 0 , isKCC: false
04-19 15:55:13.164  7937  7937 I HBD     : al EBD cm f 1
04-19 15:55:13.165  7937  7937 I HBD     : HoneyBoardService onKeyUp r:44745cbd consumed:false
04-19 15:55:13.166  6061  6061 I ViewRootImpl@79cdf24[MainActivity]: ViewPostIme key 1
04-19 15:55:13.168  5232  7403 D InputDispatcher: Inject key (6061): action=0, f=0x8, d=-1, time=6872867000000
04-19 15:55:13.168  5232  5378 I InputDispatcher: Delivering key to (6061): action: 0x0 (0), f=0x8, m=0x0, d=0, 'e615793'
04-19 15:55:13.169  7937  7937 I HBD     : a skip onKeyDown as physical keyboard not connected
04-19 15:55:13.169  7937  7937 I HBD     : HoneyBoardService onKeyDown r:bb8216be consumed:false
04-19 15:55:13.170  6061  6061 I ViewRootImpl@79cdf24[MainActivity]: ViewPostIme key 0
04-19 15:55:13.206  7937  7937 I HBD     : bd ous -  5 ,  5 ,  6 ,  6 ,  -1 ,  -1
04-19 15:55:13.207  5232  7403 D InputDispatcher: Inject key (6061): action=1, f=0x8, d=-1, time=6872906000000
04-19 15:55:13.208  5232  5378 I InputDispatcher: Delivering key to (6061): action: 0x1 (0), f=0x8, m=0x0, d=0, 'e615793'
04-19 15:55:13.213 11770 11935 W wsandroid.suit: Long monitor contention with owner DeviceScan Ctrl (5613) at void com.mcafee.mcs.engine.McsScanEngine.u(int)(SourceFile:-1) waiters=0 in void com.mcafee.mcs.engine.McsScanEngine.setScanHttpTimeout(int) for 5.770s
04-19 15:55:13.213  7937  7937 I HBD     : b getTBC , flag: 1 , start: 6 , end: 6 , length: 6 , composingLength: 0 , isKCC: false
04-19 15:55:13.216  7937  7937 I HBD     : b getTAC , flag: 1 , start: 6 , end: 6 , length: 6 , composingLength: 0 , isKCC: false
04-19 15:55:13.224  7937  7937 I HBD     : al EBD cm f 1
04-19 15:55:13.225  4894  4894 E SurfaceFlinger: Attempt to update InputPolicyFlags without permission ACCESS_SURFACE_FLINGER
04-19 15:55:13.225  7937  7937 I HBD     : HoneyBoardService onKeyUp r:8918d780 consumed:false
04-19 15:55:13.226  6061  6061 I ViewRootImpl@79cdf24[MainActivity]: ViewPostIme key 1
04-19 15:55:13.231  5232  7403 D InputDispatcher: Inject key (6061): action=0, f=0x8, d=-1, time=6872928000000
04-19 15:55:13.232  5232  5378 I InputDispatcher: Delivering key to (6061): action: 0x0 (0), f=0x8, m=0x0, d=0, 'e615793'
04-19 15:55:13.232  7937  7937 I HBD     : a skip onKeyDown as physical keyboard not connected
04-19 15:55:13.233  7937  7937 I HBD     : HoneyBoardService onKeyDown r:97e4e7af consumed:false
04-19 15:55:13.233  6061  6061 I ViewRootImpl@79cdf24[MainActivity]: ViewPostIme key 0
04-19 15:55:13.261  7937  7937 I HBD     : bd ous -  6 ,  6 ,  7 ,  7 ,  -1 ,  -1
04-19 15:55:13.266  7937  7937 I HBD     : b getTBC , flag: 1 , start: 7 , end: 7 , length: 7 , composingLength: 0 , isKCC: false
04-19 15:55:13.275  4894  4894 E SurfaceFlinger: Attempt to update InputPolicyFlags without permission ACCESS_SURFACE_FLINGER
04-19 15:55:13.289  7937  7937 I HBD     : a [PF_KL][HBIC] getTextBeforeCursor t, 23
04-19 15:55:13.289  7937  7937 I HBD     : b getTAC , flag: 1 , start: 7 , end: 7 , length: 7 , composingLength: 0 , isKCC: false
04-19 15:55:13.290  5232  5376 D InputDispatcher: Inject key (6061): action=1, f=0x8, d=-1, time=6872987000000
04-19 15:55:13.291  5232  5378 I InputDispatcher: Delivering key to (6061): action: 0x1 (0), f=0x8, m=0x0, d=0, 'e615793'
04-19 15:55:13.297  7937  7937 I HBD     : al EBD cm f 1
04-19 15:55:13.298  7937  7937 I HBD     : HoneyBoardService onKeyUp r:6e873286 consumed:false
04-19 15:55:13.299  6061  6061 I ViewRootImpl@79cdf24[MainActivity]: ViewPostIme key 1
04-19 15:55:13.302  5232  5376 D InputDispatcher: Inject key (6061): action=0, f=0x8, d=-1, time=6873000000000
04-19 15:55:13.302  5232  5378 I InputDispatcher: Delivering key to (6061): action: 0x0 (0), f=0x8, m=0x0, d=0, 'e615793'
04-19 15:55:13.303  7937  7937 I HBD     : a skip onKeyDown as physical keyboard not connected
04-19 15:55:13.304  7937  7937 I HBD     : HoneyBoardService onKeyDown r:b20e7fca consumed:false
04-19 15:55:13.305  6061  6061 I ViewRootImpl@79cdf24[MainActivity]: ViewPostIme key 0
04-19 15:55:13.308  4894  4894 E SurfaceFlinger: Attempt to update InputPolicyFlags without permission ACCESS_SURFACE_FLINGER
04-19 15:55:13.341  7937  7937 I HBD     : bd ous -  7 ,  7 ,  8 ,  8 ,  -1 ,  -1
04-19 15:55:13.343  5232  5376 D InputDispatcher: Inject key (6061): action=1, f=0x8, d=-1, time=6873041000000
04-19 15:55:13.343  5232  5378 I InputDispatcher: Delivering key to (6061): action: 0x1 (0), f=0x8, m=0x0, d=0, 'e615793'
04-19 15:55:13.346  7937  7937 I HBD     : b getTBC , flag: 1 , start: 8 , end: 8 , length: 8 , composingLength: 0 , isKCC: false
