04-17 18:01:37.531  5274  5587 D InputDispatcher: Inject motion (24018): action=0x1, time=10536046000000, f=0x0, d=0
04-17 18:01:37.532  5274  5414 I InputDispatcher: Delivering touch to (24018): action: 0x1, f=0x0, d=0, '212fd93', t=0 +(-576,-546)
04-17 18:01:37.533 24018 24018 I ViewRootImpl@31db8ae[PopupWindow:9773d29]: ViewPostIme pointer 1
04-17 18:01:37.533  5274  5294 I GestureDetector: obtain mCurrentMotionEventRaw. action: 1 id: -586023803
04-17 18:01:37.534  5274  5294 I GestureDetector: obtain mCurrentMotionEventRaw. action: 1 id: -586023803
04-17 18:01:37.534 24018 24018 D AbsListView: onTouchUp() mTouchMode : 0
04-17 18:01:37.559  4929  4929 E SurfaceFlinger: Attempt to update InputPolicyFlags without permission ACCESS_SURFACE_FLINGER
04-17 18:01:37.575  4929  4929 E SurfaceFlinger: Attempt to update InputPolicyFlags without permission ACCESS_SURFACE_FLINGER
04-17 18:01:37.592  4929  4929 E SurfaceFlinger: Attempt to update InputPolicyFlags without permission ACCESS_SURFACE_FLINGER
04-17 18:01:37.609  4929  4929 E SurfaceFlinger: Attempt to update InputPolicyFlags without permission ACCESS_SURFACE_FLINGER
04-17 18:01:37.623  5274  5587 V WindowManager: Relayout Window{212fd93 u0 PopupWindow:9773d29}: viewVisibility=0 req=336x1668 d0
04-17 18:01:37.625  4929  4929 E SurfaceFlinger: Attempt to update InputPolicyFlags without permission ACCESS_SURFACE_FLINGER
04-17 18:01:37.634  4929  4966 I SurfaceFlinger: id=6844 createSurf (0x0),-1 flag=24000, Surface(name=827a6a6 StatusBar)/@0x26f0a66 - animation-leash of insets_animation#1
04-17 18:01:37.637  4929  4966 I SurfaceFlinger: id=6845 createSurf (0x0),-1 flag=24000, Surface(name=175e94d NavigationBar0)/@0xef769fd - animation-leash of insets_animation#0
04-17 18:01:37.641  5274  5587 V WindowManager: Relayout hash=212fd93, pid=24018: mAttrs={(576,546)(336x1668) gr=TOP START CENTER DISPLAY_CLIP_VERTICAL sim={state=unchanged adjust=pan} ty=APPLICATION_SUB_PANEL fmt=TRANSLUCENT surfaceInsets=Rect(84, 84 - 84, 84) (manual)
04-17 18:01:37.641  5274  5587 V WindowManager:   fl=41840218
04-17 18:01:37.641  5274  5587 V WindowManager:   pfl=42018000
04-17 18:01:37.641  5274  5587 V WindowManager:   bhv=DEFAULT
04-17 18:01:37.641  5274  5587 V WindowManager:   fitTypes=STATUS_BARS NAVIGATION_BARS CAPTION_BAR naviIconColor=0
04-17 18:01:37.641  5274  5587 V WindowManager:   sfl=20000}
04-17 18:01:37.647 24018 24018 I ViewRootImpl@31db8ae[PopupWindow:9773d29]: Relayout returned: old=(576,546,912,2214) new=(576,546,912,2214) req=(336,1668)0 dur=24 res=0x1 s={true 491573596160} ch=false fn=23
04-17 18:01:37.659  4929  4929 I Layer   : id=6841 removeFromCurrentState Surface(name=827a6a6 StatusBar)/@0x26f0a66 - animation-leash of insets_animation#0 (109)
04-17 18:01:37.659  4929  4929 I Layer   : id=6842 removeFromCurrentState Surface(name=175e94d NavigationBar0)/@0xef769fd - animation-leash of insets_animation#1 (109)
04-17 18:01:37.660  4929  4929 E SurfaceFlinger: Attempt to update InputPolicyFlags without permission ACCESS_SURFACE_FLINGER
04-17 18:01:37.660  4929  4929 I SurfaceFlinger: id=6841 Removed Surface(name=827a6a6 StatusBar)/@0x26f0a66 - animation-leash of insets_animation#0 (109)
04-17 18:01:37.660  4929  4929 I SurfaceFlinger: id=6842 Removed Surface(name=175e94d NavigationBar0)/@0xef769fd - animation-leash of insets_animation#1 (109)
04-17 18:01:37.660  4929  4929 I Layer   : id=6841 Destroyed Surface(name=827a6a6 StatusBar)/@0x26f0a66 - animation-leash of insets_animation#0
04-17 18:01:37.660  4929  4929 I Layer   : id=6842 Destroyed Surface(name=175e94d NavigationBar0)/@0xef769fd - animation-leash of insets_animation#1
04-17 18:01:37.661  5274  5587 D InputDispatcher: Focus left window (0): 212fd93 PopupWindow:9773d29
04-17 18:01:37.662  5274  7487 D InputDispatcher: Focus entered window (0): ae17f2d com.myapp.alist/com.myapp.alist.ui.MainActivity
04-17 18:01:37.692  4929  4929 E SurfaceFlinger: Attempt to update InputPolicyFlags without permission ACCESS_SURFACE_FLINGER
04-17 18:01:37.694 24018 24018 D InsetsSourceConsumer: ensureControlAlpha: for ITYPE_NAVIGATION_BAR on com.myapp.alist/com.myapp.alist.ui.MainActivity
04-17 18:01:37.695 24018 24018 D InsetsSourceConsumer: ensureControlAlpha: for ITYPE_STATUS_BAR on com.myapp.alist/com.myapp.alist.ui.MainActivity
04-17 18:01:37.702 24018 24018 I ViewRootImpl@31db8ae[PopupWindow:9773d29]: MSG_WINDOW_FOCUS_CHANGED 0 1
04-17 18:01:37.704 24018 24018 I ViewRootImpl@90ba39b[MainActivity]: MSG_WINDOW_FOCUS_CHANGED 1 1
04-17 18:01:37.707 24018 24018 I InputMethodManager: startInputAsyncOnWindowFocusGain - mService.startInputOrWindowGainedFocus
04-17 18:01:37.709  4929  4929 E SurfaceFlinger: Attempt to update InputPolicyFlags without permission ACCESS_SURFACE_FLINGER
04-17 18:01:37.709  4929  4929 E SurfaceFlinger: Attempt to update InputPolicyFlags without permission ACCESS_SURFACE_FLINGER
04-17 18:01:37.726  4929  4929 E SurfaceFlinger: Attempt to update InputPolicyFlags without permission ACCESS_SURFACE_FLINGER
04-17 18:01:37.742  4929  4929 E SurfaceFlinger: Attempt to update InputPolicyFlags without permission ACCESS_SURFACE_FLINGER
04-17 18:01:37.776  4929  4929 E SurfaceFlinger: Attempt to update InputPolicyFlags without permission ACCESS_SURFACE_FLINGER
04-17 18:01:37.776  4929  4929 E SurfaceFlinger: Attempt to update InputPolicyFlags without permission ACCESS_SURFACE_FLINGER
04-17 18:01:37.792  4929  4929 E SurfaceFlinger: Attempt to update InputPolicyFlags without permission ACCESS_SURFACE_FLINGER
04-17 18:01:37.797  5274  5294 I GestureDetector: handleMessage TAP
04-17 18:01:37.797  5274  5274 I GestureDetector: handleMessage TAP
04-17 18:01:37.809  4929  4929 E SurfaceFlinger: Attempt to update InputPolicyFlags without permission ACCESS_SURFACE_FLINGER
04-17 18:01:37.826  4929  4929 E SurfaceFlinger: Attempt to update InputPolicyFlags without permission ACCESS_SURFACE_FLINGER
04-17 18:01:37.843  4929  4929 E SurfaceFlinger: Attempt to update InputPolicyFlags without permission ACCESS_SURFACE_FLINGER
04-17 18:01:37.848 24018 24018 I ViewInteraction: Checking 'MatchesViewAssertion{viewMatcher=an instance of android.widget.Spinner and spinner.getSelectedItem().toString() to match a string containing "To Do"}' assertion on view view.getId() is <2131296686/com.myapp.alist:id/spinner1>
04-17 18:01:37.859  4929  4929 E SurfaceFlinger: Attempt to update InputPolicyFlags without permission ACCESS_SURFACE_FLINGER
04-17 18:01:37.862 24018 24018 I ViewInteraction: Performing 'single click' action on view view.getId() is <2131296687/com.myapp.alist:id/spinner2>
04-17 18:01:37.866  5274  7487 D InputDispatcher: Inject motion (24018): action=0x0, time=10536381000000, f=0x0, d=0
04-17 18:01:37.867  5274  5414 I InputDispatcher: Delivering touch to (5598): action: 0x4, f=0x0, d=0, '175e94d', t=0
04-17 18:01:37.867  5274  5414 I InputDispatcher: Delivering touch to (24018): action: 0x4, f=0x0, d=0, '212fd93', t=0
04-17 18:01:37.867  5274  5414 I InputDispatcher: Delivering touch to (24018): action: 0x0, f=0x0, d=0, 'ae17f2d', t=0
04-17 18:01:37.868  5274  5294 I GestureDetector: obtain mCurrentDownEvent. id: -72201922 caller: com.android.server.wm.SystemGesturesPointerEventListener.onPointerEvent:179 com.android.server.wm.PointerEventDispatcher.onInputEvent:71 android.view.InputEventReceiver.dispatchInputEvent:259
04-17 18:01:37.868  5274  5294 I GestureDetector: obtain mCurrentDownEvent. id: -72201922 caller: com.android.server.wm.SystemPerformancePointerEventListener.onPointerEvent:89 com.android.server.wm.PointerEventDispatcher.onInputEvent:71 android.view.InputEventReceiver.dispatchInputEvent:259
04-17 18:01:37.869 24018 24018 I ViewRootImpl@90ba39b[MainActivity]: ViewPostIme pointer 0
04-17 18:01:37.870 24018 24018 I MSHandlerLifeCycle: isMultiSplitHandlerRequested: windowingMode=1 isFullscreen=true isPopOver=false isHidden=false skipActivityType=false isHandlerType=true this: DecorView@974f9ab[MainActivity]
04-17 18:01:37.872  4859  4901 D BatteryDump: wait_for_battery_event : occurred : change@/devices/platform/battery/power_supply/battery
04-17 18:01:37.885  4859  4859 E android.hardware.health@2.1-service-samsung: Could not open /sys/class/power_supply/battery/lrp
04-17 18:01:37.890  4882 24157 I HYPER-HAL: [RequestManager.cpp]releaseLocked(): Released ID : 27487419
04-17 18:01:37.893  4929  4929 E SurfaceFlinger: Attempt to update InputPolicyFlags without permission ACCESS_SURFACE_FLINGER
04-17 18:01:37.893  5274  5407 D MotionRecognitionService: [SAR]  onReceive : ACTION_BATTERY_CHANGED, Plugged: 2
04-17 18:01:37.893  5274  5407 I MotionRecognitionService: [TA] In/out: true, curr state: 1
04-17 18:01:37.895  5274  5274 D PhoneWindowManagerExt: ACTION_BATTERY_CHANGED - Level=87, status=2
04-17 18:01:37.895  5274  5274 D SemWifiApBroadcastReceiver: Received : android.intent.action.BATTERY_CHANGED
04-17 18:01:37.900  5561  5561 D SemBigDataInfoController: Intent : android.intent.action.BATTERY_CHANGED
04-17 18:01:37.900  5561  5561 D SemBigDataInfoController: Intent : android.intent.action.BATTERY_CHANGED
04-17 18:01:37.901  5598  5598 I PowerUI : mBootCompleted = true |  mFullyConnected = true
04-17 18:01:37.902  5598  5598 D PowerUI : priorPlugType = 2 mPlugType = 2 priorBatteryStatus = 2 mBatteryStatus = 2
04-17 18:01:37.902  5598  5598 I PowerUI : oldMisalign : false, curMisalign : false
04-17 18:01:37.905  5598  5598 D PowerUI.Notification: showChargingNotice oldChargingType : 1 currentChargingType : 1 oldChargingTime : 4966000 mChargingTime : 4966000
04-17 18:01:37.905  5598  5598 D PowerUI.Notification: There is no change about charging status, so return!
04-17 18:01:37.905  5598  5598 D PowerUI : Battery swelling mode - priorBatterySwellingMode = 0 mBatterySwellingMode = 0 mBatteryStatus = 2
04-17 18:01:37.905  5598  5598 I PowerUI : mBatteryMiscEvent = 65536
04-17 18:01:37.907  5598 18640 D PowerUI.Notification: 1. restoreScreenTimeOut - saved_value : :
04-17 18:01:37.907  5598 18640 E PowerUI.Notification: no saved value, so we do nothing !!
04-17 18:01:37.907  5598  5598 D KeyguardUpdateMonitor: received broadcast android.intent.action.BATTERY_CHANGED
04-17 18:01:37.907  5274  7487 D InputDispatcher: Inject motion (24018): action=0x1, time=10536422000000, f=0x0, d=0
04-17 18:01:37.907  5598  5598 I AODBatteryManager: updateBatteryData: ACTION_BATTERY_CHANGED
04-17 18:01:37.908  5274  5414 I InputDispatcher: Delivering touch to (24018): action: 0x1, f=0x0, d=0, 'ae17f2d', t=0
04-17 18:01:37.908  5598  5598 I AODBatteryManager: saveBatteryData : AOD BatteryData [mBatteryLevel=87, mBatteryStatus=CHARGING, mBatteryPlugType=USB, mBatteryPlugged=true, mRemainingChargeTime=4966000, mBatteryChargingType=1, mBatteryChargerType=NORMAL, mBatteryOnline=USB, mBatterySwellingMode=NONE, mBatteryProtectMode=false]
04-17 18:01:37.908 24018 24018 I ViewRootImpl@90ba39b[MainActivity]: ViewPostIme pointer 1
04-17 18:01:37.908  5274  5294 I GestureDetector: obtain mCurrentMotionEventRaw. action: 1 id: -120104861
04-17 18:01:37.909 24018 24018 I MSHandlerLifeCycle: isMultiSplitHandlerRequested: windowingMode=1 isFullscreen=true isPopOver=false isHidden=false skipActivityType=false isHandlerType=true this: DecorView@974f9ab[MainActivity]
04-17 18:01:37.909  5274  5294 I GestureDetector: obtain mCurrentMotionEventRaw. action: 1 id: -120104861
04-17 18:01:37.909  4929  4929 E SurfaceFlinger: Attempt to update InputPolicyFlags without permission ACCESS_SURFACE_FLINGER
04-17 18:01:37.914  5598  5598 D QS      : setQSExpansion 0.0 -108.325
04-17 18:01:37.915  5598  5598 D QS      : setQSExpansion 0.0 -108.325
04-17 18:01:37.916  5598  5598 V SecQSFragmentAnimatorBase: setQsExpansionPosition 0.0
04-17 18:01:37.916  5598  5598 V QsExpandAnimator: setQsExpansionPosition 0.0 0
04-17 18:01:37.916  5598  5598 D QS      : setQSExpansion 0.0 -108.325
04-17 18:01:37.918  5598  5598 D IndicatorGardenInputProperty: updateRotation() prv:-1 >> new:0
04-17 18:01:37.918  5598  5598 D DeviceState: getDeviceResolutionPixelSize - currentDensity = 420 deviceDensity = 420 initialDisplaySizeFactor = 1080 currentDisplaySizeFactor = 1080 initialDisplayDensity = 420 proportionalDensity = 420 proportionalPixel = 0
04-17 18:01:37.918  5598  5598 D DeviceState: getDeviceResolutionPixelSize - currentDensity = 420 deviceDensity = 420 initialDisplaySizeFactor = 1080 currentDisplaySizeFactor = 1080 initialDisplayDensity = 420 proportionalDensity = 420 proportionalPixel = 0
04-17 18:01:37.918  5598  5598 D DeviceState: getDeviceResolutionPixelSize - currentDensity = 420 deviceDensity = 420 initialDisplaySizeFactor = 1080 currentDisplaySizeFactor = 1080 initialDisplayDensity = 420 proportionalDensity = 420 proportionalPixel = 0
04-17 18:01:37.918  5598  5598 E IndicatorGardenAlgorithmBasicCutout: NOT MATCH !!!! resourceHeight:78, cutoutHeight:83 ([IndicatorGardenInputProperty]  Rotation(0-0,90-1,180-2,270-3)0, Density:2.625, ScreenWidthSize:1080, CoverSidePadding:0, mIndicatorGardenCenterOffset:11, mCameraCutoutCropSize:80, mGardenPaddingStart:21, mIndicatorCornerPadding:0, mCameraSidePadding:0, mCameraTopMargin:0, DpCutout:DisplayCutout{insets=Rect(0, 83 - 0, 0) waterfall=Insets{left=0, top=0, right=0, bottom=0} boundingRect={Bounds=[Rect(0, 0 - 0, 0), Rect(443, 0 - 637, 83), Rect(0, 0 - 0, 0), Rect(0, 0 - 0, 0)]} cutoutPathParserInfo={CutoutPathParserInfo{displayWidth=1080 displayHeight=2340 density={2.625} cutoutSpec={M36.95,0C26.35,0,24.15,3.8,23.15,9.8 l-0.1,0.7c-1.7,9.6-9.3,17.2-18.9,18.9c-12.7,2.2-24.8-6.2-27-18.9 c0,0-0.1-0.7-0.1-0.7C-24.15,3.8,-26.25,0,-36.95,0Z @dp} rotation={0} scale={1.0}}}})
04-17 18:01:37.919  5598  5598 E IndicatorGardenAlgorithmBasicCutout: NOT MATCH !!!! resourceHeight:78, cutoutHeight:83 ([IndicatorGardenInputProperty]  Rotation(0-0,90-1,180-2,270-3)0, Density:2.625, ScreenWidthSize:1080, CoverSidePadding:0, mIndicatorGardenCenterOffset:11, mCameraCutoutCropSize:80, mGardenPaddingStart:21, mIndicatorCornerPadding:0, mCameraSidePadding:0, mCameraTopMargin:0, DpCutout:DisplayCutout{insets=Rect(0, 83 - 0, 0) waterfall=Insets{left=0, top=0, right=0, bottom=0} boundingRect={Bounds=[Rect(0, 0 - 0, 0), Rect(443, 0 - 637, 83), Rect(0, 0 - 0, 0), Rect(0, 0 - 0, 0)]} cutoutPathParserInfo={CutoutPathParserInfo{displayWidth=1080 displayHeight=2340 density={2.625} cutoutSpec={M36.95,0C26.35,0,24.15,3.8,23.15,9.8 l-0.1,0.7c-1.7,9.6-9.3,17.2-18.9,18.9c-12.7,2.2-24.8-6.2-27-18.9 c0,0-0.1-0.7-0.1-0.7C-24.15,3.8,-26.25,0,-36.95,0Z @dp} rotation={0} scale={1.0}}}})
04-17 18:01:37.920  5598  5598 D KeyguardUpdateMonitor: handleBatteryUpdate
04-17 18:01:37.926  4929  4929 E SurfaceFlinger: Attempt to update InputPolicyFlags without permission ACCESS_SURFACE_FLINGER
04-17 18:01:37.926  4929  4929 E SurfaceFlinger: Attempt to update InputPolicyFlags without permission ACCESS_SURFACE_FLINGER
04-17 18:01:37.943  4929  4929 E SurfaceFlinger: Attempt to update InputPolicyFlags without permission ACCESS_SURFACE_FLINGER
04-17 18:01:37.943  4929  4929 E SurfaceFlinger: Attempt to update InputPolicyFlags without permission ACCESS_SURFACE_FLINGER
04-17 18:01:37.947  4929  6292 I SurfaceFlinger: id=6846 createSurf (0x0),-1 flag=80004, 4467183 PopupWindow:a668409#0
04-17 18:01:37.948  5274  7487 D InputTransport: Input channel constructed: '4467183', fd=631
04-17 18:01:37.948  5274  7487 D InputTransport: Input channel constructed: '4467183', fd=679
04-17 18:01:37.948  5274  7487 D InputTransport: Input channel constructed: '4467183', fd=680
04-17 18:01:37.951  4929  6292 I SurfaceFlinger: id=6847 createSurf (0x0),-1 flag=24000, Surface(name=827a6a6 StatusBar)/@0x26f0a66 - animation-leash of insets_animation#0
04-17 18:01:37.953  4929  6292 I SurfaceFlinger: id=6848 createSurf (0x0),-1 flag=24000, Surface(name=175e94d NavigationBar0)/@0xef769fd - animation-leash of insets_animation#1
04-17 18:01:37.955  5274  7487 D InputTransport: Input channel destroyed: '4467183', fd=680
04-17 18:01:37.957 24018 24018 I ViewRootImpl@1d7260e[PopupWindow:a668409]: setView = android.widget.PopupWindow$PopupDecorView@8ea57c5 TM=true
04-17 18:01:37.960  4929  4929 E SurfaceFlinger: Attempt to update InputPolicyFlags without permission ACCESS_SURFACE_FLINGER
04-17 18:01:37.965  5274  5587 V WindowManager: Relayout Window{4467183 u0 PopupWindow:a668409}: viewVisibility=0 req=336x1260 d0
04-17 18:01:37.967  4929  6292 I SurfaceFlinger: id=6849 createSurf (169x169),-3 flag=40004, PopupWindow:a668409$_24018#0
04-17 18:01:37.974 24018 24149 I ViewRootImpl@1d7260e[PopupWindow:a668409]: Resizing android.view.ViewRootImpl@9e3951a: frame=[576,756][912,2016] reportDraw=true forceLayout=false backDropFrame=Rect(0, 0 - 336, 1260)
04-17 18:01:37.975  5274  5587 V WindowManager: Relayout hash=4467183, pid=24018: mAttrs={(576,756)(336x1260) gr=TOP START CENTER DISPLAY_CLIP_VERTICAL sim={state=unchanged adjust=resize} ty=APPLICATION_SUB_PANEL fmt=TRANSLUCENT surfaceInsets=Rect(84, 84 - 84, 84) (manual)
04-17 18:01:37.975  5274  5587 V WindowManager:   fl=41860200
04-17 18:01:37.975  5274  5587 V WindowManager:   pfl=2018000
04-17 18:01:37.975  5274  5587 V WindowManager:   bhv=DEFAULT
04-17 18:01:37.975  5274  5587 V WindowManager:   fitTypes=STATUS_BARS NAVIGATION_BARS CAPTION_BAR IME naviIconColor=0
04-17 18:01:37.975  5274  5587 V WindowManager:   sfl=20000}
04-17 18:01:37.976  4929  4929 I Layer   : id=6844 removeFromCurrentState Surface(name=827a6a6 StatusBar)/@0x26f0a66 - animation-leash of insets_animation#1 (111)
04-17 18:01:37.976  4929  4929 I Layer   : id=6845 removeFromCurrentState Surface(name=175e94d NavigationBar0)/@0xef769fd - animation-leash of insets_animation#0 (111)
04-17 18:01:37.976  4929  4929 E SurfaceFlinger: Attempt to update InputPolicyFlags without permission ACCESS_SURFACE_FLINGER
04-17 18:01:37.980 24018 24018 D InsetsSourceConsumer: ensureControlAlpha: for ITYPE_NAVIGATION_BAR on PopupWindow:a668409
04-17 18:01:37.982 24018 24018 D InsetsSourceConsumer: ensureControlAlpha: for ITYPE_STATUS_BAR on PopupWindow:a668409
04-17 18:01:37.984 24018 24018 I ViewRootImpl@1d7260e[PopupWindow:a668409]: Relayout returned: old=(0,83,1080,2214) new=(576,756,912,2016) req=(336,1260)0 dur=16 res=0x7 s={true 488272982016} ch=true fn=-1
04-17 18:01:37.989 24018 24051 D OpenGLRenderer: eglCreateWindowSurface
04-17 18:01:37.993  4929  4929 E SurfaceFlinger: Attempt to update InputPolicyFlags without permission ACCESS_SURFACE_FLINGER
04-17 18:01:37.995  5274  7528 D InputDispatcher: Focus request (0): 4467183 PopupWindow:a668409 but waiting because NOT_VISIBLE
04-17 18:01:37.995  5274  7528 D InputDispatcher: Focus left window (0): ae17f2d com.myapp.alist/com.myapp.alist.ui.MainActivity
04-17 18:01:38.010  4929  4929 E SurfaceFlinger: Attempt to update InputPolicyFlags without permission ACCESS_SURFACE_FLINGER
04-17 18:01:38.023 24018 24018 D AbsListView:  in onLayout changed
04-17 18:01:38.025 24018 24018 I ViewRootImpl@1d7260e[PopupWindow:a668409]: [DP] dp(1) 0 android.view.ViewRootImpl.reportNextDraw:11442 android.view.ViewRootImpl.performTraversals:4198 android.view.ViewRootImpl.doTraversal:2924
04-17 18:01:38.026  4929  4929 E SurfaceFlinger: Attempt to update InputPolicyFlags without permission ACCESS_SURFACE_FLINGER
04-17 18:01:38.028 24018 24018 D ViewRootImpl@1d7260e[PopupWindow:a668409]: Creating frameDrawingCallback nextDrawUseBlastSync=false reportNextDraw=true hasBlurUpdates=false
04-17 18:01:38.028 24018 24018 D ViewRootImpl@1d7260e[PopupWindow:a668409]: Creating frameCompleteCallback
04-17 18:01:38.036 24018 24077 D ViewRootImpl@1d7260e[PopupWindow:a668409]: Received frameDrawingCallback frameNum=1. Creating transactionCompleteCallback=false
04-17 18:01:38.043  4929  4929 E SurfaceFlinger: Attempt to update InputPolicyFlags without permission ACCESS_SURFACE_FLINGER
04-17 18:01:38.045 24018 24051 D ViewRootImpl@1d7260e[PopupWindow:a668409]: Received frameCompleteCallback  lastAcquiredFrameNum=1 lastAttemptedDrawFrameNum=1
04-17 18:01:38.056 24018 24018 I ViewRootImpl@1d7260e[PopupWindow:a668409]: [DP] pdf(0) 0 android.view.ViewRootImpl.lambda$addFrameCompleteCallbackIfNeeded$3$ViewRootImpl:5000 android.view.ViewRootImpl$$ExternalSyntheticLambda16.run:6 android.os.Handler.handleCallback:938
04-17 18:01:38.056 24018 24018 I ViewRootImpl@1d7260e[PopupWindow:a668409]: [DP] rdf()
04-17 18:01:38.056 24018 24018 D ViewRootImpl@1d7260e[PopupWindow:a668409]: reportDrawFinished (fn: -1)
04-17 18:01:38.060  4929  4929 E SurfaceFlinger: Attempt to update InputPolicyFlags without permission ACCESS_SURFACE_FLINGER
04-17 18:01:38.060  4929  4929 E SurfaceFlinger: Attempt to update InputPolicyFlags without permission ACCESS_SURFACE_FLINGER
04-17 18:01:38.060  4929  4929 E SurfaceFlinger: Attempt to update InputPolicyFlags without permission ACCESS_SURFACE_FLINGER
04-17 18:01:38.062  4929  4966 I SurfaceFlinger: id=6845 Removed Surface(name=175e94d NavigationBar0)/@0xef769fd - animation-leash of insets_animation#0 (111)
04-17 18:01:38.062  4929  4966 I SurfaceFlinger: id=6844 Removed Surface(name=827a6a6 StatusBar)/@0x26f0a66 - animation-leash of insets_animation#1 (111)
04-17 18:01:38.065 24018 24018 I ViewRootImpl@1d7260e[PopupWindow:a668409]: handleResized, msg = 5 frames=ClientWindowFrames{frame=[576,756][912,2016] display=[-10000,-10000][10000,10000] backdrop=[0,0][336,1260]} forceNextWindowRelayout=false displayId=0 frameChanged=false backdropFrameChanged=true configChanged=false displayChanged=false mNextDrawUseBlastSync=false mergedConfiguration={mGlobalConfig={1.1 234mcc15mnc [en_GB] ldltr sw411dp w411dp h811dp 420dpi nrml long hdr port finger -keyb/v/h -nav/h winConfig={ mBounds=Rect(0, 0 - 1080, 2340) mAppBounds=Rect(0, 83 - 1080, 2214) mMaxBounds=Rect(0, 0 - 1080, 2340) mWindowingMode=fullscreen mDisplayWindowingMode=fullscreen mActivityType=undefined mAlwaysOnTop=undefined mRotation=ROTATION_0 mPopOver=off mFreeformTaskPinningState=unpinned} s.2031 fontWeightAdjustment=0 ff=0 bf=0 bts=0 enb/d themeSeq=0} mOverrideConfig={1.1 234mcc15mnc [en_GB] ldltr sw411dp w411dp h811dp 420dpi nrml long hdr port finger -keyb/v/h -nav/h winConfig={ mBounds=Rect(0, 0 - 1080, 2340) mAppBounds=Rect(0, 83 - 1080, 2214) mMaxBounds=Rect(0, 0 - 1080, 2340) mWindowingMode=fullscreen mDisplayWindowingMode=fullscreen mActivityType=standard mAlwaysOnTop=undefined mRotation=ROTATION_0 mPopOver=off mFreeformTaskPinningState=unpinned} s.1 fontWeightAdjustment=0 ff=0 bf=0 bts=0 enb/d themeSeq=0}}
04-17 18:01:38.065 24018 24018 I ViewRootImpl@1d7260e[PopupWindow:a668409]: [DP] dp(1) 0 android.view.ViewRootImpl.reportNextDraw:11442 android.view.ViewRootImpl.handleResized:2235 android.view.ViewRootImpl.access$1200:303
04-17 18:01:38.069 24018 24051 D OpenGLRenderer: setSurface called with nullptr
04-17 18:01:38.069 24018 24051 D OpenGLRenderer: setSurface() destroyed EGLSurface
04-17 18:01:38.069 24018 24051 D OpenGLRenderer: destroyEglSurface
04-17 18:01:38.072 24018 24018 I ViewRootImpl@31db8ae[PopupWindow:9773d29]: dispatchDetachedFromWindow
04-17 18:01:38.073  5274  7487 D InputTransport: Input channel destroyed: '212fd93', fd=555
04-17 18:01:38.074  5274  7487 W InputManager-JNI: Input channel object '212fd93 PopupWindow:9773d29 (client)' was disposed without first being removed with the input manager!
04-17 18:01:38.074  5274  7487 D InputTransport: Input channel destroyed: '212fd93', fd=605
04-17 18:01:38.076  4929  4929 I Layer   : id=6843 removeFromCurrentState PopupWindow:9773d29$_24018#0 (111)
04-17 18:01:38.076  4929  4929 I SurfaceFlinger: id=6843 Removed PopupWindow:9773d29$_24018#0 (111)
04-17 18:01:38.077  4929  4929 I Layer   : id=6844 Destroyed Surface(name=827a6a6 StatusBar)/@0x26f0a66 - animation-leash of insets_animation#1
04-17 18:01:38.077  4929  4929 I Layer   : id=6845 Destroyed Surface(name=175e94d NavigationBar0)/@0xef769fd - animation-leash of insets_animation#0
04-17 18:01:38.078  5274  5587 D InputDispatcher: Focus entered window (0): 4467183 PopupWindow:a668409
04-17 18:01:38.080  4929  4929 I Layer   : id=6843 Destroyed PopupWindow:9773d29$_24018#0
04-17 18:01:38.086 24018 24018 D InputTransport: Input channel destroyed: '212fd93', fd=128
04-17 18:01:38.088  4929  4929 D SurfaceFlinger: Display 0 HWC layers:
04-17 18:01:38.088  4929  4929 D SurfaceFlinger:      DEVICE | 0x71a58daf40 | 0102 | RGBA_8888    |    0.0    0.0 1080.0 2340.0 |    0    0 1080 2340 | com.myapp.alist/com.myapp.alist.ui.MainActivity$_24018#0
04-17 18:01:38.088  4929  4929 D SurfaceFlinger:      DEVICE | 0x71a58bed00 | 0100 | RGBA_8888    |    0.0    0.0  504.0 1428.0 |  492  672  996 2100 | PopupWindow:a668409$_24018#0
04-17 18:01:38.088  4929  4929 D SurfaceFlinger:      DEVICE | 0x71a58bf200 | 0100 | RGBA_8888    |    0.0    0.0 1080.0   78.0 |    0    0 1080   78 | StatusBar$_5598#0
04-17 18:01:38.088  4929  4929 D SurfaceFlinger:      DEVICE | 0x71a599a6c0 | 0100 | RGBA_8888    |    0.0    0.0   67.0  362.0 | 1013 1637 1080 1999 | com.samsung.android.app.cocktailbars[...]arservice.CocktailBarService$_7578#0
04-17 18:01:38.088  4929  4929 D SurfaceFlinger:      DEVICE | 0x71a58dcfc0 | 0100 | RGBA_8888    |    0.0    0.0 1080.0  126.0 |    0 2214 1080 2340 | NavigationBar0$_5598#0
04-17 18:01:38.088  4929  4929 D SurfaceFlinger:      DEVICE | 0x7170160d40 | 0140 | RGBA_8888    |    0.0    0.0 1080.0  151.0 |    0    0 1080  151 | ScreenDecorOverlay$_5598#0
04-17 18:01:38.088  4929  4929 D SurfaceFlinger:      DEVICE | 0x71a3dca740 | 0140 | RGBA_8888    |    0.0    0.0 1080.0  151.0 |    0 2189 1080 2340 | ScreenDecorOverlayBottom$_5598#0
04-17 18:01:38.088  4929  4929 D SurfaceFlinger:
04-17 18:01:38.088 24018 24018 D ViewRootImpl@1d7260e[PopupWindow:a668409]: Creating frameDrawingCallback nextDrawUseBlastSync=false reportNextDraw=true hasBlurUpdates=false
04-17 18:01:38.089 24018 24018 D ViewRootImpl@1d7260e[PopupWindow:a668409]: Creating frameCompleteCallback
04-17 18:01:38.089 24018 24078 D ViewRootImpl@1d7260e[PopupWindow:a668409]: Received frameDrawingCallback frameNum=2. Creating transactionCompleteCallback=false
04-17 18:01:38.092 24018 24051 D ViewRootImpl@1d7260e[PopupWindow:a668409]: Received frameCompleteCallback  lastAcquiredFrameNum=2 lastAttemptedDrawFrameNum=2
04-17 18:01:38.093  4929  4929 I Layer   : id=6840 removeFromCurrentState 212fd93 PopupWindow:9773d29#0 (108)
04-17 18:01:38.093  4929  4929 E SurfaceFlinger: Attempt to update InputPolicyFlags without permission ACCESS_SURFACE_FLINGER
04-17 18:01:38.093  4929  4929 E SurfaceFlinger: Attempt to update InputPolicyFlags without permission ACCESS_SURFACE_FLINGER
04-17 18:01:38.093  4929  4929 I SurfaceFlinger: id=6840 Removed 212fd93 PopupWindow:9773d29#0 (108)
04-17 18:01:38.094  4929  4929 I Layer   : id=6840 Destroyed 212fd93 PopupWindow:9773d29#0
04-17 18:01:38.097 24018 24018 I ViewRootImpl@1d7260e[PopupWindow:a668409]: [DP] pdf(0) 0 android.view.ViewRootImpl.lambda$addFrameCompleteCallbackIfNeeded$3$ViewRootImpl:5000 android.view.ViewRootImpl$$ExternalSyntheticLambda16.run:6 android.os.Handler.handleCallback:938
04-17 18:01:38.097 24018 24018 I ViewRootImpl@1d7260e[PopupWindow:a668409]: [DP] rdf()
04-17 18:01:38.097 24018 24018 D ViewRootImpl@1d7260e[PopupWindow:a668409]: reportDrawFinished (fn: -1)
04-17 18:01:38.099 24018 24018 I ViewRootImpl@90ba39b[MainActivity]: MSG_WINDOW_FOCUS_CHANGED 0 1
04-17 18:01:38.108 24018 24018 I ViewRootImpl@1d7260e[PopupWindow:a668409]: MSG_WINDOW_FOCUS_CHANGED 1 1
04-17 18:01:38.110  4929  4929 E SurfaceFlinger: Attempt to update InputPolicyFlags without permission ACCESS_SURFACE_FLINGER
04-17 18:01:38.126  4929  4929 E SurfaceFlinger: Attempt to update InputPolicyFlags without permission ACCESS_SURFACE_FLINGER
04-17 18:01:38.127  4929  4929 E SurfaceFlinger: Attempt to update InputPolicyFlags without permission ACCESS_SURFACE_FLINGER
04-17 18:01:38.143  4929  4929 E SurfaceFlinger: Attempt to update InputPolicyFlags without permission ACCESS_SURFACE_FLINGER
04-17 18:01:38.144  4929  4929 E SurfaceFlinger: Attempt to update InputPolicyFlags without permission ACCESS_SURFACE_FLINGER
04-17 18:01:38.160  4929  4929 E SurfaceFlinger: Attempt to update InputPolicyFlags without permission ACCESS_SURFACE_FLINGER
04-17 18:01:38.160  4929  4929 E SurfaceFlinger: Attempt to update InputPolicyFlags without permission ACCESS_SURFACE_FLINGER
04-17 18:01:38.168  5274  5294 I GestureDetector: handleMessage TAP
04-17 18:01:38.169  5274  5274 I GestureDetector: handleMessage TAP
04-17 18:01:38.176  4929  4929 E SurfaceFlinger: Attempt to update InputPolicyFlags without permission ACCESS_SURFACE_FLINGER
04-17 18:01:38.177  4929  4929 E SurfaceFlinger: Attempt to update InputPolicyFlags without permission ACCESS_SURFACE_FLINGER
04-17 18:01:38.193  4929  4929 E SurfaceFlinger: Attempt to update InputPolicyFlags without permission ACCESS_SURFACE_FLINGER
04-17 18:01:38.194  4929  4929 E SurfaceFlinger: Attempt to update InputPolicyFlags without permission ACCESS_SURFACE_FLINGER
04-17 18:01:38.210  4929  4929 E SurfaceFlinger: Attempt to update InputPolicyFlags without permission ACCESS_SURFACE_FLINGER
04-17 18:01:38.210  4929  4929 E SurfaceFlinger: Attempt to update InputPolicyFlags without permission ACCESS_SURFACE_FLINGER
04-17 18:01:38.227  4929  4929 E SurfaceFlinger: Attempt to update InputPolicyFlags without permission ACCESS_SURFACE_FLINGER
04-17 18:01:38.227  4929  4929 E SurfaceFlinger: Attempt to update InputPolicyFlags without permission ACCESS_SURFACE_FLINGER
04-17 18:01:38.243  4929  4929 E SurfaceFlinger: Attempt to update InputPolicyFlags without permission ACCESS_SURFACE_FLINGER
04-17 18:01:38.243  4929  4929 E SurfaceFlinger: Attempt to update InputPolicyFlags without permission ACCESS_SURFACE_FLINGER
04-17 18:01:38.260  4929  4929 E SurfaceFlinger: Attempt to update InputPolicyFlags without permission ACCESS_SURFACE_FLINGER
04-17 18:01:38.260  4929  4929 E SurfaceFlinger: Attempt to update InputPolicyFlags without permission ACCESS_SURFACE_FLINGER
04-17 18:01:38.277  4929  4929 E SurfaceFlinger: Attempt to update InputPolicyFlags without permission ACCESS_SURFACE_FLINGER
04-17 18:01:38.277  4929  4929 E SurfaceFlinger: Attempt to update InputPolicyFlags without permission ACCESS_SURFACE_FLINGER
04-17 18:01:38.293  4929  4929 E SurfaceFlinger: Attempt to update InputPolicyFlags without permission ACCESS_SURFACE_FLINGER
04-17 18:01:38.293  4929  4929 E SurfaceFlinger: Attempt to update InputPolicyFlags without permission ACCESS_SURFACE_FLINGER
04-17 18:01:38.310  4929  4929 E SurfaceFlinger: Attempt to update InputPolicyFlags without permission ACCESS_SURFACE_FLINGER
04-17 18:01:38.310  4929  4929 E SurfaceFlinger: Attempt to update InputPolicyFlags without permission ACCESS_SURFACE_FLINGER
04-17 18:01:38.327  4929  4929 E SurfaceFlinger: Attempt to update InputPolicyFlags without permission ACCESS_SURFACE_FLINGER
04-17 18:01:38.327  4929  4929 E SurfaceFlinger: Attempt to update InputPolicyFlags without permission ACCESS_SURFACE_FLINGER
04-17 18:01:38.340 24018 24018 I ViewInteraction: Performing 'load adapter data' action on view is assignable from class <class android.widget.AdapterView>
04-17 18:01:38.343  4929  4929 E SurfaceFlinger: Attempt to update InputPolicyFlags without permission ACCESS_SURFACE_FLINGER
04-17 18:01:38.343  4929  4929 E SurfaceFlinger: Attempt to update InputPolicyFlags without permission ACCESS_SURFACE_FLINGER
04-17 18:01:38.358 24018 24018 I ViewInteraction: Performing 'single click' action on view  displaying data matching: (is an instance of java.lang.String and is "Current") within adapter view matching: is assignable from class <class android.widget.AdapterView>
04-17 18:01:38.360  4929  4929 E SurfaceFlinger: Attempt to update InputPolicyFlags without permission ACCESS_SURFACE_FLINGER
04-17 18:01:38.360  5274  7487 D InputDispatcher: Inject motion (24018): action=0x0, time=10536875000000, f=0x0, d=0
04-17 18:01:38.363  5274  5414 I InputDispatcher: Delivering touch to (5598): action: 0x4, f=0x0, d=0, '175e94d', t=0
04-17 18:01:38.363  5274  5414 I InputDispatcher: Delivering touch to (24018): action: 0x0, f=0x0, d=0, '4467183', t=0 +(-576,-756)
04-17 18:01:38.364 24018 24018 I ViewRootImpl@1d7260e[PopupWindow:a668409]: ViewPostIme pointer 0
04-17 18:01:38.364  5274  5294 I GestureDetector: obtain mCurrentDownEvent. id: -516244060 caller: com.android.server.wm.SystemGesturesPointerEventListener.onPointerEvent:179 com.android.server.wm.PointerEventDispatcher.onInputEvent:71 android.view.InputEventReceiver.dispatchInputEvent:259
04-17 18:01:38.365  5274  5294 I GestureDetector: obtain mCurrentDownEvent. id: -516244060 caller: com.android.server.wm.SystemPerformancePointerEventListener.onPointerEvent:89 com.android.server.wm.PointerEventDispatcher.onInputEvent:71 android.view.InputEventReceiver.dispatchInputEvent:259
04-17 18:01:38.401  5274  7487 D InputDispatcher: Inject motion (24018): action=0x1, time=10536917000000, f=0x0, d=0
04-17 18:01:38.402  5274  5414 I InputDispatcher: Delivering touch to (24018): action: 0x1, f=0x0, d=0, '4467183', t=0 +(-576,-756)
04-17 18:01:38.402 24018 24018 I ViewRootImpl@1d7260e[PopupWindow:a668409]: ViewPostIme pointer 1
04-17 18:01:38.402  5274  5294 I GestureDetector: obtain mCurrentMotionEventRaw. action: 1 id: -768767468
04-17 18:01:38.402 24018 24018 D AbsListView: onTouchUp() mTouchMode : 0
04-17 18:01:38.403  5274  5294 I GestureDetector: obtain mCurrentMotionEventRaw. action: 1 id: -768767468
04-17 18:01:38.427  4929  4929 E SurfaceFlinger: Attempt to update InputPolicyFlags without permission ACCESS_SURFACE_FLINGER
04-17 18:01:38.443  4929  4929 E SurfaceFlinger: Attempt to update InputPolicyFlags without permission ACCESS_SURFACE_FLINGER
04-17 18:01:38.460  4929  4929 E SurfaceFlinger: Attempt to update InputPolicyFlags without permission ACCESS_SURFACE_FLINGER
04-17 18:01:38.477  4929  4929 E SurfaceFlinger: Attempt to update InputPolicyFlags without permission ACCESS_SURFACE_FLINGER
04-17 18:01:38.481  5274  7487 V WindowManager: Relayout Window{4467183 u0 PopupWindow:a668409}: viewVisibility=0 req=336x1260 d0
04-17 18:01:38.487  4929  4965 I SurfaceFlinger: id=6850 createSurf (0x0),-1 flag=24000, Surface(name=827a6a6 StatusBar)/@0x26f0a66 - animation-leash of insets_animation#1
04-17 18:01:38.489  4929  4965 I SurfaceFlinger: id=6851 createSurf (0x0),-1 flag=24000, Surface(name=175e94d NavigationBar0)/@0xef769fd - animation-leash of insets_animation#0
04-17 18:01:38.492  5274  7487 V WindowManager: Relayout hash=4467183, pid=24018: mAttrs={(576,756)(336x1260) gr=TOP START CENTER DISPLAY_CLIP_VERTICAL sim={state=unchanged adjust=pan} ty=APPLICATION_SUB_PANEL fmt=TRANSLUCENT surfaceInsets=Rect(84, 84 - 84, 84) (manual)
04-17 18:01:38.492  5274  7487 V WindowManager:   fl=41840218
04-17 18:01:38.492  5274  7487 V WindowManager:   pfl=42018000
04-17 18:01:38.492  5274  7487 V WindowManager:   bhv=DEFAULT
04-17 18:01:38.492  5274  7487 V WindowManager:   fitTypes=STATUS_BARS NAVIGATION_BARS CAPTION_BAR naviIconColor=0
04-17 18:01:38.492  5274  7487 V WindowManager:   sfl=20000}
04-17 18:01:38.499 24018 24018 I ViewRootImpl@1d7260e[PopupWindow:a668409]: Relayout returned: old=(576,756,912,2016) new=(576,756,912,2016) req=(336,1260)0 dur=14 res=0x1 s={true 488272982016} ch=false fn=22
04-17 18:01:38.511  4929  4929 I Layer   : id=6847 removeFromCurrentState Surface(name=827a6a6 StatusBar)/@0x26f0a66 - animation-leash of insets_animation#0 (109)
04-17 18:01:38.511  4929  4929 I Layer   : id=6848 removeFromCurrentState Surface(name=175e94d NavigationBar0)/@0xef769fd - animation-leash of insets_animation#1 (109)
04-17 18:01:38.511  4929  4929 E SurfaceFlinger: Attempt to update InputPolicyFlags without permission ACCESS_SURFACE_FLINGER
04-17 18:01:38.511  4929  4929 I SurfaceFlinger: id=6847 Removed Surface(name=827a6a6 StatusBar)/@0x26f0a66 - animation-leash of insets_animation#0 (109)
04-17 18:01:38.511  4929  4929 I SurfaceFlinger: id=6848 Removed Surface(name=175e94d NavigationBar0)/@0xef769fd - animation-leash of insets_animation#1 (109)
04-17 18:01:38.512  4929  4929 I Layer   : id=6847 Destroyed Surface(name=827a6a6 StatusBar)/@0x26f0a66 - animation-leash of insets_animation#0
04-17 18:01:38.512  4929  4929 I Layer   : id=6848 Destroyed Surface(name=175e94d NavigationBar0)/@0xef769fd - animation-leash of insets_animation#1
04-17 18:01:38.513  5274  7487 D InputDispatcher: Focus left window (0): 4467183 PopupWindow:a668409
04-17 18:01:38.516  5274  7487 D InputDispatcher: Focus entered window (0): ae17f2d com.myapp.alist/com.myapp.alist.ui.MainActivity
04-17 18:01:38.527  4929  4929 E SurfaceFlinger: Attempt to update InputPolicyFlags without permission ACCESS_SURFACE_FLINGER
04-17 18:01:38.529 24018 24018 D InsetsSourceConsumer: ensureControlAlpha: for ITYPE_NAVIGATION_BAR on com.myapp.alist/com.myapp.alist.ui.MainActivity
04-17 18:01:38.530 24018 24018 D InsetsSourceConsumer: ensureControlAlpha: for ITYPE_STATUS_BAR on com.myapp.alist/com.myapp.alist.ui.MainActivity
04-17 18:01:38.538 24018 24018 I ViewRootImpl@1d7260e[PopupWindow:a668409]: MSG_WINDOW_FOCUS_CHANGED 0 1
04-17 18:01:38.540 24018 24018 I ViewRootImpl@90ba39b[MainActivity]: MSG_WINDOW_FOCUS_CHANGED 1 1
04-17 18:01:38.543 24018 24018 I InputMethodManager: startInputAsyncOnWindowFocusGain - mService.startInputOrWindowGainedFocus
04-17 18:01:38.544  4929  4929 E SurfaceFlinger: Attempt to update InputPolicyFlags without permission ACCESS_SURFACE_FLINGER
04-17 18:01:38.544  4929  4929 E SurfaceFlinger: Attempt to update InputPolicyFlags without permission ACCESS_SURFACE_FLINGER
04-17 18:01:38.561  4929  4929 E SurfaceFlinger: Attempt to update InputPolicyFlags without permission ACCESS_SURFACE_FLINGER
04-17 18:01:38.577  4929  4929 E SurfaceFlinger: Attempt to update InputPolicyFlags without permission ACCESS_SURFACE_FLINGER
04-17 18:01:38.594  4929  4929 E SurfaceFlinger: Attempt to update InputPolicyFlags without permission ACCESS_SURFACE_FLINGER
04-17 18:01:38.611  4929  4929 E SurfaceFlinger: Attempt to update InputPolicyFlags without permission ACCESS_SURFACE_FLINGER
04-17 18:01:38.628  4929  4929 E SurfaceFlinger: Attempt to update InputPolicyFlags without permission ACCESS_SURFACE_FLINGER
04-17 18:01:38.644  4929  4929 E SurfaceFlinger: Attempt to update InputPolicyFlags without permission ACCESS_SURFACE_FLINGER
04-17 18:01:38.661  4929  4929 E SurfaceFlinger: Attempt to update InputPolicyFlags without permission ACCESS_SURFACE_FLINGER
04-17 18:01:38.665  5274  5294 I GestureDetector: handleMessage TAP
04-17 18:01:38.665  5274  5274 I GestureDetector: handleMessage TAP
04-17 18:01:38.678  4929  4929 E SurfaceFlinger: Attempt to update InputPolicyFlags without permission ACCESS_SURFACE_FLINGER
04-17 18:01:38.679 24018 24018 I ViewInteraction: Checking 'MatchesViewAssertion{viewMatcher=an instance of android.widget.Spinner and spinner.getSelectedItem().toString() to match a string containing "Current"}' assertion on view view.getId() is <2131296687/com.myapp.alist:id/spinner2>
04-17 18:01:38.693 24018 24018 I ViewInteraction: Checking 'MatchesViewAssertion{viewMatcher=an instance of android.widget.TextView and view.getText() with or without transformation to match: is "Select Mode: Containing"}' assertion on view view.getId() is <2131296397/com.myapp.alist:id/currentSelectTextView>
04-17 18:01:38.694  4929  4929 E SurfaceFlinger: Attempt to update InputPolicyFlags without permission ACCESS_SURFACE_FLINGER
04-17 18:01:38.703 24018 24018 I ViewInteraction: Checking 'MatchesViewAssertion{viewMatcher=an instance of android.widget.TextView and view.getText() with or without transformation to match: is "1 Row Selected"}' assertion on view view.getId() is <2131296544/com.myapp.alist:id/messageTextView>
04-17 18:01:38.711  4929  4929 E SurfaceFlinger: Attempt to update InputPolicyFlags without permission ACCESS_SURFACE_FLINGER
04-17 18:01:38.722  5274  5998 I SemDvfsHyPerManager: acquire hyper - AMS_APP_SWITCH/5274@27, type = -999
04-17 18:01:38.723  4882  4921 I HYPER-HAL: [RequestManager.cpp]acquire(): Acquired ID : 14052978  [5274 / 27]    HINT : AMS_APP_SWITCH    list :
04-17 18:01:38.724  7400  7400 I SemDvfsHyPerManager: acquire hyper - APP_START_SHORT/7400@13, type = -999
04-17 18:01:38.725  4929  4965 I SurfaceFlinger: id=6852 createSurf (0x0),-1 flag=24004, Task=74#0
04-17 18:01:38.728  4929  4929 E SurfaceFlinger: Attempt to update InputPolicyFlags without permission ACCESS_SURFACE_FLINGER
04-17 18:01:38.728  4882  4921 I HYPER-HAL: [RequestManager.cpp]acquire(): Acquired ID : 27480004  [7400 / 13]    HINT : APP_START    list : [TIMEOUT / 1500]
04-17 18:01:38.730  4929  4965 I SurfaceFlinger: id=6853 createSurf (0x0),-1 flag=80004, ActivityRecord{5f39830 u0 com.myapp.alist.test/androidx.test.core.app.InstrumentationActivityInvoker$EmptyActivity t74}#0
04-17 18:01:38.737  5274  7487 I SemDvfsHyPerManager: acquire hyper - AMS_APP_LAUNCH/5274@14, type = -999
04-17 18:01:38.737  4882  4921 I HYPER-HAL: [RequestManager.cpp]acquire(): Acquired ID : 13984130  [5274 / 14]    HINT : AMS_APP_LAUNCH    list :
04-17 18:01:38.738  7400  7400 I SemDvfsHyPerManager: acquire hyper - APP_START/7400@14, type = -999
04-17 18:01:38.739  4882  4921 I HYPER-HAL: [RequestManager.cpp]acquire(): Acquired ID : 27487419  [7400 / 14]    HINT : APP_START    list :
04-17 18:01:38.739  5274  7528 D InputTransport: Input channel constructed: '532075c', fd=555
04-17 18:01:38.739  5274  7528 D InputTransport: Input channel constructed: '532075c', fd=605
04-17 18:01:38.739 24018 24018 D LifecycleMonitor: Lifecycle status change: com.myapp.alist.ui.MainActivity@c05abbb in: PAUSED
04-17 18:01:38.739  5274  7528 D InputTransport: Input channel constructed: '532075c', fd=680
04-17 18:01:38.740 24018 24018 V ActivityScenario: Update currentActivityStage to PAUSED, currentActivity=com.myapp.alist.ui.MainActivity@c05abbb
04-17 18:01:38.740  4929  4966 I SurfaceFlinger: id=6854 createSurf (0x0),-1 flag=80004, 532075c Splash Screen com.myapp.alist.test#0
04-17 18:01:38.740  5274  7528 D InputTransport: Input channel destroyed: '532075c', fd=680
04-17 18:01:38.741  5598  5675 I ViewRootImpl@fef6653[test]: setView = android.widget.FrameLayout@f3748e TM=true
04-17 18:01:38.744  4929  4929 E SurfaceFlinger: Attempt to update InputPolicyFlags without permission ACCESS_SURFACE_FLINGER
04-17 18:01:38.745  5274  5587 D InputDispatcher: Focused application set to (0): 5f39830
04-17 18:01:38.752  5274  7528 V WindowManager: Relayout Window{532075c u0 Splash Screen com.myapp.alist.test}: viewVisibility=0 req=1080x2340 d0
04-17 18:01:38.752  4929  5194 I SurfaceFlinger: id=6855 createSurf (1080x2340),-3 flag=40004, Splash Screen com.myapp.alist.test$_5598#0
04-17 18:01:38.757  5274  7528 V WindowManager: Relayout hash=532075c, pid=5598: mAttrs={(0,0)(fillxfill) sim={adjust=pan} ty=APPLICATION_STARTING fmt=TRANSLUCENT
04-17 18:01:38.757  5274  7528 V WindowManager:   fl=81030118
04-17 18:01:38.757  5274  7528 V WindowManager:   pfl=36000010
04-17 18:01:38.757  5274  7528 V WindowManager:   apr=LIGHT_STATUS_BARS LIGHT_NAVIGATION_BARS
04-17 18:01:38.757  5274  7528 V WindowManager:   bhv=DEFAULT
04-17 18:01:38.757  5274  7528 V WindowManager:   fitSides= naviIconColor=0}
04-17 18:01:38.758  5598  5675 I ViewRootImpl@fef6653[test]: Relayout returned: old=(0,0,1080,2340) new=(0,0,1080,2340) req=(1080,2340)0 dur=12 res=0x7 s={true 486287024128} ch=true fn=-1
04-17 18:01:38.759  5598  5675 I ViewRootImpl@fef6653[test]: [DP] dp(1) 0 android.view.ViewRootImpl.reportNextDraw:11442 android.view.ViewRootImpl.performTraversals:4198 android.view.ViewRootImpl.doTraversal:2924
04-17 18:01:38.759  5598  5675 D ViewRootImpl@fef6653[test]: Creating frameDrawingCallback nextDrawUseBlastSync=false reportNextDraw=true hasBlurUpdates=false
04-17 18:01:38.759  5598  5675 D ViewRootImpl@fef6653[test]: Creating frameCompleteCallback
04-17 18:01:38.759  5598  5701 D OpenGLRenderer: eglCreateWindowSurface
04-17 18:01:38.761  5598  6296 D ViewRootImpl@fef6653[test]: Received frameDrawingCallback frameNum=1. Creating transactionCompleteCallback=false
04-17 18:01:38.761  4929  4929 E SurfaceFlinger: Attempt to update InputPolicyFlags without permission ACCESS_SURFACE_FLINGER
04-17 18:01:38.765  5274  6707 I MediaSessionMonitor: Media session stopped : controllerList empty
04-17 18:01:38.771  5598  5701 D ViewRootImpl@fef6653[test]: Received frameCompleteCallback  lastAcquiredFrameNum=1 lastAttemptedDrawFrameNum=1
04-17 18:01:38.771  5274  5526 D NetdEventListenerService: DNS Requested by : 0, 1000, 7
04-17 18:01:38.772  5274  5510 W SemWifiTransportLayerUtils: getApplicationCategory - IOException com.myapp.alist.test
04-17 18:01:38.772  7578  7578 I Utils   : HomePackage : com.sec.android.app.launcher, resumePackageName : com.myapp.alist.test
04-17 18:01:38.772  5274  5510 W System.err: java.net.UnknownHostException: Unable to resolve host "play.google.com": No address associated with hostname
04-17 18:01:38.772  5274  5510 W System.err: 	at java.net.Inet6AddressImpl.lookupHostByName(Inet6AddressImpl.java:156)
04-17 18:01:38.772  5274  5510 W System.err: 	at java.net.Inet6AddressImpl.lookupAllHostAddr(Inet6AddressImpl.java:103)
04-17 18:01:38.772  5274  5510 W System.err: 	at java.net.InetAddress.getAllByName(InetAddress.java:1152)
04-17 18:01:38.772  5274  5510 W System.err: 	at com.android.okhttp.Dns$1.lookup(Dns.java:41)
04-17 18:01:38.772  5274  5510 W System.err: 	at com.android.okhttp.internal.http.RouteSelector.resetNextInetSocketAddress(RouteSelector.java:178)
04-17 18:01:38.772  5274  5510 W System.err: 	at com.android.okhttp.internal.http.RouteSelector.nextProxy(RouteSelector.java:144)
04-17 18:01:38.772  5274  5510 W System.err: 	at com.android.okhttp.internal.http.RouteSelector.next(RouteSelector.java:86)
04-17 18:01:38.772  5274  5510 W System.err: 	at com.android.okhttp.internal.http.StreamAllocation.findConnection(StreamAllocation.java:176)
04-17 18:01:38.772  5274  5510 W System.err: 	at com.android.okhttp.internal.http.StreamAllocation.findHealthyConnection(StreamAllocation.java:128)
04-17 18:01:38.772  5274  5510 W System.err: 	at com.android.okhttp.internal.http.StreamAllocation.newStream(StreamAllocation.java:97)
04-17 18:01:38.772  5274  5510 W System.err: 	at com.android.okhttp.internal.http.HttpEngine.connect(HttpEngine.java:289)
04-17 18:01:38.772  5274  5510 W System.err: 	at com.android.okhttp.internal.http.HttpEngine.sendRequest(HttpEngine.java:232)
04-17 18:01:38.772  5274  5510 W System.err: 	at com.android.okhttp.internal.huc.HttpURLConnectionImpl.execute(HttpURLConnectionImpl.java:465)
04-17 18:01:38.772  5274  5510 W System.err: 	at com.android.okhttp.internal.huc.HttpURLConnectionImpl.getResponse(HttpURLConnectionImpl.java:411)
04-17 18:01:38.772  5274  5510 W System.err: 	at com.android.okhttp.internal.huc.HttpURLConnectionImpl.getInputStream(HttpURLConnectionImpl.java:248)
04-17 18:01:38.772  5274  5510 W System.err: 	at com.android.okhttp.internal.huc.DelegatingHttpsURLConnection.getInputStream(DelegatingHttpsURLConnection.java:211)
04-17 18:01:38.772  5274  5510 W System.err: 	at com.android.okhttp.internal.huc.HttpsURLConnectionImpl.getInputStream(HttpsURLConnectionImpl.java:30)
04-17 18:01:38.772  5274  5510 W System.err: 	at com.samsung.android.server.wifi.tcp.SemWifiTransportLayerUtils.getApplicationCategory(SemWifiTransportLayerUtils.java:104)
04-17 18:01:38.773  5274  5510 W System.err: 	at com.samsung.android.server.wifi.tcp.SemWifiTransportLayerMonitor$TcpMonitorHandler.handleMessage(SemWifiTransportLayerMonitor.java:244)
04-17 18:01:38.773  5274  5510 W System.err: 	at android.os.Handler.dispatchMessage(Handler.java:106)
04-17 18:01:38.773  5274  5510 W System.err: 	at android.os.Looper.loopOnce(Looper.java:226)
04-17 18:01:38.773  5274  5510 W System.err: 	at android.os.Looper.loop(Looper.java:313)
04-17 18:01:38.773  5274  5510 W System.err: 	at android.os.HandlerThread.run(HandlerThread.java:67)
04-17 18:01:38.773  5274  5510 W System.err: Caused by: android.system.GaiException: android_getaddrinfo failed: EAI_NODATA (No address associated with hostname)
04-17 18:01:38.773  5274  5510 W System.err: 	at libcore.io.Linux.android_getaddrinfo(Native Method)
04-17 18:01:38.773  5274  5510 W System.err: 	at libcore.io.ForwardingOs.android_getaddrinfo(ForwardingOs.java:133)
04-17 18:01:38.773  5274  5510 W System.err: 	at libcore.io.BlockGuardOs.android_getaddrinfo(BlockGuardOs.java:222)
04-17 18:01:38.773  5274  5510 W System.err: 	at java.net.Inet6AddressImpl.lookupHostByName(Inet6AddressImpl.java:135)
04-17 18:01:38.773  5274  5510 W System.err: 	... 22 more
04-17 18:01:38.773  5274  5510 D SemWifiTransportLayerMonitor.TcpMonitorHandler: MSG_SAVE_PACKAGE_INFO
04-17 18:01:38.773  5274  5510 D SemWifiTransportLayerFileManager: saveWifiPackageInfoToFile
04-17 18:01:38.773  5274  5510 D SemWifiTransportLayerFileManager: writeWifiPackageInfoList
04-17 18:01:38.776  5598  5675 I ViewRootImpl@fef6653[test]: [DP] pdf(0) 0 android.view.ViewRootImpl.lambda$addFrameCompleteCallbackIfNeeded$3$ViewRootImpl:5000 android.view.ViewRootImpl$$ExternalSyntheticLambda16.run:6 android.os.Handler.handleCallback:938
04-17 18:01:38.776  5598  5675 I ViewRootImpl@fef6653[test]: [DP] rdf()
04-17 18:01:38.776  5598  5675 D ViewRootImpl@fef6653[test]: reportDrawFinished (fn: -1)
04-17 18:01:38.778  4929  4929 E SurfaceFlinger: Attempt to update InputPolicyFlags without permission ACCESS_SURFACE_FLINGER
04-17 18:01:38.779  5274  7487 D InputDispatcher: Focus left window (0): ae17f2d com.myapp.alist/com.myapp.alist.ui.MainActivity
04-17 18:01:38.782 24018 24018 I ViewRootImpl@90ba39b[MainActivity]: handleAppVisibility mAppVisible=true visible=false
04-17 18:01:38.782 24018 24018 I ViewRootImpl@1d7260e[PopupWindow:a668409]: handleAppVisibility mAppVisible=true visible=false
04-17 18:01:38.782 24018 24018 I ViewRootImpl@90ba39b[MainActivity]: MSG_WINDOW_FOCUS_CHANGED 0 1
