04-19 15:55:15.969  5232  5378 I InputDispatcher: Delivering touch to (6061): action: 0x0, f=0x0, d=0, 'e615793', t=0
04-19 15:55:15.970  5232  5255 I GestureDetector: obtain mCurrentDownEvent. id: -623247095 caller: com.android.server.wm.SystemGesturesPointerEventListener.onPointerEvent:179 com.android.server.wm.PointerEventDispatcher.onInputEvent:71 android.view.InputEventReceiver.dispatchInputEvent:259
04-19 15:55:15.971  5232  5255 I GestureDetector: obtain mCurrentDownEvent. id: -623247095 caller: com.android.server.wm.SystemPerformancePointerEventListener.onPointerEvent:89 com.android.server.wm.PointerEventDispatcher.onInputEvent:71 android.view.InputEventReceiver.dispatchInputEvent:259
04-19 15:55:15.972  6061  6061 I ViewRootImpl@79cdf24[MainActivity]: ViewPostIme pointer 0
04-19 15:55:15.973  6061  6061 I MSHandlerLifeCycle: isMultiSplitHandlerRequested: windowingMode=1 isFullscreen=true isPopOver=false isHidden=false skipActivityType=false isHandlerType=true this: DecorView@e4c4401[MainActivity]
04-19 15:55:15.981  4894  4894 E SurfaceFlinger: Attempt to update InputPolicyFlags without permission ACCESS_SURFACE_FLINGER
04-19 15:55:15.998  4894  4894 E SurfaceFlinger: Attempt to update InputPolicyFlags without permission ACCESS_SURFACE_FLINGER
04-19 15:55:16.010  5232  7403 D InputDispatcher: Inject motion (6061): action=0x1, time=6875709000000, f=0x0, d=0
04-19 15:55:16.011  5232  5378 I InputDispatcher: Delivering touch to (6061): action: 0x1, f=0x0, d=0, 'e615793', t=0
04-19 15:55:16.011  5232  5255 I GestureDetector: obtain mCurrentMotionEventRaw. action: 1 id: -675223054
04-19 15:55:16.012  6061  6061 I ViewRootImpl@79cdf24[MainActivity]: ViewPostIme pointer 1
04-19 15:55:16.012  5232  5255 I GestureDetector: obtain mCurrentMotionEventRaw. action: 1 id: -675223054
04-19 15:55:16.012  6061  6061 I MSHandlerLifeCycle: isMultiSplitHandlerRequested: windowingMode=1 isFullscreen=true isPopOver=false isHidden=false skipActivityType=false isHandlerType=true this: DecorView@e4c4401[MainActivity]
04-19 15:55:16.014  4894  4894 E SurfaceFlinger: Attempt to update InputPolicyFlags without permission ACCESS_SURFACE_FLINGER
04-19 15:55:16.031  4894  4894 E SurfaceFlinger: Attempt to update InputPolicyFlags without permission ACCESS_SURFACE_FLINGER
04-19 15:55:16.032  4894  4894 E SurfaceFlinger: Attempt to update InputPolicyFlags without permission ACCESS_SURFACE_FLINGER
04-19 15:55:16.048  4894  4894 E SurfaceFlinger: Attempt to update InputPolicyFlags without permission ACCESS_SURFACE_FLINGER
04-19 15:55:16.048  4894  4894 E SurfaceFlinger: Attempt to update InputPolicyFlags without permission ACCESS_SURFACE_FLINGER
04-19 15:55:16.064  6061  6061 D InputMethodManager: startInputInner - Id : 0
04-19 15:55:16.065  4894  4894 E SurfaceFlinger: Attempt to update InputPolicyFlags without permission ACCESS_SURFACE_FLINGER
04-19 15:55:16.067  6061  6061 I InputMethodManager: startInputInner - mService.startInputOrWindowGainedFocus
04-19 15:55:16.069  5232  7701 D InputMethodManagerService: mDesktopModeManager null!
04-19 15:55:16.070  5232  7701 V InputMethodManagerService: getDisplayIdOfInputMethodWindowToBeAdded : 0
04-19 15:55:16.070  5232  7701 D InputMethodManagerService: checkDisplayOfStartInputAndUpdateKeyboard display Id 0last 0
04-19 15:55:16.071  5232  7701 D InputTransport: Input channel constructed: 'ClientS', fd=810
04-19 15:55:16.071  5232  7701 D InputTransport: Input channel destroyed: 'ClientS', fd=810
04-19 15:55:16.077  7937  7937 I HBD     : HoneyBoardService [IMI] onStartInput - caller pid : 6061 , caller uid : 10423
04-19 15:55:16.077  7937  7937 I HBD     : j updateConfigs
04-19 15:55:16.077  7937  7937 I HBD     : j isEnabledNightMode : false
04-19 15:55:16.077  7937  7937 I HBD     : a IC have been binding, InputConnectionWrapper{idHash=#c1a1f12 mMissingMethods=}
04-19 15:55:16.078  7937  7937 W HBD     : b [EditorInputType] undefined Enter action code : 0x40000006
04-19 15:55:16.078  7937  7937 I HBD     : h [EditorInputType]setPrivateImeOptionsToTable privateImeOptions ( null )
04-19 15:55:16.078  7937  7937 I HBD     : b incognitoMode : false
04-19 15:55:16.078  7937  7937 W HBD     : b [EditorInputType] undefined Enter action code : 0x40000006
04-19 15:55:16.078  7937  7937 I HBD     : h getDefaultInputRange : UNKNOWN
04-19 15:55:16.079  7937  7937 I HBD     : h getDefaultInputRange : UNKNOWN
04-19 15:55:16.079  7937  7937 I HBD     : h getDefaultInputRange : UNKNOWN
04-19 15:55:16.081  7937  7937 I HBD     : h getDefaultInputRange : UNKNOWN
04-19 15:55:16.081  7937  7937 I HBD     : a currentState : 0
04-19 15:55:16.082  4894  4894 E SurfaceFlinger: Attempt to update InputPolicyFlags without permission ACCESS_SURFACE_FLINGER
04-19 15:55:16.084  7937  7937 I HBD     : h load selected json path : /data/user/0/com.samsung.android.honeyboard/files/selected.json
04-19 15:55:16.084  7937  7937 I HBD     : h load selected json info : {"version":"1.0","currentLanguageOrder":0,"selected":[{"activeOptionList":["auto_spacing","writing_assistant"],"engName":"English","id":65538,"inputType":"qwerty","isUsed":true}]}
04-19 15:55:16.086  7937  7937 I HBD     : a [UpdatePolicy] [post] a: 0 cl: 65538 kit: [0/0] vt: 0 ir: 1
04-19 15:55:16.087  7937  7937 I HBD     : HoneyBoardService [PF_OP][onStartInput]  10237153 ns
04-19 15:55:16.098  4894  4894 E SurfaceFlinger: Attempt to update InputPolicyFlags without permission ACCESS_SURFACE_FLINGER
04-19 15:55:16.115  4894  4894 E SurfaceFlinger: Attempt to update InputPolicyFlags without permission ACCESS_SURFACE_FLINGER
04-19 15:55:16.124  6061  6097 D OpenGLRenderer: setSurface called with nullptr
04-19 15:55:16.124  6061  6097 D OpenGLRenderer: setSurface() destroyed EGLSurface
04-19 15:55:16.124  6061  6097 D OpenGLRenderer: destroyEglSurface
04-19 15:55:16.127  6061  6061 I ViewRootImpl@a997d14[PopupWindow:c4b5b67]: dispatchDetachedFromWindow
04-19 15:55:16.128  5232  7701 D InputTransport: Input channel destroyed: 'eb4e4ee', fd=900
04-19 15:55:16.128  5232  7701 W InputManager-JNI: Input channel object 'eb4e4ee PopupWindow:c4b5b67 (client)' was disposed without first being removed with the input manager!
04-19 15:55:16.129  5232  7701 D InputTransport: Input channel destroyed: 'eb4e4ee', fd=901
04-19 15:55:16.131  4894  4894 E SurfaceFlinger: Attempt to update InputPolicyFlags without permission ACCESS_SURFACE_FLINGER
04-19 15:55:16.132  4894  4894 I Layer   : id=4079 removeFromCurrentState PopupWindow:c4b5b67$_6061#0 (103)
04-19 15:55:16.132  4894  4894 I SurfaceFlinger: id=4079 Removed PopupWindow:c4b5b67$_6061#0 (103)
04-19 15:55:16.136  6061  6061 D InputTransport: Input channel destroyed: 'eb4e4ee', fd=131
04-19 15:55:16.136  4894  4894 I Layer   : id=4079 Destroyed PopupWindow:c4b5b67$_6061#0
04-19 15:55:16.143  4894  4894 D SurfaceFlinger: Display 0 HWC layers:
04-19 15:55:16.143  4894  4894 D SurfaceFlinger:      DEVICE | 0x7d9f7c7680 | 0102 | RGBA_8888    |    0.0    0.0 1080.0 2340.0 |    0    0 1080 2340 | com.myapp.alist/com.myapp.alist.ui.MainActivity$_6061#0
04-19 15:55:16.143  4894  4894 D SurfaceFlinger:      DEVICE | 0x7d8143fe40 | 0100 | RGBA_8888    |    0.0    0.0 1080.0   78.0 |    0    0 1080   78 | StatusBar$_5576#0
04-19 15:55:16.143  4894  4894 D SurfaceFlinger:      DEVICE | 0x7d6cf6e580 | 0100 | RGBA_8888    |    0.0    0.0   67.0  362.0 | 1013 1637 1080 1999 | com.samsung.android.app.cocktailbars[...]rservice.CocktailBarService$_11163#0
04-19 15:55:16.143  4894  4894 D SurfaceFlinger:      DEVICE | 0x7da135d600 | 0100 | RGBA_8888    |    0.0    0.0 1080.0  126.0 |    0 2214 1080 2340 | NavigationBar0$_5576#0
04-19 15:55:16.143  4894  4894 D SurfaceFlinger:      DEVICE | 0x7da135d380 | 0140 | RGBA_8888    |    0.0    0.0 1080.0  151.0 |    0    0 1080  151 | ScreenDecorOverlay$_5576#0
04-19 15:55:16.143  4894  4894 D SurfaceFlinger:      DEVICE | 0x7da12bf700 | 0140 | RGBA_8888    |    0.0    0.0 1080.0  151.0 |    0 2189 1080 2340 | ScreenDecorOverlayBottom$_5576#0
04-19 15:55:16.143  4894  4894 D SurfaceFlinger:
04-19 15:55:16.148  4894  4894 I Layer   : id=4076 removeFromCurrentState eb4e4ee PopupWindow:c4b5b67#0 (102)
04-19 15:55:16.148  4894  4894 E SurfaceFlinger: Attempt to update InputPolicyFlags without permission ACCESS_SURFACE_FLINGER
04-19 15:55:16.148  4894  4894 I SurfaceFlinger: id=4076 Removed eb4e4ee PopupWindow:c4b5b67#0 (102)
04-19 15:55:16.148  4894  4894 I Layer   : id=4076 Destroyed eb4e4ee PopupWindow:c4b5b67#0
04-19 15:55:16.149  6061  6061 D InputMethodManager: startInputInner - Id : 0
04-19 15:55:16.150  6061  6061 I InputMethodManager: startInputInner - mService.startInputOrWindowGainedFocus
04-19 15:55:16.153  5232  7403 D InputMethodManagerService: mDesktopModeManager null!
04-19 15:55:16.153  5232  7403 V InputMethodManagerService: getDisplayIdOfInputMethodWindowToBeAdded : 0
04-19 15:55:16.153  5232  7403 D InputMethodManagerService: checkDisplayOfStartInputAndUpdateKeyboard display Id 0last 0
04-19 15:55:16.154  5232  7403 D InputTransport: Input channel constructed: 'ClientS', fd=810
04-19 15:55:16.154  5232  7403 D InputTransport: Input channel destroyed: 'ClientS', fd=810
04-19 15:55:16.155  7937  7937 I HBD     : HoneyBoardService onFinishInput
04-19 15:55:16.156  7937  7937 I HBD     : a IC have been unbinding,  InputConnectionWrapper{idHash=#c1a1f12 mMissingMethods=}
04-19 15:55:16.157  7937  7937 I HBD     : HoneyBoardService [PF_CL][onFinishInput]  1262269 ns
04-19 15:55:16.157  7937  7937 I HBD     : HoneyBoardService [IMI] onStartInput - caller pid : 6061 , caller uid : 10423
04-19 15:55:16.157  7937  7937 I HBD     : j updateConfigs
04-19 15:55:16.157  7937  7937 I HBD     : j isEnabledNightMode : false
04-19 15:55:16.158  7937  7937 I HBD     : a IC have been binding, InputConnectionWrapper{idHash=#ea7a8e0 mMissingMethods=}
04-19 15:55:16.158  7937  7937 W HBD     : b [EditorInputType] undefined Enter action code : 0x40000005
04-19 15:55:16.158  7937  7937 I HBD     : h [EditorInputType]setPrivateImeOptionsToTable privateImeOptions ( null )
04-19 15:55:16.158  7937  7937 I HBD     : b incognitoMode : false
04-19 15:55:16.158  7937  7937 W HBD     : b [EditorInputType] undefined Enter action code : 0x40000005
04-19 15:55:16.159  7937  7937 I HBD     : h getDefaultInputRange : UNKNOWN
04-19 15:55:16.159  7937  7937 I HBD     : h getDefaultInputRange : UNKNOWN
04-19 15:55:16.159  7937  7937 I HBD     : h getDefaultInputRange : UNKNOWN
04-19 15:55:16.161  7937  7937 I HBD     : h getDefaultInputRange : UNKNOWN
04-19 15:55:16.162  7937  7937 I HBD     : a currentState : 0
04-19 15:55:16.163  7937  7937 I HBD     : h load selected json path : /data/user/0/com.samsung.android.honeyboard/files/selected.json
04-19 15:55:16.163  7937  7937 I HBD     : h load selected json info : {"version":"1.0","currentLanguageOrder":0,"selected":[{"activeOptionList":["auto_spacing","writing_assistant"],"engName":"English","id":65538,"inputType":"qwerty","isUsed":true}]}
04-19 15:55:16.164  7937  7937 I HBD     : a [UpdatePolicy] [post] a: 0 cl: 65538 kit: [0/0] vt: 0 ir: 1
04-19 15:55:16.165  7937  7937 I HBD     : HoneyBoardService [PF_OP][onStartInput]  7951461 ns
04-19 15:55:16.165  4894  4894 E SurfaceFlinger: Attempt to update InputPolicyFlags without permission ACCESS_SURFACE_FLINGER
04-19 15:55:16.182  4894  4894 E SurfaceFlinger: Attempt to update InputPolicyFlags without permission ACCESS_SURFACE_FLINGER
04-19 15:55:16.198  4894  4894 E SurfaceFlinger: Attempt to update InputPolicyFlags without permission ACCESS_SURFACE_FLINGER
04-19 15:55:16.203  4867  4867 E SecVibrator-HAL2.2_A: >> writeNode node:/timed_output/vibrator/enable val:250
04-19 15:55:16.204  4867  4867 E SecVibrator-HAL2.2_A: << writeNode node OK 4
04-19 15:55:16.232  4894  4894 E SurfaceFlinger: Attempt to update InputPolicyFlags without permission ACCESS_SURFACE_FLINGER
04-19 15:55:16.249  4894  4894 E SurfaceFlinger: Attempt to update InputPolicyFlags without permission ACCESS_SURFACE_FLINGER
04-19 15:55:16.265  4894  4894 E SurfaceFlinger: Attempt to update InputPolicyFlags without permission ACCESS_SURFACE_FLINGER
04-19 15:55:16.271  5232  5232 I GestureDetector: handleMessage TAP
04-19 15:55:16.271  5232  5255 I GestureDetector: handleMessage TAP
04-19 15:55:16.282  4894  4894 E SurfaceFlinger: Attempt to update InputPolicyFlags without permission ACCESS_SURFACE_FLINGER
04-19 15:55:16.299  4894  4894 E SurfaceFlinger: Attempt to update InputPolicyFlags without permission ACCESS_SURFACE_FLINGER
04-19 15:55:16.315  4894  4894 E SurfaceFlinger: Attempt to update InputPolicyFlags without permission ACCESS_SURFACE_FLINGER
04-19 15:55:16.332  4894  4894 E SurfaceFlinger: Attempt to update InputPolicyFlags without permission ACCESS_SURFACE_FLINGER
04-19 15:55:16.349  4894  4894 E SurfaceFlinger: Attempt to update InputPolicyFlags without permission ACCESS_SURFACE_FLINGER
04-19 15:55:16.365  4894  4894 E SurfaceFlinger: Attempt to update InputPolicyFlags without permission ACCESS_SURFACE_FLINGER
04-19 15:55:16.382  4894  4894 E SurfaceFlinger: Attempt to update InputPolicyFlags without permission ACCESS_SURFACE_FLINGER
04-19 15:55:16.399  4894  4894 E SurfaceFlinger: Attempt to update InputPolicyFlags without permission ACCESS_SURFACE_FLINGER
04-19 15:55:16.416  4894  4894 E SurfaceFlinger: Attempt to update InputPolicyFlags without permission ACCESS_SURFACE_FLINGER
04-19 15:55:16.432  4894  4894 E SurfaceFlinger: Attempt to update InputPolicyFlags without permission ACCESS_SURFACE_FLINGER
04-19 15:55:16.449  4894  4894 E SurfaceFlinger: Attempt to update InputPolicyFlags without permission ACCESS_SURFACE_FLINGER
04-19 15:55:16.454  6061  6061 I ViewInteraction: Checking 'MatchesViewAssertion{viewMatcher=an instance of android.widget.TextView and view.getText() with or without transformation to match: is "Select Mode: Containing"}' assertion on view view.getId() is <2131296397/com.myapp.alist:id/currentSelectTextView>
04-19 15:55:16.454  4867  4867 E SecVibrator-HAL2.2_A: >> writeNode node:/timed_output/vibrator/enable val:0
04-19 15:55:16.455  4867  4867 E SecVibrator-HAL2.2_A: << writeNode node OK 2
04-19 15:55:16.465  6061  6061 I ViewInteraction: Checking 'MatchesViewAssertion{viewMatcher=an instance of android.widget.TextView and view.getText() with or without transformation to match: is "1 Row Selected"}' assertion on view view.getId() is <2131296544/com.myapp.alist:id/messageTextView>
04-19 15:55:16.466  4894  4894 E SurfaceFlinger: Attempt to update InputPolicyFlags without permission ACCESS_SURFACE_FLINGER
04-19 15:55:16.489  5232  5951 I SemDvfsHyPerManager: acquire hyper - AMS_APP_SWITCH/5232@27, type = -999
04-19 15:55:16.490  4829  4883 I HYPER-HAL: [RequestManager.cpp]acquire(): Acquired ID : 13831197  [5232 / 27]    HINT : AMS_APP_SWITCH    list :
04-19 15:55:16.491  4894  5668 I SurfaceFlinger: id=4082 createSurf (0x0),-1 flag=24004, Task=49#0
04-19 15:55:16.495  7297  7297 I SemDvfsHyPerManager: acquire hyper - APP_START_SHORT/7297@13, type = -999
04-19 15:55:16.496  4829  4883 I HYPER-HAL: [RequestManager.cpp]acquire(): Acquired ID : 26721718  [7297 / 13]    HINT : APP_START    list : [TIMEOUT / 1500]
04-19 15:55:16.498  4894  5668 I SurfaceFlinger: id=4083 createSurf (0x0),-1 flag=80004, ActivityRecord{8d99911 u0 com.myapp.alist.test/androidx.test.core.app.InstrumentationActivityInvoker$EmptyActivity t49}#0
04-19 15:55:16.505  5232  8700 I SemDvfsHyPerManager: acquire hyper - AMS_APP_LAUNCH/5232@14, type = -999
04-19 15:55:16.505  4829  4883 I HYPER-HAL: [RequestManager.cpp]acquire(): Acquired ID : 13762895  [5232 / 14]    HINT : AMS_APP_LAUNCH    list :
04-19 15:55:16.506  7297  7297 I SemDvfsHyPerManager: acquire hyper - APP_START/7297@14, type = -999
04-19 15:55:16.507  4829  4883 I HYPER-HAL: [RequestManager.cpp]acquire(): Acquired ID : 26729030  [7297 / 14]    HINT : APP_START    list :
04-19 15:55:16.508  6061  6061 D LifecycleMonitor: Lifecycle status change: com.myapp.alist.ui.MainActivity@78f95be in: PAUSED
04-19 15:55:16.508  6061  6061 V ActivityScenario: Update currentActivityStage to PAUSED, currentActivity=com.myapp.alist.ui.MainActivity@78f95be
04-19 15:55:16.510  5232  8700 D InputTransport: Input channel constructed: 'b41d802', fd=899
04-19 15:55:16.510  5232  8700 D InputTransport: Input channel constructed: 'b41d802', fd=900
04-19 15:55:16.510  5232  8700 D InputTransport: Input channel constructed: 'b41d802', fd=901
04-19 15:55:16.510  4894  4926 I SurfaceFlinger: id=4084 createSurf (0x0),-1 flag=80004, b41d802 Splash Screen com.myapp.alist.test#0
04-19 15:55:16.511  5232  8700 D InputTransport: Input channel destroyed: 'b41d802', fd=901
04-19 15:55:16.512  5576  5640 I ViewRootImpl@94c0de6[test]: setView = android.widget.FrameLayout@d4ce37d TM=true
04-19 15:55:16.517  5232  7403 V WindowManager: Relayout Window{b41d802 u0 Splash Screen com.myapp.alist.test}: viewVisibility=0 req=1080x2340 d0
04-19 15:55:16.518  4894  5668 I SurfaceFlinger: id=4085 createSurf (1x1),-3 flag=40004, Splash Screen com.myapp.alist.test$_5576#0
04-19 15:55:16.522  5232  7403 V WindowManager: Relayout hash=b41d802, pid=5576: mAttrs={(0,0)(fillxfill) sim={adjust=pan} ty=APPLICATION_STARTING fmt=TRANSLUCENT
04-19 15:55:16.522  5232  7403 V WindowManager:   fl=81030118
04-19 15:55:16.522  5232  7403 V WindowManager:   pfl=36000010
04-19 15:55:16.522  5232  7403 V WindowManager:   apr=LIGHT_STATUS_BARS LIGHT_NAVIGATION_BARS
04-19 15:55:16.522  5232  7403 V WindowManager:   bhv=DEFAULT
04-19 15:55:16.522  5232  7403 V WindowManager:   fitSides= naviIconColor=0}
04-19 15:55:16.523  5576  5640 I ViewRootImpl@94c0de6[test]: Relayout returned: old=(0,0,1080,2340) new=(0,0,1080,2340) req=(1080,2340)0 dur=6 res=0x7 s={true 535834075136} ch=true fn=-1
04-19 15:55:16.523  5576  5667 D OpenGLRenderer: eglCreateWindowSurface
04-19 15:55:16.524  5576  5640 I ViewRootImpl@94c0de6[test]: [DP] dp(1) 0 android.view.ViewRootImpl.reportNextDraw:11442 android.view.ViewRootImpl.performTraversals:4198 android.view.ViewRootImpl.doTraversal:2924
04-19 15:55:16.524  5576  5640 D ViewRootImpl@94c0de6[test]: Creating frameDrawingCallback nextDrawUseBlastSync=false reportNextDraw=true hasBlurUpdates=false
04-19 15:55:16.524  5576  5640 D ViewRootImpl@94c0de6[test]: Creating frameCompleteCallback
04-19 15:55:16.525  5576  6205 D ViewRootImpl@94c0de6[test]: Received frameDrawingCallback frameNum=1. Creating transactionCompleteCallback=false
04-19 15:55:16.529  5232  5474 W SemWifiTransportLayerUtils: getApplicationCategory - IOException com.myapp.alist.test
04-19 15:55:16.529  5232  5474 W System.err: java.net.UnknownHostException: Unable to resolve host "play.google.com": No address associated with hostname
04-19 15:55:16.529  5232  5474 W System.err: 	at java.net.Inet6AddressImpl.lookupHostByName(Inet6AddressImpl.java:156)
04-19 15:55:16.529  5232  5474 W System.err: 	at java.net.Inet6AddressImpl.lookupAllHostAddr(Inet6AddressImpl.java:103)
04-19 15:55:16.529  5232  5474 W System.err: 	at java.net.InetAddress.getAllByName(InetAddress.java:1152)
04-19 15:55:16.529  5232  5474 W System.err: 	at com.android.okhttp.Dns$1.lookup(Dns.java:41)
04-19 15:55:16.529  5232  5474 W System.err: 	at com.android.okhttp.internal.http.RouteSelector.resetNextInetSocketAddress(RouteSelector.java:178)
04-19 15:55:16.529  5232  5474 W System.err: 	at com.android.okhttp.internal.http.RouteSelector.nextProxy(RouteSelector.java:144)
04-19 15:55:16.529  5232  5474 W System.err: 	at com.android.okhttp.internal.http.RouteSelector.next(RouteSelector.java:86)
04-19 15:55:16.529  5232  5474 W System.err: 	at com.android.okhttp.internal.http.StreamAllocation.findConnection(StreamAllocation.java:176)
04-19 15:55:16.529  5232  5474 W System.err: 	at com.android.okhttp.internal.http.StreamAllocation.findHealthyConnection(StreamAllocation.java:128)
04-19 15:55:16.529  5232  5474 W System.err: 	at com.android.okhttp.internal.http.StreamAllocation.newStream(StreamAllocation.java:97)
04-19 15:55:16.529  5232  5474 W System.err: 	at com.android.okhttp.internal.http.HttpEngine.connect(HttpEngine.java:289)
04-19 15:55:16.529  5232  5474 W System.err: 	at com.android.okhttp.internal.http.HttpEngine.sendRequest(HttpEngine.java:232)
04-19 15:55:16.529  5232  5474 W System.err: 	at com.android.okhttp.internal.huc.HttpURLConnectionImpl.execute(HttpURLConnectionImpl.java:465)
04-19 15:55:16.529  5232  5474 W System.err: 	at com.android.okhttp.internal.huc.HttpURLConnectionImpl.getResponse(HttpURLConnectionImpl.java:411)
04-19 15:55:16.529  5232  5474 W System.err: 	at com.android.okhttp.internal.huc.HttpURLConnectionImpl.getInputStream(HttpURLConnectionImpl.java:248)
04-19 15:55:16.529  5232  5474 W System.err: 	at com.android.okhttp.internal.huc.DelegatingHttpsURLConnection.getInputStream(DelegatingHttpsURLConnection.java:211)
04-19 15:55:16.529  5232  5474 W System.err: 	at com.android.okhttp.internal.huc.HttpsURLConnectionImpl.getInputStream(HttpsURLConnectionImpl.java:30)
04-19 15:55:16.529  5232  5474 W System.err: 	at com.samsung.android.server.wifi.tcp.SemWifiTransportLayerUtils.getApplicationCategory(SemWifiTransportLayerUtils.java:104)
04-19 15:55:16.529  5232  5474 W System.err: 	at com.samsung.android.server.wifi.tcp.SemWifiTransportLayerMonitor$TcpMonitorHandler.handleMessage(SemWifiTransportLayerMonitor.java:244)
04-19 15:55:16.529  5232  5474 W System.err: 	at android.os.Handler.dispatchMessage(Handler.java:106)
04-19 15:55:16.529  5232  5474 W System.err: 	at android.os.Looper.loopOnce(Looper.java:226)
04-19 15:55:16.529  5232  5474 W System.err: 	at android.os.Looper.loop(Looper.java:313)
04-19 15:55:16.529  5232  5474 W System.err: 	at android.os.HandlerThread.run(HandlerThread.java:67)
04-19 15:55:16.529  5232  5474 W System.err: Caused by: android.system.GaiException: android_getaddrinfo failed: EAI_NODATA (No address associated with hostname)
04-19 15:55:16.529  5232  5474 W System.err: 	at libcore.io.Linux.android_getaddrinfo(Native Method)
04-19 15:55:16.529  5232  5474 W System.err: 	at libcore.io.ForwardingOs.android_getaddrinfo(ForwardingOs.java:133)
04-19 15:55:16.529  5232  5474 W System.err: 	at libcore.io.BlockGuardOs.android_getaddrinfo(BlockGuardOs.java:222)
04-19 15:55:16.530  5232  5474 W System.err: 	at java.net.Inet6AddressImpl.lookupHostByName(Inet6AddressImpl.java:135)
04-19 15:55:16.530  5232  5474 W System.err: 	... 22 more
04-19 15:55:16.530  5232  5474 D SemWifiTransportLayerMonitor.TcpMonitorHandler: MSG_SAVE_PACKAGE_INFO
04-19 15:55:16.530  5232  5474 D SemWifiTransportLayerFileManager: saveWifiPackageInfoToFile
04-19 15:55:16.530  5232  5474 D SemWifiTransportLayerFileManager: writeWifiPackageInfoList
04-19 15:55:16.532  4802  4802 D Zygote  : Forked child process 6314
04-19 15:55:16.534  5232  7403 D InputDispatcher: Focus left window (0): e615793 com.myapp.alist/com.myapp.alist.ui.MainActivity
04-19 15:55:16.534  6061  6061 I ViewRootImpl@79cdf24[MainActivity]: MSG_WINDOW_FOCUS_CHANGED 0 1
04-19 15:55:16.535  5232  5490 D NetdEventListenerService: DNS Requested by : 0, 1000, 7
04-19 15:55:16.536  5576  5667 D ViewRootImpl@94c0de6[test]: Received frameCompleteCallback  lastAcquiredFrameNum=1 lastAttemptedDrawFrameNum=1
04-19 15:55:16.538  5576  5640 I ViewRootImpl@94c0de6[test]: [DP] pdf(0) 0 android.view.ViewRootImpl.lambda$addFrameCompleteCallbackIfNeeded$3$ViewRootImpl:5000 android.view.ViewRootImpl$$ExternalSyntheticLambda16.run:6 android.os.Handler.handleCallback:938
04-19 15:55:16.538  5576  5640 I ViewRootImpl@94c0de6[test]: [DP] rdf()
04-19 15:55:16.538  5576  5640 D ViewRootImpl@94c0de6[test]: reportDrawFinished (fn: -1)
04-19 15:55:16.542  5576  5576 D FullscreenTaskListener: Fullscreen Task Appeared: #49, caller=com.android.wm.shell.ShellTaskOrganizer.onTaskAppeared:387 com.android.wm.shell.ShellTaskOrganizer.onTaskAppeared:376 android.window.TaskOrganizer$1.lambda$onTaskAppeared$4$TaskOrganizer$1:297
04-19 15:55:16.552  4894  4894 I Layer   : id=4086 Destroyed Screenshot Parent
04-19 15:55:16.553  6061  6061 I ViewRootImpl@79cdf24[MainActivity]: handleAppVisibility mAppVisible=true visible=false
04-19 15:55:16.556  4894  4926 I SurfaceFlinger: id=4087 createSurf (0x0),-1 flag=24000, Surface(name=2bb52fa StatusBar)/@0xde6dab8 - animation-leash of insets_animation#1
04-19 15:55:16.557  4894  4926 I SurfaceFlinger: id=4088 createSurf (0x0),-1 flag=24000, Surface(name=ec1a749 NavigationBar0)/@0xfb3ebf7 - animation-leash of insets_animation#1
04-19 15:55:16.559  5576  5576 D NavigationBar: onSystemBarAttributesChanged() -  displayId:0, appearance:24 (APPEARANCE_LIGHT_STATUS_BARS APPEARANCE_LIGHT_NAVIGATION_BARS ), navbarColorManagedByIme:false
04-19 15:55:16.560  5576  5576 D SecLightBarControlHelper: updateStatus(BLACK icon) NumLightStacks:1, NumStacks:1, IndexLightStack:0, StatusBarMode:0, StatusBarState:SHD, NeedDarkFontFromWallpaper:false, isWhiteKeyguardStatusBarBySettings:false
04-19 15:55:16.561  5576  5640 D InsetsSourceConsumer: ensureControlAlpha: for ITYPE_NAVIGATION_BAR on Splash Screen com.myapp.alist.test
04-19 15:55:16.561  5576  5640 D InsetsSourceConsumer: ensureControlAlpha: for ITYPE_STATUS_BAR on Splash Screen com.myapp.alist.test
04-19 15:55:16.566  4894  4894 E SurfaceFlinger: Attempt to update InputPolicyFlags without permission ACCESS_SURFACE_FLINGER
04-19 15:55:16.566  4894  4894 I Layer   : id=4080 removeFromCurrentState Surface(name=2bb52fa StatusBar)/@0xde6dab8 - animation-leash of insets_animation#0 (107)
04-19 15:55:16.566  4894  4894 I Layer   : id=4081 removeFromCurrentState Surface(name=ec1a749 NavigationBar0)/@0xfb3ebf7 - animation-leash of insets_animation#0 (107)
04-19 15:55:16.567  6314  6314 I yapp.alist.tes: Late-enabling -Xcheck:jni
04-19 15:55:16.568  6061  6097 D OpenGLRenderer: setSurface called with nullptr
04-19 15:55:16.568  6061  6097 D OpenGLRenderer: setSurface() destroyed EGLSurface
04-19 15:55:16.568  6061  6097 D OpenGLRenderer: destroyEglSurface
04-19 15:55:16.571  4894  4894 D SurfaceFlinger: Display 0 HWC layers:
04-19 15:55:16.571  4894  4894 D SurfaceFlinger:      DEVICE | 0x7da12bfac0 | 0100 | RGBA_8888    |    0.0    0.0 1080.0 2340.0 |    0    0 1080 2340 | Splash Screen com.myapp.alist.test$_5576#0
04-19 15:55:16.571  4894  4894 D SurfaceFlinger:      DEVICE | 0x7d8143fe40 | 0100 | RGBA_8888    |    0.0    0.0 1080.0   78.0 |    0    0 1080   78 | StatusBar$_5576#0
04-19 15:55:16.571  4894  4894 D SurfaceFlinger:      DEVICE | 0x7d6cf6e580 | 0100 | RGBA_8888    |    0.0    0.0   67.0  362.0 | 1013 1637 1080 1999 | com.samsung.android.app.cocktailbars[...]rservice.CocktailBarService$_11163#0
04-19 15:55:16.571  4894  4894 D SurfaceFlinger:      DEVICE | 0x7da135d600 | 0100 | RGBA_8888    |    0.0    0.0 1080.0  126.0 |    0 2214 1080 2340 | NavigationBar0$_5576#0
04-19 15:55:16.571  4894  4894 D SurfaceFlinger:      DEVICE | 0x7da135d380 | 0140 | RGBA_8888    |    0.0    0.0 1080.0  151.0 |    0    0 1080  151 | ScreenDecorOverlay$_5576#0
04-19 15:55:16.571  4894  4894 D SurfaceFlinger:      DEVICE | 0x7da12bf700 | 0140 | RGBA_8888    |    0.0    0.0 1080.0  151.0 |    0 2189 1080 2340 | ScreenDecorOverlayBottom$_5576#0
04-19 15:55:16.571  4894  4894 D SurfaceFlinger:
04-19 15:55:16.570  5232  7403 V WindowManager: Relayout Window{e615793 u0 com.myapp.alist/com.myapp.alist.ui.MainActivity}: viewVisibility=8 req=1080x2340 d0
04-19 15:55:16.573  5232  8700 V WindowManager: Relayout Window{818e5f0 u0 NotificationShade}: viewVisibility=4 req=1080x2340 d0
04-19 15:55:16.573  5232  7403 V WindowManager: Relayout hash=e615793, pid=6061: mAttrs={(0,0)(fillxfill) sim={adjust=resize forwardNavigation} ty=BASE_APPLICATION wanim=0x1030303
04-19 15:55:16.573  5232  7403 V WindowManager:   fl=81810100
04-19 15:55:16.573  5232  7403 V WindowManager:   pfl=12020040
04-19 15:55:16.573  5232  7403 V WindowManager:   vsysui=500
04-19 15:55:16.573  5232  7403 V WindowManager:   apr=LIGHT_NAVIGATION_BARS
04-19 15:55:16.573  5232  7403 V WindowManager:   bhv=DEFAULT
04-19 15:55:16.573  5232  7403 V WindowManager:   fitSides= naviIconColor=0
04-19 15:55:16.573  5232  7403 V WindowManager:   sfl=100000}
04-19 15:55:16.576  4894  4926 I SurfaceFlinger: id=4081 Removed Surface(name=ec1a749 NavigationBar0)/@0xfb3ebf7 - animation-leash of insets_animation#0 (107)
04-19 15:55:16.576  4894  5668 I SurfaceFlinger: id=4080 Removed Surface(name=2bb52fa StatusBar)/@0xde6dab8 - animation-leash of insets_animation#0 (107)
04-19 15:55:16.576  6061  6061 I ViewRootImpl@79cdf24[MainActivity]: Relayout returned: old=(0,0,1080,2340) new=(0,0,1080,2340) req=(1080,2340)8 dur=6 res=0x5 s={false 0} ch=true fn=115
04-19 15:55:16.579  5232  8700 V WindowManager: Relayout hash=818e5f0, pid=5576: mAttrs={(0,0)(fillxfill) gr=TOP CENTER_VERTICAL sim={adjust=resize} layoutInDisplayCutoutMode=always ty=2040 fmt=TRANSLUCENT
04-19 15:55:16.579  5232  8700 V WindowManager:   fl=81840048
04-19 15:55:16.579  5232  8700 V WindowManager:   pfl=1b000000
04-19 15:55:16.579  5232  8700 V WindowManager:   vsysui=2000
04-19 15:55:16.579  5232  8700 V WindowManager:   apr=LIGHT_STATUS_BARS
04-19 15:55:16.579  5232  8700 V WindowManager:   bhv=SHOW_TRANSIENT_BARS_BY_SWIPE naviIconColor=0
04-19 15:55:16.579  5232  8700 V WindowManager:   sfl=42000}
04-19 15:55:16.581  5576  5576 I ViewRootImpl@30498a4[NotificationShade]: Relayout returned: old=(0,0,1080,2340) new=(0,0,1080,2340) req=(1080,2340)4 dur=8 res=0x1 s={false 0} ch=false fn=-1
04-19 15:55:16.583  4894  4894 I Layer   : id=4080 Destroyed Surface(name=2bb52fa StatusBar)/@0xde6dab8 - animation-leash of insets_animation#0
04-19 15:55:16.583  4894  4894 I Layer   : id=4081 Destroyed Surface(name=ec1a749 NavigationBar0)/@0xfb3ebf7 - animation-leash of insets_animation#0
04-19 15:55:16.588  5576  5576 D KeyguardBottomAreaShortcutView: updateCameraVisibility isCameraDisabled:false visible:true
04-19 15:55:16.588  5576  5576 D KeyguardBottomAreaShortcutView: mIndicationArea margin start : 163, end : 163, bottom : 150
04-19 15:55:16.590  5576  5576 D QS      : setQSExpansion 0.0 -110.774994
04-19 15:55:16.590  5576  5576 D QS      : setQSExpansion 0.0 -110.774994
04-19 15:55:16.597  5576  5576 D IndicatorGardenInputProperty: updateRotation() prv:-1 >> new:0
04-19 15:55:16.598  5576  5576 D DeviceState: getDeviceResolutionPixelSize - currentDensity = 420 deviceDensity = 420 initialDisplaySizeFactor = 1080 currentDisplaySizeFactor = 1080 initialDisplayDensity = 420 proportionalDensity = 420 proportionalPixel = 0
04-19 15:55:16.598  5576  5576 D DeviceState: getDeviceResolutionPixelSize - currentDensity = 420 deviceDensity = 420 initialDisplaySizeFactor = 1080 currentDisplaySizeFactor = 1080 initialDisplayDensity = 420 proportionalDensity = 420 proportionalPixel = 0
04-19 15:55:16.598  5576  5576 D DeviceState: getDeviceResolutionPixelSize - currentDensity = 420 deviceDensity = 420 initialDisplaySizeFactor = 1080 currentDisplaySizeFactor = 1080 initialDisplayDensity = 420 proportionalDensity = 420 proportionalPixel = 0
04-19 15:55:16.598  5576  5576 E IndicatorGardenAlgorithmBasicCutout: NOT MATCH !!!! resourceHeight:78, cutoutHeight:83 ([IndicatorGardenInputProperty]  Rotation(0-0,90-1,180-2,270-3)0, Density:2.625, ScreenWidthSize:1080, CoverSidePadding:0, mIndicatorGardenCenterOffset:11, mCameraCutoutCropSize:80, mGardenPaddingStart:21, mIndicatorCornerPadding:0, mCameraSidePadding:0, mCameraTopMargin:0, DpCutout:DisplayCutout{insets=Rect(0, 83 - 0, 0) waterfall=Insets{left=0, top=0, right=0, bottom=0} boundingRect={Bounds=[Rect(0, 0 - 0, 0), Rect(443, 0 - 637, 83), Rect(0, 0 - 0, 0), Rect(0, 0 - 0, 0)]} cutoutPathParserInfo={CutoutPathParserInfo{displayWidth=1080 displayHeight=2340 density={2.625} cutoutSpec={M36.95,0C26.35,0,24.15,3.8,23.15,9.8 l-0.1,0.7c-1.7,9.6-9.3,17.2-18.9,18.9c-12.7,2.2-24.8-6.2-27-18.9 c0,0-0.1-0.7-0.1-0.7C-24.15,3.8,-26.25,0,-36.95,0Z @dp} rotation={0} scale={1.0}}}})
04-19 15:55:16.598  5576  5576 E IndicatorGardenAlgorithmBasicCutout: NOT MATCH !!!! resourceHeight:78, cutoutHeight:83 ([IndicatorGardenInputProperty]  Rotation(0-0,90-1,180-2,270-3)0, Density:2.625, ScreenWidthSize:1080, CoverSidePadding:0, mIndicatorGardenCenterOffset:11, mCameraCutoutCropSize:80, mGardenPaddingStart:21, mIndicatorCornerPadding:0, mCameraSidePadding:0, mCameraTopMargin:0, DpCutout:DisplayCutout{insets=Rect(0, 83 - 0, 0) waterfall=Insets{left=0, top=0, right=0, bottom=0} boundingRect={Bounds=[Rect(0, 0 - 0, 0), Rect(443, 0 - 637, 83), Rect(0, 0 - 0, 0), Rect(0, 0 - 0, 0)]} cutoutPathParserInfo={CutoutPathParserInfo{displayWidth=1080 displayHeight=2340 density={2.625} cutoutSpec={M36.95,0C26.35,0,24.15,3.8,23.15,9.8 l-0.1,0.7c-1.7,9.6-9.3,17.2-18.9,18.9c-12.7,2.2-24.8-6.2-27-18.9 c0,0-0.1-0.7-0.1-0.7C-24.15,3.8,-26.25,0,-36.95,0Z @dp} rotation={0} scale={1.0}}}})
04-19 15:55:16.614  5983 21648 I RecentModel: onTaskStackChangedBackground
04-19 15:55:16.618  6314  6314 I yapp.alist.tes: Using CollectorTypeCC GC.
04-19 15:55:16.626  6776  6782 I adbd    : jdwp connection from 6314
04-19 15:55:16.626  6314  6314 E USNET   : USNET: appName: com.myapp.alist.test
04-19 15:55:16.628  6314  6314 D ProcessState: Binder ioctl to enable oneway spam detection failed: Invalid argument
04-19 15:55:16.630  6314  6314 D ActivityThread: setConscryptValidator
04-19 15:55:16.630  6314  6314 D ActivityThread: setConscryptValidator - put
04-19 15:55:16.646  5232  8700 D InputDispatcher: Focused application set to (0): 8d99911
04-19 15:55:16.653  5232  6699 I MediaSessionMonitor: Media session stopped : controllerList empty
04-19 15:55:16.653  6314  6314 D CompatibilityChangeReporter: Compat change id reported: 171979766; UID 10358; state: ENABLED
04-19 15:55:16.660 11163 11163 I Utils   : HomePackage : com.sec.android.app.launcher, resumePackageName : com.myapp.alist.test
04-19 15:55:16.665  6314  6314 D ApplicationLoaders: Returning zygote-cached class loader: /system/framework/android.test.base.jar
04-19 15:55:16.678  6314  6314 D nativeloader: Configuring classloader-namespace for other apk /system/framework/android.test.mock.jar. target_sdk_version=33, uses_libraries=ALL, library_path=/data/app/~~TQNOQWpEntNKUMiMtdOgKg==/com.myapp.alist.test-lXMB9bCMYGQm1ULwpNcRgg==/lib/arm64, permitted_path=/data:/mnt/expand:/data/user/0/com.myapp.alist.test
04-19 15:55:16.678  6314  6314 D nativeloader: Extending system_exposed_libraries: lib.engmodejni.samsung.so:libperfsdk.performance.samsung.so:libSDKRecognitionText.spensdk.samsung.so:libSFEffect.fonteffect.samsung.so:libBeauty_v4.camera.samsung.so:libexifa.camera.samsung.so:libjpega.camera.samsung.so:libOpenCv.camera.samsung.so:libImageScreener.camera.samsung.so:libMyFilter.camera.samsung.so:libtensorflowLite.myfilter.camera.samsung.so:libtensorflowlite_inference_api.myfilter.camera.samsung.so:libEventFinder.camera.samsung.so:libHIDTSnapJNI.camera.samsung.so:libSmartScan.camera.samsung.so:libRectify.camera.samsung.so:libDocRectifyWrapper.camera.samsung.so:libUltraWideDistortionCorrection.camera.samsung.so:libFacePreProcessing.camera.samsung.so:libHpr_RecGAE_cvFeature_v1.0.camera.samsung.so:libHprFace_GAE_api.camera.samsung.so:libFace_Landmark_API.camera.samsung.so:libHprFace_GAE_jni.camera.samsung.so:libFacialBasedSelfieCorrection.camera.samsung.so:libcolor_engine.camera.samsung.so:libDLInterface_hidl.camera.samsung.so:libImageTagger.camera.samsung.so:l
04-19 15:55:16.680  6314  6314 D ApplicationLoaders: Returning zygote-cached class loader: /system/framework/android.test.base.jar
04-19 15:55:16.691  6314  6314 D nativeloader: Configuring classloader-namespace for other apk /system/framework/android.test.runner.jar. target_sdk_version=33, uses_libraries=ALL, library_path=/data/app/~~TQNOQWpEntNKUMiMtdOgKg==/com.myapp.alist.test-lXMB9bCMYGQm1ULwpNcRgg==/lib/arm64, permitted_path=/data:/mnt/expand:/data/user/0/com.myapp.alist.test
04-19 15:55:16.691  6314  6314 D nativeloader: Extending system_exposed_libraries: lib.engmodejni.samsung.so:libperfsdk.performance.samsung.so:libSDKRecognitionText.spensdk.samsung.so:libSFEffect.fonteffect.samsung.so:libBeauty_v4.camera.samsung.so:libexifa.camera.samsung.so:libjpega.camera.samsung.so:libOpenCv.camera.samsung.so:libImageScreener.camera.samsung.so:libMyFilter.camera.samsung.so:libtensorflowLite.myfilter.camera.samsung.so:libtensorflowlite_inference_api.myfilter.camera.samsung.so:libEventFinder.camera.samsung.so:libHIDTSnapJNI.camera.samsung.so:libSmartScan.camera.samsung.so:libRectify.camera.samsung.so:libDocRectifyWrapper.camera.samsung.so:libUltraWideDistortionCorrection.camera.samsung.so:libFacePreProcessing.camera.samsung.so:libHpr_RecGAE_cvFeature_v1.0.camera.samsung.so:libHprFace_GAE_api.camera.samsung.so:libFace_Landmark_API.camera.samsung.so:libHprFace_GAE_jni.camera.samsung.so:libFacialBasedSelfieCorrection.camera.samsung.so:libcolor_engine.camera.samsung.so:libDLInterface_hidl.camera.samsung.so:libImageTagger.camera.samsung.so:l
04-19 15:55:16.693  6314  6314 W ziparchive: Unable to open '/data/app/~~TQNOQWpEntNKUMiMtdOgKg==/com.myapp.alist.test-lXMB9bCMYGQm1ULwpNcRgg==/base.dm': No such file or directory
04-19 15:55:16.694  6314  6314 W ziparchive: Unable to open '/data/app/~~TQNOQWpEntNKUMiMtdOgKg==/com.myapp.alist.test-lXMB9bCMYGQm1ULwpNcRgg==/base.dm': No such file or directory
04-19 15:55:16.703  4867  4867 E SecVibrator-HAL2.2_A: >> writeNode node:/timed_output/vibrator/enable val:0
04-19 15:55:16.703  4867  4867 E SecVibrator-HAL2.2_A: << writeNode node OK 2
04-19 15:55:16.721  6314  6314 D nativeloader: Configuring classloader-namespace for other apk /data/app/~~TQNOQWpEntNKUMiMtdOgKg==/com.myapp.alist.test-lXMB9bCMYGQm1ULwpNcRgg==/base.apk. target_sdk_version=33, uses_libraries=, library_path=/data/app/~~TQNOQWpEntNKUMiMtdOgKg==/com.myapp.alist.test-lXMB9bCMYGQm1ULwpNcRgg==/lib/arm64, permitted_path=/data:/mnt/expand:/data/user/0/com.myapp.alist.test
04-19 15:55:16.730  6314  6314 V GraphicsEnvironment: ANGLE Developer option for 'com.myapp.alist.test' set to: 'default'
04-19 15:55:16.730  6314  6314 V GraphicsEnvironment: Neither updatable production driver nor prerelease driver is supported.
04-19 15:55:16.732  6314  6314 D NetworkSecurityConfig: No Network Security Config specified, using platform default
04-19 15:55:16.749  6314  6314 D NetworkSecurityConfig: No Network Security Config specified, using platform default
04-19 15:55:16.757  6314  6342 D OpenGLRenderer: RenderThread::requireGlContext()
04-19 15:55:16.768  6314  6342 D OpenGLRenderer: RenderThread::setGrContext()
04-19 15:55:16.781  6314  6314 I DecorView: [INFO] isPopOver=false, config=true
04-19 15:55:16.782  6314  6314 I DecorView: updateCaptionType >> DecorView@c8acec8[], isFloating=false, isApplication=true, hasWindowControllerCallback=true, hasWindowDecorCaption=false
04-19 15:55:16.782  6314  6314 D DecorView: setCaptionType = 0, this = DecorView@c8acec8[]
04-19 15:55:16.786  6314  6314 I DecorView: getCurrentDensityDpi: from real metrics. densityDpi=420 msg=resources_loaded
04-19 15:55:16.792  6314  6314 I MSHandlerLifeCycle: isMultiSplitHandlerRequested: ignored. pkg=com.myapp.alist.test parent=null callers=com.android.internal.policy.DecorView.setVisibility:4295 android.app.ActivityThread.handleResumeActivity:5383 android.app.servertransaction.ResumeActivityItem.execute:54 android.app.servertransaction.ActivityTransactionItem.execute:45 android.app.servertransaction.TransactionExecutor.executeLifecycleState:176
04-19 15:55:16.792  6314  6314 I MSHandlerLifeCycle: removeMultiSplitHandler: no exist. decor=DecorView@c8acec8[]
04-19 15:55:16.795  6061  6061 I ViewRootImpl@79cdf24[MainActivity]: stopped(true) old=false
04-19 15:55:16.796  6061  6061 D LifecycleMonitor: Lifecycle status change: com.myapp.alist.ui.MainActivity@78f95be in: STOPPED
04-19 15:55:16.796  6061  6061 V ActivityScenario: Update currentActivityStage to STOPPED, currentActivity=com.myapp.alist.ui.MainActivity@78f95be
04-19 15:55:16.797  6061  6061 I MSHandlerLifeCycle: isMultiSplitHandlerRequested: windowingMode=1 isFullscreen=true isPopOver=false isHidden=false skipActivityType=false isHandlerType=true this: DecorView@e4c4401[MainActivity]
04-19 15:55:16.797  6061  6061 I MSHandlerLifeCycle: removeMultiSplitHandler: no exist. decor=DecorView@e4c4401[MainActivity]
04-19 15:55:16.800  6061  6061 D LifecycleMonitor: Lifecycle status change: com.myapp.alist.ui.MainActivity@78f95be in: DESTROYED
04-19 15:55:16.801  6061  6061 V ActivityScenario: Update currentActivityStage to DESTROYED, currentActivity=null
04-19 15:55:16.806  5232  8700 D InputTransport: Input channel constructed: '433de2d', fd=625
04-19 15:55:16.806  5232  8700 D InputTransport: Input channel constructed: '433de2d', fd=901
04-19 15:55:16.806  5232  8700 D InputTransport: Input channel constructed: '433de2d', fd=904
04-19 15:55:16.807  4894  5668 I SurfaceFlinger: id=4089 createSurf (0x0),-1 flag=80004, 433de2d com.myapp.alist.test/androidx.test.core.app.InstrumentationActivityInvoker$EmptyActivity#0
04-19 15:55:16.808  5232  8700 D InputTransport: Input channel destroyed: '433de2d', fd=904
04-19 15:55:16.809  6061  6061 I MSHandlerLifeCycle: removeMultiSplitHandler: no exist. decor=DecorView@e4c4401[MainActivity]
04-19 15:55:16.809  6061  6097 D OpenGLRenderer: setSurface called with nullptr
04-19 15:55:16.809  6061  6061 I ViewRootImpl@79cdf24[MainActivity]: dispatchDetachedFromWindow
04-19 15:55:16.810  5232  8700 D InputTransport: Input channel destroyed: 'e615793', fd=854
04-19 15:55:16.810  5232  8700 W InputManager-JNI: Input channel object 'e615793 com.myapp.alist/com.myapp.alist.ui.MainActivity (client)' was disposed without first being removed with the input manager!
04-19 15:55:16.810  5232  8700 D InputTransport: Input channel destroyed: 'e615793', fd=859
04-19 15:55:16.810  6314  6314 I ViewRootImpl@e20f74[InstrumentationActivityInvoker$EmptyActivity]: setView = com.android.internal.policy.DecorView@c8acec8 TM=true
04-19 15:55:16.811  4894  5668 I SurfaceFlinger: id=4090 createSurf (0x0),-1 flag=24004, Surface(name=877f4ea InputMethod)/@0x6ee3742 - animation-leash of insets_animation#0
04-19 15:55:16.812  6314  6314 I MSHandlerLifeCycle: isMultiSplitHandlerRequested: windowingMode=1 isFullscreen=true isPopOver=false isHidden=false skipActivityType=false isHandlerType=true this: DecorView@c8acec8[InstrumentationActivityInvoker$EmptyActivity]
04-19 15:55:16.812  6314  6314 I MSHandlerLifeCycle: removeMultiSplitHandler: no exist. decor=DecorView@c8acec8[InstrumentationActivityInvoker$EmptyActivity]
04-19 15:55:16.814  6061  6061 D InputTransport: Input channel destroyed: 'e615793', fd=96
04-19 15:55:16.816  4894  4894 I Layer   : id=4058 removeFromCurrentState com.myapp.alist/com.myapp.alist.ui.MainActivity$_6061#0 (107)
04-19 15:55:16.816  4894  4894 I Layer   : id=4057 removeFromCurrentState e615793 com.myapp.alist/com.myapp.alist.ui.MainActivity#0 (107)
04-19 15:55:16.817  4894  4894 I Layer   : id=4063 removeFromCurrentState Surface(name=877f4ea InputMethod)/@0x6ee3742 - animation-leash of insets_animation#1 (107)
04-19 15:55:16.817  4894  4894 I SurfaceFlinger: id=4057 Removed e615793 com.myapp.alist/com.myapp.alist.ui.MainActivity#0 (107)
04-19 15:55:16.817  4894  4894 I SurfaceFlinger: id=4063 Removed Surface(name=877f4ea InputMethod)/@0x6ee3742 - animation-leash of insets_animation#1 (107)
04-19 15:55:16.817  4894  4894 I SurfaceFlinger: id=4058 Removed com.myapp.alist/com.myapp.alist.ui.MainActivity$_6061#0 (107)
04-19 15:55:16.817  4894  4894 I Layer   : id=4057 Destroyed e615793 com.myapp.alist/com.myapp.alist.ui.MainActivity#0
04-19 15:55:16.818  4894  4894 I Layer   : id=4058 Destroyed com.myapp.alist/com.myapp.alist.ui.MainActivity$_6061#0
04-19 15:55:16.819  6061  6091 I TestRunner: finished: testInsertButton_clickInsertButtonAndGetExpectedData(com.myapp.alist.ui.MainActivityClickInsertEspressoInstrumentationTest)
