04-17 18:01:34.842  7578  7578 I ViewRootImpl@316fa20[CocktailBarService]: Relayout returned: old=(1013,1637,1080,1999) new=(1013,1637,1080,1999) req=(67,362)8 dur=4 res=0x4 s={false 0} ch=true fn=3
04-17 18:01:34.842  7578  7578 I TrayStateController: putInputRect mDynamicInputRegion=57491729@LastEvent=t=1681750894842Rect(25, 0 - 67, 362),Rect=Rect(0, 0 - 0, 0)
04-17 18:01:34.843  7578  7578 I DecorView: notifyKeepScreenOnChanged: keepScreenOn=false
04-17 18:01:34.843  7578  7578 I MSHandlerLifeCycle: isMultiSplitHandlerRequested: ignored. pkg=com.samsung.android.app.cocktailbarservice isActivity=false callers=com.android.internal.policy.DecorView.hasMultiSplitHandlerInNonFreeformMode:891 com.android.internal.policy.DecorView.notifyKeepScreenOnChanged:885 android.view.ViewRootImpl.applyKeepScreenOnFlag:2945 android.view.ViewRootImpl.setLayoutParams:2108 android.view.WindowManagerGlobal.updateViewLayout:537
04-17 18:01:34.852  4929  4929 I Layer   : id=6791 removeFromCurrentState com.samsung.android.app.cocktailbarservice/com.samsung.android.app.cocktailbarservice.CocktailBarService$_7578#0 (105)
04-17 18:01:34.853  4929  4929 I SurfaceFlinger: id=6791 Removed com.samsung.android.app.cocktailbarservice/com.samsung.android.app.cocktailbarservice.CocktailBarService$_7578#0 (105)
04-17 18:01:34.853  5274  7530 V WindowManager: Relayout Window{efcd846 u0 com.samsung.android.app.cocktailbarservice/com.samsung.android.app.cocktailbarservice.CocktailBarService}: viewVisibility=8 req=67x362 d0
04-17 18:01:34.855  4929  4929 I Layer   : id=6791 Destroyed com.samsung.android.app.cocktailbarservice/com.samsung.android.app.cocktailbarservice.CocktailBarService$_7578#0
04-17 18:01:34.857  5274  7530 V WindowManager: Relayout hash=efcd846, pid=7578: mAttrs={(0,1637)(67x362) gr=TOP RIGHT CENTER sim={adjust=nothing} layoutInDisplayCutoutMode=shortEdges ty=2226 fmt=TRANSPARENT
04-17 18:01:34.857  5274  7530 V WindowManager:   fl=81800548
04-17 18:01:34.857  5274  7530 V WindowManager:   pfl=2000050
04-17 18:01:34.857  5274  7530 V WindowManager:   vsysui=2000
04-17 18:01:34.857  5274  7530 V WindowManager:   apr=LIGHT_STATUS_BARS
04-17 18:01:34.857  5274  7530 V WindowManager:   bhv=SHOW_TRANSIENT_BARS_BY_SWIPE
04-17 18:01:34.857  5274  7530 V WindowManager:   fitTypes=NAVIGATION_BARS CAPTION_BAR dimAmount=0.0 dimDuration=0 naviIconColor=0
04-17 18:01:34.857  5274  7530 V WindowManager:   sfl=200000}
04-17 18:01:34.858  7578  7578 I ViewRootImpl@316fa20[CocktailBarService]: Relayout returned: old=(1013,1637,1080,1999) new=(1013,1637,1080,1999) req=(67,362)8 dur=4 res=0x0 s={false 0} ch=false fn=-1
04-17 18:01:34.858  7578  7578 I CocktailBarUiController: onCocktailBarStateChanged: flag=0x1 vis=2 bgType= showTimeout=-1 activate=true
04-17 18:01:34.859  8190  8190 I HBD     : bd ous -  2 ,  2 ,  3 ,  3 ,  -1 ,  -1
04-17 18:01:34.859  4929  4929 D SurfaceFlinger: Display 0 HWC layers:
04-17 18:01:34.859  4929  4929 D SurfaceFlinger:      DEVICE | 0x71a58daf40 | 0102 | RGBA_8888    |    0.0    0.0 1080.0 2340.0 |    0    0 1080 2340 | com.myapp.alist/com.myapp.alist.ui.MainActivity$_24018#0
04-17 18:01:34.859  4929  4929 D SurfaceFlinger:      DEVICE | 0x71a58bee40 | 0100 | RGBA_8888    |    0.0    0.0 1080.0 2257.0 |    0   83 1080 2340 | InputMethod$_8190#0
04-17 18:01:34.859  4929  4929 D SurfaceFlinger:      DEVICE | 0x71a58be580 | 0100 | RGBA_8888    |    0.0    0.0 1080.0   78.0 |    0    0 1080   78 | StatusBar$_5598#0
04-17 18:01:34.859  4929  4929 D SurfaceFlinger:      DEVICE | 0x71a58dcfc0 | 0100 | RGBA_8888    |    0.0    0.0 1080.0  126.0 |    0 2214 1080 2340 | NavigationBar0$_5598#0
04-17 18:01:34.859  4929  4929 D SurfaceFlinger:      DEVICE | 0x7170160d40 | 0140 | RGBA_8888    |    0.0    0.0 1080.0  151.0 |    0    0 1080  151 | ScreenDecorOverlay$_5598#0
04-17 18:01:34.859  4929  4929 D SurfaceFlinger:      DEVICE | 0x71a3dca740 | 0140 | RGBA_8888    |    0.0    0.0 1080.0  151.0 |    0 2189 1080 2340 | ScreenDecorOverlayBottom$_5598#0
04-17 18:01:34.859  4929  4929 D SurfaceFlinger:
04-17 18:01:34.859  5274  7530 D InputDispatcher: Inject key (24018): action=1, f=0x8, d=-1, time=10533374000000
04-17 18:01:34.860  5274  5414 I InputDispatcher: Delivering key to (24018): action: 0x1 (0), f=0x8, m=0x0, d=0, 'ae17f2d'
04-17 18:01:34.863  8190  8190 I HBD     : b getTBC , flag: 1 , start: 3 , end: 3 , length: 3 , composingLength: 0 , isKCC: false
04-17 18:01:34.864  8190  8190 I HBD     : b getTAC , flag: 1 , start: 3 , end: 3 , length: 3 , composingLength: 0 , isKCC: false
04-17 18:01:34.868  8190  8190 I HBD     : al EBD cm f 1
04-17 18:01:34.869  8190  8190 I HBD     : HoneyBoardService onKeyUp r:d449be73 consumed:false
04-17 18:01:34.869  4929  4929 E SurfaceFlinger: Attempt to update InputPolicyFlags without permission ACCESS_SURFACE_FLINGER
04-17 18:01:34.869 24018 24018 I ViewRootImpl@90ba39b[MainActivity]: ViewPostIme key 1
04-17 18:01:34.871  5274  7530 D InputDispatcher: Inject key (24018): action=0, f=0x8, d=-1, time=10533387000000
04-17 18:01:34.872  5274  5414 I InputDispatcher: Delivering key to (24018): action: 0x0 (0), f=0x8, m=0x0, d=0, 'ae17f2d'
04-17 18:01:34.872  8190  8190 I HBD     : a skip onKeyDown as physical keyboard not connected
04-17 18:01:34.872  8190  8190 I HBD     : HoneyBoardService onKeyDown r:fc19a2ae consumed:false
04-17 18:01:34.873 24018 24018 I ViewRootImpl@90ba39b[MainActivity]: ViewPostIme key 0
04-17 18:01:34.886  4882 24220 I HYPER-HAL: [RequestManager.cpp]releaseLocked(): Released ID : 33550337
04-17 18:01:34.905  8190  8190 I HBD     : bd ous -  3 ,  3 ,  4 ,  4 ,  -1 ,  -1
04-17 18:01:34.906  5274  7530 D InputDispatcher: Inject key (24018): action=1, f=0x8, d=-1, time=10533421000000
04-17 18:01:34.907  5274  5414 I InputDispatcher: Delivering key to (24018): action: 0x1 (0), f=0x8, m=0x0, d=0, 'ae17f2d'
04-17 18:01:34.909  8190  8190 I HBD     : b getTBC , flag: 1 , start: 4 , end: 4 , length: 4 , composingLength: 0 , isKCC: false
04-17 18:01:34.910  8190  8190 I HBD     : b getTAC , flag: 1 , start: 4 , end: 4 , length: 4 , composingLength: 0 , isKCC: false
04-17 18:01:34.914  8190  8190 I HBD     : al EBD cm f 1
04-17 18:01:34.915  8190  8190 I HBD     : HoneyBoardService onKeyUp r:a0e6fffa consumed:false
04-17 18:01:34.915 24018 24018 I ViewRootImpl@90ba39b[MainActivity]: ViewPostIme key 1
04-17 18:01:34.917  5274  7530 D InputDispatcher: Inject key (24018): action=0, f=0x8, d=-1, time=10533432000000
04-17 18:01:34.917  5274  5414 I InputDispatcher: Delivering key to (24018): action: 0x0 (0), f=0x8, m=0x0, d=0, 'ae17f2d'
04-17 18:01:34.918  8190  8190 I HBD     : a skip onKeyDown as physical keyboard not connected
04-17 18:01:34.918  8190  8190 I HBD     : HoneyBoardService onKeyDown r:4f8d3a8e consumed:false
04-17 18:01:34.918 24018 24018 I ViewRootImpl@90ba39b[MainActivity]: ViewPostIme key 0
04-17 18:01:34.919  4929  4929 E SurfaceFlinger: Attempt to update InputPolicyFlags without permission ACCESS_SURFACE_FLINGER
04-17 18:01:34.953  8190  8190 I HBD     : bd ous -  4 ,  4 ,  5 ,  5 ,  -1 ,  -1
04-17 18:01:34.954  5274  7530 D InputDispatcher: Inject key (24018): action=1, f=0x8, d=-1, time=10533470000000
04-17 18:01:34.955  5274  5414 I InputDispatcher: Delivering key to (24018): action: 0x1 (0), f=0x8, m=0x0, d=0, 'ae17f2d'
04-17 18:01:34.957  8190  8190 I HBD     : b getTBC , flag: 1 , start: 5 , end: 5 , length: 5 , composingLength: 0 , isKCC: false
04-17 18:01:34.969  4929  4929 E SurfaceFlinger: Attempt to update InputPolicyFlags without permission ACCESS_SURFACE_FLINGER
04-17 18:01:34.972  8190  8190 I HBD     : b getTAC , flag: 1 , start: 5 , end: 5 , length: 5 , composingLength: 0 , isKCC: false
04-17 18:01:34.976  8190  8190 I HBD     : al EBD cm f 1
04-17 18:01:34.977  8190  8190 I HBD     : HoneyBoardService onKeyUp r:f9ed12ca consumed:false
04-17 18:01:34.977 24018 24018 I ViewRootImpl@90ba39b[MainActivity]: ViewPostIme key 1
04-17 18:01:34.979  5274  7530 D InputDispatcher: Inject key (24018): action=0, f=0x8, d=-1, time=10533495000000
04-17 18:01:34.979  5274  5414 I InputDispatcher: Delivering key to (24018): action: 0x0 (0), f=0x8, m=0x0, d=0, 'ae17f2d'
04-17 18:01:34.980  8190  8190 I HBD     : a skip onKeyDown as physical keyboard not connected
04-17 18:01:34.980  8190  8190 I HBD     : HoneyBoardService onKeyDown r:cf7b6bc9 consumed:false
04-17 18:01:34.980 24018 24018 I ViewRootImpl@90ba39b[MainActivity]: ViewPostIme key 0
04-17 18:01:34.986  4929  4929 E SurfaceFlinger: Attempt to update InputPolicyFlags without permission ACCESS_SURFACE_FLINGER
04-17 18:01:35.006  8190  8190 I HBD     : bd ous -  5 ,  5 ,  6 ,  6 ,  -1 ,  -1
04-17 18:01:35.008  5274  7530 D InputDispatcher: Inject key (24018): action=1, f=0x8, d=-1, time=10533523000000
04-17 18:01:35.009  5274  5414 I InputDispatcher: Delivering key to (24018): action: 0x1 (0), f=0x8, m=0x0, d=0, 'ae17f2d'
04-17 18:01:35.010  8190  8190 I HBD     : b getTBC , flag: 1 , start: 6 , end: 6 , length: 6 , composingLength: 0 , isKCC: false
04-17 18:01:35.012  8190  8190 I HBD     : b getTAC , flag: 1 , start: 6 , end: 6 , length: 6 , composingLength: 0 , isKCC: false
04-17 18:01:35.016  8190  8190 I HBD     : al EBD cm f 1
04-17 18:01:35.016  8190  8190 I HBD     : HoneyBoardService onKeyUp r:744b5310 consumed:false
04-17 18:01:35.017 24018 24018 I ViewRootImpl@90ba39b[MainActivity]: ViewPostIme key 1
04-17 18:01:35.019  4929  4929 E SurfaceFlinger: Attempt to update InputPolicyFlags without permission ACCESS_SURFACE_FLINGER
04-17 18:01:35.020 24018 24018 I ViewInteraction: Performing 'close keyboard' action on view view.getId() is <2131296492/com.myapp.alist:id/input1EditText>
04-17 18:01:35.020 24018 24018 D IdlingRegistry: Registering idling resources: [androidx.test.espresso.action.CloseKeyboardAction$CloseKeyboardIdlingResult@82e653d]
04-17 18:01:35.021 24018 24018 I IMM_LC  : hsifw() - flags=0, caller=android.view.inputmethod.InputMethodManager.hideSoftInputFromWindow:1858 androidx.test.espresso.action.CloseKeyboardAction.tryToCloseKeyboard:6 androidx.test.espresso.action.CloseKeyboardAction.perform:2 androidx.test.espresso.ViewInteraction$SingleExecutionViewAction.perform:2 androidx.test.espresso.ViewInteraction.doPerform:25
04-17 18:01:35.021 24018 24018 I IMM_LC  : hideSoftInputFromWindow - mService.hideSoftInput
04-17 18:01:35.022  8190  8190 I InputMethod: hideSoftInput(), flags : 0
04-17 18:01:35.022  8190  8190 I HBD     : HoneyBoardService onFinishInputView finishingInput= false
04-17 18:01:35.022  8190  8190 I HBD     : a [UpdatePolicy] [post] a: 3 cl: 65538 kit: [0/0] vt: 0 ir: 1
04-17 18:01:35.022  8190  8190 I HBD     : b processFinishInputView
04-17 18:01:35.022  8190  8190 I HBD     : bd stopRunningTimers
04-17 18:01:35.023  8190  8190 I HBD     : e unbindCurrentHoneyBoard : text_board
04-17 18:01:35.024  8190  8190 I HBD     : a onUnbind
04-17 18:01:35.025  8190  8190 I HBD     : a clear BaseLanguageRepo
04-17 18:01:35.025  8190  8190 I HBD     : HoneyBoardService [PF_CL][onFinishInputView]  3 ms
04-17 18:01:35.025  8190  8190 I HBD     : HoneyBoardService onWindowHidden
04-17 18:01:35.026  8190  8190 I HBD     : HoneyBoardService [PF_CL][onWindowHidden]  338423 ns
04-17 18:01:35.026  8190 24232 I HBD     : bd requestCursorUpdates(0),  3
04-17 18:01:35.027  8190  8190 I DecorView: notifyKeepScreenOnChanged: keepScreenOn=false
04-17 18:01:35.027  8190  8190 I MSHandlerLifeCycle: isMultiSplitHandlerRequested: ignored. pkg=com.samsung.android.honeyboard isActivity=false callers=com.android.internal.policy.DecorView.hasMultiSplitHandlerInNonFreeformMode:891 com.android.internal.policy.DecorView.notifyKeepScreenOnChanged:885 android.view.ViewRootImpl.applyKeepScreenOnFlag:2945 android.view.ViewRootImpl.setLayoutParams:2108 android.view.WindowManagerGlobal.updateViewLayout:537
04-17 18:01:35.029  5274  7486 D InputMethodManagerServicePhysicalKey: isConnectedDexOnPC false
04-17 18:01:35.029  5274  7486 D InputMethodManagerService: isImeSwitcherDisabledPackage : false
04-17 18:01:35.029  5274  7486 I InputMethodManagerService: setImeWindowStatus: vis=0, backDisposition=0
04-17 18:01:35.030  5598  5598 V Navbar.Store: handleEvent [EventType] ON_NAVBAR_ICON_HINT_CHANGED [Module] NavigationBar  KEYS_NAVBAR_ICON_HINT=0
04-17 18:01:35.030  5598  5598 V Navbar.Store: --[Band]SETUPWIZARD_PACK_SET_NAVBAR_ICON_HINT
04-17 18:01:35.030  5598  5598 V Navbar.Store: ----getValue(BOOL_NAVBAR_BUTTON_FORCED_VISIBLE)=false
04-17 18:01:35.030  5598  5598 V Navbar.Store: ----getValue(BOOL_NAVBAR_SETUPWIZARD_STYLE)=false
04-17 18:01:35.030  5598  5598 V Navbar.Store: --[Band]VIS_PACK_REEVAULATE_NAVBAR
04-17 18:01:35.030  5598  5598 V Navbar.Store: ----apply(REEVALUATE_NAVBAR)
04-17 18:01:35.030  5598  5598 V Navbar.Store: ----handleEvent [EventType] GET_BOOL_REGION_SAMPLING_ENABLED [Module] LightBarController  KEYS_DEFAULT=false
04-17 18:01:35.030  5598  5598 V Navbar.Store: ------[Band]COLOR_PACK_GET_REGION_SAMPLING_ENABLED
04-17 18:01:35.030  5598  5598 V Navbar.Store: --------getValue(BOOL_REGION_SAMPLING_ENABLED)=false
04-17 18:01:35.031  5598  5598 V Navbar.Store: ----handleEvent [EventType] ON_UPDATE_REMOTEVIEW [Module] SamsungNavigationBarView  KEYS_LEFT_REMOTEVIEW_CONTAINER=android.widget.LinearLayout{f974a1b I.E...... ......ID 0,0-118,126 #7f0b0478 app:id/left_remoteview}  KEYS_NAVBAR_DARK_INTENSITY=1.0  KEYS_CONTEXTUALBUTTON_VISIBLE=false  KEYS_RIGHT_REMOTEVIEW_CONTAINER=android.widget.LinearLayout{7e0f7b8 I.E...... ......ID 962,0-1080,126 #7f0b070a app:id/right_remoteview}
04-17 18:01:35.031  6034  8099 I TouchInteractionService: onActiveNavBarRegionChanges, region : SkRegion((0,2214,388,2340)(389,2214,690,2340)(691,2214,961,2340)(962,2214,1084,2340)(962,2340,1084,2341))
04-17 18:01:35.031  5598  5598 V Navbar.Store: ------[Band]REMOTE_VIEW_PACK_SET_REMOTEVIEW_CONTAINER
04-17 18:01:35.031  5598  5598 V Navbar.Store: --------apply(UPDATE_NAVBAR_REMOTEVIEW_CONTAINER)
04-17 18:01:35.031 24018 24018 D InsetsSourceConsumer: setRequestedVisible: visible=false, type=19, host=com.myapp.alist/com.myapp.alist.ui.MainActivity, from=android.view.InsetsSourceConsumer.hide:253 android.view.ImeInsetsSourceConsumer.hide:68 android.view.ImeInsetsSourceConsumer.hide:74 android.view.InsetsController.hideDirectly:1473 android.view.InsetsController.controlAnimationUnchecked:1139 android.view.InsetsController.applyAnimation:1456 android.view.InsetsController.applyAnimation:1437 android.view.InsetsController.hide:1006 android.view.ViewRootImpl$ViewRootHandler.handleMessageImpl:6487 android.view.ViewRootImpl$ViewRootHandler.handleMessage:6408
04-17 18:01:35.031  5598  5598 V Navbar.Store: --------apply(UPDATE_NAVBAR_RIGHT_REMOTEVIEW_VISIBILITY)
04-17 18:01:35.031  5598  5598 V Navbar.Store: --------getValue(FLOAT_REMOTEVIEW_DARK_INTENSITY)=1.0
04-17 18:01:35.032  6034  8099 I TouchInteractionService: onActiveNavBarRegionChanges, region : SkRegion((0,2214,388,2340)(389,2214,690,2340)(691,2214,961,2340))
04-17 18:01:35.033  4929  4966 I SurfaceFlinger: id=6835 createSurf (0x0),-1 flag=24000, Surface(name=175e94d NavigationBar0)/@0xef769fd - animation-leash of insets_animation#0
04-17 18:01:35.033  6034  8099 I TouchInteractionService: onSystemUiStateChanged, stateFlags : 131072
04-17 18:01:35.033  6034  6034 I TouchInteractionService: onSystemUiFlagsChanged, userUnlocked
04-17 18:01:35.036  5598  5598 V Navbar.Store: handleEvent [EventType] GET_BOOL_NAVBAR_CAN_MOVE_STATE [Module] SamsungNavigationBarView  KEYS_DEFAULT=true
04-17 18:01:35.037  5598  5598 V Navbar.Store: --[Band]CONFIG_PACK_GET_NAVBAR_CAN_MOVE
04-17 18:01:35.037  5598  5598 V Navbar.Store: ----getValue(BOOL_NAVBAR_CAN_MOVE)=true
04-17 18:01:35.038  6034  8099 I TouchInteractionService: onActiveNavBarRegionChanges, region : SkRegion((0,2214,388,2340)(389,2214,690,2340)(691,2214,961,2340))
04-17 18:01:35.038  7578  7578 I CocktailBarUiController: onReceive: action=ResponseAxT9Info isVisibleWindow=0
04-17 18:01:35.038  5598  5598 V Navbar.Store: handleEvent [EventType] GET_BOOL_USE_NAVBAR_BACKGROUND_FRAME [Module] NavigationBarTransitions  KEYS_DEFAULT=false
04-17 18:01:35.038  5598  5598 V Navbar.Store: --[Band]COLOR_PACK_GET_USE_NAVBAR_BACKGROUND_FRAME
04-17 18:01:35.038  5598  5598 V Navbar.Store: ----getValue(BOOL_NAVBAR_GESTURAL_MODE)=false
04-17 18:01:35.038  5598  5598 V Navbar.Store: ----getValue(BOOL_NAVBAR_OPAQUE)=false
04-17 18:01:35.038  5274  7486 V WindowManager: Relayout Window{b7541b2 u0 ScreenDecorOverlayBottom}: viewVisibility=0 req=1079x151 d0
04-17 18:01:35.038  5598  5598 V Navbar.Store: ----getValue(BOOL_NAVBAR_PINNED_EDGE_ENABELD)=false
04-17 18:01:35.039  5598  5598 D PipMotionHelper: animateToOffset: originalBounds=Rect(533, 1888 - 1038, 2172) offset=0 callers=
04-17 18:01:35.039  5598  5598 D PipMotionHelper:     com.android.wm.shell.pip.phone.PipTouchHandler.onMovementBoundsChanged:477
04-17 18:01:35.039  5598  5598 D PipMotionHelper:     com.android.wm.shell.pip.phone.PipController.updateMovementBounds:715
04-17 18:01:35.039  5598  5598 D PipMotionHelper:     com.android.wm.shell.pip.phone.PipController.access$600:99
04-17 18:01:35.039  5598  5598 D PipMotionHelper:     com.android.wm.shell.pip.phone.PipController$PipControllerPinnedTaskListener.onMovementBoundsChanged:238
04-17 18:01:35.039  5598  5598 D PipMotionHelper:     com.android.wm.shell.pip.PinnedStackListenerForwarder.onMovementBoundsChanged:65
04-17 18:01:35.043  5274  7486 V WindowManager: Relayout hash=b7541b2, pid=5598: mAttrs={(0,0)(fillxwrap) gr=BOTTOM CENTER_VERTICAL sim={adjust=pan} layoutInDisplayCutoutMode=always ty=NAVIGATION_BAR_PANEL fmt=TRANSLUCENT
04-17 18:01:35.043  5274  7486 V WindowManager:   fl=20800128
04-17 18:01:35.043  5274  7486 V WindowManager:   pfl=13100050
04-17 18:01:35.043  5274  7486 V WindowManager:   vsysui=100
04-17 18:01:35.043  5274  7486 V WindowManager:   bhv=DEFAULT naviIconColor=0}
04-17 18:01:35.043  5598  6625 I ViewRootImpl@dd9c72a[ScreenDecorOverlayBottom]: Relayout returned: old=(0,2189,1080,2340) new=(0,2189,1080,2340) req=(1079,151)0 dur=7 res=0x0 s={true 485883961344} ch=false fn=163
04-17 18:01:35.045  5274  7530 V WindowManager: Relayout Window{2f5398f u0 ScreenDecorOverlay}: viewVisibility=0 req=1079x151 d0
04-17 18:01:35.047  5274  7530 V WindowManager: Relayout hash=2f5398f, pid=5598: mAttrs={(0,0)(fillxwrap) gr=TOP CENTER_VERTICAL sim={adjust=pan} layoutInDisplayCutoutMode=always ty=NAVIGATION_BAR_PANEL fmt=TRANSLUCENT
04-17 18:01:35.047  5274  7530 V WindowManager:   fl=20800128
04-17 18:01:35.047  5274  7530 V WindowManager:   pfl=13100050
04-17 18:01:35.047  5274  7530 V WindowManager:   vsysui=100
04-17 18:01:35.047  5274  7530 V WindowManager:   bhv=DEFAULT naviIconColor=0}
04-17 18:01:35.048  5598  6625 I ViewRootImpl@ce89bca[ScreenDecorOverlay]: Relayout returned: old=(0,0,1080,151) new=(0,0,1080,151) req=(1079,151)0 dur=4 res=0x0 s={true 485883396096} ch=false fn=212
04-17 18:01:35.048  5274  7486 V WindowManager: Relayout Window{4b2d9f9 u0 InputMethod}: viewVisibility=0 req=1080x2257 d0
04-17 18:01:35.051  5274  7486 V WindowManager: Relayout hash=4b2d9f9, pid=8190: mAttrs={(0,0)(fillxfill) gr=BOTTOM CENTER_VERTICAL sim={adjust=pan} ty=INPUT_METHOD fmt=TRANSPARENT wanim=0x7f130170 preferredMinDisplayRefreshRate=60.0 receive insets ignoring z-order
04-17 18:01:35.051  5274  7486 V WindowManager:   fl=81800108
04-17 18:01:35.051  5274  7486 V WindowManager:   pfl=12000000
04-17 18:01:35.051  5274  7486 V WindowManager:   vsysui=10
04-17 18:01:35.051  5274  7486 V WindowManager:   apr=LIGHT_NAVIGATION_BARS
04-17 18:01:35.051  5274  7486 V WindowManager:   bhv=DEFAULT
04-17 18:01:35.051  5274  7486 V WindowManager:   fitTypes=STATUS_BARS NAVIGATION_BARS
04-17 18:01:35.051  5274  7486 V WindowManager:   fitSides=LEFT TOP RIGHT
04-17 18:01:35.051  5274  7486 V WindowManager:   fitIgnoreVis dimDuration=150 naviIconColor=0}
04-17 18:01:35.053  8190  8190 I ViewRootImpl@e692e0[InputMethod]: Relayout returned: old=(0,83,1080,2340) new=(0,83,1080,2340) req=(1080,2257)0 dur=4 res=0x2 s={true 488344834048} ch=false fn=3
04-17 18:01:35.054  5274  7486 V WindowManager: Relayout Window{b7541b2 u0 ScreenDecorOverlayBottom}: viewVisibility=0 req=1079x151 d0
04-17 18:01:35.054  8190  8190 I ViewRootImpl@e692e0[InputMethod]: [DP] dp(1) 1 android.view.ViewRootImpl.reportNextDraw:11442 android.view.ViewRootImpl.performTraversals:4198 android.view.ViewRootImpl.doTraversal:2924
04-17 18:01:35.057  5274  7486 V WindowManager: Relayout hash=b7541b2, pid=5598: mAttrs={(0,0)(fillxwrap) gr=BOTTOM CENTER_VERTICAL sim={adjust=pan} layoutInDisplayCutoutMode=always ty=NAVIGATION_BAR_PANEL fmt=TRANSLUCENT
04-17 18:01:35.057  5274  7486 V WindowManager:   fl=20800128
04-17 18:01:35.057  5274  7486 V WindowManager:   pfl=13100050
04-17 18:01:35.057  5274  7486 V WindowManager:   vsysui=100
04-17 18:01:35.057  5274  7486 V WindowManager:   bhv=DEFAULT naviIconColor=0}
04-17 18:01:35.059  5598  6625 I ViewRootImpl@dd9c72a[ScreenDecorOverlayBottom]: Relayout returned: old=(0,2189,1080,2340) new=(0,2189,1080,2340) req=(1079,151)0 dur=5 res=0x0 s={true 485883961344} ch=false fn=163
04-17 18:01:35.061  5274  7486 V WindowManager: Relayout Window{2f5398f u0 ScreenDecorOverlay}: viewVisibility=0 req=1079x151 d0
04-17 18:01:35.063  5274  7486 V WindowManager: Relayout hash=2f5398f, pid=5598: mAttrs={(0,0)(fillxwrap) gr=TOP CENTER_VERTICAL sim={adjust=pan} layoutInDisplayCutoutMode=always ty=NAVIGATION_BAR_PANEL fmt=TRANSLUCENT
04-17 18:01:35.063  5274  7486 V WindowManager:   fl=20800128
04-17 18:01:35.063  5274  7486 V WindowManager:   pfl=13100050
04-17 18:01:35.063  5274  7486 V WindowManager:   vsysui=100
04-17 18:01:35.063  5274  7486 V WindowManager:   bhv=DEFAULT naviIconColor=0}
04-17 18:01:35.063 24018 24018 D ScrollView:  onsize change changed
04-17 18:01:35.064  5598  6625 I ViewRootImpl@ce89bca[ScreenDecorOverlay]: Relayout returned: old=(0,0,1080,151) new=(0,0,1080,151) req=(1079,151)0 dur=5 res=0x0 s={true 485883396096} ch=false fn=212
04-17 18:01:35.069 24018 24018 D InsetsSourceConsumer: ensureControlAlpha: for ITYPE_NAVIGATION_BAR on com.myapp.alist/com.myapp.alist.ui.MainActivity
04-17 18:01:35.070  4929  4929 E SurfaceFlinger: Attempt to update InputPolicyFlags without permission ACCESS_SURFACE_FLINGER
04-17 18:01:35.071  5274  7486 V WindowManager: Relayout Window{b7541b2 u0 ScreenDecorOverlayBottom}: viewVisibility=0 req=1079x151 d0
04-17 18:01:35.071  8190  8190 I ViewRootImpl@e692e0[InputMethod]: [DP] pdf(0) 1 android.view.ViewRootImpl.lambda$addFrameCompleteCallbackIfNeeded$3$ViewRootImpl:5000 android.view.ViewRootImpl$$ExternalSyntheticLambda16.run:6 android.os.Handler.handleCallback:938
04-17 18:01:35.072  8190  8190 I ViewRootImpl@e692e0[InputMethod]: [DP] rdf()
04-17 18:01:35.072  8190  8190 I HBD     : d Init expand button state by global layout listener
04-17 18:01:35.073  5274  7486 V WindowManager: Relayout hash=b7541b2, pid=5598: mAttrs={(0,0)(fillxwrap) gr=BOTTOM CENTER_VERTICAL sim={adjust=pan} layoutInDisplayCutoutMode=always ty=NAVIGATION_BAR_PANEL fmt=TRANSLUCENT
04-17 18:01:35.073  5274  7486 V WindowManager:   fl=20800128
04-17 18:01:35.073  5274  7486 V WindowManager:   pfl=13100050
04-17 18:01:35.073  5274  7486 V WindowManager:   vsysui=100
04-17 18:01:35.073  5274  7486 V WindowManager:   bhv=DEFAULT naviIconColor=0}
04-17 18:01:35.073  5598  6625 I ViewRootImpl@dd9c72a[ScreenDecorOverlayBottom]: Relayout returned: old=(0,2189,1080,2340) new=(0,2189,1080,2340) req=(1079,151)0 dur=3 res=0x0 s={true 485883961344} ch=false fn=163
04-17 18:01:35.075  5274  5587 V WindowManager: Relayout Window{2f5398f u0 ScreenDecorOverlay}: viewVisibility=0 req=1079x151 d0
04-17 18:01:35.077  5274  5587 V WindowManager: Relayout hash=2f5398f, pid=5598: mAttrs={(0,0)(fillxwrap) gr=TOP CENTER_VERTICAL sim={adjust=pan} layoutInDisplayCutoutMode=always ty=NAVIGATION_BAR_PANEL fmt=TRANSLUCENT
04-17 18:01:35.077  5274  5587 V WindowManager:   fl=20800128
04-17 18:01:35.077  5274  5587 V WindowManager:   pfl=13100050
04-17 18:01:35.077  5274  5587 V WindowManager:   vsysui=100
04-17 18:01:35.077  5274  5587 V WindowManager:   bhv=DEFAULT naviIconColor=0}
04-17 18:01:35.078  5598  6625 I ViewRootImpl@ce89bca[ScreenDecorOverlay]: Relayout returned: old=(0,0,1080,151) new=(0,0,1080,151) req=(1079,151)0 dur=4 res=0x0 s={true 485883396096} ch=false fn=212
04-17 18:01:35.084  4882 24216 I HYPER-HAL: [RequestManager.cpp]releaseLocked(): Released ID : 13989420
04-17 18:01:35.121  5274  5587 D InputMethodManagerServicePhysicalKey: isConnectedDexOnPC false
04-17 18:01:35.121  5274  5587 D InputMethodManagerService: isImeSwitcherDisabledPackage : false
04-17 18:01:35.238 24018 24018 I IMM_LC  : notifyImeHidden
04-17 18:01:35.241  8190  8190 I MSHandlerLifeCycle: isMultiSplitHandlerRequested: ignored. pkg=com.samsung.android.honeyboard isActivity=false callers=com.android.internal.policy.DecorView.setVisibility:4295 android.app.Dialog.hide:741 android.inputmethodservice.InputMethodService.removeImeSurface:1143 android.inputmethodservice.InputMethodService.scheduleImeSurfaceRemoval:1136 android.inputmethodservice.InputMethodService.access$1400:354
04-17 18:01:35.241  8190  8190 I MSHandlerLifeCycle: removeMultiSplitHandler: no exist. decor=DecorView@79765ce[InputMethod]
04-17 18:01:35.258  4929  4929 D SurfaceFlinger: Display 0 HWC layers:
04-17 18:01:35.258  4929  4929 D SurfaceFlinger:      DEVICE | 0x71a58daf40 | 0102 | RGBA_8888    |    0.0    0.0 1080.0 2340.0 |    0    0 1080 2340 | com.myapp.alist/com.myapp.alist.ui.MainActivity$_24018#0
04-17 18:01:35.258  4929  4929 D SurfaceFlinger:      DEVICE | 0x71a58be580 | 0100 | RGBA_8888    |    0.0    0.0 1080.0   78.0 |    0    0 1080   78 | StatusBar$_5598#0
04-17 18:01:35.258  4929  4929 D SurfaceFlinger:      DEVICE | 0x71a58dae00 | 0100 | RGBA_8888    |    0.0    0.0 1080.0  126.0 |    0 2214 1080 2340 | NavigationBar0$_5598#0
04-17 18:01:35.258  4929  4929 D SurfaceFlinger:      DEVICE | 0x7170160d40 | 0140 | RGBA_8888    |    0.0    0.0 1080.0  151.0 |    0    0 1080  151 | ScreenDecorOverlay$_5598#0
04-17 18:01:35.258  4929  4929 D SurfaceFlinger:      DEVICE | 0x71a3dca740 | 0140 | RGBA_8888    |    0.0    0.0 1080.0  151.0 |    0 2189 1080 2340 | ScreenDecorOverlayBottom$_5598#0
04-17 18:01:35.258  4929  4929 D SurfaceFlinger:
04-17 18:01:35.258  5274  5587 V WindowManager: Relayout Window{4b2d9f9 u0 InputMethod}: viewVisibility=8 req=1080x2257 d0
04-17 18:01:35.261  5274  5587 V WindowManager: Relayout hash=4b2d9f9, pid=8190: mAttrs={(0,0)(fillxfill) gr=BOTTOM CENTER_VERTICAL sim={adjust=pan} ty=INPUT_METHOD fmt=TRANSPARENT wanim=0x7f130170 preferredMinDisplayRefreshRate=60.0 receive insets ignoring z-order
04-17 18:01:35.261  5274  5587 V WindowManager:   fl=81800108
04-17 18:01:35.261  5274  5587 V WindowManager:   pfl=12000000
04-17 18:01:35.261  5274  5587 V WindowManager:   vsysui=10
04-17 18:01:35.261  5274  5587 V WindowManager:   apr=LIGHT_NAVIGATION_BARS
04-17 18:01:35.261  5274  5587 V WindowManager:   bhv=DEFAULT
04-17 18:01:35.261  5274  5587 V WindowManager:   fitTypes=STATUS_BARS NAVIGATION_BARS
04-17 18:01:35.261  5274  5587 V WindowManager:   fitSides=LEFT TOP RIGHT
04-17 18:01:35.261  5274  5587 V WindowManager:   fitIgnoreVis dimDuration=150 naviIconColor=0}
04-17 18:01:35.261  4929  4929 I SurfaceFlinger: Setting desired display mode specs: default mode ID: 0, allowGroupSwitching = 0, primary range: [0.00fps 120.00fps], app request range: [0.00fps 120.00fps]
04-17 18:01:35.263  8190  8190 I ViewRootImpl@e692e0[InputMethod]: Relayout returned: old=(0,83,1080,2340) new=(0,83,1080,2340) req=(1080,2257)8 dur=4 res=0x4 s={false 0} ch=true fn=4
04-17 18:01:35.270  4929  4929 I Layer   : id=6834 removeFromCurrentState InputMethod$_8190#0 (105)
04-17 18:01:35.270  4929  4929 I SurfaceFlinger: id=6834 Removed InputMethod$_8190#0 (105)
04-17 18:01:35.271  5274  5587 V WindowManager: Relayout Window{b7541b2 u0 ScreenDecorOverlayBottom}: viewVisibility=0 req=1079x151 d0
04-17 18:01:35.271  4929  4929 I Layer   : id=6834 Destroyed InputMethod$_8190#0
04-17 18:01:35.273  5274  5587 V WindowManager: Relayout hash=b7541b2, pid=5598: mAttrs={(0,0)(fillxwrap) gr=BOTTOM CENTER_VERTICAL sim={adjust=pan} layoutInDisplayCutoutMode=always ty=NAVIGATION_BAR_PANEL fmt=TRANSLUCENT
04-17 18:01:35.273  5274  5587 V WindowManager:   fl=20800128
04-17 18:01:35.273  5274  5587 V WindowManager:   pfl=13100050
04-17 18:01:35.273  5274  5587 V WindowManager:   vsysui=100
04-17 18:01:35.273  5274  5587 V WindowManager:   bhv=DEFAULT naviIconColor=0}
04-17 18:01:35.274  5598  6625 I ViewRootImpl@dd9c72a[ScreenDecorOverlayBottom]: Relayout returned: old=(0,2189,1080,2340) new=(0,2189,1080,2340) req=(1079,151)0 dur=3 res=0x0 s={true 485883961344} ch=false fn=163
04-17 18:01:35.276  5274  7486 V WindowManager: Relayout Window{2f5398f u0 ScreenDecorOverlay}: viewVisibility=0 req=1079x151 d0
04-17 18:01:35.278  5274  7486 V WindowManager: Relayout hash=2f5398f, pid=5598: mAttrs={(0,0)(fillxwrap) gr=TOP CENTER_VERTICAL sim={adjust=pan} layoutInDisplayCutoutMode=always ty=NAVIGATION_BAR_PANEL fmt=TRANSLUCENT
04-17 18:01:35.278  5274  7486 V WindowManager:   fl=20800128
04-17 18:01:35.278  5274  7486 V WindowManager:   pfl=13100050
04-17 18:01:35.278  5274  7486 V WindowManager:   vsysui=100
04-17 18:01:35.278  5274  7486 V WindowManager:   bhv=DEFAULT naviIconColor=0}
04-17 18:01:35.279  5598  6625 I ViewRootImpl@ce89bca[ScreenDecorOverlay]: Relayout returned: old=(0,0,1080,151) new=(0,0,1080,151) req=(1079,151)0 dur=3 res=0x0 s={true 485883396096} ch=false fn=212
04-17 18:01:35.287  5274  7486 V WindowManager: Relayout Window{b7541b2 u0 ScreenDecorOverlayBottom}: viewVisibility=0 req=1079x151 d0
04-17 18:01:35.289  5274  7486 V WindowManager: Relayout hash=b7541b2, pid=5598: mAttrs={(0,0)(fillxwrap) gr=BOTTOM CENTER_VERTICAL sim={adjust=pan} layoutInDisplayCutoutMode=always ty=NAVIGATION_BAR_PANEL fmt=TRANSLUCENT
04-17 18:01:35.289  5274  7486 V WindowManager:   fl=20800128
04-17 18:01:35.289  5274  7486 V WindowManager:   pfl=13100050
04-17 18:01:35.289  5274  7486 V WindowManager:   vsysui=100
04-17 18:01:35.289  5274  7486 V WindowManager:   bhv=DEFAULT naviIconColor=0}
04-17 18:01:35.289  5598  6625 I ViewRootImpl@dd9c72a[ScreenDecorOverlayBottom]: Relayout returned: old=(0,2189,1080,2340) new=(0,2189,1080,2340) req=(1079,151)0 dur=2 res=0x0 s={true 485883961344} ch=false fn=163
04-17 18:01:35.291  5274  5587 V WindowManager: Relayout Window{2f5398f u0 ScreenDecorOverlay}: viewVisibility=0 req=1079x151 d0
04-17 18:01:35.293  5274  5587 V WindowManager: Relayout hash=2f5398f, pid=5598: mAttrs={(0,0)(fillxwrap) gr=TOP CENTER_VERTICAL sim={adjust=pan} layoutInDisplayCutoutMode=always ty=NAVIGATION_BAR_PANEL fmt=TRANSLUCENT
04-17 18:01:35.293  5274  5587 V WindowManager:   fl=20800128
04-17 18:01:35.293  5274  5587 V WindowManager:   pfl=13100050
04-17 18:01:35.293  5274  5587 V WindowManager:   vsysui=100
04-17 18:01:35.293  5274  5587 V WindowManager:   bhv=DEFAULT naviIconColor=0}
04-17 18:01:35.293  5598  6625 I ViewRootImpl@ce89bca[ScreenDecorOverlay]: Relayout returned: old=(0,0,1080,151) new=(0,0,1080,151) req=(1079,151)0 dur=3 res=0x0 s={true 485883396096} ch=false fn=212
04-17 18:01:35.338  7578  7578 I Utils   : isCurrentUser current = 0, ownerId = 0
04-17 18:01:35.339  7578  7578 I TrayVisibilityController: getComputedTrayVisible : keyguardState = 1
04-17 18:01:35.339  7578  7578 I TrayVisibilityController: updateTrayVisible: State=1 visible=1 mCurrentVisible=2 specificMode=0
04-17 18:01:35.339  7578  7578 I TrayStateController: onNotifyUpdateTray: state=2
04-17 18:01:35.339  7578  7578 I MSHandlerLifeCycle: isMultiSplitHandlerRequested: ignored. pkg=com.samsung.android.app.cocktailbarservice isActivity=false callers=com.android.internal.policy.DecorView.setVisibility:4295 com.samsung.android.app.cocktailbarservice.controller.traystate.TrayStateHide.onExitState:54 com.samsung.android.app.cocktailbarservice.controller.traystate.TrayStateController.setUiState:779 com.samsung.android.app.cocktailbarservice.controller.traystate.TrayStateController$9.onNotifyUpdateTray:1482 com.samsung.android.app.cocktailbarservice.controller.traystate.TrayVisibilityController.notifyUpdateTray:431
04-17 18:01:35.339  7578  7578 I MSHandlerLifeCycle: removeMultiSplitHandler: no exist. decor=DecorView@2e85943[CocktailBarService]
04-17 18:01:35.339  7578  7578 I MSHandlerLifeCycle: isMultiSplitHandlerRequested: ignored. pkg=com.samsung.android.app.cocktailbarservice isActivity=false callers=com.android.internal.policy.DecorView.setVisibility:4295 com.samsung.android.app.cocktailbarservice.controller.traystate.TrayStateTrigger.onEnterState:187 com.samsung.android.app.cocktailbarservice.controller.traystate.TrayStateController.setUiState:793 com.samsung.android.app.cocktailbarservice.controller.traystate.TrayStateController$9.onNotifyUpdateTray:1482 com.samsung.android.app.cocktailbarservice.controller.traystate.TrayVisibilityController.notifyUpdateTray:431
04-17 18:01:35.339  7578  7578 I MSHandlerLifeCycle: removeMultiSplitHandler: no exist. decor=DecorView@2e85943[CocktailBarService]
04-17 18:01:35.343  7578  7578 I TrayStateTrigger: getTriggerMarginOnTop retY=1637 halfHandleSize=181 getTriggerPosition=81.818184
04-17 18:01:35.343  7578  7578 I CapturedBlurController: updateBlurBackground: false false
04-17 18:01:35.343  7578  7578 I TrayStateController: setUiState 0 : 2 --> 0
04-17 18:01:35.354  5274  5587 V WindowManager: Relayout Window{efcd846 u0 com.samsung.android.app.cocktailbarservice/com.samsung.android.app.cocktailbarservice.CocktailBarService}: viewVisibility=0 req=67x362 d0
04-17 18:01:35.354  4929  6292 I SurfaceFlinger: id=6836 createSurf (67x362),-3 flag=40004, com.samsung.android.app.cocktailbarservice/com.samsung.android.app.cocktailbarservice.CocktailBarService$_7578#0
04-17 18:01:35.357  5274  5587 V WindowManager: Relayout hash=efcd846, pid=7578: mAttrs={(0,1637)(67x362) gr=TOP RIGHT CENTER sim={adjust=nothing} layoutInDisplayCutoutMode=shortEdges ty=2226 fmt=TRANSPARENT
04-17 18:01:35.357  5274  5587 V WindowManager:   fl=81800548
04-17 18:01:35.357  5274  5587 V WindowManager:   pfl=2000050
04-17 18:01:35.357  5274  5587 V WindowManager:   vsysui=2000
04-17 18:01:35.357  5274  5587 V WindowManager:   apr=LIGHT_STATUS_BARS
04-17 18:01:35.357  5274  5587 V WindowManager:   bhv=SHOW_TRANSIENT_BARS_BY_SWIPE
04-17 18:01:35.357  5274  5587 V WindowManager:   fitTypes=NAVIGATION_BARS CAPTION_BAR dimAmount=0.0 dimDuration=0 naviIconColor=0
04-17 18:01:35.357  5274  5587 V WindowManager:   sfl=200000}
04-17 18:01:35.358  7578  7578 I ViewRootImpl@316fa20[CocktailBarService]: Relayout returned: old=(1013,1637,1080,1999) new=(1013,1637,1080,1999) req=(67,362)0 dur=4 res=0x6 s={true 488271499264} ch=true fn=-1
04-17 18:01:35.359  7578  7578 I ViewRootImpl@316fa20[CocktailBarService]: [DP] dp(1) 1 android.view.ViewRootImpl.reportNextDraw:11442 android.view.ViewRootImpl.performTraversals:4198 android.view.ViewRootImpl.doTraversal:2924
04-17 18:01:35.363  7578  7578 I ViewRootImpl@316fa20[CocktailBarService]: [DP] pdf(0) 1 android.view.ViewRootImpl.lambda$addFrameCompleteCallbackIfNeeded$3$ViewRootImpl:5000 android.view.ViewRootImpl$$ExternalSyntheticLambda16.run:6 android.os.Handler.handleCallback:938
04-17 18:01:35.363  7578  7578 I ViewRootImpl@316fa20[CocktailBarService]: [DP] rdf()
04-17 18:01:35.363  7578  7578 I TrayStateController: putInputRect mDynamicInputRegion=57491729@LastEvent=t=1681750895359Rect(0, 0 - 0, 0),Rect=Rect(25, 0 - 67, 362)
04-17 18:01:35.363  7578  7578 I DecorView: notifyKeepScreenOnChanged: keepScreenOn=false
04-17 18:01:35.364  7578  7578 I MSHandlerLifeCycle: isMultiSplitHandlerRequested: ignored. pkg=com.samsung.android.app.cocktailbarservice isActivity=false callers=com.android.internal.policy.DecorView.hasMultiSplitHandlerInNonFreeformMode:891 com.android.internal.policy.DecorView.notifyKeepScreenOnChanged:885 android.view.ViewRootImpl.applyKeepScreenOnFlag:2945 android.view.ViewRootImpl.setLayoutParams:2108 android.view.WindowManagerGlobal.updateViewLayout:537
04-17 18:01:35.365  7578  7578 I TrayStateTrigger: showTriggerView
04-17 18:01:35.370  4929  4929 E SurfaceFlinger: Attempt to update InputPolicyFlags without permission ACCESS_SURFACE_FLINGER
04-17 18:01:35.370 24018 24018 D IdlingRegistry: Unregistering idling resources: [androidx.test.espresso.action.CloseKeyboardAction$CloseKeyboardIdlingResult@82e653d]
04-17 18:01:35.371  5274  5587 V WindowManager: Relayout Window{efcd846 u0 com.samsung.android.app.cocktailbarservice/com.samsung.android.app.cocktailbarservice.CocktailBarService}: viewVisibility=0 req=67x362 d0
04-17 18:01:35.374 24018 24018 I ViewInteraction: Checking 'MatchesViewAssertion{viewMatcher=an instance of android.widget.TextView and view.getText() with or without transformation to match: is "Name 1"}' assertion on view view.getId() is <2131296492/com.myapp.alist:id/input1EditText>
04-17 18:01:35.374  5274  5587 V WindowManager: Relayout hash=efcd846, pid=7578: mAttrs={(0,1637)(67x362) gr=TOP RIGHT CENTER sim={adjust=nothing} layoutInDisplayCutoutMode=shortEdges ty=2226 fmt=TRANSPARENT
04-17 18:01:35.374  5274  5587 V WindowManager:   fl=81800548
04-17 18:01:35.374  5274  5587 V WindowManager:   pfl=2000050
04-17 18:01:35.374  5274  5587 V WindowManager:   vsysui=2000
04-17 18:01:35.374  5274  5587 V WindowManager:   apr=LIGHT_STATUS_BARS
04-17 18:01:35.374  5274  5587 V WindowManager:   bhv=SHOW_TRANSIENT_BARS_BY_SWIPE
04-17 18:01:35.374  5274  5587 V WindowManager:   fitTypes=NAVIGATION_BARS CAPTION_BAR dimAmount=0.0 dimDuration=0 naviIconColor=0
04-17 18:01:35.374  5274  5587 V WindowManager:   sfl=200000}
04-17 18:01:35.375  7578  7578 I ViewRootImpl@316fa20[CocktailBarService]: Relayout returned: old=(1013,1637,1080,1999) new=(1013,1637,1080,1999) req=(67,362)0 dur=5 res=0x0 s={true 488271499264} ch=false fn=2
04-17 18:01:35.377  7578  7578 I CocktailBarUiController: onCocktailBarStateChanged: flag=0x1 vis=1 bgType= showTimeout=-1 activate=true
04-17 18:01:35.378 24018 24018 I ViewInteraction: Performing 'type text(Description 1)' action on view view.getId() is <2131296494/com.myapp.alist:id/input2EditText>
04-17 18:01:35.378  4882 24155 I HYPER-HAL: [RequestManager.cpp]releaseLocked(): Released ID : 27480004
04-17 18:01:35.379  4929  4929 D SurfaceFlinger: Display 0 HWC layers:
04-17 18:01:35.379  4929  4929 D SurfaceFlinger:      DEVICE | 0x71a58daf40 | 0102 | RGBA_8888    |    0.0    0.0 1080.0 2340.0 |    0    0 1080 2340 | com.myapp.alist/com.myapp.alist.ui.MainActivity$_24018#0
04-17 18:01:35.379  4929  4929 D SurfaceFlinger:      DEVICE | 0x71a58be580 | 0100 | RGBA_8888    |    0.0    0.0 1080.0   78.0 |    0    0 1080   78 | StatusBar$_5598#0
04-17 18:01:35.379  4929  4929 D SurfaceFlinger:      DEVICE | 0x71a599a080 | 0100 | RGBA_8888    |    0.0    0.0   67.0  362.0 | 1013 1637 1080 1999 | com.samsung.android.app.cocktailbars[...]arservice.CocktailBarService$_7578#0
04-17 18:01:35.379  4929  4929 D SurfaceFlinger:      DEVICE | 0x71a58dae00 | 0100 | RGBA_8888    |    0.0    0.0 1080.0  126.0 |    0 2214 1080 2340 | NavigationBar0$_5598#0
04-17 18:01:35.379  4929  4929 D SurfaceFlinger:      DEVICE | 0x7170160d40 | 0140 | RGBA_8888    |    0.0    0.0 1080.0  151.0 |    0    0 1080  151 | ScreenDecorOverlay$_5598#0
04-17 18:01:35.379  4929  4929 D SurfaceFlinger:      DEVICE | 0x71a3dca740 | 0140 | RGBA_8888    |    0.0    0.0 1080.0  151.0 |    0 2189 1080 2340 | ScreenDecorOverlayBottom$_5598#0
04-17 18:01:35.379  4929  4929 D SurfaceFlinger:
04-17 18:01:35.381  5274  7486 D InputDispatcher: Inject motion (24018): action=0x0, time=10533896000000, f=0x0, d=0
04-17 18:01:35.381  5274  5414 I InputDispatcher: Delivering touch to (5598): action: 0x4, f=0x0, d=0, '175e94d', t=0
04-17 18:01:35.381  5274  5414 I InputDispatcher: Delivering touch to (24018): action: 0x0, f=0x0, d=0, 'ae17f2d', t=0
04-17 18:01:35.382  5274  5294 I GestureDetector: obtain mCurrentDownEvent. id: -189301911 caller: com.android.server.wm.SystemGesturesPointerEventListener.onPointerEvent:179 com.android.server.wm.PointerEventDispatcher.onInputEvent:71 android.view.InputEventReceiver.dispatchInputEvent:259
04-17 18:01:35.382  5274  5294 I GestureDetector: obtain mCurrentDownEvent. id: -189301911 caller: com.android.server.wm.SystemPerformancePointerEventListener.onPointerEvent:89 com.android.server.wm.PointerEventDispatcher.onInputEvent:71 android.view.InputEventReceiver.dispatchInputEvent:259
04-17 18:01:35.382 24018 24018 I ViewRootImpl@90ba39b[MainActivity]: ViewPostIme pointer 0
04-17 18:01:35.382 24018 24018 I MSHandlerLifeCycle: isMultiSplitHandlerRequested: windowingMode=1 isFullscreen=true isPopOver=false isHidden=false skipActivityType=false isHandlerType=true this: DecorView@974f9ab[MainActivity]
04-17 18:01:35.384  5274  5587 I InputMethodManagerService: isInputMethodShown: isShown=false
04-17 18:01:35.387  4929  4929 E SurfaceFlinger: Attempt to update InputPolicyFlags without permission ACCESS_SURFACE_FLINGER
04-17 18:01:35.421  5274  7486 D InputDispatcher: Inject motion (24018): action=0x1, time=10533936000000, f=0x0, d=0
04-17 18:01:35.421  5274  5414 I InputDispatcher: Delivering touch to (24018): action: 0x1, f=0x0, d=0, 'ae17f2d', t=0
04-17 18:01:35.421  5274  5294 I GestureDetector: obtain mCurrentMotionEventRaw. action: 1 id: -10768605
04-17 18:01:35.421 24018 24018 I ViewRootImpl@90ba39b[MainActivity]: ViewPostIme pointer 1
04-17 18:01:35.421 24018 24018 I MSHandlerLifeCycle: isMultiSplitHandlerRequested: windowingMode=1 isFullscreen=true isPopOver=false isHidden=false skipActivityType=false isHandlerType=true this: DecorView@974f9ab[MainActivity]
04-17 18:01:35.421  5274  5294 I GestureDetector: obtain mCurrentMotionEventRaw. action: 1 id: -10768605
04-17 18:01:35.426 24018 24018 D InputMethodManager: startInputInner - Id : 0
04-17 18:01:35.426 24018 24018 I InputMethodManager: startInputInner - mService.startInputOrWindowGainedFocus
04-17 18:01:35.428  5274  5587 D InputMethodManagerService: mDesktopModeManager null!
04-17 18:01:35.428  5274  5587 V InputMethodManagerService: getDisplayIdOfInputMethodWindowToBeAdded : 0
04-17 18:01:35.429  5274  5587 D InputMethodManagerService: checkDisplayOfStartInputAndUpdateKeyboard display Id 0last 0
04-17 18:01:35.429  5274  5587 D InputTransport: Input channel constructed: 'ClientS', fd=727
04-17 18:01:35.429  5274  5587 D InputTransport: Input channel destroyed: 'ClientS', fd=727
04-17 18:01:35.429 24018 24018 I IMM_LC  : showSoftInput(View,I)
04-17 18:01:35.429  8190  8190 I HBD     : HoneyBoardService onFinishInput
04-17 18:01:35.430 24018 24018 I IMM_LC  : ssi() - flag : 0 view : com.myapp.alist reason = SHOW_SOFT_INPUT
04-17 18:01:35.430  5274  7530 V InputMethodManagerService: Client requesting input be shown, flags : 0
04-17 18:01:35.430  5274  7530 D InputMethodManagerService: ACCESS_CONTROL_ENABLED = false, ACCESS_CONTROL_KEYBOARD_BLOCK = false
04-17 18:01:35.430  8190  8190 I HBD     : a IC have been unbinding,  InputConnectionWrapper{idHash=#bea3d33 mMissingMethods=}
04-17 18:01:35.430  8190  8190 I HBD     : HoneyBoardService [PF_CL][onFinishInput]  642500 ns
04-17 18:01:35.430  8190  8190 I HBD     : HoneyBoardService [IMI] onStartInput - caller pid : 24018 , caller uid : 10422
04-17 18:01:35.431  8190  8190 I HBD     : j updateConfigs
04-17 18:01:35.431  8190  8190 I HBD     : j isEnabledNightMode : false
04-17 18:01:35.431  8190  8190 I HBD     : a IC have been binding, InputConnectionWrapper{idHash=#979e47f mMissingMethods=}
04-17 18:01:35.431  8190  8190 W HBD     : b [EditorInputType] undefined Enter action code : 0x40000005
04-17 18:01:35.431  8190  8190 I HBD     : h [EditorInputType]setPrivateImeOptionsToTable privateImeOptions ( null )
04-17 18:01:35.431  8190  8190 I HBD     : b incognitoMode : false
04-17 18:01:35.431  8190  8190 W HBD     : b [EditorInputType] undefined Enter action code : 0x40000005
04-17 18:01:35.433  8190  8190 I HBD     : h getDefaultInputRange : UNKNOWN
04-17 18:01:35.434  8190  8190 I HBD     : h getDefaultInputRange : UNKNOWN
04-17 18:01:35.434  8190  8190 I HBD     : h getDefaultInputRange : UNKNOWN
04-17 18:01:35.435 24018 24018 D Editor  : waiting for the right moment
04-17 18:01:35.439  8190  8190 I HBD     : h getDefaultInputRange : UNKNOWN
04-17 18:01:35.439  8190  8190 I HBD     : a currentState : 0
04-17 18:01:35.440  8190  8190 I HBD     : h load selected json path : /data/user/0/com.samsung.android.honeyboard/files/selected.json
04-17 18:01:35.440  8190  8190 I HBD     : h load selected json info : {"version":"1.0","currentLanguageOrder":0,"selected":[{"activeOptionList":["auto_spacing","writing_assistant"],"engName":"English","id":65538,"inputType":"qwerty","isUsed":true}]}
04-17 18:01:35.440  8190  8190 I HBD     : a [UpdatePolicy] [post] a: 0 cl: 65538 kit: [0/0] vt: 0 ir: 1
04-17 18:01:35.441  8190  8190 I HBD     : HoneyBoardService [PF_OP][onStartInput]  10106846 ns
04-17 18:01:35.441  8190  8190 I InputMethod: showSoftInput(), flags : 1
04-17 18:01:35.442  5274  5587 I InputMethodManagerService: isAccessoryKeyboard 0
04-17 18:01:35.442  8190  8190 I HBD     : HoneyBoardService onEvaluateInputViewShown: true
04-17 18:01:35.443  8190  8190 I DecorView: notifyKeepScreenOnChanged: keepScreenOn=false
04-17 18:01:35.444  8190  8190 I MSHandlerLifeCycle: isMultiSplitHandlerRequested: ignored. pkg=com.samsung.android.honeyboard isActivity=false callers=com.android.internal.policy.DecorView.hasMultiSplitHandlerInNonFreeformMode:891 com.android.internal.policy.DecorView.notifyKeepScreenOnChanged:885 android.view.ViewRootImpl.applyKeepScreenOnFlag:2945 android.view.ViewRootImpl.setLayoutParams:2108 android.view.WindowManagerGlobal.updateViewLayout:537
04-17 18:01:35.444  5274  5587 I InputMethodManagerService: isAccessoryKeyboard 0
04-17 18:01:35.444  8190  8190 I HBD     : HoneyBoardService onEvaluateInputViewShown: true
04-17 18:01:35.445  8190  8190 I HBD     : HoneyBoardService onStartInputView : restarting = false, client = com.myapp.alist
04-17 18:01:35.445  8190  9047 I SemDvfsHyPerManager: acquire hyper - SKBD_RE_ENTER_SHOW/8190@1, type = -999
04-17 18:01:35.445  8190  8190 W HBD     : b [EditorInputType] undefined Enter action code : 0x40000005
04-17 18:01:35.445  8190  8190 I HBD     : h [EditorInputType]setPrivateImeOptionsToTable privateImeOptions ( null )
04-17 18:01:35.445  8190  8190 I HBD     : b incognitoMode : false
04-17 18:01:35.445  8190  8190 W HBD     : b [EditorInputType] undefined Enter action code : 0x40000005
04-17 18:01:35.445  8190  8190 I HBD     : h getDefaultInputRange : UNKNOWN
04-17 18:01:35.445  8190  8190 I HBD     : h getDefaultInputRange : UNKNOWN
04-17 18:01:35.445  4882  4921 I HYPER-HAL: [RequestManager.cpp]acquire(): Acquired ID : 33550337  [8190 / 1]    HINT : KBD_APP_RE_ENTER_VIEW    list : [TIMEOUT / 400]
04-17 18:01:35.445  8190  8190 I HBD     : h getDefaultInputRange : UNKNOWN
04-17 18:01:35.445  8190  8190 I HBD     : HoneyBoardService onStartInputViewInternal: inputType=0x20001, imeOptions=0x4c000005, initialSelStart=0, initialSelEnd=0
04-17 18:01:35.445  8190  8190 I HBD     : f applyThemesPolicy
04-17 18:01:35.445  8190  8190 I HBD     : e mUsedOpenTheme = false IsRequiredDarkTypeTheme = false night mode : false mIsEnabledHighContrast = false mIsOpenThemeForHoneyBoardInstalled = false mIsWallpaperThemeInstalled = false mIsThemeParkTheme = false
04-17 18:01:35.445  8190  8190 I HBD     : f ThemeIndex By PolicyInternal theme index :  285212672 Light
04-17 18:01:35.445  8190  8190 I HBD     : f update KeyboardTheme themeIndex : 0x 11000000  theme :  Light
04-17 18:01:35.446  8190  8190 I HBD     : a set Theme convertedIndex : 2
04-17 18:01:35.446  8190  8190 I HBD     : a themeStyleSet :2
04-17 18:01:35.446  8190  8190 I HBD     : a updatePredictionStatus : 1, editorOpt
04-17 18:01:35.446  8190  8190 I HBD     : a updateForEditorClass isPredictionOn = true
04-17 18:01:35.453  8190  8190 I HBD     : al EBD ssu f 1
04-17 18:01:35.454  4929  4929 E SurfaceFlinger: Attempt to update InputPolicyFlags without permission ACCESS_SURFACE_FLINGER
04-17 18:01:35.455  8190  8190 I HBD     : a [UpdatePolicy] [post] a: 1 cl: 65538 kit: [0/0] vt: 0 ir: 1
04-17 18:01:35.456  5274  7530 D SecContentProvider: query(), uri = 17 selection = isSettingsChangesAllowed
04-17 18:01:35.457  5274  7530 D SecContentProvider: query(), uri = 17 selection = isSettingsChangesAllowed
04-17 18:01:35.457  8190  8190 I HBD     : a [SKE_TAM] Changed false
04-17 18:01:35.458  8190  8190 I HBD     : a refresh(), mParameterMode,  0
04-17 18:01:35.458  8190  8821 I HBD     : m updated Sub Types. English
04-17 18:01:35.458  8190  8190 I HBD     : ::BnR:: d HONEY_SUPPORT_DATA_MIGRATION_FROM_SKBD : true, isMigrateNotNeeded : true, isFinishMigPreferences : false, isPasswordInputType : falseisUserUnlocked : true
04-17 18:01:35.459  8190  8190 I HBD     : b updateMultiTapTimeValue
04-17 18:01:35.459  8190  8190 I HBD     : b getMultiTapTimeoutValue
04-17 18:01:35.459  8190  8190 I HBD     : b getSingleVowelMultiTapTimeoutValue
04-17 18:01:35.460  8190  8190 I HBD     : a onBind
04-17 18:01:35.460  8190  8190 I HBD     : b updateConfig: [LanguageItem] English / [KeyboardViewTypeItem] 0 / [KeyboardInputTypeItem] mainType(0), subType(0) / [CurrentLanguageInputTypeItem] mainType(0), subType(0) / [KeyboardInputRangeItem] 1 / [HandwritingModeItem] false / [SelectedLanguageItem] 1 / [LocaleItem] en-GB / [TextOrNullInputClassItem] true / [DateInputTypeItem] false / [DateTimeInputTypeItem] false /
