04-19 15:55:20.636  6061  6061 I ViewRootImpl@d0c0a9[PopupWindow:7cfcc30]: Relayout returned: old=(576,546,912,2214) new=(576,546,912,2214) req=(336,1668)0 dur=22 res=0x1 s={true 536550686720} ch=false fn=22
04-19 15:55:20.658  4894  4894 I Layer   : id=4119 removeFromCurrentState Surface(name=2bb52fa StatusBar)/@0xde6dab8 - animation-leash of insets_animation#0 (109)
04-19 15:55:20.659  4894  4894 I Layer   : id=4120 removeFromCurrentState Surface(name=ec1a749 NavigationBar0)/@0xfb3ebf7 - animation-leash of insets_animation#1 (109)
04-19 15:55:20.659  4894  4894 E SurfaceFlinger: Attempt to update InputPolicyFlags without permission ACCESS_SURFACE_FLINGER
04-19 15:55:20.659  4894  4894 I SurfaceFlinger: id=4119 Removed Surface(name=2bb52fa StatusBar)/@0xde6dab8 - animation-leash of insets_animation#0 (109)
04-19 15:55:20.659  4894  4894 I SurfaceFlinger: id=4120 Removed Surface(name=ec1a749 NavigationBar0)/@0xfb3ebf7 - animation-leash of insets_animation#1 (109)
04-19 15:55:20.660  4894  4894 I Layer   : id=4119 Destroyed Surface(name=2bb52fa StatusBar)/@0xde6dab8 - animation-leash of insets_animation#0
04-19 15:55:20.660  4894  4894 I Layer   : id=4120 Destroyed Surface(name=ec1a749 NavigationBar0)/@0xfb3ebf7 - animation-leash of insets_animation#1
04-19 15:55:20.662  5232  5376 D InputDispatcher: Focus left window (0): 9c09965 PopupWindow:7cfcc30
04-19 15:55:20.663  5232  5376 D InputDispatcher: Focus entered window (0): 1b7ed40 com.myapp.alist/com.myapp.alist.ui.MainActivity
04-19 15:55:20.675  4894  4894 E SurfaceFlinger: Attempt to update InputPolicyFlags without permission ACCESS_SURFACE_FLINGER
04-19 15:55:20.690  6061  6061 D InsetsSourceConsumer: ensureControlAlpha: for ITYPE_NAVIGATION_BAR on com.myapp.alist/com.myapp.alist.ui.MainActivity
04-19 15:55:20.691  4894  4894 E SurfaceFlinger: Attempt to update InputPolicyFlags without permission ACCESS_SURFACE_FLINGER
04-19 15:55:20.692  6061  6061 D InsetsSourceConsumer: ensureControlAlpha: for ITYPE_STATUS_BAR on com.myapp.alist/com.myapp.alist.ui.MainActivity
04-19 15:55:20.698  6061  6061 I ViewRootImpl@d0c0a9[PopupWindow:7cfcc30]: MSG_WINDOW_FOCUS_CHANGED 0 1
04-19 15:55:20.700  6061  6061 I ViewRootImpl@1d4edff[MainActivity]: MSG_WINDOW_FOCUS_CHANGED 1 1
04-19 15:55:20.703  6061  6061 I InputMethodManager: startInputAsyncOnWindowFocusGain - mService.startInputOrWindowGainedFocus
04-19 15:55:20.708  4894  4894 E SurfaceFlinger: Attempt to update InputPolicyFlags without permission ACCESS_SURFACE_FLINGER
04-19 15:55:20.725  4894  4894 E SurfaceFlinger: Attempt to update InputPolicyFlags without permission ACCESS_SURFACE_FLINGER
04-19 15:55:20.758  4894  4894 E SurfaceFlinger: Attempt to update InputPolicyFlags without permission ACCESS_SURFACE_FLINGER
04-19 15:55:20.758  4894  4894 E SurfaceFlinger: Attempt to update InputPolicyFlags without permission ACCESS_SURFACE_FLINGER
04-19 15:55:20.785  5232  5232 I GestureDetector: handleMessage TAP
04-19 15:55:20.786  5232  5255 I GestureDetector: handleMessage TAP
04-19 15:55:20.791  4894  4894 E SurfaceFlinger: Attempt to update InputPolicyFlags without permission ACCESS_SURFACE_FLINGER
04-19 15:55:20.792  4894  4894 E SurfaceFlinger: Attempt to update InputPolicyFlags without permission ACCESS_SURFACE_FLINGER
04-19 15:55:20.808  4894  4894 E SurfaceFlinger: Attempt to update InputPolicyFlags without permission ACCESS_SURFACE_FLINGER
04-19 15:55:20.825  4894  4894 E SurfaceFlinger: Attempt to update InputPolicyFlags without permission ACCESS_SURFACE_FLINGER
04-19 15:55:20.842  4894  4894 E SurfaceFlinger: Attempt to update InputPolicyFlags without permission ACCESS_SURFACE_FLINGER
04-19 15:55:20.858  4894  4894 E SurfaceFlinger: Attempt to update InputPolicyFlags without permission ACCESS_SURFACE_FLINGER
04-19 15:55:20.861  6061  6061 I ViewInteraction: Checking 'MatchesViewAssertion{viewMatcher=an instance of android.widget.Spinner and spinner.getSelectedItem().toString() to match a string containing "To Do"}' assertion on view view.getId() is <2131296686/com.myapp.alist:id/spinner1>
04-19 15:55:20.871  6061  6061 I ViewInteraction: Performing 'single click' action on view view.getId() is <2131296687/com.myapp.alist:id/spinner2>
04-19 15:55:20.872  4829  6310 I HYPER-HAL: [RequestManager.cpp]releaseLocked(): Released ID : 26729030
04-19 15:55:20.875  4894  4894 E SurfaceFlinger: Attempt to update InputPolicyFlags without permission ACCESS_SURFACE_FLINGER
04-19 15:55:20.876  5232  5601 D InputDispatcher: Inject motion (6061): action=0x0, time=6880574000000, f=0x0, d=0
04-19 15:55:20.877  5232  5378 I InputDispatcher: Delivering touch to (5576): action: 0x4, f=0x0, d=0, 'ec1a749', t=0
04-19 15:55:20.877  5232  5378 I InputDispatcher: Delivering touch to (6061): action: 0x4, f=0x0, d=0, '9c09965', t=0
04-19 15:55:20.878  5232  5378 I InputDispatcher: Delivering touch to (6061): action: 0x0, f=0x0, d=0, '1b7ed40', t=0
04-19 15:55:20.881  5232  5255 I GestureDetector: obtain mCurrentDownEvent. id: -507239010 caller: com.android.server.wm.SystemGesturesPointerEventListener.onPointerEvent:179 com.android.server.wm.PointerEventDispatcher.onInputEvent:71 android.view.InputEventReceiver.dispatchInputEvent:259
04-19 15:55:20.882  6061  6061 I ViewRootImpl@1d4edff[MainActivity]: ViewPostIme pointer 0
04-19 15:55:20.882  5232  5255 I GestureDetector: obtain mCurrentDownEvent. id: -507239010 caller: com.android.server.wm.SystemPerformancePointerEventListener.onPointerEvent:89 com.android.server.wm.PointerEventDispatcher.onInputEvent:71 android.view.InputEventReceiver.dispatchInputEvent:259
04-19 15:55:20.882  6061  6061 I MSHandlerLifeCycle: isMultiSplitHandlerRequested: windowingMode=1 isFullscreen=true isPopOver=false isHidden=false skipActivityType=false isHandlerType=true this: DecorView@15f230f[MainActivity]
04-19 15:55:20.892  4894  4894 E SurfaceFlinger: Attempt to update InputPolicyFlags without permission ACCESS_SURFACE_FLINGER
04-19 15:55:20.908  4894  4894 E SurfaceFlinger: Attempt to update InputPolicyFlags without permission ACCESS_SURFACE_FLINGER
04-19 15:55:20.918  5232  5601 D InputDispatcher: Inject motion (6061): action=0x1, time=6880616000000, f=0x0, d=0
04-19 15:55:20.919  5232  5378 I InputDispatcher: Delivering touch to (6061): action: 0x1, f=0x0, d=0, '1b7ed40', t=0
04-19 15:55:20.919  5232  5255 I GestureDetector: obtain mCurrentMotionEventRaw. action: 1 id: -734030099
04-19 15:55:20.919  6061  6061 I ViewRootImpl@1d4edff[MainActivity]: ViewPostIme pointer 1
04-19 15:55:20.920  5232  5255 I GestureDetector: obtain mCurrentMotionEventRaw. action: 1 id: -734030099
04-19 15:55:20.920  6061  6061 I MSHandlerLifeCycle: isMultiSplitHandlerRequested: windowingMode=1 isFullscreen=true isPopOver=false isHidden=false skipActivityType=false isHandlerType=true this: DecorView@15f230f[MainActivity]
04-19 15:55:20.925  4894  4894 E SurfaceFlinger: Attempt to update InputPolicyFlags without permission ACCESS_SURFACE_FLINGER
04-19 15:55:20.942  4894  4894 E SurfaceFlinger: Attempt to update InputPolicyFlags without permission ACCESS_SURFACE_FLINGER
04-19 15:55:20.942  4894  4894 E SurfaceFlinger: Attempt to update InputPolicyFlags without permission ACCESS_SURFACE_FLINGER
04-19 15:55:20.955  5232  5490 D NetdEventListenerService: DNS Requested by : 0, 10191, 7
04-19 15:55:20.955  6163  6201 W ejqa    : [{0}] Failed to resolve name. status={1}
04-19 15:55:20.958  4894  4894 E SurfaceFlinger: Attempt to update InputPolicyFlags without permission ACCESS_SURFACE_FLINGER
04-19 15:55:20.959  4894  4894 E SurfaceFlinger: Attempt to update InputPolicyFlags without permission ACCESS_SURFACE_FLINGER
04-19 15:55:20.974  4894  4927 I SurfaceFlinger: id=4124 createSurf (0x0),-1 flag=80004, b6c1119 PopupWindow:b787953#0
04-19 15:55:20.975  4894  4894 E SurfaceFlinger: Attempt to update InputPolicyFlags without permission ACCESS_SURFACE_FLINGER
04-19 15:55:20.977  5232  5601 D InputTransport: Input channel constructed: 'b6c1119', fd=552
04-19 15:55:20.977  5232  5601 D InputTransport: Input channel constructed: 'b6c1119', fd=568
04-19 15:55:20.977  5232  5601 D InputTransport: Input channel constructed: 'b6c1119', fd=597
04-19 15:55:20.980  4894  4927 I SurfaceFlinger: id=4125 createSurf (0x0),-1 flag=24000, Surface(name=2bb52fa StatusBar)/@0xde6dab8 - animation-leash of insets_animation#0
04-19 15:55:20.983  4894  4927 I SurfaceFlinger: id=4126 createSurf (0x0),-1 flag=24000, Surface(name=ec1a749 NavigationBar0)/@0xfb3ebf7 - animation-leash of insets_animation#1
04-19 15:55:20.986  5232  5601 D InputTransport: Input channel destroyed: 'b6c1119', fd=597
04-19 15:55:20.989  6061  6061 I ViewRootImpl@752290[PopupWindow:b787953]: setView = android.widget.PopupWindow$PopupDecorView@f8757af TM=true
04-19 15:55:20.992  4894  4894 E SurfaceFlinger: Attempt to update InputPolicyFlags without permission ACCESS_SURFACE_FLINGER
04-19 15:55:21.004  6061  6097 D OpenGLRenderer: setSurface called with nullptr
04-19 15:55:21.005  6061  6097 D OpenGLRenderer: setSurface() destroyed EGLSurface
04-19 15:55:21.005  6061  6097 D OpenGLRenderer: destroyEglSurface
04-19 15:55:21.008  6061  6061 I ViewRootImpl@d0c0a9[PopupWindow:7cfcc30]: dispatchDetachedFromWindow
04-19 15:55:21.009  4894  4894 I Layer   : id=4122 removeFromCurrentState Surface(name=2bb52fa StatusBar)/@0xde6dab8 - animation-leash of insets_animation#1 (110)
04-19 15:55:21.009  4894  4894 I Layer   : id=4123 removeFromCurrentState Surface(name=ec1a749 NavigationBar0)/@0xfb3ebf7 - animation-leash of insets_animation#0 (110)
04-19 15:55:21.009  4894  4894 E SurfaceFlinger: Attempt to update InputPolicyFlags without permission ACCESS_SURFACE_FLINGER
04-19 15:55:21.010  5232  5601 D InputTransport: Input channel destroyed: '9c09965', fd=496
04-19 15:55:21.011  5232  5601 W InputManager-JNI: Input channel object '9c09965 PopupWindow:7cfcc30 (client)' was disposed without first being removed with the input manager!
04-19 15:55:21.011  5232  5601 D InputTransport: Input channel destroyed: '9c09965', fd=530
04-19 15:55:21.024  6061  6061 D InputTransport: Input channel destroyed: '9c09965', fd=124
04-19 15:55:21.025  4894  4894 I Layer   : id=4121 removeFromCurrentState PopupWindow:7cfcc30$_6061#0 (110)
04-19 15:55:21.026  4894  4894 E SurfaceFlinger: Attempt to update InputPolicyFlags without permission ACCESS_SURFACE_FLINGER
04-19 15:55:21.026  4894  4894 I Layer   : id=4118 removeFromCurrentState 9c09965 PopupWindow:7cfcc30#0 (110)
04-19 15:55:21.026  4894  4894 I SurfaceFlinger: id=4118 Removed 9c09965 PopupWindow:7cfcc30#0 (110)
04-19 15:55:21.026  4894  4894 I SurfaceFlinger: id=4121 Removed PopupWindow:7cfcc30$_6061#0 (110)
04-19 15:55:21.026  4894  4894 I Layer   : id=4118 Destroyed 9c09965 PopupWindow:7cfcc30#0
04-19 15:55:21.030  4894  4894 I Layer   : id=4121 Destroyed PopupWindow:7cfcc30$_6061#0
04-19 15:55:21.037  4894  4894 D SurfaceFlinger: Display 0 HWC layers:
04-19 15:55:21.037  4894  4894 D SurfaceFlinger:      DEVICE | 0x7da135ab80 | 0102 | RGBA_8888    |    0.0    0.0 1080.0 2340.0 |    0    0 1080 2340 | com.myapp.alist/com.myapp.alist.ui.MainActivity$_6061#0
04-19 15:55:21.037  4894  4894 D SurfaceFlinger:      DEVICE | 0x7d8143fe40 | 0100 | RGBA_8888    |    0.0    0.0 1080.0   78.0 |    0    0 1080   78 | StatusBar$_5576#0
04-19 15:55:21.037  4894  4894 D SurfaceFlinger:      DEVICE | 0x7da12bf200 | 0100 | RGBA_8888    |    0.0    0.0   67.0  362.0 | 1013 1637 1080 1999 | com.samsung.android.app.cocktailbars[...]rservice.CocktailBarService$_11163#0
04-19 15:55:21.037  4894  4894 D SurfaceFlinger:      DEVICE | 0x7da12bd540 | 0100 | RGBA_8888    |    0.0    0.0 1080.0  126.0 |    0 2214 1080 2340 | NavigationBar0$_5576#0
04-19 15:55:21.037  4894  4894 D SurfaceFlinger:      DEVICE | 0x7da135d380 | 0140 | RGBA_8888    |    0.0    0.0 1080.0  151.0 |    0    0 1080  151 | ScreenDecorOverlay$_5576#0
04-19 15:55:21.037  4894  4894 D SurfaceFlinger:      DEVICE | 0x7da12bf700 | 0140 | RGBA_8888    |    0.0    0.0 1080.0  151.0 |    0 2189 1080 2340 | ScreenDecorOverlayBottom$_5576#0
04-19 15:55:21.037  4894  4894 D SurfaceFlinger:
04-19 15:55:21.040  5232  5601 V WindowManager: Relayout Window{b6c1119 u0 PopupWindow:b787953}: viewVisibility=0 req=336x1260 d0
04-19 15:55:21.042  4894  4927 I SurfaceFlinger: id=4127 createSurf (169x169),-3 flag=40004, PopupWindow:b787953$_6061#0
04-19 15:55:21.042  4894  4894 E SurfaceFlinger: Attempt to update InputPolicyFlags without permission ACCESS_SURFACE_FLINGER
04-19 15:55:21.052  5232  5601 V WindowManager: Relayout hash=b6c1119, pid=6061: mAttrs={(576,756)(336x1260) gr=TOP START CENTER DISPLAY_CLIP_VERTICAL sim={state=unchanged adjust=resize} ty=APPLICATION_SUB_PANEL fmt=TRANSLUCENT surfaceInsets=Rect(84, 84 - 84, 84) (manual)
04-19 15:55:21.052  5232  5601 V WindowManager:   fl=41860200
04-19 15:55:21.052  5232  5601 V WindowManager:   pfl=2018000
04-19 15:55:21.052  5232  5601 V WindowManager:   bhv=DEFAULT
04-19 15:55:21.052  5232  5601 V WindowManager:   fitTypes=STATUS_BARS NAVIGATION_BARS CAPTION_BAR IME naviIconColor=0
04-19 15:55:21.052  5232  5601 V WindowManager:   sfl=20000}
04-19 15:55:21.052  6061  6301 I ViewRootImpl@752290[PopupWindow:b787953]: Resizing android.view.ViewRootImpl@9b1d7bc: frame=[576,756][912,2016] reportDraw=true forceLayout=false backDropFrame=Rect(0, 0 - 336, 1260)
04-19 15:55:21.058  4894  4894 E SurfaceFlinger: Attempt to update InputPolicyFlags without permission ACCESS_SURFACE_FLINGER
04-19 15:55:21.059  6061  6061 D InsetsSourceConsumer: ensureControlAlpha: for ITYPE_NAVIGATION_BAR on PopupWindow:b787953
04-19 15:55:21.061  6061  6061 D InsetsSourceConsumer: ensureControlAlpha: for ITYPE_STATUS_BAR on PopupWindow:b787953
04-19 15:55:21.064  6061  6061 I ViewRootImpl@752290[PopupWindow:b787953]: Relayout returned: old=(0,83,1080,2214) new=(576,756,912,2016) req=(336,1260)0 dur=17 res=0x7 s={true 536550686720} ch=true fn=-1
04-19 15:55:21.070  6061  6097 D OpenGLRenderer: eglCreateWindowSurface
04-19 15:55:21.075  4894  4894 E SurfaceFlinger: Attempt to update InputPolicyFlags without permission ACCESS_SURFACE_FLINGER
04-19 15:55:21.077  5232  5376 D InputDispatcher: Focus request (0): b6c1119 PopupWindow:b787953 but waiting because NOT_VISIBLE
04-19 15:55:21.077  5232  5376 D InputDispatcher: Focus left window (0): 1b7ed40 com.myapp.alist/com.myapp.alist.ui.MainActivity
04-19 15:55:21.092  4894  4894 E SurfaceFlinger: Attempt to update InputPolicyFlags without permission ACCESS_SURFACE_FLINGER
04-19 15:55:21.109  4894  4894 E SurfaceFlinger: Attempt to update InputPolicyFlags without permission ACCESS_SURFACE_FLINGER
04-19 15:55:21.111  6061  6061 D AbsListView:  in onLayout changed
04-19 15:55:21.113  6061  6061 I ViewRootImpl@752290[PopupWindow:b787953]: [DP] dp(1) 0 android.view.ViewRootImpl.reportNextDraw:11442 android.view.ViewRootImpl.performTraversals:4198 android.view.ViewRootImpl.doTraversal:2924
04-19 15:55:21.116  6061  6061 D ViewRootImpl@752290[PopupWindow:b787953]: Creating frameDrawingCallback nextDrawUseBlastSync=false reportNextDraw=true hasBlurUpdates=false
04-19 15:55:21.117  6061  6061 D ViewRootImpl@752290[PopupWindow:b787953]: Creating frameCompleteCallback
04-19 15:55:21.124  6061  6128 D ViewRootImpl@752290[PopupWindow:b787953]: Received frameDrawingCallback frameNum=1. Creating transactionCompleteCallback=false
04-19 15:55:21.126  4894  4894 E SurfaceFlinger: Attempt to update InputPolicyFlags without permission ACCESS_SURFACE_FLINGER
04-19 15:55:21.131  6061  6097 D ViewRootImpl@752290[PopupWindow:b787953]: Received frameCompleteCallback  lastAcquiredFrameNum=1 lastAttemptedDrawFrameNum=1
04-19 15:55:21.135  6061  6061 I ViewRootImpl@752290[PopupWindow:b787953]: [DP] pdf(0) 0 android.view.ViewRootImpl.lambda$addFrameCompleteCallbackIfNeeded$3$ViewRootImpl:5000 android.view.ViewRootImpl$$ExternalSyntheticLambda16.run:6 android.os.Handler.handleCallback:938
04-19 15:55:21.135  6061  6061 I ViewRootImpl@752290[PopupWindow:b787953]: [DP] rdf()
04-19 15:55:21.135  6061  6061 D ViewRootImpl@752290[PopupWindow:b787953]: reportDrawFinished (fn: -1)
04-19 15:55:21.142  4894  4894 E SurfaceFlinger: Attempt to update InputPolicyFlags without permission ACCESS_SURFACE_FLINGER
04-19 15:55:21.151  4894  4926 I SurfaceFlinger: id=4123 Removed Surface(name=ec1a749 NavigationBar0)/@0xfb3ebf7 - animation-leash of insets_animation#0 (109)
04-19 15:55:21.151  4894  4926 I SurfaceFlinger: id=4122 Removed Surface(name=2bb52fa StatusBar)/@0xde6dab8 - animation-leash of insets_animation#1 (109)
04-19 15:55:21.158  6061  6061 I ViewRootImpl@752290[PopupWindow:b787953]: handleResized, msg = 5 frames=ClientWindowFrames{frame=[576,756][912,2016] display=[-10000,-10000][10000,10000] backdrop=[0,0][336,1260]} forceNextWindowRelayout=false displayId=0 frameChanged=false backdropFrameChanged=true configChanged=false displayChanged=false mNextDrawUseBlastSync=false mergedConfiguration={mGlobalConfig={1.1 234mcc15mnc [en_GB] ldltr sw411dp w411dp h811dp 420dpi nrml long hdr port finger -keyb/v/h -nav/h winConfig={ mBounds=Rect(0, 0 - 1080, 2340) mAppBounds=Rect(0, 83 - 1080, 2214) mMaxBounds=Rect(0, 0 - 1080, 2340) mWindowingMode=fullscreen mDisplayWindowingMode=fullscreen mActivityType=undefined mAlwaysOnTop=undefined mRotation=ROTATION_0 mPopOver=off mFreeformTaskPinningState=unpinned} s.699 fontWeightAdjustment=0 ff=0 bf=0 bts=0 enb/d themeSeq=0} mOverrideConfig={1.1 234mcc15mnc [en_GB] ldltr sw411dp w411dp h811dp 420dpi nrml long hdr port finger -keyb/v/h -nav/h winConfig={ mBounds=Rect(0, 0 - 1080, 2340) mAppBounds=Rect(0, 83 - 1080, 2214) mMaxBounds=Rect(0, 0 - 1080, 2340) mWindowingMode=fullscreen mDisplayWindowingMode=fullscreen mActivityType=standard mAlwaysOnTop=undefined mRotation=ROTATION_0 mPopOver=off mFreeformTaskPinningState=unpinned} s.1 fontWeightAdjustment=0 ff=0 bf=0 bts=0 enb/d themeSeq=0}}
04-19 15:55:21.158  6061  6061 I ViewRootImpl@752290[PopupWindow:b787953]: [DP] dp(1) 0 android.view.ViewRootImpl.reportNextDraw:11442 android.view.ViewRootImpl.handleResized:2235 android.view.ViewRootImpl.access$1200:303
04-19 15:55:21.159  4894  4894 E SurfaceFlinger: Attempt to update InputPolicyFlags without permission ACCESS_SURFACE_FLINGER
04-19 15:55:21.159  4894  4894 I Layer   : id=4122 Destroyed Surface(name=2bb52fa StatusBar)/@0xde6dab8 - animation-leash of insets_animation#1
04-19 15:55:21.160  4894  4894 I Layer   : id=4123 Destroyed Surface(name=ec1a749 NavigationBar0)/@0xfb3ebf7 - animation-leash of insets_animation#0
04-19 15:55:21.160  6061  6061 I ViewRootImpl@1d4edff[MainActivity]: MSG_WINDOW_FOCUS_CHANGED 0 1
04-19 15:55:21.161  5232  5376 D InputDispatcher: Focus entered window (0): b6c1119 PopupWindow:b787953
04-19 15:55:21.165  6061  6061 D ViewRootImpl@752290[PopupWindow:b787953]: Creating frameDrawingCallback nextDrawUseBlastSync=false reportNextDraw=true hasBlurUpdates=false
04-19 15:55:21.165  6061  6061 D ViewRootImpl@752290[PopupWindow:b787953]: Creating frameCompleteCallback
04-19 15:55:21.167  6061  6129 D ViewRootImpl@752290[PopupWindow:b787953]: Received frameDrawingCallback frameNum=2. Creating transactionCompleteCallback=false
04-19 15:55:21.169  4894  4894 D SurfaceFlinger: Display 0 HWC layers:
04-19 15:55:21.169  4894  4894 D SurfaceFlinger:      DEVICE | 0x7d6cf6c780 | 0102 | RGBA_8888    |    0.0    0.0 1080.0 2340.0 |    0    0 1080 2340 | com.myapp.alist/com.myapp.alist.ui.MainActivity$_6061#0
04-19 15:55:21.169  4894  4894 D SurfaceFlinger:      DEVICE | 0x7da134cc80 | 0100 | RGBA_8888    |    0.0    0.0  504.0 1428.0 |  492  672  996 2100 | PopupWindow:b787953$_6061#0
04-19 15:55:21.169  4894  4894 D SurfaceFlinger:      DEVICE | 0x7d8143fe40 | 0100 | RGBA_8888    |    0.0    0.0 1080.0   78.0 |    0    0 1080   78 | StatusBar$_5576#0
04-19 15:55:21.169  4894  4894 D SurfaceFlinger:      DEVICE | 0x7da12bf200 | 0100 | RGBA_8888    |    0.0    0.0   67.0  362.0 | 1013 1637 1080 1999 | com.samsung.android.app.cocktailbars[...]rservice.CocktailBarService$_11163#0
04-19 15:55:21.169  4894  4894 D SurfaceFlinger:      DEVICE | 0x7da12bd540 | 0100 | RGBA_8888    |    0.0    0.0 1080.0  126.0 |    0 2214 1080 2340 | NavigationBar0$_5576#0
04-19 15:55:21.169  4894  4894 D SurfaceFlinger:      DEVICE | 0x7da135d380 | 0140 | RGBA_8888    |    0.0    0.0 1080.0  151.0 |    0    0 1080  151 | ScreenDecorOverlay$_5576#0
04-19 15:55:21.169  4894  4894 D SurfaceFlinger:      DEVICE | 0x7da12bf700 | 0140 | RGBA_8888    |    0.0    0.0 1080.0  151.0 |    0 2189 1080 2340 | ScreenDecorOverlayBottom$_5576#0
04-19 15:55:21.169  4894  4894 D SurfaceFlinger:
04-19 15:55:21.172  6061  6097 D ViewRootImpl@752290[PopupWindow:b787953]: Received frameCompleteCallback  lastAcquiredFrameNum=2 lastAttemptedDrawFrameNum=2
04-19 15:55:21.175  4894  4894 E SurfaceFlinger: Attempt to update InputPolicyFlags without permission ACCESS_SURFACE_FLINGER
04-19 15:55:21.176  4894  4894 E SurfaceFlinger: Attempt to update InputPolicyFlags without permission ACCESS_SURFACE_FLINGER
04-19 15:55:21.176  6061  6061 I ViewRootImpl@752290[PopupWindow:b787953]: [DP] pdf(0) 0 android.view.ViewRootImpl.lambda$addFrameCompleteCallbackIfNeeded$3$ViewRootImpl:5000 android.view.ViewRootImpl$$ExternalSyntheticLambda16.run:6 android.os.Handler.handleCallback:938
04-19 15:55:21.176  6061  6061 I ViewRootImpl@752290[PopupWindow:b787953]: [DP] rdf()
04-19 15:55:21.176  6061  6061 D ViewRootImpl@752290[PopupWindow:b787953]: reportDrawFinished (fn: -1)
04-19 15:55:21.177  6061  6061 I ViewRootImpl@752290[PopupWindow:b787953]: MSG_WINDOW_FOCUS_CHANGED 1 1
04-19 15:55:21.181  5232  5255 I GestureDetector: handleMessage TAP
04-19 15:55:21.181  5232  5232 I GestureDetector: handleMessage TAP
04-19 15:55:21.192  4894  4894 E SurfaceFlinger: Attempt to update InputPolicyFlags without permission ACCESS_SURFACE_FLINGER
04-19 15:55:21.193  4894  4894 E SurfaceFlinger: Attempt to update InputPolicyFlags without permission ACCESS_SURFACE_FLINGER
04-19 15:55:21.209  4894  4894 E SurfaceFlinger: Attempt to update InputPolicyFlags without permission ACCESS_SURFACE_FLINGER
04-19 15:55:21.209  4894  4894 E SurfaceFlinger: Attempt to update InputPolicyFlags without permission ACCESS_SURFACE_FLINGER
04-19 15:55:21.226  4894  4894 E SurfaceFlinger: Attempt to update InputPolicyFlags without permission ACCESS_SURFACE_FLINGER
04-19 15:55:21.226  4894  4894 E SurfaceFlinger: Attempt to update InputPolicyFlags without permission ACCESS_SURFACE_FLINGER
04-19 15:55:21.243  4894  4894 E SurfaceFlinger: Attempt to update InputPolicyFlags without permission ACCESS_SURFACE_FLINGER
04-19 15:55:21.243  4894  4894 E SurfaceFlinger: Attempt to update InputPolicyFlags without permission ACCESS_SURFACE_FLINGER
04-19 15:55:21.259  4894  4894 E SurfaceFlinger: Attempt to update InputPolicyFlags without permission ACCESS_SURFACE_FLINGER
04-19 15:55:21.276  4894  4894 E SurfaceFlinger: Attempt to update InputPolicyFlags without permission ACCESS_SURFACE_FLINGER
04-19 15:55:21.276  4894  4894 E SurfaceFlinger: Attempt to update InputPolicyFlags without permission ACCESS_SURFACE_FLINGER
04-19 15:55:21.293  4894  4894 E SurfaceFlinger: Attempt to update InputPolicyFlags without permission ACCESS_SURFACE_FLINGER
04-19 15:55:21.293  4894  4894 E SurfaceFlinger: Attempt to update InputPolicyFlags without permission ACCESS_SURFACE_FLINGER
04-19 15:55:21.309  4894  4894 E SurfaceFlinger: Attempt to update InputPolicyFlags without permission ACCESS_SURFACE_FLINGER
04-19 15:55:21.310  4894  4894 E SurfaceFlinger: Attempt to update InputPolicyFlags without permission ACCESS_SURFACE_FLINGER
04-19 15:55:21.326  4894  4894 E SurfaceFlinger: Attempt to update InputPolicyFlags without permission ACCESS_SURFACE_FLINGER
04-19 15:55:21.326  4894  4894 E SurfaceFlinger: Attempt to update InputPolicyFlags without permission ACCESS_SURFACE_FLINGER
04-19 15:55:21.343  4894  4894 E SurfaceFlinger: Attempt to update InputPolicyFlags without permission ACCESS_SURFACE_FLINGER
04-19 15:55:21.360  4894  4894 E SurfaceFlinger: Attempt to update InputPolicyFlags without permission ACCESS_SURFACE_FLINGER
04-19 15:55:21.376  4894  4894 E SurfaceFlinger: Attempt to update InputPolicyFlags without permission ACCESS_SURFACE_FLINGER
04-19 15:55:21.394  4894  4894 E SurfaceFlinger: Attempt to update InputPolicyFlags without permission ACCESS_SURFACE_FLINGER
04-19 15:55:21.409  6061  6061 I ViewInteraction: Performing 'load adapter data' action on view is assignable from class <class android.widget.AdapterView>
04-19 15:55:21.410  4894  4894 E SurfaceFlinger: Attempt to update InputPolicyFlags without permission ACCESS_SURFACE_FLINGER
04-19 15:55:21.427  4894  4894 E SurfaceFlinger: Attempt to update InputPolicyFlags without permission ACCESS_SURFACE_FLINGER
04-19 15:55:21.430  6061  6061 I ViewInteraction: Performing 'single click' action on view  displaying data matching: (is an instance of java.lang.String and is "Current") within adapter view matching: is assignable from class <class android.widget.AdapterView>
04-19 15:55:21.434  5232  5376 D InputDispatcher: Inject motion (6061): action=0x0, time=6881132000000, f=0x0, d=0
04-19 15:55:21.435  5232  5378 I InputDispatcher: Delivering touch to (5576): action: 0x4, f=0x0, d=0, 'ec1a749', t=0
04-19 15:55:21.435  5232  5378 I InputDispatcher: Delivering touch to (6061): action: 0x0, f=0x0, d=0, 'b6c1119', t=0 +(-576,-756)
04-19 15:55:21.436  6061  6061 I ViewRootImpl@752290[PopupWindow:b787953]: ViewPostIme pointer 0
04-19 15:55:21.437  5232  5255 I GestureDetector: obtain mCurrentDownEvent. id: -305328482 caller: com.android.server.wm.SystemGesturesPointerEventListener.onPointerEvent:179 com.android.server.wm.PointerEventDispatcher.onInputEvent:71 android.view.InputEventReceiver.dispatchInputEvent:259
04-19 15:55:21.437  5232  5255 I GestureDetector: obtain mCurrentDownEvent. id: -305328482 caller: com.android.server.wm.SystemPerformancePointerEventListener.onPointerEvent:89 com.android.server.wm.PointerEventDispatcher.onInputEvent:71 android.view.InputEventReceiver.dispatchInputEvent:259
04-19 15:55:21.443  4894  4894 E SurfaceFlinger: Attempt to update InputPolicyFlags without permission ACCESS_SURFACE_FLINGER
04-19 15:55:21.474  5232  5376 D InputDispatcher: Inject motion (6061): action=0x1, time=6881172000000, f=0x0, d=0
04-19 15:55:21.475  5232  5378 I InputDispatcher: Delivering touch to (6061): action: 0x1, f=0x0, d=0, 'b6c1119', t=0 +(-576,-756)
04-19 15:55:21.476  5232  5255 I GestureDetector: obtain mCurrentMotionEventRaw. action: 1 id: -1045784759
04-19 15:55:21.476  5232  5255 I GestureDetector: obtain mCurrentMotionEventRaw. action: 1 id: -1045784759
04-19 15:55:21.477  6061  6061 I ViewRootImpl@752290[PopupWindow:b787953]: ViewPostIme pointer 1
04-19 15:55:21.477  6061  6061 D AbsListView: onTouchUp() mTouchMode : 0
04-19 15:55:21.510  4894  4894 E SurfaceFlinger: Attempt to update InputPolicyFlags without permission ACCESS_SURFACE_FLINGER
04-19 15:55:21.527  4894  4894 E SurfaceFlinger: Attempt to update InputPolicyFlags without permission ACCESS_SURFACE_FLINGER
04-19 15:55:21.543  4894  4894 E SurfaceFlinger: Attempt to update InputPolicyFlags without permission ACCESS_SURFACE_FLINGER
04-19 15:55:21.560  4894  4894 E SurfaceFlinger: Attempt to update InputPolicyFlags without permission ACCESS_SURFACE_FLINGER
04-19 15:55:21.565  5232  5376 V WindowManager: Relayout Window{b6c1119 u0 PopupWindow:b787953}: viewVisibility=0 req=336x1260 d0
04-19 15:55:21.573  4894  4926 I SurfaceFlinger: id=4128 createSurf (0x0),-1 flag=24000, Surface(name=2bb52fa StatusBar)/@0xde6dab8 - animation-leash of insets_animation#1
04-19 15:55:21.575  4894  4926 I SurfaceFlinger: id=4129 createSurf (0x0),-1 flag=24000, Surface(name=ec1a749 NavigationBar0)/@0xfb3ebf7 - animation-leash of insets_animation#0
04-19 15:55:21.581  5232  5376 V WindowManager: Relayout hash=b6c1119, pid=6061: mAttrs={(576,756)(336x1260) gr=TOP START CENTER DISPLAY_CLIP_VERTICAL sim={state=unchanged adjust=pan} ty=APPLICATION_SUB_PANEL fmt=TRANSLUCENT surfaceInsets=Rect(84, 84 - 84, 84) (manual)
04-19 15:55:21.581  5232  5376 V WindowManager:   fl=41840218
04-19 15:55:21.581  5232  5376 V WindowManager:   pfl=42018000
04-19 15:55:21.581  5232  5376 V WindowManager:   bhv=DEFAULT
04-19 15:55:21.581  5232  5376 V WindowManager:   fitTypes=STATUS_BARS NAVIGATION_BARS CAPTION_BAR naviIconColor=0
04-19 15:55:21.581  5232  5376 V WindowManager:   sfl=20000}
04-19 15:55:21.587  6061  6061 I ViewRootImpl@752290[PopupWindow:b787953]: Relayout returned: old=(576,756,912,2016) new=(576,756,912,2016) req=(336,1260)0 dur=22 res=0x1 s={true 536550686720} ch=false fn=22
04-19 15:55:21.610  4894  4894 I Layer   : id=4125 removeFromCurrentState Surface(name=2bb52fa StatusBar)/@0xde6dab8 - animation-leash of insets_animation#0 (109)
04-19 15:55:21.610  4894  4894 I Layer   : id=4126 removeFromCurrentState Surface(name=ec1a749 NavigationBar0)/@0xfb3ebf7 - animation-leash of insets_animation#1 (109)
04-19 15:55:21.611  4894  4894 E SurfaceFlinger: Attempt to update InputPolicyFlags without permission ACCESS_SURFACE_FLINGER
04-19 15:55:21.611  4894  4894 I SurfaceFlinger: id=4125 Removed Surface(name=2bb52fa StatusBar)/@0xde6dab8 - animation-leash of insets_animation#0 (109)
04-19 15:55:21.611  4894  4894 I SurfaceFlinger: id=4126 Removed Surface(name=ec1a749 NavigationBar0)/@0xfb3ebf7 - animation-leash of insets_animation#1 (109)
04-19 15:55:21.611  4894  4894 I Layer   : id=4125 Destroyed Surface(name=2bb52fa StatusBar)/@0xde6dab8 - animation-leash of insets_animation#0
04-19 15:55:21.611  4894  4894 I Layer   : id=4126 Destroyed Surface(name=ec1a749 NavigationBar0)/@0xfb3ebf7 - animation-leash of insets_animation#1
04-19 15:55:21.613  5232  5376 D InputDispatcher: Focus left window (0): b6c1119 PopupWindow:b787953
04-19 15:55:21.614  5232  5376 D InputDispatcher: Focus entered window (0): 1b7ed40 com.myapp.alist/com.myapp.alist.ui.MainActivity
04-19 15:55:21.626  6061  6061 D InsetsSourceConsumer: ensureControlAlpha: for ITYPE_NAVIGATION_BAR on com.myapp.alist/com.myapp.alist.ui.MainActivity
04-19 15:55:21.627  4894  4894 E SurfaceFlinger: Attempt to update InputPolicyFlags without permission ACCESS_SURFACE_FLINGER
04-19 15:55:21.628  6061  6061 D InsetsSourceConsumer: ensureControlAlpha: for ITYPE_STATUS_BAR on com.myapp.alist/com.myapp.alist.ui.MainActivity
04-19 15:55:21.634  6061  6061 I ViewRootImpl@752290[PopupWindow:b787953]: MSG_WINDOW_FOCUS_CHANGED 0 1
04-19 15:55:21.635  6061  6061 I ViewRootImpl@1d4edff[MainActivity]: MSG_WINDOW_FOCUS_CHANGED 1 1
04-19 15:55:21.638  6061  6061 I InputMethodManager: startInputAsyncOnWindowFocusGain - mService.startInputOrWindowGainedFocus
04-19 15:55:21.643  4894  4894 E SurfaceFlinger: Attempt to update InputPolicyFlags without permission ACCESS_SURFACE_FLINGER
04-19 15:55:21.660  4894  4894 E SurfaceFlinger: Attempt to update InputPolicyFlags without permission ACCESS_SURFACE_FLINGER
04-19 15:55:21.670  6163  6163 D BoundBrokerSvc: onUnbind: Intent { act=com.google.android.gms.icing.LIGHTWEIGHT_INDEX_SERVICE dat=chimera-action: cmp=com.google.android.gms/.chimera.PersistentApiService }
04-19 15:55:21.677  4894  4894 E SurfaceFlinger: Attempt to update InputPolicyFlags without permission ACCESS_SURFACE_FLINGER
04-19 15:55:21.677  4894  4894 E SurfaceFlinger: Attempt to update InputPolicyFlags without permission ACCESS_SURFACE_FLINGER
04-19 15:55:21.710  4894  4894 E SurfaceFlinger: Attempt to update InputPolicyFlags without permission ACCESS_SURFACE_FLINGER
04-19 15:55:21.711  4894  4894 E SurfaceFlinger: Attempt to update InputPolicyFlags without permission ACCESS_SURFACE_FLINGER
04-19 15:55:21.727  4894  4894 E SurfaceFlinger: Attempt to update InputPolicyFlags without permission ACCESS_SURFACE_FLINGER
04-19 15:55:21.737  5232  5255 I GestureDetector: handleMessage TAP
04-19 15:55:21.737  5232  5232 I GestureDetector: handleMessage TAP
04-19 15:55:21.744  4894  4894 E SurfaceFlinger: Attempt to update InputPolicyFlags without permission ACCESS_SURFACE_FLINGER
04-19 15:55:21.761  4894  4894 E SurfaceFlinger: Attempt to update InputPolicyFlags without permission ACCESS_SURFACE_FLINGER
04-19 15:55:21.777  4894  4894 E SurfaceFlinger: Attempt to update InputPolicyFlags without permission ACCESS_SURFACE_FLINGER
04-19 15:55:21.794  4894  4894 E SurfaceFlinger: Attempt to update InputPolicyFlags without permission ACCESS_SURFACE_FLINGER
04-19 15:55:21.795  6061  6061 I ViewInteraction: Checking 'MatchesViewAssertion{viewMatcher=an instance of android.widget.Spinner and spinner.getSelectedItem().toString() to match a string containing "Current"}' assertion on view view.getId() is <2131296687/com.myapp.alist:id/spinner2>
04-19 15:55:21.809  6061  6061 I ViewInteraction: Checking 'MatchesViewAssertion{viewMatcher=an instance of android.widget.TextView and view.getText() with or without transformation to match: is "Select Mode: Containing"}' assertion on view view.getId() is <2131296397/com.myapp.alist:id/currentSelectTextView>
04-19 15:55:21.810  4894  4894 E SurfaceFlinger: Attempt to update InputPolicyFlags without permission ACCESS_SURFACE_FLINGER
04-19 15:55:21.819  6061  6061 I ViewInteraction: Checking 'MatchesViewAssertion{viewMatcher=an instance of android.widget.TextView and view.getText() with or without transformation to match: is "1 Row Selected"}' assertion on view view.getId() is <2131296544/com.myapp.alist:id/messageTextView>
04-19 15:55:21.827  4894  4894 E SurfaceFlinger: Attempt to update InputPolicyFlags without permission ACCESS_SURFACE_FLINGER
04-19 15:55:21.837  5232  5951 I SemDvfsHyPerManager: acquire hyper - AMS_APP_SWITCH/5232@27, type = -999
04-19 15:55:21.838  4829  4883 I HYPER-HAL: [RequestManager.cpp]acquire(): Acquired ID : 13831197  [5232 / 27]    HINT : AMS_APP_SWITCH    list :
04-19 15:55:21.839  7297  7297 I SemDvfsHyPerManager: acquire hyper - APP_START_SHORT/7297@13, type = -999
04-19 15:55:21.844  4894  4894 E SurfaceFlinger: Attempt to update InputPolicyFlags without permission ACCESS_SURFACE_FLINGER
04-19 15:55:21.844  4829  4883 I HYPER-HAL: [RequestManager.cpp]acquire(): Acquired ID : 26721718  [7297 / 13]    HINT : APP_START    list : [TIMEOUT / 1500]
04-19 15:55:21.845  4894  5668 I SurfaceFlinger: id=4130 createSurf (0x0),-1 flag=24004, Task=51#0
04-19 15:55:21.847  4894  5668 I SurfaceFlinger: id=4131 createSurf (0x0),-1 flag=80004, ActivityRecord{91ab28e u0 com.myapp.alist.test/androidx.test.core.app.InstrumentationActivityInvoker$EmptyActivity t51}#0
04-19 15:55:21.856  5232  5376 I SemDvfsHyPerManager: acquire hyper - AMS_APP_LAUNCH/5232@14, type = -999
04-19 15:55:21.856  4829  4883 I HYPER-HAL: [RequestManager.cpp]acquire(): Acquired ID : 13762895  [5232 / 14]    HINT : AMS_APP_LAUNCH    list :
04-19 15:55:21.857  7297  7297 I SemDvfsHyPerManager: acquire hyper - APP_START/7297@14, type = -999
04-19 15:55:21.857  4829  4883 I HYPER-HAL: [RequestManager.cpp]acquire(): Acquired ID : 26729030  [7297 / 14]    HINT : APP_START    list :
04-19 15:55:21.859  5232  7403 D InputTransport: Input channel constructed: '313699a', fd=496
04-19 15:55:21.859  5232  7403 D InputTransport: Input channel constructed: '313699a', fd=530
04-19 15:55:21.859  6061  6061 D LifecycleMonitor: Lifecycle status change: com.myapp.alist.ui.MainActivity@a8af41f in: PAUSED
04-19 15:55:21.859  5232  7403 D InputTransport: Input channel constructed: '313699a', fd=597
04-19 15:55:21.859  6061  6061 V ActivityScenario: Update currentActivityStage to PAUSED, currentActivity=com.myapp.alist.ui.MainActivity@a8af41f
04-19 15:55:21.859  4894  4926 I SurfaceFlinger: id=4132 createSurf (0x0),-1 flag=80004, 313699a Splash Screen com.myapp.alist.test#0
04-19 15:55:21.860  5232  7403 D InputTransport: Input channel destroyed: '313699a', fd=597
04-19 15:55:21.860  4894  4894 E SurfaceFlinger: Attempt to update InputPolicyFlags without permission ACCESS_SURFACE_FLINGER
04-19 15:55:21.861  5576  5640 I ViewRootImpl@fbf3017[test]: setView = android.widget.FrameLayout@bbd0c22 TM=true
04-19 15:55:21.867  5232  5601 D InputDispatcher: Focused application set to (0): 91ab28e
04-19 15:55:21.877  4894  4894 E SurfaceFlinger: Attempt to update InputPolicyFlags without permission ACCESS_SURFACE_FLINGER
04-19 15:55:21.877  5232  7403 V WindowManager: Relayout Window{313699a u0 Splash Screen com.myapp.alist.test}: viewVisibility=0 req=1080x2340 d0
04-19 15:55:21.879  4894  4926 I SurfaceFlinger: id=4133 createSurf (1080x2340),-3 flag=40004, Splash Screen com.myapp.alist.test$_5576#0
04-19 15:55:21.882  5232  7403 V WindowManager: Relayout hash=313699a, pid=5576: mAttrs={(0,0)(fillxfill) sim={adjust=pan} ty=APPLICATION_STARTING fmt=TRANSLUCENT
04-19 15:55:21.882  5232  7403 V WindowManager:   fl=81030118
04-19 15:55:21.882  5232  7403 V WindowManager:   pfl=36000010
04-19 15:55:21.882  5232  7403 V WindowManager:   apr=LIGHT_STATUS_BARS LIGHT_NAVIGATION_BARS
04-19 15:55:21.882  5232  7403 V WindowManager:   bhv=DEFAULT
04-19 15:55:21.882  5232  7403 V WindowManager:   fitSides= naviIconColor=0}
04-19 15:55:21.885  5576  5640 I ViewRootImpl@fbf3017[test]: Relayout returned: old=(0,0,1080,2340) new=(0,0,1080,2340) req=(1080,2340)0 dur=20 res=0x7 s={true 534497894400} ch=true fn=-1
04-19 15:55:21.885  5576  5667 D OpenGLRenderer: eglCreateWindowSurface
04-19 15:55:21.886  5576  5640 I ViewRootImpl@fbf3017[test]: [DP] dp(1) 0 android.view.ViewRootImpl.reportNextDraw:11442 android.view.ViewRootImpl.performTraversals:4198 android.view.ViewRootImpl.doTraversal:2924
04-19 15:55:21.886  5576  5640 D ViewRootImpl@fbf3017[test]: Creating frameDrawingCallback nextDrawUseBlastSync=false reportNextDraw=true hasBlurUpdates=false
04-19 15:55:21.886  5576  5640 D ViewRootImpl@fbf3017[test]: Creating frameCompleteCallback
04-19 15:55:21.887  5576  6204 D ViewRootImpl@fbf3017[test]: Received frameDrawingCallback frameNum=1. Creating transactionCompleteCallback=false
04-19 15:55:21.893  5576  5667 D ViewRootImpl@fbf3017[test]: Received frameCompleteCallback  lastAcquiredFrameNum=1 lastAttemptedDrawFrameNum=1
04-19 15:55:21.894  4894  4894 E SurfaceFlinger: Attempt to update InputPolicyFlags without permission ACCESS_SURFACE_FLINGER
04-19 15:55:21.894  5576  5640 I ViewRootImpl@fbf3017[test]: [DP] pdf(0) 0 android.view.ViewRootImpl.lambda$addFrameCompleteCallbackIfNeeded$3$ViewRootImpl:5000 android.view.ViewRootImpl$$ExternalSyntheticLambda16.run:6 android.os.Handler.handleCallback:938
04-19 15:55:21.894  5576  5640 I ViewRootImpl@fbf3017[test]: [DP] rdf()
04-19 15:55:21.894  5576  5640 D ViewRootImpl@fbf3017[test]: reportDrawFinished (fn: -1)
04-19 15:55:21.895  5232  5376 D InputDispatcher: Focus left window (0): 1b7ed40 com.myapp.alist/com.myapp.alist.ui.MainActivity
04-19 15:55:21.897  6061  6061 I ViewRootImpl@1d4edff[MainActivity]: MSG_WINDOW_FOCUS_CHANGED 0 1
04-19 15:55:21.900  6314  6314 I DecorView: [INFO] isPopOver=false, config=true
04-19 15:55:21.900  5576  5576 D FullscreenTaskListener: Fullscreen Task Appeared: #51, caller=com.android.wm.shell.ShellTaskOrganizer.onTaskAppeared:387 com.android.wm.shell.ShellTaskOrganizer.onTaskAppeared:376 android.window.TaskOrganizer$1.lambda$onTaskAppeared$4$TaskOrganizer$1:297
04-19 15:55:21.900  6314  6314 I DecorView: updateCaptionType >> DecorView@d054255[], isFloating=false, isApplication=true, hasWindowControllerCallback=true, hasWindowDecorCaption=false
04-19 15:55:21.900  6314  6314 D DecorView: setCaptionType = 0, this = DecorView@d054255[]
04-19 15:55:21.903  6314  6314 I DecorView: getCurrentDensityDpi: from real metrics. densityDpi=420 msg=resources_loaded
04-19 15:55:21.910  4894  4894 I Layer   : id=4134 Destroyed Screenshot Parent
04-19 15:55:21.912  4894  4894 E SurfaceFlinger: Attempt to update InputPolicyFlags without permission ACCESS_SURFACE_FLINGER
04-19 15:55:21.913  6061  6097 D OpenGLRenderer: setSurface called with nullptr
04-19 15:55:21.913  6061  6097 D OpenGLRenderer: setSurface() destroyed EGLSurface
04-19 15:55:21.913  6061  6097 D OpenGLRenderer: destroyEglSurface
04-19 15:55:21.914  6061  6061 I ViewRootImpl@752290[PopupWindow:b787953]: dispatchDetachedFromWindow
04-19 15:55:21.916  4894  5668 I SurfaceFlinger: id=4135 createSurf (0x0),-1 flag=24000, Surface(name=2bb52fa StatusBar)/@0xde6dab8 - animation-leash of insets_animation#0
04-19 15:55:21.917  4894  5668 I SurfaceFlinger: id=4136 createSurf (0x0),-1 flag=24000, Surface(name=ec1a749 NavigationBar0)/@0xfb3ebf7 - animation-leash of insets_animation#1
04-19 15:55:21.918  5576  5576 D NavigationBar: onSystemBarAttributesChanged() -  displayId:0, appearance:24 (APPEARANCE_LIGHT_STATUS_BARS APPEARANCE_LIGHT_NAVIGATION_BARS ), navbarColorManagedByIme:false
04-19 15:55:21.919  5576  5576 D SecLightBarControlHelper: updateStatus(BLACK icon) NumLightStacks:1, NumStacks:1, IndexLightStack:0, StatusBarMode:0, StatusBarState:SHD, NeedDarkFontFromWallpaper:false, isWhiteKeyguardStatusBarBySettings:false
04-19 15:55:21.922  5576  5640 D InsetsSourceConsumer: ensureControlAlpha: for ITYPE_NAVIGATION_BAR on Splash Screen com.myapp.alist.test
04-19 15:55:21.923  5576  5640 D InsetsSourceConsumer: ensureControlAlpha: for ITYPE_STATUS_BAR on Splash Screen com.myapp.alist.test
04-19 15:55:21.923  5232  5601 D InputTransport: Input channel destroyed: 'b6c1119', fd=552
04-19 15:55:21.923  5232  5601 W InputManager-JNI: Input channel object 'b6c1119 PopupWindow:b787953 (client)' was disposed without first being removed with the input manager!
04-19 15:55:21.923  5232  5601 D InputTransport: Input channel destroyed: 'b6c1119', fd=568
04-19 15:55:21.925  6061  6061 D InputTransport: Input channel destroyed: 'b6c1119', fd=128
04-19 15:55:21.926  6314  6314 I MSHandlerLifeCycle: isMultiSplitHandlerRequested: ignored. pkg=com.myapp.alist.test parent=null callers=com.android.internal.policy.DecorView.setVisibility:4295 android.app.ActivityThread.handleResumeActivity:5383 android.app.servertransaction.ResumeActivityItem.execute:54 android.app.servertransaction.ActivityTransactionItem.execute:45 android.app.servertransaction.TransactionExecutor.executeLifecycleState:176
04-19 15:55:21.926  6314  6314 I MSHandlerLifeCycle: removeMultiSplitHandler: no exist. decor=DecorView@d054255[]
04-19 15:55:21.927  4894  4894 E SurfaceFlinger: Attempt to update InputPolicyFlags without permission ACCESS_SURFACE_FLINGER
04-19 15:55:21.927  4894  4894 I Layer   : id=4128 removeFromCurrentState Surface(name=2bb52fa StatusBar)/@0xde6dab8 - animation-leash of insets_animation#1 (113)
04-19 15:55:21.927  4894  4894 I Layer   : id=4129 removeFromCurrentState Surface(name=ec1a749 NavigationBar0)/@0xfb3ebf7 - animation-leash of insets_animation#0 (113)
04-19 15:55:21.927  4894  4894 I Layer   : id=4127 removeFromCurrentState PopupWindow:b787953$_6061#0 (113)
04-19 15:55:21.927  4894  4894 I Layer   : id=4124 removeFromCurrentState b6c1119 PopupWindow:b787953#0 (113)
04-19 15:55:21.927  4894  4894 I SurfaceFlinger: id=4124 Removed b6c1119 PopupWindow:b787953#0 (113)
04-19 15:55:21.928  4894  4894 I Layer   : id=4124 Destroyed b6c1119 PopupWindow:b787953#0
04-19 15:55:21.929  6061  6061 I ViewRootImpl@752290[PopupWindow:b787953]: handleAppVisibility mAppVisible=true visible=false
04-19 15:55:21.929  6061  6061 I ViewRootImpl@1d4edff[MainActivity]: handleAppVisibility mAppVisible=true visible=false
04-19 15:55:21.930  4894  4926 I SurfaceFlinger: id=4129 Removed Surface(name=ec1a749 NavigationBar0)/@0xfb3ebf7 - animation-leash of insets_animation#0 (112)
04-19 15:55:21.930  4894  4926 I SurfaceFlinger: id=4128 Removed Surface(name=2bb52fa StatusBar)/@0xde6dab8 - animation-leash of insets_animation#1 (112)
04-19 15:55:21.932  5232  6240 D InputTransport: Input channel constructed: 'ea46d9f', fd=568
04-19 15:55:21.932  5232  6240 D InputTransport: Input channel constructed: 'ea46d9f', fd=597
04-19 15:55:21.932  5232  6240 D InputTransport: Input channel constructed: 'ea46d9f', fd=625
04-19 15:55:21.933  5232  5474 W SemWifiTransportLayerUtils: getApplicationCategory - IOException com.myapp.alist.test
04-19 15:55:21.933  5232  5474 W System.err: java.net.UnknownHostException: Unable to resolve host "play.google.com": No address associated with hostname
04-19 15:55:21.933  5232  5474 W System.err: 	at java.net.Inet6AddressImpl.lookupHostByName(Inet6AddressImpl.java:156)
04-19 15:55:21.933  5232  5474 W System.err: 	at java.net.Inet6AddressImpl.lookupAllHostAddr(Inet6AddressImpl.java:103)
04-19 15:55:21.933  5232  5474 W System.err: 	at java.net.InetAddress.getAllByName(InetAddress.java:1152)
04-19 15:55:21.933  5232  5474 W System.err: 	at com.android.okhttp.Dns$1.lookup(Dns.java:41)
04-19 15:55:21.933  5232  5474 W System.err: 	at com.android.okhttp.internal.http.RouteSelector.resetNextInetSocketAddress(RouteSelector.java:178)
04-19 15:55:21.933  5232  5474 W System.err: 	at com.android.okhttp.internal.http.RouteSelector.nextProxy(RouteSelector.java:144)
04-19 15:55:21.933  5232  5474 W System.err: 	at com.android.okhttp.internal.http.RouteSelector.next(RouteSelector.java:86)
04-19 15:55:21.933  5232  5474 W System.err: 	at com.android.okhttp.internal.http.StreamAllocation.findConnection(StreamAllocation.java:176)
04-19 15:55:21.933  5232  5474 W System.err: 	at com.android.okhttp.internal.http.StreamAllocation.findHealthyConnection(StreamAllocation.java:128)
04-19 15:55:21.933  5232  5474 W System.err: 	at com.android.okhttp.internal.http.StreamAllocation.newStream(StreamAllocation.java:97)
04-19 15:55:21.933  5232  5474 W System.err: 	at com.android.okhttp.internal.http.HttpEngine.connect(HttpEngine.java:289)
04-19 15:55:21.933  5232  5474 W System.err: 	at com.android.okhttp.internal.http.HttpEngine.sendRequest(HttpEngine.java:232)
04-19 15:55:21.933  5232  5474 W System.err: 	at com.android.okhttp.internal.huc.HttpURLConnectionImpl.execute(HttpURLConnectionImpl.java:465)
04-19 15:55:21.933  4894  4926 I SurfaceFlinger: id=4137 createSurf (0x0),-1 flag=80004, ea46d9f com.myapp.alist.test/androidx.test.core.app.InstrumentationActivityInvoker$EmptyActivity#0
04-19 15:55:21.933  5232  5474 W System.err: 	at com.android.okhttp.internal.huc.HttpURLConnectionImpl.getResponse(HttpURLConnectionImpl.java:411)
04-19 15:55:21.933  5232  5474 W System.err: 	at com.android.okhttp.internal.huc.HttpURLConnectionImpl.getInputStream(HttpURLConnectionImpl.java:248)
04-19 15:55:21.933  5232  5474 W System.err: 	at com.android.okhttp.internal.huc.DelegatingHttpsURLConnection.getInputStream(DelegatingHttpsURLConnection.java:211)
04-19 15:55:21.933  5232  5474 W System.err: 	at com.android.okhttp.internal.huc.HttpsURLConnectionImpl.getInputStream(HttpsURLConnectionImpl.java:30)
04-19 15:55:21.934  5232  5474 W System.err: 	at com.samsung.android.server.wifi.tcp.SemWifiTransportLayerUtils.getApplicationCategory(SemWifiTransportLayerUtils.java:104)
04-19 15:55:21.934  5232  5474 W System.err: 	at com.samsung.android.server.wifi.tcp.SemWifiTransportLayerMonitor$TcpMonitorHandler.handleMessage(SemWifiTransportLayerMonitor.java:244)
04-19 15:55:21.934  5232  5474 W System.err: 	at android.os.Handler.dispatchMessage(Handler.java:106)
04-19 15:55:21.934  5232  5474 W System.err: 	at android.os.Looper.loopOnce(Looper.java:226)
04-19 15:55:21.934  5232  5474 W System.err: 	at android.os.Looper.loop(Looper.java:313)
04-19 15:55:21.934  5232  5474 W System.err: 	at android.os.HandlerThread.run(HandlerThread.java:67)
04-19 15:55:21.934  5232  5474 W System.err: Caused by: android.system.GaiException: android_getaddrinfo failed: EAI_NODATA (No address associated with hostname)
04-19 15:55:21.934  5232  5474 W System.err: 	at libcore.io.Linux.android_getaddrinfo(Native Method)
04-19 15:55:21.934  5232  5474 W System.err: 	at libcore.io.ForwardingOs.android_getaddrinfo(ForwardingOs.java:133)
04-19 15:55:21.934  5232  5474 W System.err: 	at libcore.io.BlockGuardOs.android_getaddrinfo(BlockGuardOs.java:222)
04-19 15:55:21.934  5232  5474 W System.err: 	at java.net.Inet6AddressImpl.lookupHostByName(Inet6AddressImpl.java:135)
04-19 15:55:21.934  5232  5474 W System.err: 	... 22 more
04-19 15:55:21.934  5232  5474 D SemWifiTransportLayerMonitor.TcpMonitorHandler: MSG_SAVE_PACKAGE_INFO
04-19 15:55:21.934  5232  5474 D SemWifiTransportLayerFileManager: saveWifiPackageInfoToFile
04-19 15:55:21.934  5232  5474 D SemWifiTransportLayerFileManager: writeWifiPackageInfoList
04-19 15:55:21.934  4894  4894 D SurfaceFlinger: Display 0 HWC layers:
04-19 15:55:21.934  4894  4894 D SurfaceFlinger:      DEVICE | 0x7d814400c0 | 0100 | RGBA_8888    |    0.0    0.0 1080.0 2340.0 |    0    0 1080 2340 | Splash Screen com.myapp.alist.test$_5576#0
04-19 15:55:21.934  4894  4894 D SurfaceFlinger:      DEVICE | 0x7d8143fe40 | 0100 | RGBA_8888    |    0.0    0.0 1080.0   78.0 |    0    0 1080   78 | StatusBar$_5576#0
04-19 15:55:21.934  4894  4894 D SurfaceFlinger:      DEVICE | 0x7da12bf200 | 0100 | RGBA_8888    |    0.0    0.0   67.0  362.0 | 1013 1637 1080 1999 | com.samsung.android.app.cocktailbars[...]rservice.CocktailBarService$_11163#0
04-19 15:55:21.934  4894  4894 D SurfaceFlinger:      DEVICE | 0x7da12bd540 | 0100 | RGBA_8888    |    0.0    0.0 1080.0  126.0 |    0 2214 1080 2340 | NavigationBar0$_5576#0
04-19 15:55:21.934  4894  4894 D SurfaceFlinger:      DEVICE | 0x7da135d380 | 0140 | RGBA_8888    |    0.0    0.0 1080.0  151.0 |    0    0 1080  151 | ScreenDecorOverlay$_5576#0
04-19 15:55:21.934  4894  4894 D SurfaceFlinger:      DEVICE | 0x7da12bf700 | 0140 | RGBA_8888    |    0.0    0.0 1080.0  151.0 |    0 2189 1080 2340 | ScreenDecorOverlayBottom$_5576#0
04-19 15:55:21.934  4894  4894 D SurfaceFlinger:
04-19 15:55:21.936  5232  6699 I MediaSessionMonitor: Media session stopped : controllerList empty
04-19 15:55:21.937  5232  6240 D InputTransport: Input channel destroyed: 'ea46d9f', fd=625
04-19 15:55:21.937  6061  6097 D OpenGLRenderer: setSurface called with nullptr
04-19 15:55:21.937  6061  6097 D OpenGLRenderer: setSurface() destroyed EGLSurface
