04-17 18:01:34.349  5598  5598 E IndicatorGardenAlgorithmBasicCutout: NOT MATCH !!!! resourceHeight:78, cutoutHeight:83 ([IndicatorGardenInputProperty]  Rotation(0-0,90-1,180-2,270-3)0, Density:2.625, ScreenWidthSize:1080, CoverSidePadding:0, mIndicatorGardenCenterOffset:11, mCameraCutoutCropSize:80, mGardenPaddingStart:21, mIndicatorCornerPadding:0, mCameraSidePadding:0, mCameraTopMargin:0, DpCutout:DisplayCutout{insets=Rect(0, 83 - 0, 0) waterfall=Insets{left=0, top=0, right=0, bottom=0} boundingRect={Bounds=[Rect(0, 0 - 0, 0), Rect(443, 0 - 637, 83), Rect(0, 0 - 0, 0), Rect(0, 0 - 0, 0)]} cutoutPathParserInfo={CutoutPathParserInfo{displayWidth=1080 displayHeight=2340 density={2.625} cutoutSpec={M36.95,0C26.35,0,24.15,3.8,23.15,9.8 l-0.1,0.7c-1.7,9.6-9.3,17.2-18.9,18.9c-12.7,2.2-24.8-6.2-27-18.9 c0,0-0.1-0.7-0.1-0.7C-24.15,3.8,-26.25,0,-36.95,0Z @dp} rotation={0} scale={1.0}}}})
04-17 18:01:34.388 24160 24160 I ViewRootImpl@959875c[InstrumentationActivityInvoker$EmptyActivity]: handleAppVisibility mAppVisible=true visible=false
04-17 18:01:34.391  4929  4929 D SurfaceFlinger: Display 0 HWC layers:
04-17 18:01:34.391  4929  4929 D SurfaceFlinger:      DEVICE | 0x71a58dc0c0 | 0102 | RGBA_8888    |    0.0    0.0 1080.0 2340.0 |    0    0 1080 2340 | com.myapp.alist/com.myapp.alist.ui.MainActivity$_24018#0
04-17 18:01:34.391  4929  4929 D SurfaceFlinger:      DEVICE | 0x71a58be580 | 0100 | RGBA_8888    |    0.0    0.0 1080.0   78.0 |    0    0 1080   78 | StatusBar$_5598#0
04-17 18:01:34.391  4929  4929 D SurfaceFlinger:      DEVICE | 0x716f175500 | 0100 | RGBA_8888    |    0.0    0.0   67.0  362.0 | 1013 1637 1080 1999 | com.samsung.android.app.cocktailbars[...]arservice.CocktailBarService$_7578#0
04-17 18:01:34.391  4929  4929 D SurfaceFlinger:      DEVICE | 0x716f176680 | 0100 | RGBA_8888    |    0.0    0.0 1080.0  126.0 |    0 2214 1080 2340 | NavigationBar0$_5598#0
04-17 18:01:34.391  4929  4929 D SurfaceFlinger:      DEVICE | 0x7170160d40 | 0140 | RGBA_8888    |    0.0    0.0 1080.0  151.0 |    0    0 1080  151 | ScreenDecorOverlay$_5598#0
04-17 18:01:34.391  4929  4929 D SurfaceFlinger:      DEVICE | 0x71a3dca740 | 0140 | RGBA_8888    |    0.0    0.0 1080.0  151.0 |    0 2189 1080 2340 | ScreenDecorOverlayBottom$_5598#0
04-17 18:01:34.391  4929  4929 D SurfaceFlinger:
04-17 18:01:34.401  4929  4929 I Layer   : id=6807 removeFromCurrentState Splash Screen com.myapp.alist.test$_5598#0 (113)
04-17 18:01:34.401  4929  4929 I Layer   : id=6820 removeFromCurrentState Surface(name=Task=72)/@0x6433850 - animation-leash of app_transition#0 (113)
04-17 18:01:34.402  4929  4929 I Layer   : id=6821 removeFromCurrentState Dim Layer for - Task=72 - animating-dim#0 (113)
04-17 18:01:34.402  4929  4929 I Layer   : id=6806 removeFromCurrentState 45f2ca8 Splash Screen com.myapp.alist.test#0 (113)
04-17 18:01:34.402  4929  4929 I SurfaceFlinger: id=6821 Removed Dim Layer for - Task=72 - animating-dim#0 (113)
04-17 18:01:34.402  4929  4929 I SurfaceFlinger: id=6806 Removed 45f2ca8 Splash Screen com.myapp.alist.test#0 (113)
04-17 18:01:34.402  4929  4929 I SurfaceFlinger: id=6807 Removed Splash Screen com.myapp.alist.test$_5598#0 (113)
04-17 18:01:34.402  4929  4929 I SurfaceFlinger: id=6820 Removed Surface(name=Task=72)/@0x6433850 - animation-leash of app_transition#0 (113)
04-17 18:01:34.402  4929  4929 I Layer   : id=6806 Destroyed 45f2ca8 Splash Screen com.myapp.alist.test#0
04-17 18:01:34.402  4929  4929 I Layer   : id=6807 Destroyed Splash Screen com.myapp.alist.test$_5598#0
04-17 18:01:34.402  4929  4929 I Layer   : id=6821 Destroyed Dim Layer for - Task=72 - animating-dim#0
04-17 18:01:34.402  4929  4929 I Layer   : id=6820 Destroyed Surface(name=Task=72)/@0x6433850 - animation-leash of app_transition#0
04-17 18:01:34.403 24160 24184 D OpenGLRenderer: setSurface called with nullptr
04-17 18:01:34.403 24160 24184 D OpenGLRenderer: setSurface() destroyed EGLSurface
04-17 18:01:34.403 24160 24184 D OpenGLRenderer: destroyEglSurface
04-17 18:01:34.409  5274  7530 V WindowManager: Relayout Window{db1c68f u0 com.myapp.alist.test/androidx.test.core.app.InstrumentationActivityInvoker$EmptyActivity}: viewVisibility=8 req=1080x2340 d0
04-17 18:01:34.411 24018 24018 I ViewInteraction: Performing 'type text(Name 1)' action on view view.getId() is <2131296492/com.myapp.alist:id/input1EditText>
04-17 18:01:34.413  5274  7530 V WindowManager: Relayout hash=db1c68f, pid=24160: mAttrs={(0,0)(fillxfill) sim={adjust=pan forwardNavigation} ty=BASE_APPLICATION
04-17 18:01:34.413  5274  7530 V WindowManager:   fl=81810100
04-17 18:01:34.413  5274  7530 V WindowManager:   pfl=12020040
04-17 18:01:34.413  5274  7530 V WindowManager:   apr=LIGHT_NAVIGATION_BARS
04-17 18:01:34.413  5274  7530 V WindowManager:   bhv=DEFAULT
04-17 18:01:34.413  5274  7530 V WindowManager:   fitSides= naviIconColor=0
04-17 18:01:34.413  5274  7530 V WindowManager:   sfl=100000}
04-17 18:01:34.414  5274  7039 D InputDispatcher: Inject motion (24018): action=0x0, time=10532929000000, f=0x0, d=0
04-17 18:01:34.414  5274  5414 I InputDispatcher: Delivering touch to (5598): action: 0x4, f=0x0, d=0, '175e94d', t=0
04-17 18:01:34.414  5274  5414 I InputDispatcher: Delivering touch to (24018): action: 0x0, f=0x0, d=0, 'ae17f2d', t=0
04-17 18:01:34.415 24018 24018 I ViewRootImpl@90ba39b[MainActivity]: ViewPostIme pointer 0
04-17 18:01:34.415  5274  5294 I GestureDetector: obtain mCurrentDownEvent. id: -530293537 caller: com.android.server.wm.SystemGesturesPointerEventListener.onPointerEvent:179 com.android.server.wm.PointerEventDispatcher.onInputEvent:71 android.view.InputEventReceiver.dispatchInputEvent:259
04-17 18:01:34.415  5274  5294 I GestureDetector: obtain mCurrentDownEvent. id: -530293537 caller: com.android.server.wm.SystemPerformancePointerEventListener.onPointerEvent:89 com.android.server.wm.PointerEventDispatcher.onInputEvent:71 android.view.InputEventReceiver.dispatchInputEvent:259
04-17 18:01:34.415 24018 24018 I MSHandlerLifeCycle: isMultiSplitHandlerRequested: windowingMode=1 isFullscreen=true isPopOver=false isHidden=false skipActivityType=false isHandlerType=true this: DecorView@974f9ab[MainActivity]
04-17 18:01:34.417  5274  7530 I InputMethodManagerService: isInputMethodShown: isShown=false
04-17 18:01:34.418  4929  4929 I Layer   : id=6823 removeFromCurrentState Surface(name=Task=73)/@0x1464667 - animation-leash of app_transition#0 (109)
04-17 18:01:34.418  4929  4929 I SurfaceFlinger: id=6823 Removed Surface(name=Task=73)/@0x1464667 - animation-leash of app_transition#0 (109)
04-17 18:01:34.419  4929  4929 I Layer   : id=6823 Destroyed Surface(name=Task=73)/@0x1464667 - animation-leash of app_transition#0
04-17 18:01:34.422 24160 24160 I ViewRootImpl@959875c[InstrumentationActivityInvoker$EmptyActivity]: Relayout returned: old=(0,0,1080,2340) new=(0,0,1080,2340) req=(1080,2340)8 dur=12 res=0x5 s={false 0} ch=true fn=2
04-17 18:01:34.424 24160 24160 I ViewRootImpl@959875c[InstrumentationActivityInvoker$EmptyActivity]: stopped(true) old=false
04-17 18:01:34.426 24160 24160 I MSHandlerLifeCycle: isMultiSplitHandlerRequested: windowingMode=1 isFullscreen=true isPopOver=false isHidden=false skipActivityType=false isHandlerType=true this: DecorView@ea31830[InstrumentationActivityInvoker$EmptyActivity]
04-17 18:01:34.426 24160 24160 I MSHandlerLifeCycle: removeMultiSplitHandler: no exist. decor=DecorView@ea31830[InstrumentationActivityInvoker$EmptyActivity]
04-17 18:01:34.430 24160 24160 I MSHandlerLifeCycle: removeMultiSplitHandler: no exist. decor=DecorView@ea31830[InstrumentationActivityInvoker$EmptyActivity]
04-17 18:01:34.431 24160 24184 D OpenGLRenderer: setSurface called with nullptr
04-17 18:01:34.431 24160 24160 I ViewRootImpl@959875c[InstrumentationActivityInvoker$EmptyActivity]: dispatchDetachedFromWindow
04-17 18:01:34.432  5274  7039 D InputTransport: Input channel destroyed: 'db1c68f', fd=727
04-17 18:01:34.432  5274  7039 W InputManager-JNI: Input channel object 'db1c68f com.myapp.alist.test/androidx.test.core.app.InstrumentationActivityInvoker$EmptyActivity (client)' was disposed without first being removed with the input manager!
04-17 18:01:34.432  5274  7039 D InputTransport: Input channel destroyed: 'db1c68f', fd=733
04-17 18:01:34.435  4929  4929 I Layer   : id=6817 removeFromCurrentState com.myapp.alist.test/androidx.test.core.app.InstrumentationActivityInvoker$EmptyActivity$_24160#0 (108)
04-17 18:01:34.435  4929  4929 I Layer   : id=6811 removeFromCurrentState db1c68f com.myapp.alist.test/androidx.test.core.app.InstrumentationActivityInvoker$EmptyActivity#0 (108)
04-17 18:01:34.435 24160 24160 D InputTransport: Input channel destroyed: 'db1c68f', fd=82
04-17 18:01:34.435  4929  4929 I SurfaceFlinger: id=6811 Removed db1c68f com.myapp.alist.test/androidx.test.core.app.InstrumentationActivityInvoker$EmptyActivity#0 (108)
04-17 18:01:34.435  4929  4929 I SurfaceFlinger: id=6817 Removed com.myapp.alist.test/androidx.test.core.app.InstrumentationActivityInvoker$EmptyActivity$_24160#0 (108)
04-17 18:01:34.435  4929  4929 I Layer   : id=6811 Destroyed db1c68f com.myapp.alist.test/androidx.test.core.app.InstrumentationActivityInvoker$EmptyActivity#0
04-17 18:01:34.435  4929  4929 I Layer   : id=6817 Destroyed com.myapp.alist.test/androidx.test.core.app.InstrumentationActivityInvoker$EmptyActivity$_24160#0
04-17 18:01:34.439  4929  5194 I SurfaceFlinger: id=6833 createSurf (0x0),-1 flag=24004, Task=72#1
04-17 18:01:34.443  6034  6034 I RecentsView: onTaskRemoved() taskId : 72
04-17 18:01:34.443  6034  6034 I RecentsView: onTaskRemoved() taskId : 72
04-17 18:01:34.451  4929  4929 I Layer   : id=6805 removeFromCurrentState ActivityRecord{368c0bc u0 com.myapp.alist.test/androidx.test.core.app.InstrumentationActivityInvoker$EmptyActivity t72}#0 (107)
04-17 18:01:34.452  4929  4929 I Layer   : id=6804 removeFromCurrentState Task=72#0 (107)
04-17 18:01:34.452  4929  4929 I Layer   : id=6833 removeFromCurrentState Task=72#1 (107)
04-17 18:01:34.452  4929  4929 I SurfaceFlinger: id=6805 Removed ActivityRecord{368c0bc u0 com.myapp.alist.test/androidx.test.core.app.InstrumentationActivityInvoker$EmptyActivity t72}#0 (107)
04-17 18:01:34.452  4929  4929 I SurfaceFlinger: id=6833 Removed Task=72#1 (107)
04-17 18:01:34.452  4929  4929 I Layer   : id=6833 Destroyed Task=72#1
04-17 18:01:34.452  4929  4929 I Layer   : id=6805 Destroyed ActivityRecord{368c0bc u0 com.myapp.alist.test/androidx.test.core.app.InstrumentationActivityInvoker$EmptyActivity t72}#0
04-17 18:01:34.455  5274  7530 D InputDispatcher: Inject motion (24018): action=0x1, time=10532970000000, f=0x0, d=0
04-17 18:01:34.455  5274  5414 I InputDispatcher: Delivering touch to (24018): action: 0x1, f=0x0, d=0, 'ae17f2d', t=0
04-17 18:01:34.456  5274  5294 I GestureDetector: obtain mCurrentMotionEventRaw. action: 1 id: -847860446
04-17 18:01:34.456 24018 24018 I ViewRootImpl@90ba39b[MainActivity]: ViewPostIme pointer 1
04-17 18:01:34.456  5274  5294 I GestureDetector: obtain mCurrentMotionEventRaw. action: 1 id: -847860446
04-17 18:01:34.456 24018 24018 I MSHandlerLifeCycle: isMultiSplitHandlerRequested: windowingMode=1 isFullscreen=true isPopOver=false isHidden=false skipActivityType=false isHandlerType=true this: DecorView@974f9ab[MainActivity]
04-17 18:01:34.462 24018 24018 D InputMethodManager: startInputInner - Id : 0
04-17 18:01:34.462 24018 24018 I InputMethodManager: startInputInner - mService.startInputOrWindowGainedFocus
04-17 18:01:34.463  5274  7039 D InputMethodManagerService: mDesktopModeManager null!
04-17 18:01:34.463  5274  7039 V InputMethodManagerService: getDisplayIdOfInputMethodWindowToBeAdded : 0
04-17 18:01:34.464  5274  7039 D InputMethodManagerService: checkDisplayOfStartInputAndUpdateKeyboard display Id 0last 0
04-17 18:01:34.464  5274  7039 D InputTransport: Input channel constructed: 'ClientS', fd=727
04-17 18:01:34.464  5274  7039 D InputTransport: Input channel destroyed: 'ClientS', fd=727
04-17 18:01:34.464 24018 24018 I IMM_LC  : showSoftInput(View,I)
04-17 18:01:34.464  8190  8190 I HBD     : HoneyBoardService onFinishInput
04-17 18:01:34.465 24018 24018 I IMM_LC  : ssi() - flag : 0 view : com.myapp.alist reason = SHOW_SOFT_INPUT
04-17 18:01:34.465  5274  7039 V InputMethodManagerService: Client requesting input be shown, flags : 0
04-17 18:01:34.465  5274  7039 D InputMethodManagerService: ACCESS_CONTROL_ENABLED = false, ACCESS_CONTROL_KEYBOARD_BLOCK = false
04-17 18:01:34.465  8190  8190 I HBD     : a IC have been unbinding,  InputConnectionWrapper{idHash=#ceb9f51 mMissingMethods=}
04-17 18:01:34.465  8190  8190 I HBD     : HoneyBoardService [PF_CL][onFinishInput]  516115 ns
04-17 18:01:34.465  8190  8190 I HBD     : HoneyBoardService onInlineSuggestionsResponse
04-17 18:01:34.466  8190  8190 I HBD     : HoneyBoardService onCreateInlineSuggestionsRequest
04-17 18:01:34.468 24018 24018 D Editor  : waiting for the right moment
04-17 18:01:34.469  8190  8190 I HBD     : HoneyBoardService [IMI] onStartInput - caller pid : 24018 , caller uid : 10422
04-17 18:01:34.469  8190  8190 I HBD     : j updateConfigs
04-17 18:01:34.469  8190  8190 I HBD     : j isEnabledNightMode : false
04-17 18:01:34.470  8190  8190 I HBD     : a IC have been binding, InputConnectionWrapper{idHash=#bea3d33 mMissingMethods=}
04-17 18:01:34.470  8190  8190 W HBD     : b [EditorInputType] undefined Enter action code : 0x40000005
04-17 18:01:34.470  8190  8190 I HBD     : h [EditorInputType]setPrivateImeOptionsToTable privateImeOptions ( null )
04-17 18:01:34.470  8190  8190 I HBD     : b incognitoMode : false
04-17 18:01:34.470  8190  8190 W HBD     : b [EditorInputType] undefined Enter action code : 0x40000005
04-17 18:01:34.470  8190  8190 I HBD     : a [CPS]isPredictionOnByLanguage :false, isForceOff : false, isPredictionOn : true , isOnPref : true
04-17 18:01:34.471  8190  8190 I HBD     : h getDefaultInputRange : UNKNOWN
04-17 18:01:34.471  8190  8190 I HBD     : h getDefaultInputRange : UNKNOWN
04-17 18:01:34.471  8190  8190 I HBD     : h getDefaultInputRange : UNKNOWN
04-17 18:01:34.475  8190  8190 I HBD     : h getDefaultInputRange : UNKNOWN
04-17 18:01:34.476  8190  8190 I HBD     : a currentState : 0
04-17 18:01:34.476  8190  8190 I HBD     : h load selected json path : /data/user/0/com.samsung.android.honeyboard/files/selected.json
04-17 18:01:34.476  8190  8190 I HBD     : h load selected json info : {"version":"1.0","currentLanguageOrder":0,"selected":[{"activeOptionList":["auto_spacing","writing_assistant"],"engName":"English","id":65538,"inputType":"qwerty","isUsed":true}]}
04-17 18:01:34.477  8190  8190 I HBD     : a [UpdatePolicy] [post] a: 0 cl: 65538 kit: [0/0] vt: 0 ir: 1
04-17 18:01:34.477 24018 24018 I AssistStructure: Flattened final assist data: 4780 bytes, containing 1 windows, 25 views
04-17 18:01:34.477  8190  8190 I HBD     : HoneyBoardService [PF_OP][onStartInput]  8137077 ns
04-17 18:01:34.477  8190  8190 I InputMethod: showSoftInput(), flags : 1
04-17 18:01:34.478  5274  7530 I InputMethodManagerService: isAccessoryKeyboard 0
04-17 18:01:34.478  8190  8190 I HBD     : HoneyBoardService onEvaluateInputViewShown: true
04-17 18:01:34.482  8190  8190 I DecorView: notifyKeepScreenOnChanged: keepScreenOn=false
04-17 18:01:34.483  8190  8190 I MSHandlerLifeCycle: isMultiSplitHandlerRequested: ignored. pkg=com.samsung.android.honeyboard isActivity=false callers=com.android.internal.policy.DecorView.hasMultiSplitHandlerInNonFreeformMode:891 com.android.internal.policy.DecorView.notifyKeepScreenOnChanged:885 android.view.ViewRootImpl.applyKeepScreenOnFlag:2945 android.view.ViewRootImpl.setLayoutParams:2108 android.view.WindowManagerGlobal.updateViewLayout:537
04-17 18:01:34.483  5274  7039 I InputMethodManagerService: isAccessoryKeyboard 0
04-17 18:01:34.483  8190  8190 I HBD     : HoneyBoardService onEvaluateInputViewShown: true
04-17 18:01:34.483  8190  8190 I HBD     : HoneyBoardService onStartInputView : restarting = false, client = com.myapp.alist
04-17 18:01:34.483  8190  8190 W HBD     : b [EditorInputType] undefined Enter action code : 0x40000005
04-17 18:01:34.484  8190  8190 I HBD     : h [EditorInputType]setPrivateImeOptionsToTable privateImeOptions ( null )
04-17 18:01:34.484  8190  8190 I HBD     : b incognitoMode : false
04-17 18:01:34.484  8190  8190 W HBD     : b [EditorInputType] undefined Enter action code : 0x40000005
04-17 18:01:34.484  8190  9047 I SemDvfsHyPerManager: acquire hyper - SKBD_RE_ENTER_SHOW/8190@1, type = -999
04-17 18:01:34.484  8190  8190 I HBD     : h getDefaultInputRange : UNKNOWN
04-17 18:01:34.484  8190  8190 I HBD     : h getDefaultInputRange : UNKNOWN
04-17 18:01:34.484  8190  8190 I HBD     : h getDefaultInputRange : UNKNOWN
04-17 18:01:34.484  8190  8190 I HBD     : HoneyBoardService onStartInputViewInternal: inputType=0x20001, imeOptions=0x48000005, initialSelStart=0, initialSelEnd=0
04-17 18:01:34.484  8190  8190 I HBD     : f applyThemesPolicy
04-17 18:01:34.484  8190  8190 I HBD     : e mUsedOpenTheme = false IsRequiredDarkTypeTheme = false night mode : false mIsEnabledHighContrast = false mIsOpenThemeForHoneyBoardInstalled = false mIsWallpaperThemeInstalled = false mIsThemeParkTheme = false
04-17 18:01:34.484  8190  8190 I HBD     : f ThemeIndex By PolicyInternal theme index :  285212672 Light
04-17 18:01:34.484  8190  8190 I HBD     : f update KeyboardTheme themeIndex : 0x 11000000  theme :  Light
04-17 18:01:34.484  8190  8190 I HBD     : a set Theme convertedIndex : 2
04-17 18:01:34.484  8190  8190 I HBD     : a themeStyleSet :2
04-17 18:01:34.484  8190  8190 I HBD     : a updatePredictionStatus : 1, editorOpt
04-17 18:01:34.484  8190  8190 I HBD     : a updateForEditorClass isPredictionOn = true
04-17 18:01:34.484  4882  4921 I HYPER-HAL: [RequestManager.cpp]acquire(): Acquired ID : 33550337  [8190 / 1]    HINT : KBD_APP_RE_ENTER_VIEW    list : [TIMEOUT / 400]
04-17 18:01:34.485  4929  4929 E SurfaceFlinger: Attempt to update InputPolicyFlags without permission ACCESS_SURFACE_FLINGER
04-17 18:01:34.489  6239  6239 W AutofillChimeraService: Pending fill request while another request in the same session was triggered. [CONTEXT service_id=177 ]
04-17 18:01:34.491  8190  8190 I HBD     : al EBD ssu f 1
04-17 18:01:34.493  5274  7487 I AssistStructure: Flattened final assist data: 4376 bytes, containing 1 windows, 25 views
04-17 18:01:34.494  8190  8190 I HBD     : a [UpdatePolicy] [post] a: 1 cl: 65538 kit: [0/0] vt: 0 ir: 1
04-17 18:01:34.494  6239 24105 W tez     : Infinite Data has no result for com.myapp.alist [CONTEXT service_id=177 ]
04-17 18:01:34.494  5274  7039 D SecContentProvider: query(), uri = 17 selection = isSettingsChangesAllowed
04-17 18:01:34.496  5274  7039 D SecContentProvider: query(), uri = 17 selection = isSettingsChangesAllowed
04-17 18:01:34.497  8190  8821 I HBD     : m updated Sub Types. English
04-17 18:01:34.497  8190  8190 I HBD     : a [SKE_TAM] Changed false
04-17 18:01:34.498  8190  8190 I HBD     : a refresh(), mParameterMode,  0
04-17 18:01:34.498  8190 24221 I HBD     : a InputMethodSubtype is set as local:en_GB
04-17 18:01:34.498  8190  8190 I HBD     : ::BnR:: d HONEY_SUPPORT_DATA_MIGRATION_FROM_SKBD : true, isMigrateNotNeeded : true, isFinishMigPreferences : false, isPasswordInputType : falseisUserUnlocked : true
04-17 18:01:34.499  8190  8190 I HBD     : b updateMultiTapTimeValue
04-17 18:01:34.499  8190  8190 I HBD     : b getMultiTapTimeoutValue
04-17 18:01:34.499  8190  8190 I HBD     : b getSingleVowelMultiTapTimeoutValue
04-17 18:01:34.500  8190  8190 I HBD     : a onBind
04-17 18:01:34.500  8190 24223 I HBD     : bd requestCursorUpdates returned  true ,  1
04-17 18:01:34.500  8190  8190 I HBD     : b [EditorEnterActionItem] updateConfig: 0x40000006 to 0x40000005
04-17 18:01:34.500  8190  8190 I HBD     : b updateConfig: [LanguageItem] English / [KeyboardViewTypeItem] 0 / [KeyboardInputTypeItem] mainType(0), subType(0) / [CurrentLanguageInputTypeItem] mainType(0), subType(0) / [KeyboardInputRangeItem] 1 / [HandwritingModeItem] false / [SelectedLanguageItem] 1 / [LocaleItem] en-GB / [TextOrNullInputClassItem] true / [DateInputTypeItem] false / [DateTimeInputTypeItem] false /
04-17 18:01:34.500  8190  8190 I HBD     : b updateConfig: [DecimalNumberInputTypeItem] false / [NumberOnlyInputTypeItem] false / [NumberPasswordInputTypeItem] false / [PhoneNumberInputClassItem] false / [SignedDecimalNumberInputTypeItem] false / [SignedNumberInputTypeItem] false / [EmailInputTypeItem] false / [UrlInputTypeItem] false / [UrlEmailModeItem] false / [PasswordInputTypeItem] false / [WebPasswordEditorItem] false /
04-17 18:01:34.500  8190  8190 I HBD     : b updateConfig: [NumberInputClassItem] false / [DateTimeInputClassItem] false / [DigitEditorItem] false / [MonthInputTypeItem] false / [YearDateTimeInputTypeItem] false / [IPAddressInputTypeItem] false / [FileNameInputTypeItem] false / [CustomSymbolsForPeriodKeyItem] false / [OptionInputTypeItem] false / [DisableHanjaInputItem] false / [DisableCmKeyInputItem] false /
04-17 18:01:34.500  8190  8190 I HBD     : b updateConfig: [DisableCommaKeyInputItem] false / [DisableLanguageChangeKeyItem] false / [DisableSpaceKeyItem] false / [NumberPickerInputItem] false / [TimeInputTypeItem] false / [NumberKeyFirstLineItem] true / [AlternativeCharacterItem] false / [SimpleRowStyleItem] false / [HighContrastItem] false / [TouchAndHoldSpaceBarTypeItem] cursor_control / [UseContinuousInputItem] false /
04-17 18:01:34.500  8190  8190 I HBD     : b updateConfig: [UseToolBarItem] true / [OrientationItem] false / [DensityItem] 2.625 / [DisplayWidthItem] 0x1080 / [DisplayHeightItem] 0x2131 / [MainTextLabelItem] 1 / [LanguageSwitchingUsingSpaceBarItem] true / [LanguageSwitchingUsingKeyItem] false / [TransliterationTypingModeItem] false / [CoverDisplayModeItem] false / [TalkBackEnabledItem] false /
04-17 18:01:34.501  8190  8190 I HBD     : b updateConfig: [Japanese8FlickCustomisationItem] false / [VoiceEnabledItem] true / [SamsungVoiceImeItem] false / [PredictionStatusItem] true /
04-17 18:01:34.501  8190  8190 I HBD     : b updateKeyboardViewHolder: INVALIDATE
04-17 18:01:34.502  8190  8190 I HBD     : c [BoardScrapManager] sendBoardScrap
04-17 18:01:34.502  8190  8190 I HBD     : ci updateChangedBoard - [LC:false][TC:false][RC:false][RB:false]
04-17 18:01:34.502  8190  8190 I HBD     : d updateCurrentEngine,  65538 ,  SWIFTKEY
04-17 18:01:34.503  8190  8190 I HBD     : a [SKE_TAM] Changed false
04-17 18:01:34.503  8190  8190 I HBD     : a [SKE_TAM] custom = false , useEngine = true
04-17 18:01:34.503  8190  8190 I HBD     : a [SKE_TAM] Changed false
04-17 18:01:34.504  8190  8190 I HBD     : a refresh(), mParameterMode,  0
04-17 18:01:34.504  8190  8190 I HBD     : a [PF_EN] updateChangedBoard() 2
04-17 18:01:34.505  5274  7039 D SecContentProvider: query(), uri = 15 selection = isClipboardShareAllowedAsUser
04-17 18:01:34.513  8190  8190 I HBD     : HoneyBoardService [PF_OP][onStartInputView]  30 ms
04-17 18:01:34.513  5274  7039 D InputMethodManagerServicePhysicalKey: isConnectedDexOnPC false
04-17 18:01:34.514  5274  7039 D InputMethodManagerService: isImeSwitcherDisabledPackage : false
04-17 18:01:34.514  5274  7039 I InputMethodManagerService: setImeWindowStatus: vis=3, backDisposition=0
04-17 18:01:34.514  8190  8190 I HBD     : HoneyBoardService onWindowShown
04-17 18:01:34.515  7578  7578 I CocktailBarUiController: onReceive: action=ResponseAxT9Info isVisibleWindow=1
04-17 18:01:34.515  5274  7530 D SecContentProvider: query(), uri = 15 selection = isClipboardShareAllowedAsUser
04-17 18:01:34.517  8190  8190 I HBD     : HoneyBoardService [PF_OP][onWindowShown]  2813192 ns
04-17 18:01:34.517  8190  8190 I MSHandlerLifeCycle: isMultiSplitHandlerRequested: ignored. pkg=com.samsung.android.honeyboard isActivity=false callers=com.android.internal.policy.DecorView.setVisibility:4295 android.app.Dialog.show:445 android.inputmethodservice.SoftInputWindow.show:302 android.inputmethodservice.InputMethodService.showWindow:2823 android.inputmethodservice.InputMethodService$InputMethodImpl.showSoftInput:963
04-17 18:01:34.517  8190  8190 I MSHandlerLifeCycle: removeMultiSplitHandler: no exist. decor=DecorView@79765ce[InputMethod]
04-17 18:01:34.518  8190  8190 I HBD     : HoneyBoardService onViewClicked
04-17 18:01:34.519  8190  8190 I HBD     : HoneyBoardService [PF_OP][onViewClicked]  129770 ns
04-17 18:01:34.520  5274  7530 D InputMethodManagerServicePhysicalKey: isConnectedDexOnPC false
04-17 18:01:34.520  5274  7530 D InputMethodManagerService: isImeSwitcherDisabledPackage : false
04-17 18:01:34.521  5274  7530 I InputMethodManagerService: setImeWindowStatus: vis=3, backDisposition=0
04-17 18:01:34.530  6239 23512 W sfc     : Failed to retrieve prediction data. [CONTEXT service_id=177 ]
04-17 18:01:34.541  5274  7530 V WindowManager: Relayout Window{4b2d9f9 u0 InputMethod}: viewVisibility=0 req=1080x2257 d0
04-17 18:01:34.542  4929  6292 I SurfaceFlinger: id=6834 createSurf (1080x2257),-3 flag=40004, InputMethod$_8190#0
04-17 18:01:34.544  5947  5947 V InlineSuggestionRenderService: handleDestroySuggestionViews called for 0:1349692619
04-17 18:01:34.545  5274  7530 V WindowManager: Relayout hash=4b2d9f9, pid=8190: mAttrs={(0,0)(fillxfill) gr=BOTTOM CENTER_VERTICAL sim={adjust=pan} ty=INPUT_METHOD fmt=TRANSPARENT wanim=0x7f130170 preferredMinDisplayRefreshRate=60.0 receive insets ignoring z-order
04-17 18:01:34.545  5274  7530 V WindowManager:   fl=81800108
04-17 18:01:34.545  5274  7530 V WindowManager:   pfl=12000000
04-17 18:01:34.545  5274  7530 V WindowManager:   vsysui=10
04-17 18:01:34.545  5274  7530 V WindowManager:   apr=LIGHT_NAVIGATION_BARS
04-17 18:01:34.545  5274  7530 V WindowManager:   bhv=DEFAULT
04-17 18:01:34.545  5274  7530 V WindowManager:   fitTypes=STATUS_BARS NAVIGATION_BARS
04-17 18:01:34.545  5274  7530 V WindowManager:   fitSides=LEFT TOP RIGHT
04-17 18:01:34.545  5274  7530 V WindowManager:   fitIgnoreVis dimDuration=150 naviIconColor=0}
04-17 18:01:34.546  8190  8190 I ViewRootImpl@e692e0[InputMethod]: Relayout returned: old=(0,83,1080,2340) new=(0,83,1080,2340) req=(1080,2257)0 dur=5 res=0x7 s={true 488344834048} ch=true fn=-1
04-17 18:01:34.547  8190  8190 I ViewRootImpl@e692e0[InputMethod]: [DP] dp(1) 1 android.view.ViewRootImpl.reportNextDraw:11442 android.view.ViewRootImpl.performTraversals:4198 android.view.ViewRootImpl.doTraversal:2924
04-17 18:01:34.552  4929  4929 E SurfaceFlinger: Attempt to update InputPolicyFlags without permission ACCESS_SURFACE_FLINGER
04-17 18:01:34.555  5274  7039 V WindowManager: Relayout Window{b7541b2 u0 ScreenDecorOverlayBottom}: viewVisibility=0 req=1079x151 d0
04-17 18:01:34.556  8190  8190 I ViewRootImpl@e692e0[InputMethod]: [DP] pdf(0) 1 android.view.ViewRootImpl.lambda$addFrameCompleteCallbackIfNeeded$3$ViewRootImpl:5000 android.view.ViewRootImpl$$ExternalSyntheticLambda16.run:6 android.os.Handler.handleCallback:938
04-17 18:01:34.556  8190  8190 I ViewRootImpl@e692e0[InputMethod]: [DP] rdf()
04-17 18:01:34.557  5274  7039 V WindowManager: Relayout hash=b7541b2, pid=5598: mAttrs={(0,0)(fillxwrap) gr=BOTTOM CENTER_VERTICAL sim={adjust=pan} layoutInDisplayCutoutMode=always ty=NAVIGATION_BAR_PANEL fmt=TRANSLUCENT
04-17 18:01:34.557  5274  7039 V WindowManager:   fl=20800128
04-17 18:01:34.557  5274  7039 V WindowManager:   pfl=13100050
04-17 18:01:34.557  5274  7039 V WindowManager:   vsysui=100
04-17 18:01:34.557  5274  7039 V WindowManager:   bhv=DEFAULT naviIconColor=0}
04-17 18:01:34.558  5598  6625 I ViewRootImpl@dd9c72a[ScreenDecorOverlayBottom]: Relayout returned: old=(0,2189,1080,2340) new=(0,2189,1080,2340) req=(1079,151)0 dur=5 res=0x1 s={true 485883961344} ch=false fn=163
04-17 18:01:34.559 24018 24018 D InsetsController: show(ime(), fromIme=true)
04-17 18:01:34.561 24018 24018 D InsetsSourceConsumer: setRequestedVisible: visible=true, type=19, host=com.myapp.alist/com.myapp.alist.ui.MainActivity, from=android.view.InsetsSourceConsumer.show:246 android.view.InsetsController.showDirectly:1489 android.view.InsetsController.controlAnimationUnchecked:1137 android.view.InsetsController.applyAnimation:1456 android.view.InsetsController.applyAnimation:1437 android.view.InsetsController.show:976 android.view.ViewRootImpl$ViewRootHandler.handleMessageImpl:6483 android.view.ViewRootImpl$ViewRootHandler.handleMessage:6408 android.os.Handler.dispatchMessage:106 androidx.test.espresso.base.Interrogator.loopAndInterrogate:14
04-17 18:01:34.563  8190  8822 E HBD     : g activeNetwork is null
04-17 18:01:34.563  8190  9490 I HBD     : b [SKE_KPM] load kpm : /data/user/0/com.samsung.android.honeyboard/app_KeyPressModel/model_0_0_-667254808.im
04-17 18:01:34.565  8190  8821 E IceCone : g isNetworkDisconnected net=null, getNetworkCapabilities.hasCapability() is false or null
04-17 18:01:34.565  4929  4929 I SurfaceFlinger: Setting desired display mode specs: default mode ID: 0, allowGroupSwitching = 0, primary range: [60.00fps 120.00fps], app request range: [60.00fps 120.00fps]
04-17 18:01:34.566  5274  7487 V WindowManager: Relayout Window{2f5398f u0 ScreenDecorOverlay}: viewVisibility=0 req=1079x151 d0
04-17 18:01:34.567  8190  8190 I HBD     : al EBD si t 0
04-17 18:01:34.568  5274  7487 V WindowManager: Relayout hash=2f5398f, pid=5598: mAttrs={(0,0)(fillxwrap) gr=TOP CENTER_VERTICAL sim={adjust=pan} layoutInDisplayCutoutMode=always ty=NAVIGATION_BAR_PANEL fmt=TRANSLUCENT
04-17 18:01:34.568  5274  7487 V WindowManager:   fl=20800128
04-17 18:01:34.568  5274  7487 V WindowManager:   pfl=13100050
04-17 18:01:34.568  5274  7487 V WindowManager:   vsysui=100
04-17 18:01:34.568  5274  7487 V WindowManager:   bhv=DEFAULT naviIconColor=0}
04-17 18:01:34.569  5598  6625 I ViewRootImpl@ce89bca[ScreenDecorOverlay]: Relayout returned: old=(0,0,1080,151) new=(0,0,1080,151) req=(1079,151)0 dur=10 res=0x1 s={true 485883396096} ch=false fn=212
04-17 18:01:34.573  5598  5598 D PipMotionHelper: animateToOffset: originalBounds=Rect(533, 1020 - 1038, 1304) offset=-126 callers=
04-17 18:01:34.573  5598  5598 D PipMotionHelper:     com.android.wm.shell.pip.phone.PipTouchHandler.onMovementBoundsChanged:482
04-17 18:01:34.573  5598  5598 D PipMotionHelper:     com.android.wm.shell.pip.phone.PipController.updateMovementBounds:715
04-17 18:01:34.573  5598  5598 D PipMotionHelper:     com.android.wm.shell.pip.phone.PipController.access$600:99
04-17 18:01:34.573  5598  5598 D PipMotionHelper:     com.android.wm.shell.pip.phone.PipController$PipControllerPinnedTaskListener.onMovementBoundsChanged:238
04-17 18:01:34.573  5598  5598 D PipMotionHelper:     com.android.wm.shell.pip.PinnedStackListenerForwarder.onMovementBoundsChanged:65
04-17 18:01:34.580  5274  7487 V WindowManager: Relayout Window{b7541b2 u0 ScreenDecorOverlayBottom}: viewVisibility=0 req=1079x151 d0
04-17 18:01:34.583  5274  7487 V WindowManager: Relayout hash=b7541b2, pid=5598: mAttrs={(0,0)(fillxwrap) gr=BOTTOM CENTER_VERTICAL sim={adjust=pan} layoutInDisplayCutoutMode=always ty=NAVIGATION_BAR_PANEL fmt=TRANSLUCENT
04-17 18:01:34.583  5274  7487 V WindowManager:   fl=20800128
04-17 18:01:34.583  5274  7487 V WindowManager:   pfl=13100050
04-17 18:01:34.583  5274  7487 V WindowManager:   vsysui=100
04-17 18:01:34.583  5274  7487 V WindowManager:   bhv=DEFAULT naviIconColor=0}
04-17 18:01:34.584  5598  6625 I ViewRootImpl@dd9c72a[ScreenDecorOverlayBottom]: Relayout returned: old=(0,2189,1080,2340) new=(0,2189,1080,2340) req=(1079,151)0 dur=14 res=0x1 s={true 485883961344} ch=false fn=163
04-17 18:01:34.585  4929  4929 I Layer   : id=6829 removeFromCurrentState Surface(name=175e94d NavigationBar0)/@0xef769fd - animation-leash of insets_animation#1 (106)
04-17 18:01:34.588  5274  5587 V WindowManager: Relayout Window{2f5398f u0 ScreenDecorOverlay}: viewVisibility=0 req=1079x151 d0
04-17 18:01:34.591  5274  5587 V WindowManager: Relayout hash=2f5398f, pid=5598: mAttrs={(0,0)(fillxwrap) gr=TOP CENTER_VERTICAL sim={adjust=pan} layoutInDisplayCutoutMode=always ty=NAVIGATION_BAR_PANEL fmt=TRANSLUCENT
04-17 18:01:34.591  5274  5587 V WindowManager:   fl=20800128
04-17 18:01:34.591  5274  5587 V WindowManager:   pfl=13100050
04-17 18:01:34.591  5274  5587 V WindowManager:   vsysui=100
04-17 18:01:34.591  5274  5587 V WindowManager:   bhv=DEFAULT naviIconColor=0}
04-17 18:01:34.593  5598  6625 I ViewRootImpl@ce89bca[ScreenDecorOverlay]: Relayout returned: old=(0,0,1080,151) new=(0,0,1080,151) req=(1079,151)0 dur=6 res=0x1 s={true 485883396096} ch=false fn=212
04-17 18:01:34.595 24018 24018 D ScrollView:  onsize change changed
04-17 18:01:34.600  4929  4965 I SurfaceFlinger: id=6829 Removed Surface(name=175e94d NavigationBar0)/@0xef769fd - animation-leash of insets_animation#1 (106)
04-17 18:01:34.602  4929  4929 E SurfaceFlinger: Attempt to update InputPolicyFlags without permission ACCESS_SURFACE_FLINGER
04-17 18:01:34.602  4929  4929 I Layer   : id=6829 Destroyed Surface(name=175e94d NavigationBar0)/@0xef769fd - animation-leash of insets_animation#1
04-17 18:01:34.603  5274  7530 V WindowManager: Relayout Window{b7541b2 u0 ScreenDecorOverlayBottom}: viewVisibility=0 req=1079x151 d0
04-17 18:01:34.606  5274  7530 V WindowManager: Relayout hash=b7541b2, pid=5598: mAttrs={(0,0)(fillxwrap) gr=BOTTOM CENTER_VERTICAL sim={adjust=pan} layoutInDisplayCutoutMode=always ty=NAVIGATION_BAR_PANEL fmt=TRANSLUCENT
04-17 18:01:34.606  5274  7530 V WindowManager:   fl=20800128
04-17 18:01:34.606  5274  7530 V WindowManager:   pfl=13100050
04-17 18:01:34.606  5274  7530 V WindowManager:   vsysui=100
04-17 18:01:34.606  5274  7530 V WindowManager:   bhv=DEFAULT naviIconColor=0}
04-17 18:01:34.606  4929  4929 D SurfaceFlinger: Display 0 HWC layers:
04-17 18:01:34.606  4929  4929 D SurfaceFlinger:      DEVICE | 0x71a58dc0c0 | 0102 | RGBA_8888    |    0.0    0.0 1080.0 2340.0 |    0    0 1080 2340 | com.myapp.alist/com.myapp.alist.ui.MainActivity$_24018#0
04-17 18:01:34.606  4929  4929 D SurfaceFlinger:      DEVICE | 0x71a58bee40 | 0100 | RGBA_8888    |    0.0    0.0 1080.0 1527.0 |    0  813 1080 2340 | InputMethod$_8190#0
04-17 18:01:34.606  4929  4929 D SurfaceFlinger:      DEVICE | 0x71a58be580 | 0100 | RGBA_8888    |    0.0    0.0 1080.0   78.0 |    0    0 1080   78 | StatusBar$_5598#0
04-17 18:01:34.606  4929  4929 D SurfaceFlinger:      DEVICE | 0x716f175500 | 0100 | RGBA_8888    |    0.0    0.0   67.0  362.0 | 1013 1637 1080 1999 | com.samsung.android.app.cocktailbars[...]arservice.CocktailBarService$_7578#0
04-17 18:01:34.606  4929  4929 D SurfaceFlinger:      DEVICE | 0x716f176680 | 0100 | RGBA_8888    |    0.0    0.0 1080.0  126.0 |    0 2214 1080 2340 | NavigationBar0$_5598#0
04-17 18:01:34.606  4929  4929 D SurfaceFlinger:      DEVICE | 0x7170160d40 | 0140 | RGBA_8888    |    0.0    0.0 1080.0  151.0 |    0    0 1080  151 | ScreenDecorOverlay$_5598#0
04-17 18:01:34.606  4929  4929 D SurfaceFlinger:      DEVICE | 0x71a3dca740 | 0140 | RGBA_8888    |    0.0    0.0 1080.0  151.0 |    0 2189 1080 2340 | ScreenDecorOverlayBottom$_5598#0
04-17 18:01:34.606  4929  4929 D SurfaceFlinger:
04-17 18:01:34.607  5598  6625 I ViewRootImpl@dd9c72a[ScreenDecorOverlayBottom]: Relayout returned: old=(0,2189,1080,2340) new=(0,2189,1080,2340) req=(1079,151)0 dur=5 res=0x1 s={true 485883961344} ch=false fn=163
04-17 18:01:34.609  5274  5587 V WindowManager: Relayout Window{2f5398f u0 ScreenDecorOverlay}: viewVisibility=0 req=1079x151 d0
04-17 18:01:34.611  5274  5587 V WindowManager: Relayout hash=2f5398f, pid=5598: mAttrs={(0,0)(fillxwrap) gr=TOP CENTER_VERTICAL sim={adjust=pan} layoutInDisplayCutoutMode=always ty=NAVIGATION_BAR_PANEL fmt=TRANSLUCENT
04-17 18:01:34.611  5274  5587 V WindowManager:   fl=20800128
04-17 18:01:34.611  5274  5587 V WindowManager:   pfl=13100050
04-17 18:01:34.611  5274  5587 V WindowManager:   vsysui=100
04-17 18:01:34.611  5274  5587 V WindowManager:   bhv=DEFAULT naviIconColor=0}
04-17 18:01:34.611  5598  6625 I ViewRootImpl@ce89bca[ScreenDecorOverlay]: Relayout returned: old=(0,0,1080,151) new=(0,0,1080,151) req=(1079,151)0 dur=3 res=0x1 s={true 485883396096} ch=false fn=212
04-17 18:01:34.619  5274  5587 V WindowManager: Relayout Window{b7541b2 u0 ScreenDecorOverlayBottom}: viewVisibility=0 req=1079x151 d0
04-17 18:01:34.620  5274  7530 D InputMethodManagerServicePhysicalKey: isConnectedDexOnPC false
04-17 18:01:34.621  5274  7530 D InputMethodManagerService: isImeSwitcherDisabledPackage : false
04-17 18:01:34.622  5274  5587 V WindowManager: Relayout hash=b7541b2, pid=5598: mAttrs={(0,0)(fillxwrap) gr=BOTTOM CENTER_VERTICAL sim={adjust=pan} layoutInDisplayCutoutMode=always ty=NAVIGATION_BAR_PANEL fmt=TRANSLUCENT
04-17 18:01:34.622  5274  5587 V WindowManager:   fl=20800128
04-17 18:01:34.622  5274  5587 V WindowManager:   pfl=13100050
04-17 18:01:34.622  5274  5587 V WindowManager:   vsysui=100
04-17 18:01:34.622  5274  5587 V WindowManager:   bhv=DEFAULT naviIconColor=0}
04-17 18:01:34.622  5598  5598 V Navbar.Store: handleEvent [EventType] ON_NAVBAR_ICON_HINT_CHANGED [Module] NavigationBar  KEYS_NAVBAR_ICON_HINT=3
04-17 18:01:34.622  5598  5598 V Navbar.Store: --[Band]SETUPWIZARD_PACK_SET_NAVBAR_ICON_HINT
04-17 18:01:34.622  5598  5598 V Navbar.Store: ----getValue(BOOL_NAVBAR_BUTTON_FORCED_VISIBLE)=false
04-17 18:01:34.622  5598  5598 V Navbar.Store: ----getValue(BOOL_NAVBAR_SETUPWIZARD_STYLE)=false
04-17 18:01:34.622  5598  5598 V Navbar.Store: --[Band]VIS_PACK_REEVAULATE_NAVBAR
04-17 18:01:34.622  5598  5598 V Navbar.Store: ----apply(REEVALUATE_NAVBAR)
04-17 18:01:34.622  5598  5598 V Navbar.Store: ----handleEvent [EventType] GET_BOOL_REGION_SAMPLING_ENABLED [Module] LightBarController  KEYS_DEFAULT=false
04-17 18:01:34.622  5598  5598 V Navbar.Store: ------[Band]COLOR_PACK_GET_REGION_SAMPLING_ENABLED
04-17 18:01:34.622  5598  5598 V Navbar.Store: --------getValue(BOOL_REGION_SAMPLING_ENABLED)=false
04-17 18:01:34.623  5598  5598 V Navbar.Store: handleEvent [EventType] GET_BOOL_SHOW_KEYBOARD_BUTTON [Module] SamsungNavigationBarView  KEYS_DEFAULT=true  KEYS_PORTRAIT=true
04-17 18:01:34.623  5598  5598 V Navbar.Store: --[Band]GESTURE_PACK_SHOW_KEYBOARD_BUTTON
04-17 18:01:34.623  5598  5598 V Navbar.Store: ----getValue(BOOL_NAVBAR_GESTURAL_MODE)=false
04-17 18:01:34.623  5598  6625 I ViewRootImpl@dd9c72a[ScreenDecorOverlayBottom]: Relayout returned: old=(0,2189,1080,2340) new=(0,2189,1080,2340) req=(1079,151)0 dur=3 res=0x1 s={true 485883961344} ch=false fn=163
04-17 18:01:34.623  6034  8099 I TouchInteractionService: onActiveNavBarRegionChanges, region : SkRegion((0,2214,388,2340)(389,2214,690,2340)(691,2214,961,2340))
04-17 18:01:34.623  5598  5598 V Navbar.Store: ----handleEvent [EventType] ON_UPDATE_REMOTEVIEW [Module] SamsungNavigationBarView  KEYS_LEFT_REMOTEVIEW_CONTAINER=android.widget.LinearLayout{f974a1b I.E...... ......ID 0,0-118,126 #7f0b0478 app:id/left_remoteview}  KEYS_NAVBAR_DARK_INTENSITY=1.0  KEYS_CONTEXTUALBUTTON_VISIBLE=true  KEYS_RIGHT_REMOTEVIEW_CONTAINER=android.widget.LinearLayout{7e0f7b8 I.E...... ......ID 962,0-1080,126 #7f0b070a app:id/right_remoteview}
04-17 18:01:34.624  5598  5598 V Navbar.Store: ------[Band]REMOTE_VIEW_PACK_SET_REMOTEVIEW_CONTAINER
04-17 18:01:34.624  5598  5598 V Navbar.Store: --------apply(UPDATE_NAVBAR_REMOTEVIEW_CONTAINER)
04-17 18:01:34.624  5598  5598 V Navbar.Store: --------apply(UPDATE_NAVBAR_RIGHT_REMOTEVIEW_VISIBILITY)
04-17 18:01:34.624  5598  5598 V Navbar.Store: --------getValue(FLOAT_REMOTEVIEW_DARK_INTENSITY)=1.0
04-17 18:01:34.624  5598  5598 V Navbar.Store: handleEvent [EventType] GET_BOOL_SHOW_KEYBOARD_BUTTON [Module] SamsungNavigationBarView  KEYS_DEFAULT=true  KEYS_PORTRAIT=true
04-17 18:01:34.624  5598  5598 V Navbar.Store: --[Band]GESTURE_PACK_SHOW_KEYBOARD_BUTTON
04-17 18:01:34.624  5598  5598 V Navbar.Store: ----getValue(BOOL_NAVBAR_GESTURAL_MODE)=false
04-17 18:01:34.624  6034  8099 I TouchInteractionService: onActiveNavBarRegionChanges, region : SkRegion((0,2214,388,2340)(389,2214,690,2340)(691,2214,961,2340)(962,2214,1084,2340)(962,2340,1084,2341))
04-17 18:01:34.625  5274  7487 V WindowManager: Relayout Window{2f5398f u0 ScreenDecorOverlay}: viewVisibility=0 req=1079x151 d0
04-17 18:01:34.626  6034  8099 I TouchInteractionService: onSystemUiStateChanged, stateFlags : 393216
04-17 18:01:34.626  6034  6034 I TouchInteractionService: onSystemUiFlagsChanged, userUnlocked
04-17 18:01:34.627  5274  7487 V WindowManager: Relayout hash=2f5398f, pid=5598: mAttrs={(0,0)(fillxwrap) gr=TOP CENTER_VERTICAL sim={adjust=pan} layoutInDisplayCutoutMode=always ty=NAVIGATION_BAR_PANEL fmt=TRANSLUCENT
04-17 18:01:34.627  5274  7487 V WindowManager:   fl=20800128
04-17 18:01:34.627  5274  7487 V WindowManager:   pfl=13100050
04-17 18:01:34.627  5274  7487 V WindowManager:   vsysui=100
04-17 18:01:34.627  5274  7487 V WindowManager:   bhv=DEFAULT naviIconColor=0}
04-17 18:01:34.627  5598  6625 I ViewRootImpl@ce89bca[ScreenDecorOverlay]: Relayout returned: old=(0,0,1080,151) new=(0,0,1080,151) req=(1079,151)0 dur=3 res=0x1 s={true 485883396096} ch=false fn=212
04-17 18:01:34.636  5598  5598 V Navbar.Store: handleEvent [EventType] GET_BOOL_NAVBAR_CAN_MOVE_STATE [Module] SamsungNavigationBarView  KEYS_DEFAULT=true
04-17 18:01:34.636  5598  5598 V Navbar.Store: --[Band]CONFIG_PACK_GET_NAVBAR_CAN_MOVE
04-17 18:01:34.636  5598  5598 V Navbar.Store: ----getValue(BOOL_NAVBAR_CAN_MOVE)=true
04-17 18:01:34.637  6034  8099 I TouchInteractionService: onActiveNavBarRegionChanges, region : SkRegion((0,2214,388,2340)(389,2214,690,2340)(691,2214,961,2340)(962,2214,1084,2340)(962,2340,1084,2341))
04-17 18:01:34.637  5598  5598 V Navbar.Store: handleEvent [EventType] GET_BOOL_USE_NAVBAR_BACKGROUND_FRAME [Module] NavigationBarTransitions  KEYS_DEFAULT=false
04-17 18:01:34.637  5598  5598 V Navbar.Store: --[Band]COLOR_PACK_GET_USE_NAVBAR_BACKGROUND_FRAME
04-17 18:01:34.637  5598  5598 V Navbar.Store: ----getValue(BOOL_NAVBAR_GESTURAL_MODE)=false
04-17 18:01:34.637  5598  5598 V Navbar.Store: ----getValue(BOOL_NAVBAR_OPAQUE)=false
04-17 18:01:34.637  5598  5598 V Navbar.Store: ----getValue(BOOL_NAVBAR_PINNED_EDGE_ENABELD)=false
04-17 18:01:34.694 24018 24018 D UiControllerImpl: Injecting string: "Name 1"
04-17 18:01:34.695  5274  7487 D InputDispatcher: Inject key (24018): action=0, f=0x8, d=-1, time=10533210000000
04-17 18:01:34.696  5274  5414 I InputDispatcher: Delivering key to (24018): action: 0x0 (0), f=0x8, m=0x41, d=0, 'ae17f2d'
04-17 18:01:34.697  8190  8190 I HBD     : a skip onKeyDown as physical keyboard not connected
04-17 18:01:34.697  8190  8190 I HBD     : HoneyBoardService onKeyDown r:6b06ac3a consumed:false
04-17 18:01:34.698 24018 24018 I ViewRootImpl@90ba39b[MainActivity]: ViewPostIme key 0
04-17 18:01:34.705  5274  7487 D InputDispatcher: Inject key (24018): action=0, f=0x8, d=-1, time=10533221000000
04-17 18:01:34.706  5274  5414 I InputDispatcher: Delivering key to (24018): action: 0x0 (0), f=0x8, m=0x41, d=0, 'ae17f2d'
04-17 18:01:34.706  8190  8190 I HBD     : a skip onKeyDown as physical keyboard not connected
04-17 18:01:34.707  8190  8190 I HBD     : HoneyBoardService onKeyDown r:b0b14e50 consumed:false
04-17 18:01:34.707 24018 24018 I ViewRootImpl@90ba39b[MainActivity]: setInTouchMode(false), android.view.ViewRootImpl.checkForLeavingTouchModeAndConsume:9050 android.view.ViewRootImpl.access$3500:303 android.view.ViewRootImpl$EarlyPostImeInputStage.processKeyEvent:7399 android.view.ViewRootImpl$EarlyPostImeInputStage.onProcess:7383 android.view.ViewRootImpl$InputStage.deliver:6927 android.view.ViewRootImpl$InputStage.onDeliverToNext:6984 android.view.ViewRootImpl$InputStage.forward:6950 android.view.ViewRootImpl$AsyncInputStage.forward:7181 android.view.ViewRootImpl$ImeInputStage.onFinishedInputEvent:7368 android.view.inputmethod.InputMethodManager$PendingEvent.run:3411
04-17 18:01:34.708 24018 24018 I ViewRootImpl@90ba39b[MainActivity]: ViewPostIme key 0
04-17 18:01:34.715  5274  5294 I GestureDetector: handleMessage TAP
04-17 18:01:34.715  5274  5274 I GestureDetector: handleMessage TAP
04-17 18:01:34.719  4929  4929 E SurfaceFlinger: Attempt to update InputPolicyFlags without permission ACCESS_SURFACE_FLINGER
04-17 18:01:34.738  8190  8190 I HBD     : bd ous -  0 ,  0 ,  1 ,  1 ,  -1 ,  -1
04-17 18:01:34.740  5274  5587 D InputDispatcher: Inject key (24018): action=1, f=0x8, d=-1, time=10533255000000
04-17 18:01:34.741  5274  5414 I InputDispatcher: Delivering key to (24018): action: 0x1 (0), f=0x8, m=0x41, d=0, 'ae17f2d'
04-17 18:01:34.744  8190  8190 I HBD     : b getTBC , flag: 1 , start: 1 , end: 1 , length: 1 , composingLength: 0 , isKCC: false
04-17 18:01:34.744  8190  8821 I HBD     : b getET , flag: 1 , start: 1 , end: 1 , length: 1 , composingLength: 0 , isKCC: false
04-17 18:01:34.746  8190  8190 I HBD     : b getTAC , flag: 1 , start: 1 , end: 1 , length: 1 , composingLength: 0 , isKCC: false
04-17 18:01:34.749  8190  8190 I HBD     : al EBD cm f 1
04-17 18:01:34.750  8190  8190 I HBD     : HoneyBoardService onKeyUp r:65385afe consumed:false
04-17 18:01:34.750 24018 24018 I ViewRootImpl@90ba39b[MainActivity]: ViewPostIme key 1
04-17 18:01:34.752  4929  4929 E SurfaceFlinger: Attempt to update InputPolicyFlags without permission ACCESS_SURFACE_FLINGER
04-17 18:01:34.752  5274  5587 D InputDispatcher: Inject key (24018): action=1, f=0x8, d=-1, time=10533268000000
04-17 18:01:34.753  5274  5414 I InputDispatcher: Delivering key to (24018): action: 0x1 (0), f=0x8, m=0x0, d=0, 'ae17f2d'
04-17 18:01:34.753  8190  8190 I HBD     : HoneyBoardService onKeyUp r:18043881 consumed:false
04-17 18:01:34.754 24018 24018 I ViewRootImpl@90ba39b[MainActivity]: ViewPostIme key 1
04-17 18:01:34.773  5274  5587 D InputDispatcher: Inject key (24018): action=0, f=0x8, d=-1, time=10533288000000
04-17 18:01:34.773  5274  5414 I InputDispatcher: Delivering key to (24018): action: 0x0 (0), f=0x8, m=0x0, d=0, 'ae17f2d'
04-17 18:01:34.773  8190  8190 I HBD     : a skip onKeyDown as physical keyboard not connected
04-17 18:01:34.774  8190  8190 I HBD     : HoneyBoardService onKeyDown r:0b55d1c3 consumed:false
04-17 18:01:34.774 24018 24018 I ViewRootImpl@90ba39b[MainActivity]: ViewPostIme key 0
04-17 18:01:34.786  4929  4929 E SurfaceFlinger: Attempt to update InputPolicyFlags without permission ACCESS_SURFACE_FLINGER
04-17 18:01:34.807  8190  8190 I HBD     : bd ous -  1 ,  1 ,  2 ,  2 ,  -1 ,  -1
04-17 18:01:34.809  5274  5587 D InputDispatcher: Inject key (24018): action=1, f=0x8, d=-1, time=10533323000000
04-17 18:01:34.809  5274  5414 I InputDispatcher: Delivering key to (24018): action: 0x1 (0), f=0x8, m=0x0, d=0, 'ae17f2d'
04-17 18:01:34.812  8190  8190 I HBD     : b getTBC , flag: 1 , start: 2 , end: 2 , length: 2 , composingLength: 0 , isKCC: false
04-17 18:01:34.813  8190  8190 I HBD     : b getTAC , flag: 1 , start: 2 , end: 2 , length: 2 , composingLength: 0 , isKCC: false
04-17 18:01:34.817  8190  8190 I HBD     : al EBD cm f 1
04-17 18:01:34.817  8190  8190 I HBD     : HoneyBoardService onKeyUp r:bebfa91f consumed:false
04-17 18:01:34.818  7578  7578 I Utils   : isCurrentUser current = 0, ownerId = 0
04-17 18:01:34.818 24018 24018 I ViewRootImpl@90ba39b[MainActivity]: ViewPostIme key 1
04-17 18:01:34.818  7578  7578 I TrayVisibilityController: updateTrayVisible: State=4194305 visible=2 mCurrentVisible=1 specificMode=0
04-17 18:01:34.819  4929  4929 E SurfaceFlinger: Attempt to update InputPolicyFlags without permission ACCESS_SURFACE_FLINGER
04-17 18:01:34.819  7578  7578 I MSHandlerLifeCycle: isMultiSplitHandlerRequested: ignored. pkg=com.samsung.android.app.cocktailbarservice isActivity=false callers=com.android.internal.policy.DecorView.setVisibility:4295 com.samsung.android.app.cocktailbarservice.controller.traystate.TrayStateHide.onUpdateVisible:66 com.samsung.android.app.cocktailbarservice.controller.traystate.TrayStateHide.onEnterState:29 com.samsung.android.app.cocktailbarservice.controller.traystate.TrayStateController.setUiState:793 com.samsung.android.app.cocktailbarservice.controller.traystate.TrayStateController$9.onNotifyUpdateTray:1492
04-17 18:01:34.819  7578  7578 I MSHandlerLifeCycle: removeMultiSplitHandler: no exist. decor=DecorView@2e85943[CocktailBarService]
04-17 18:01:34.820  5274  5587 D InputDispatcher: Inject key (24018): action=0, f=0x8, d=-1, time=10533335000000
04-17 18:01:34.820  7578  7578 I CapturedBlurController: updateBlurBackground: false false
04-17 18:01:34.820  7578  7578 I TrayStateController: setUiState 2 : 0 --> 2
04-17 18:01:34.820  5274  5414 I InputDispatcher: Delivering key to (24018): action: 0x0 (0), f=0x8, m=0x0, d=0, 'ae17f2d'
04-17 18:01:34.821  8190  8190 I HBD     : a skip onKeyDown as physical keyboard not connected
04-17 18:01:34.821  8190  8190 I HBD     : HoneyBoardService onKeyDown r:bc478695 consumed:false
04-17 18:01:34.822 24018 24018 I ViewRootImpl@90ba39b[MainActivity]: ViewPostIme key 0
04-17 18:01:34.837  5274  5587 V WindowManager: Relayout Window{efcd846 u0 com.samsung.android.app.cocktailbarservice/com.samsung.android.app.cocktailbarservice.CocktailBarService}: viewVisibility=8 req=67x362 d0
04-17 18:01:34.841  5274  5587 V WindowManager: Relayout hash=efcd846, pid=7578: mAttrs={(0,1637)(67x362) gr=TOP RIGHT CENTER sim={adjust=nothing} layoutInDisplayCutoutMode=shortEdges ty=2226 fmt=TRANSPARENT
04-17 18:01:34.841  5274  5587 V WindowManager:   fl=81800548
04-17 18:01:34.841  5274  5587 V WindowManager:   pfl=2000050
04-17 18:01:34.841  5274  5587 V WindowManager:   vsysui=2000
04-17 18:01:34.841  5274  5587 V WindowManager:   apr=LIGHT_STATUS_BARS
04-17 18:01:34.841  5274  5587 V WindowManager:   bhv=SHOW_TRANSIENT_BARS_BY_SWIPE
04-17 18:01:34.841  5274  5587 V WindowManager:   fitTypes=NAVIGATION_BARS CAPTION_BAR dimAmount=0.0 dimDuration=0 naviIconColor=0
04-17 18:01:34.841  5274  5587 V WindowManager:   sfl=200000}
