04-17 18:01:29.450  7578  7578 I TrayStateController: putInputRect mDynamicInputRegion=57491729@LastEvent=t=1681750889446Rect(0, 0 - 0, 0),Rect=Rect(25, 0 - 67, 362)
04-17 18:01:29.451  7578  7578 I DecorView: notifyKeepScreenOnChanged: keepScreenOn=false
04-17 18:01:29.451  7578  7578 I MSHandlerLifeCycle: isMultiSplitHandlerRequested: ignored. pkg=com.samsung.android.app.cocktailbarservice isActivity=false callers=com.android.internal.policy.DecorView.hasMultiSplitHandlerInNonFreeformMode:891 com.android.internal.policy.DecorView.notifyKeepScreenOnChanged:885 android.view.ViewRootImpl.applyKeepScreenOnFlag:2945 android.view.ViewRootImpl.setLayoutParams:2108 android.view.WindowManagerGlobal.updateViewLayout:537
04-17 18:01:29.452  7578  7578 I TrayStateTrigger: showTriggerView
04-17 18:01:29.457  4929  4929 E SurfaceFlinger: Attempt to update InputPolicyFlags without permission ACCESS_SURFACE_FLINGER
04-17 18:01:29.459  5274  7530 V WindowManager: Relayout Window{efcd846 u0 com.samsung.android.app.cocktailbarservice/com.samsung.android.app.cocktailbarservice.CocktailBarService}: viewVisibility=0 req=67x362 d0
04-17 18:01:29.461  5274  7530 V WindowManager: Relayout hash=efcd846, pid=7578: mAttrs={(0,1637)(67x362) gr=TOP RIGHT CENTER sim={adjust=nothing} layoutInDisplayCutoutMode=shortEdges ty=2226 fmt=TRANSPARENT
04-17 18:01:29.461  5274  7530 V WindowManager:   fl=81800548
04-17 18:01:29.461  5274  7530 V WindowManager:   pfl=2000050
04-17 18:01:29.461  5274  7530 V WindowManager:   vsysui=2000
04-17 18:01:29.461  5274  7530 V WindowManager:   apr=LIGHT_STATUS_BARS
04-17 18:01:29.461  5274  7530 V WindowManager:   bhv=SHOW_TRANSIENT_BARS_BY_SWIPE
04-17 18:01:29.461  5274  7530 V WindowManager:   fitTypes=NAVIGATION_BARS CAPTION_BAR dimAmount=0.0 dimDuration=0 naviIconColor=0
04-17 18:01:29.461  5274  7530 V WindowManager:   sfl=200000}
04-17 18:01:29.462  7578  7578 I ViewRootImpl@316fa20[CocktailBarService]: Relayout returned: old=(1013,1637,1080,1999) new=(1013,1637,1080,1999) req=(67,362)0 dur=4 res=0x0 s={true 488271499264} ch=false fn=2
04-17 18:01:29.463  7578  7578 I CocktailBarUiController: onCocktailBarStateChanged: flag=0x1 vis=1 bgType= showTimeout=-1 activate=true
04-17 18:01:29.467  4929  4929 D SurfaceFlinger: Display 0 HWC layers:
04-17 18:01:29.467  4929  4929 D SurfaceFlinger:      DEVICE | 0x716f176900 | 0102 | RGBA_8888    |    0.0    0.0 1080.0 2340.0 |    0    0 1080 2340 | com.myapp.alist/com.myapp.alist.ui.MainActivity$_24018#0
04-17 18:01:29.467  4929  4929 D SurfaceFlinger:      DEVICE | 0x71a58be580 | 0100 | RGBA_8888    |    0.0    0.0 1080.0   78.0 |    0    0 1080   78 | StatusBar$_5598#0
04-17 18:01:29.467  4929  4929 D SurfaceFlinger:      DEVICE | 0x716f1771c0 | 0100 | RGBA_8888    |    0.0    0.0   67.0  362.0 | 1013 1637 1080 1999 | com.samsung.android.app.cocktailbars[...]arservice.CocktailBarService$_7578#0
04-17 18:01:29.467  4929  4929 D SurfaceFlinger:      DEVICE | 0x71a58dcfc0 | 0100 | RGBA_8888    |    0.0    0.0 1080.0  126.0 |    0 2214 1080 2340 | NavigationBar0$_5598#0
04-17 18:01:29.467  4929  4929 D SurfaceFlinger:      DEVICE | 0x7170160d40 | 0140 | RGBA_8888    |    0.0    0.0 1080.0  151.0 |    0    0 1080  151 | ScreenDecorOverlay$_5598#0
04-17 18:01:29.467  4929  4929 D SurfaceFlinger:      DEVICE | 0x71a3dca740 | 0140 | RGBA_8888    |    0.0    0.0 1080.0  151.0 |    0 2189 1080 2340 | ScreenDecorOverlayBottom$_5598#0
04-17 18:01:29.467  4929  4929 D SurfaceFlinger:
04-17 18:01:29.474  4929  4929 E SurfaceFlinger: Attempt to update InputPolicyFlags without permission ACCESS_SURFACE_FLINGER
04-17 18:01:29.479 24018 24018 D IdlingRegistry: Unregistering idling resources: [androidx.test.espresso.action.CloseKeyboardAction$CloseKeyboardIdlingResult@10b644d]
04-17 18:01:29.483 24018 24018 I ViewInteraction: Checking 'MatchesViewAssertion{viewMatcher=an instance of android.widget.TextView and view.getText() with or without transformation to match: is "Name 1"}' assertion on view view.getId() is <2131296492/com.myapp.alist:id/input1EditText>
04-17 18:01:29.486 24018 24018 I ViewInteraction: Performing 'type text(Description 1)' action on view view.getId() is <2131296494/com.myapp.alist:id/input2EditText>
04-17 18:01:29.489  5274  7530 D InputDispatcher: Inject motion (24018): action=0x0, time=10528005000000, f=0x0, d=0
04-17 18:01:29.490  5274  5414 I InputDispatcher: Delivering touch to (5598): action: 0x4, f=0x0, d=0, '175e94d', t=0
04-17 18:01:29.490  5274  5414 I InputDispatcher: Delivering touch to (24018): action: 0x0, f=0x0, d=0, '7a5389d', t=0
04-17 18:01:29.490  5274  5294 I GestureDetector: obtain mCurrentDownEvent. id: -131552075 caller: com.android.server.wm.SystemGesturesPointerEventListener.onPointerEvent:179 com.android.server.wm.PointerEventDispatcher.onInputEvent:71 android.view.InputEventReceiver.dispatchInputEvent:259
04-17 18:01:29.490  5274  5294 I GestureDetector: obtain mCurrentDownEvent. id: -131552075 caller: com.android.server.wm.SystemPerformancePointerEventListener.onPointerEvent:89 com.android.server.wm.PointerEventDispatcher.onInputEvent:71 android.view.InputEventReceiver.dispatchInputEvent:259
04-17 18:01:29.491 24018 24018 I ViewRootImpl@dc4bce3[MainActivity]: ViewPostIme pointer 0
04-17 18:01:29.491 24018 24018 I MSHandlerLifeCycle: isMultiSplitHandlerRequested: windowingMode=1 isFullscreen=true isPopOver=false isHidden=false skipActivityType=false isHandlerType=true this: DecorView@853dd4d[MainActivity]
04-17 18:01:29.493  5274  5587 I InputMethodManagerService: isInputMethodShown: isShown=false
04-17 18:01:29.530  5274  7530 D InputDispatcher: Inject motion (24018): action=0x1, time=10528046000000, f=0x0, d=0
04-17 18:01:29.530  5274  5414 I InputDispatcher: Delivering touch to (24018): action: 0x1, f=0x0, d=0, '7a5389d', t=0
04-17 18:01:29.531  5274  5294 I GestureDetector: obtain mCurrentMotionEventRaw. action: 1 id: -303393539
04-17 18:01:29.531 24018 24018 I ViewRootImpl@dc4bce3[MainActivity]: ViewPostIme pointer 1
04-17 18:01:29.531 24018 24018 I MSHandlerLifeCycle: isMultiSplitHandlerRequested: windowingMode=1 isFullscreen=true isPopOver=false isHidden=false skipActivityType=false isHandlerType=true this: DecorView@853dd4d[MainActivity]
04-17 18:01:29.531  5274  5294 I GestureDetector: obtain mCurrentMotionEventRaw. action: 1 id: -303393539
04-17 18:01:29.536 24018 24018 D InputMethodManager: startInputInner - Id : 0
04-17 18:01:29.536 24018 24018 I InputMethodManager: startInputInner - mService.startInputOrWindowGainedFocus
04-17 18:01:29.538  5274  5587 D InputMethodManagerService: mDesktopModeManager null!
04-17 18:01:29.538  5274  5587 V InputMethodManagerService: getDisplayIdOfInputMethodWindowToBeAdded : 0
04-17 18:01:29.538  5274  5587 D InputMethodManagerService: checkDisplayOfStartInputAndUpdateKeyboard display Id 0last 0
04-17 18:01:29.538  5274  5587 D InputTransport: Input channel constructed: 'ClientS', fd=905
04-17 18:01:29.538  5274  5587 D InputTransport: Input channel destroyed: 'ClientS', fd=905
04-17 18:01:29.539 24018 24018 I IMM_LC  : showSoftInput(View,I)
04-17 18:01:29.539 24018 24018 I IMM_LC  : ssi() - flag : 0 view : com.myapp.alist reason = SHOW_SOFT_INPUT
04-17 18:01:29.539  5274  5587 V InputMethodManagerService: Client requesting input be shown, flags : 0
04-17 18:01:29.539  5274  5587 D InputMethodManagerService: ACCESS_CONTROL_ENABLED = false, ACCESS_CONTROL_KEYBOARD_BLOCK = false
04-17 18:01:29.539  8190  8190 I HBD     : HoneyBoardService onFinishInput
04-17 18:01:29.540  8190  8190 I HBD     : a IC have been unbinding,  InputConnectionWrapper{idHash=#19928b7 mMissingMethods=}
04-17 18:01:29.541  8190  8190 I HBD     : HoneyBoardService [PF_CL][onFinishInput]  647500 ns
04-17 18:01:29.541  8190  8190 I HBD     : HoneyBoardService [IMI] onStartInput - caller pid : 24018 , caller uid : 10422
04-17 18:01:29.541  8190  8190 I HBD     : j updateConfigs
04-17 18:01:29.541  8190  8190 I HBD     : j isEnabledNightMode : false
04-17 18:01:29.541  8190  8190 I HBD     : a IC have been binding, InputConnectionWrapper{idHash=#9ff7d43 mMissingMethods=}
04-17 18:01:29.542  8190  8190 W HBD     : b [EditorInputType] undefined Enter action code : 0x40000006
04-17 18:01:29.542  8190  8190 I HBD     : h [EditorInputType]setPrivateImeOptionsToTable privateImeOptions ( null )
04-17 18:01:29.542  8190  8190 I HBD     : b incognitoMode : false
04-17 18:01:29.542  8190  8190 W HBD     : b [EditorInputType] undefined Enter action code : 0x40000006
04-17 18:01:29.542  8190  8190 I HBD     : h getDefaultInputRange : UNKNOWN
04-17 18:01:29.542  8190  8190 I HBD     : h getDefaultInputRange : UNKNOWN
04-17 18:01:29.542  8190  8190 I HBD     : h getDefaultInputRange : UNKNOWN
04-17 18:01:29.543 24018 24018 D Editor  : waiting for the right moment
04-17 18:01:29.545  8190  8190 I HBD     : h getDefaultInputRange : UNKNOWN
04-17 18:01:29.545  8190  8190 I HBD     : a currentState : 0
04-17 18:01:29.546  8190  8190 I HBD     : h load selected json path : /data/user/0/com.samsung.android.honeyboard/files/selected.json
04-17 18:01:29.546  8190  8190 I HBD     : h load selected json info : {"version":"1.0","currentLanguageOrder":0,"selected":[{"activeOptionList":["auto_spacing","writing_assistant"],"engName":"English","id":65538,"inputType":"qwerty","isUsed":true}]}
04-17 18:01:29.546  8190  8190 I HBD     : a [UpdatePolicy] [post] a: 0 cl: 65538 kit: [0/0] vt: 0 ir: 1
04-17 18:01:29.547  8190  8190 I HBD     : HoneyBoardService [PF_OP][onStartInput]  5875307 ns
04-17 18:01:29.547  8190  8190 I HBD     : HoneyBoardService onViewClicked
04-17 18:01:29.548  8190  8190 I HBD     : HoneyBoardService [PF_OP][onViewClicked]  91116 ns
04-17 18:01:29.548  8190  8190 I InputMethod: showSoftInput(), flags : 1
04-17 18:01:29.548  5274  5587 I InputMethodManagerService: isAccessoryKeyboard 0
04-17 18:01:29.549  8190  8190 I HBD     : HoneyBoardService onEvaluateInputViewShown: true
04-17 18:01:29.550  8190  8190 I DecorView: notifyKeepScreenOnChanged: keepScreenOn=false
04-17 18:01:29.551  8190  8190 I MSHandlerLifeCycle: isMultiSplitHandlerRequested: ignored. pkg=com.samsung.android.honeyboard isActivity=false callers=com.android.internal.policy.DecorView.hasMultiSplitHandlerInNonFreeformMode:891 com.android.internal.policy.DecorView.notifyKeepScreenOnChanged:885 android.view.ViewRootImpl.applyKeepScreenOnFlag:2945 android.view.ViewRootImpl.setLayoutParams:2108 android.view.WindowManagerGlobal.updateViewLayout:537
04-17 18:01:29.551  5274  5587 I InputMethodManagerService: isAccessoryKeyboard 0
04-17 18:01:29.551  8190  8190 I HBD     : HoneyBoardService onEvaluateInputViewShown: true
04-17 18:01:29.552  8190  8190 I HBD     : HoneyBoardService onStartInputView : restarting = false, client = com.myapp.alist
04-17 18:01:29.552  8190  9047 I SemDvfsHyPerManager: acquire hyper - SKBD_RE_ENTER_SHOW/8190@1, type = -999
04-17 18:01:29.552  8190  8190 W HBD     : b [EditorInputType] undefined Enter action code : 0x40000006
04-17 18:01:29.552  8190  8190 I HBD     : h [EditorInputType]setPrivateImeOptionsToTable privateImeOptions ( null )
04-17 18:01:29.552  8190  8190 I HBD     : b incognitoMode : false
04-17 18:01:29.552  8190  8190 W HBD     : b [EditorInputType] undefined Enter action code : 0x40000006
04-17 18:01:29.552  8190  8190 I HBD     : h getDefaultInputRange : UNKNOWN
04-17 18:01:29.552  8190  8190 I HBD     : h getDefaultInputRange : UNKNOWN
04-17 18:01:29.552  8190  8190 I HBD     : h getDefaultInputRange : UNKNOWN
04-17 18:01:29.552  8190  8190 I HBD     : HoneyBoardService onStartInputViewInternal: inputType=0x20001, imeOptions=0x44000006, initialSelStart=0, initialSelEnd=0
04-17 18:01:29.552  8190  8190 I HBD     : f applyThemesPolicy
04-17 18:01:29.552  4882  4921 I HYPER-HAL: [RequestManager.cpp]acquire(): Acquired ID : 33550337  [8190 / 1]    HINT : KBD_APP_RE_ENTER_VIEW    list : [TIMEOUT / 400]
04-17 18:01:29.552  8190  8190 I HBD     : e mUsedOpenTheme = false IsRequiredDarkTypeTheme = false night mode : false mIsEnabledHighContrast = false mIsOpenThemeForHoneyBoardInstalled = false mIsWallpaperThemeInstalled = false mIsThemeParkTheme = false
04-17 18:01:29.552  8190  8190 I HBD     : f ThemeIndex By PolicyInternal theme index :  285212672 Light
04-17 18:01:29.552  8190  8190 I HBD     : f update KeyboardTheme themeIndex : 0x 11000000  theme :  Light
04-17 18:01:29.552  8190  8190 I HBD     : a set Theme convertedIndex : 2
04-17 18:01:29.552  8190  8190 I HBD     : a themeStyleSet :2
04-17 18:01:29.553  8190  8190 I HBD     : a updatePredictionStatus : 1, editorOpt
04-17 18:01:29.553  8190  8190 I HBD     : a updateForEditorClass isPredictionOn = true
04-17 18:01:29.557  4929  4929 E SurfaceFlinger: Attempt to update InputPolicyFlags without permission ACCESS_SURFACE_FLINGER
04-17 18:01:29.559  8190  8190 I HBD     : al EBD ssu f 1
04-17 18:01:29.560  8190  8190 I HBD     : a [UpdatePolicy] [post] a: 1 cl: 65538 kit: [0/0] vt: 0 ir: 1
04-17 18:01:29.561  5274  7530 D SecContentProvider: query(), uri = 17 selection = isSettingsChangesAllowed
04-17 18:01:29.562  5274  7530 D SecContentProvider: query(), uri = 17 selection = isSettingsChangesAllowed
04-17 18:01:29.562  8190  8190 I HBD     : a [SKE_TAM] Changed false
04-17 18:01:29.563  8190  8190 I HBD     : a refresh(), mParameterMode,  0
04-17 18:01:29.563  8190  8190 I HBD     : ::BnR:: d HONEY_SUPPORT_DATA_MIGRATION_FROM_SKBD : true, isMigrateNotNeeded : true, isFinishMigPreferences : false, isPasswordInputType : falseisUserUnlocked : true
04-17 18:01:29.563  8190  8190 I HBD     : b updateMultiTapTimeValue
04-17 18:01:29.563  8190  8190 I HBD     : b getMultiTapTimeoutValue
04-17 18:01:29.564  8190  8190 I HBD     : b getSingleVowelMultiTapTimeoutValue
04-17 18:01:29.564  8190  8190 I HBD     : a onBind
04-17 18:01:29.565  8190  8190 I HBD     : b [EditorEnterActionItem] updateConfig: 0x40000005 to 0x40000006
04-17 18:01:29.565  8190  8190 I HBD     : b updateConfig: [LanguageItem] English / [KeyboardViewTypeItem] 0 / [KeyboardInputTypeItem] mainType(0), subType(0) / [CurrentLanguageInputTypeItem] mainType(0), subType(0) / [KeyboardInputRangeItem] 1 / [HandwritingModeItem] false / [SelectedLanguageItem] 1 / [LocaleItem] en-GB / [TextOrNullInputClassItem] true / [DateInputTypeItem] false / [DateTimeInputTypeItem] false /
04-17 18:01:29.565  8190  8190 I HBD     : b updateConfig: [DecimalNumberInputTypeItem] false / [NumberOnlyInputTypeItem] false / [NumberPasswordInputTypeItem] false / [PhoneNumberInputClassItem] false / [SignedDecimalNumberInputTypeItem] false / [SignedNumberInputTypeItem] false / [EmailInputTypeItem] false / [UrlInputTypeItem] false / [UrlEmailModeItem] false / [PasswordInputTypeItem] false / [WebPasswordEditorItem] false /
04-17 18:01:29.565  8190  8190 I HBD     : b updateConfig: [NumberInputClassItem] false / [DateTimeInputClassItem] false / [DigitEditorItem] false / [MonthInputTypeItem] false / [YearDateTimeInputTypeItem] false / [IPAddressInputTypeItem] false / [FileNameInputTypeItem] false / [CustomSymbolsForPeriodKeyItem] false / [OptionInputTypeItem] false / [DisableHanjaInputItem] false / [DisableCmKeyInputItem] false /
04-17 18:01:29.565  8190  8190 I HBD     : b updateConfig: [DisableCommaKeyInputItem] false / [DisableLanguageChangeKeyItem] false / [DisableSpaceKeyItem] false / [NumberPickerInputItem] false / [TimeInputTypeItem] false / [NumberKeyFirstLineItem] true / [AlternativeCharacterItem] false / [SimpleRowStyleItem] false / [HighContrastItem] false / [TouchAndHoldSpaceBarTypeItem] cursor_control / [UseContinuousInputItem] false /
04-17 18:01:29.565  8190  8190 I HBD     : b updateConfig: [UseToolBarItem] true / [OrientationItem] false / [DensityItem] 2.625 / [DisplayWidthItem] 0x1080 / [DisplayHeightItem] 0x2131 / [MainTextLabelItem] 1 / [LanguageSwitchingUsingSpaceBarItem] true / [LanguageSwitchingUsingKeyItem] false / [TransliterationTypingModeItem] false / [CoverDisplayModeItem] false / [TalkBackEnabledItem] false /
04-17 18:01:29.565  8190  8190 I HBD     : b updateConfig: [Japanese8FlickCustomisationItem] false / [VoiceEnabledItem] true / [SamsungVoiceImeItem] false / [PredictionStatusItem] true /
04-17 18:01:29.565  8190  8190 I HBD     : b updateKeyboardViewHolder: INVALIDATE
04-17 18:01:29.567  8190  8190 I HBD     : c [BoardScrapManager] sendBoardScrap
04-17 18:01:29.567  8190  8190 I HBD     : ci updateChangedBoard - [LC:false][TC:false][RC:false][RB:false]
04-17 18:01:29.567  8190  8190 I HBD     : d updateCurrentEngine,  65538 ,  SWIFTKEY
04-17 18:01:29.567  8190  8190 I HBD     : a [SKE_TAM] Changed false
04-17 18:01:29.567  8190  8190 I HBD     : a [SKE_TAM] custom = false , useEngine = true
04-17 18:01:29.567  8190  8190 I HBD     : a [SKE_TAM] Changed false
04-17 18:01:29.568  8190  8828 I HBD     : m updated Sub Types. English
04-17 18:01:29.568  8190  8190 I HBD     : a refresh(), mParameterMode,  0
04-17 18:01:29.568  8190  8190 I HBD     : a [PF_EN] updateChangedBoard() 1
04-17 18:01:29.568  8190 24121 I HBD     : bd requestCursorUpdates returned  true ,  4
04-17 18:01:29.569  5274  7530 D SecContentProvider: query(), uri = 15 selection = isClipboardShareAllowedAsUser
04-17 18:01:29.570  8190 24123 I HBD     : a InputMethodSubtype is set as local:en_GB
04-17 18:01:29.576  8190  8190 I HBD     : HoneyBoardService [PF_OP][onStartInputView]  25 ms
04-17 18:01:29.576  5274  7530 D InputMethodManagerServicePhysicalKey: isConnectedDexOnPC false
04-17 18:01:29.577  5274  7530 D InputMethodManagerService: isImeSwitcherDisabledPackage : false
04-17 18:01:29.577  5274  7530 I InputMethodManagerService: setImeWindowStatus: vis=3, backDisposition=0
04-17 18:01:29.577  8190  8190 I HBD     : HoneyBoardService onWindowShown
04-17 18:01:29.577  7578  7578 I CocktailBarUiController: onReceive: action=ResponseAxT9Info isVisibleWindow=1
04-17 18:01:29.578  5274  7039 D SecContentProvider: query(), uri = 15 selection = isClipboardShareAllowedAsUser
04-17 18:01:29.579  8190  8190 I HBD     : HoneyBoardService [PF_OP][onWindowShown]  2422308 ns
04-17 18:01:29.580  8190  8190 I MSHandlerLifeCycle: isMultiSplitHandlerRequested: ignored. pkg=com.samsung.android.honeyboard isActivity=false callers=com.android.internal.policy.DecorView.setVisibility:4295 android.app.Dialog.show:445 android.inputmethodservice.SoftInputWindow.show:302 android.inputmethodservice.InputMethodService.showWindow:2823 android.inputmethodservice.InputMethodService$InputMethodImpl.showSoftInput:963
04-17 18:01:29.580  8190  8190 I MSHandlerLifeCycle: removeMultiSplitHandler: no exist. decor=DecorView@79765ce[InputMethod]
04-17 18:01:29.583  5274  7039 D InputMethodManagerServicePhysicalKey: isConnectedDexOnPC false
04-17 18:01:29.583  5274  7039 D InputMethodManagerService: isImeSwitcherDisabledPackage : false
04-17 18:01:29.583  5274  7039 I InputMethodManagerService: setImeWindowStatus: vis=3, backDisposition=0
04-17 18:01:29.599  5274  7039 V WindowManager: Relayout Window{4b2d9f9 u0 InputMethod}: viewVisibility=0 req=1080x2257 d0
04-17 18:01:29.599  4929  4965 I SurfaceFlinger: id=6789 createSurf (1080x2257),-3 flag=40004, InputMethod$_8190#0
04-17 18:01:29.602  5274  7039 V WindowManager: Relayout hash=4b2d9f9, pid=8190: mAttrs={(0,0)(fillxfill) gr=BOTTOM CENTER_VERTICAL sim={adjust=pan} ty=INPUT_METHOD fmt=TRANSPARENT wanim=0x7f130170 preferredMinDisplayRefreshRate=60.0 receive insets ignoring z-order
04-17 18:01:29.602  5274  7039 V WindowManager:   fl=81800108
04-17 18:01:29.602  5274  7039 V WindowManager:   pfl=12000000
04-17 18:01:29.602  5274  7039 V WindowManager:   vsysui=10
04-17 18:01:29.602  5274  7039 V WindowManager:   apr=LIGHT_NAVIGATION_BARS
04-17 18:01:29.602  5274  7039 V WindowManager:   bhv=DEFAULT
04-17 18:01:29.602  5274  7039 V WindowManager:   fitTypes=STATUS_BARS NAVIGATION_BARS
04-17 18:01:29.602  5274  7039 V WindowManager:   fitSides=LEFT TOP RIGHT
04-17 18:01:29.602  5274  7039 V WindowManager:   fitIgnoreVis dimDuration=150 naviIconColor=0}
04-17 18:01:29.603  8190  8190 I ViewRootImpl@e692e0[InputMethod]: Relayout returned: old=(0,83,1080,2340) new=(0,83,1080,2340) req=(1080,2257)0 dur=4 res=0x7 s={true 488344834048} ch=true fn=-1
04-17 18:01:29.604  8190  8190 I ViewRootImpl@e692e0[InputMethod]: [DP] dp(1) 1 android.view.ViewRootImpl.reportNextDraw:11442 android.view.ViewRootImpl.performTraversals:4198 android.view.ViewRootImpl.doTraversal:2924
04-17 18:01:29.611  5274  7039 V WindowManager: Relayout Window{b7541b2 u0 ScreenDecorOverlayBottom}: viewVisibility=0 req=1079x151 d0
04-17 18:01:29.613  8190  8190 I ViewRootImpl@e692e0[InputMethod]: [DP] pdf(0) 1 android.view.ViewRootImpl.lambda$addFrameCompleteCallbackIfNeeded$3$ViewRootImpl:5000 android.view.ViewRootImpl$$ExternalSyntheticLambda16.run:6 android.os.Handler.handleCallback:938
04-17 18:01:29.613  8190  8190 I ViewRootImpl@e692e0[InputMethod]: [DP] rdf()
04-17 18:01:29.614  5274  7039 V WindowManager: Relayout hash=b7541b2, pid=5598: mAttrs={(0,0)(fillxwrap) gr=BOTTOM CENTER_VERTICAL sim={adjust=pan} layoutInDisplayCutoutMode=always ty=NAVIGATION_BAR_PANEL fmt=TRANSLUCENT
04-17 18:01:29.614  5274  7039 V WindowManager:   fl=20800128
04-17 18:01:29.614  5274  7039 V WindowManager:   pfl=13100050
04-17 18:01:29.614  5274  7039 V WindowManager:   vsysui=100
04-17 18:01:29.614  5274  7039 V WindowManager:   bhv=DEFAULT naviIconColor=0}
04-17 18:01:29.615  5598  6625 I ViewRootImpl@dd9c72a[ScreenDecorOverlayBottom]: Relayout returned: old=(0,2189,1080,2340) new=(0,2189,1080,2340) req=(1079,151)0 dur=4 res=0x1 s={true 485883961344} ch=false fn=163
04-17 18:01:29.616 24018 24018 D InsetsController: show(ime(), fromIme=true)
04-17 18:01:29.617 24018 24018 D InsetsSourceConsumer: setRequestedVisible: visible=true, type=19, host=com.myapp.alist/com.myapp.alist.ui.MainActivity, from=android.view.InsetsSourceConsumer.show:246 android.view.InsetsController.showDirectly:1489 android.view.InsetsController.controlAnimationUnchecked:1137 android.view.InsetsController.applyAnimation:1456 android.view.InsetsController.applyAnimation:1437 android.view.InsetsController.show:976 android.view.ViewRootImpl$ViewRootHandler.handleMessageImpl:6483 android.view.ViewRootImpl$ViewRootHandler.handleMessage:6408 android.os.Handler.dispatchMessage:106 androidx.test.espresso.base.Interrogator.loopAndInterrogate:14
04-17 18:01:29.620  8190  9490 I HBD     : b [SKE_KPM] load kpm : /data/user/0/com.samsung.android.honeyboard/app_KeyPressModel/model_0_0_-667254808.im
04-17 18:01:29.620  4929  4929 I SurfaceFlinger: Setting desired display mode specs: default mode ID: 0, allowGroupSwitching = 0, primary range: [60.00fps 120.00fps], app request range: [60.00fps 120.00fps]
04-17 18:01:29.621  8190  8822 E HBD     : g activeNetwork is null
04-17 18:01:29.621  8190  8821 E IceCone : g isNetworkDisconnected net=null, getNetworkCapabilities.hasCapability() is false or null
04-17 18:01:29.624  8190  8190 I HBD     : al EBD si t 0
04-17 18:01:29.624  4929  4929 E SurfaceFlinger: Attempt to update InputPolicyFlags without permission ACCESS_SURFACE_FLINGER
04-17 18:01:29.636  5598  5598 D PipMotionHelper: animateToOffset: originalBounds=Rect(533, 1020 - 1038, 1304) offset=-126 callers=
04-17 18:01:29.636  5598  5598 D PipMotionHelper:     com.android.wm.shell.pip.phone.PipTouchHandler.onMovementBoundsChanged:482
04-17 18:01:29.636  5598  5598 D PipMotionHelper:     com.android.wm.shell.pip.phone.PipController.updateMovementBounds:715
04-17 18:01:29.636  5598  5598 D PipMotionHelper:     com.android.wm.shell.pip.phone.PipController.access$600:99
04-17 18:01:29.636  5598  5598 D PipMotionHelper:     com.android.wm.shell.pip.phone.PipController$PipControllerPinnedTaskListener.onMovementBoundsChanged:238
04-17 18:01:29.636  5598  5598 D PipMotionHelper:     com.android.wm.shell.pip.PinnedStackListenerForwarder.onMovementBoundsChanged:65
04-17 18:01:29.637  5274  7530 V WindowManager: Relayout Window{b7541b2 u0 ScreenDecorOverlayBottom}: viewVisibility=0 req=1079x151 d0
04-17 18:01:29.637  4882 24049 I HYPER-HAL: [RequestManager.cpp]releaseLocked(): Released ID : 13984130
04-17 18:01:29.639  5274  7530 V WindowManager: Relayout hash=b7541b2, pid=5598: mAttrs={(0,0)(fillxwrap) gr=BOTTOM CENTER_VERTICAL sim={adjust=pan} layoutInDisplayCutoutMode=always ty=NAVIGATION_BAR_PANEL fmt=TRANSLUCENT
04-17 18:01:29.639  5274  7530 V WindowManager:   fl=20800128
04-17 18:01:29.639  5274  7530 V WindowManager:   pfl=13100050
04-17 18:01:29.639  5274  7530 V WindowManager:   vsysui=100
04-17 18:01:29.639  5274  7530 V WindowManager:   bhv=DEFAULT naviIconColor=0}
04-17 18:01:29.640  5598  6625 I ViewRootImpl@dd9c72a[ScreenDecorOverlayBottom]: Relayout returned: old=(0,2189,1080,2340) new=(0,2189,1080,2340) req=(1079,151)0 dur=3 res=0x1 s={true 485883961344} ch=false fn=163
04-17 18:01:29.641  4929  4929 I Layer   : id=6787 removeFromCurrentState Surface(name=175e94d NavigationBar0)/@0xef769fd - animation-leash of insets_animation#0 (102)
04-17 18:01:29.643  5274  7530 V WindowManager: Relayout Window{2f5398f u0 ScreenDecorOverlay}: viewVisibility=0 req=1079x151 d0
04-17 18:01:29.645  5274  7530 V WindowManager: Relayout hash=2f5398f, pid=5598: mAttrs={(0,0)(fillxwrap) gr=TOP CENTER_VERTICAL sim={adjust=pan} layoutInDisplayCutoutMode=always ty=NAVIGATION_BAR_PANEL fmt=TRANSLUCENT
04-17 18:01:29.645  5274  7530 V WindowManager:   fl=20800128
04-17 18:01:29.645  5274  7530 V WindowManager:   pfl=13100050
04-17 18:01:29.645  5274  7530 V WindowManager:   vsysui=100
04-17 18:01:29.645  5274  7530 V WindowManager:   bhv=DEFAULT naviIconColor=0}
04-17 18:01:29.646  5598  6625 I ViewRootImpl@ce89bca[ScreenDecorOverlay]: Relayout returned: old=(0,0,1080,151) new=(0,0,1080,151) req=(1079,151)0 dur=6 res=0x1 s={true 485883396096} ch=false fn=212
04-17 18:01:29.655 24018 24018 D ScrollView:  onsize change changed
04-17 18:01:29.659  5274  7530 V WindowManager: Relayout Window{2f5398f u0 ScreenDecorOverlay}: viewVisibility=0 req=1079x151 d0
04-17 18:01:29.661  4929  5194 I SurfaceFlinger: id=6787 Removed Surface(name=175e94d NavigationBar0)/@0xef769fd - animation-leash of insets_animation#0 (102)
04-17 18:01:29.662  5274  7530 V WindowManager: Relayout hash=2f5398f, pid=5598: mAttrs={(0,0)(fillxwrap) gr=TOP CENTER_VERTICAL sim={adjust=pan} layoutInDisplayCutoutMode=always ty=NAVIGATION_BAR_PANEL fmt=TRANSLUCENT
04-17 18:01:29.662  5274  7530 V WindowManager:   fl=20800128
04-17 18:01:29.662  5274  7530 V WindowManager:   pfl=13100050
04-17 18:01:29.662  5274  7530 V WindowManager:   vsysui=100
04-17 18:01:29.662  5274  7530 V WindowManager:   bhv=DEFAULT naviIconColor=0}
04-17 18:01:29.663  5598  6625 I ViewRootImpl@ce89bca[ScreenDecorOverlay]: Relayout returned: old=(0,0,1080,151) new=(0,0,1080,151) req=(1079,151)0 dur=4 res=0x1 s={true 485883396096} ch=false fn=212
04-17 18:01:29.665  4929  4929 D SurfaceFlinger: Display 0 HWC layers:
04-17 18:01:29.665  4929  4929 D SurfaceFlinger:      DEVICE | 0x71847e0040 | 0102 | RGBA_8888    |    0.0    0.0 1080.0 2340.0 |    0    0 1080 2340 | com.myapp.alist/com.myapp.alist.ui.MainActivity$_24018#0
04-17 18:01:29.665  4929  4929 D SurfaceFlinger:      DEVICE | 0x7170161c40 | 0100 | RGBA_8888    |    0.0    0.0 1080.0 1527.0 |    0  813 1080 2340 | InputMethod$_8190#0
04-17 18:01:29.665  4929  4929 D SurfaceFlinger:      DEVICE | 0x71a58be580 | 0100 | RGBA_8888    |    0.0    0.0 1080.0   78.0 |    0    0 1080   78 | StatusBar$_5598#0
04-17 18:01:29.665  4929  4929 D SurfaceFlinger:      DEVICE | 0x71a58bffc0 | 0100 | RGBA_8888    |    0.0    0.0   67.0  362.0 | 1013 1637 1080 1999 | com.samsung.android.app.cocktailbars[...]arservice.CocktailBarService$_7578#0
04-17 18:01:29.665  4929  4929 D SurfaceFlinger:      DEVICE | 0x71a58dcfc0 | 0100 | RGBA_8888    |    0.0    0.0 1080.0  126.0 |    0 2214 1080 2340 | NavigationBar0$_5598#0
04-17 18:01:29.665  4929  4929 D SurfaceFlinger:      DEVICE | 0x7170160d40 | 0140 | RGBA_8888    |    0.0    0.0 1080.0  151.0 |    0    0 1080  151 | ScreenDecorOverlay$_5598#0
04-17 18:01:29.665  4929  4929 D SurfaceFlinger:      DEVICE | 0x71a3dca740 | 0140 | RGBA_8888    |    0.0    0.0 1080.0  151.0 |    0 2189 1080 2340 | ScreenDecorOverlayBottom$_5598#0
04-17 18:01:29.665  4929  4929 D SurfaceFlinger:
04-17 18:01:29.665  5274  5587 V WindowManager: Relayout Window{b7541b2 u0 ScreenDecorOverlayBottom}: viewVisibility=0 req=1079x151 d0
04-17 18:01:29.667  5274  5587 V WindowManager: Relayout hash=b7541b2, pid=5598: mAttrs={(0,0)(fillxwrap) gr=BOTTOM CENTER_VERTICAL sim={adjust=pan} layoutInDisplayCutoutMode=always ty=NAVIGATION_BAR_PANEL fmt=TRANSLUCENT
04-17 18:01:29.667  5274  5587 V WindowManager:   fl=20800128
04-17 18:01:29.667  5274  5587 V WindowManager:   pfl=13100050
04-17 18:01:29.667  5274  5587 V WindowManager:   vsysui=100
04-17 18:01:29.667  5274  5587 V WindowManager:   bhv=DEFAULT naviIconColor=0}
04-17 18:01:29.668  5598  6625 I ViewRootImpl@dd9c72a[ScreenDecorOverlayBottom]: Relayout returned: old=(0,2189,1080,2340) new=(0,2189,1080,2340) req=(1079,151)0 dur=4 res=0x1 s={true 485883961344} ch=false fn=163
04-17 18:01:29.674  4929  4929 E SurfaceFlinger: Attempt to update InputPolicyFlags without permission ACCESS_SURFACE_FLINGER
04-17 18:01:29.675  4929  4929 I Layer   : id=6787 Destroyed Surface(name=175e94d NavigationBar0)/@0xef769fd - animation-leash of insets_animation#0
04-17 18:01:29.677  5274  7530 D InputMethodManagerServicePhysicalKey: isConnectedDexOnPC false
04-17 18:01:29.677  5274  5587 V WindowManager: Relayout Window{2f5398f u0 ScreenDecorOverlay}: viewVisibility=0 req=1079x151 d0
04-17 18:01:29.680  5274  7530 D InputMethodManagerService: isImeSwitcherDisabledPackage : false
04-17 18:01:29.680  5274  5587 V WindowManager: Relayout hash=2f5398f, pid=5598: mAttrs={(0,0)(fillxwrap) gr=TOP CENTER_VERTICAL sim={adjust=pan} layoutInDisplayCutoutMode=always ty=NAVIGATION_BAR_PANEL fmt=TRANSLUCENT
04-17 18:01:29.680  5274  5587 V WindowManager:   fl=20800128
04-17 18:01:29.680  5274  5587 V WindowManager:   pfl=13100050
04-17 18:01:29.680  5274  5587 V WindowManager:   vsysui=100
04-17 18:01:29.680  5274  5587 V WindowManager:   bhv=DEFAULT naviIconColor=0}
04-17 18:01:29.681  5598  5598 V Navbar.Store: handleEvent [EventType] ON_NAVBAR_ICON_HINT_CHANGED [Module] NavigationBar  KEYS_NAVBAR_ICON_HINT=3
04-17 18:01:29.681  5598  5598 V Navbar.Store: --[Band]SETUPWIZARD_PACK_SET_NAVBAR_ICON_HINT
04-17 18:01:29.681  5598  5598 V Navbar.Store: ----getValue(BOOL_NAVBAR_BUTTON_FORCED_VISIBLE)=false
04-17 18:01:29.681  5598  5598 V Navbar.Store: ----getValue(BOOL_NAVBAR_SETUPWIZARD_STYLE)=false
04-17 18:01:29.681  5598  5598 V Navbar.Store: --[Band]VIS_PACK_REEVAULATE_NAVBAR
04-17 18:01:29.681  5598  5598 V Navbar.Store: ----apply(REEVALUATE_NAVBAR)
04-17 18:01:29.681  5598  6625 I ViewRootImpl@ce89bca[ScreenDecorOverlay]: Relayout returned: old=(0,0,1080,151) new=(0,0,1080,151) req=(1079,151)0 dur=5 res=0x1 s={true 485883396096} ch=false fn=212
04-17 18:01:29.681  5598  5598 V Navbar.Store: ----handleEvent [EventType] GET_BOOL_REGION_SAMPLING_ENABLED [Module] LightBarController  KEYS_DEFAULT=false
04-17 18:01:29.681  5598  5598 V Navbar.Store: ------[Band]COLOR_PACK_GET_REGION_SAMPLING_ENABLED
04-17 18:01:29.681  5598  5598 V Navbar.Store: --------getValue(BOOL_REGION_SAMPLING_ENABLED)=false
04-17 18:01:29.681  5598  5598 V Navbar.Store: handleEvent [EventType] GET_BOOL_SHOW_KEYBOARD_BUTTON [Module] SamsungNavigationBarView  KEYS_DEFAULT=true  KEYS_PORTRAIT=true
04-17 18:01:29.681  5598  5598 V Navbar.Store: --[Band]GESTURE_PACK_SHOW_KEYBOARD_BUTTON
04-17 18:01:29.681  5598  5598 V Navbar.Store: ----getValue(BOOL_NAVBAR_GESTURAL_MODE)=false
04-17 18:01:29.682  6034  8099 I TouchInteractionService: onActiveNavBarRegionChanges, region : SkRegion((0,2214,388,2340)(389,2214,690,2340)(691,2214,961,2340))
04-17 18:01:29.682  5598  5598 V Navbar.Store: ----handleEvent [EventType] ON_UPDATE_REMOTEVIEW [Module] SamsungNavigationBarView  KEYS_LEFT_REMOTEVIEW_CONTAINER=android.widget.LinearLayout{f974a1b I.E...... ......ID 0,0-118,126 #7f0b0478 app:id/left_remoteview}  KEYS_NAVBAR_DARK_INTENSITY=1.0  KEYS_CONTEXTUALBUTTON_VISIBLE=true  KEYS_RIGHT_REMOTEVIEW_CONTAINER=android.widget.LinearLayout{7e0f7b8 I.E...... ......ID 962,0-1080,126 #7f0b070a app:id/right_remoteview}
04-17 18:01:29.682  5598  5598 V Navbar.Store: ------[Band]REMOTE_VIEW_PACK_SET_REMOTEVIEW_CONTAINER
04-17 18:01:29.682  5598  5598 V Navbar.Store: --------apply(UPDATE_NAVBAR_REMOTEVIEW_CONTAINER)
04-17 18:01:29.682  5598  5598 V Navbar.Store: --------apply(UPDATE_NAVBAR_RIGHT_REMOTEVIEW_VISIBILITY)
04-17 18:01:29.682  5598  5598 V Navbar.Store: --------getValue(FLOAT_REMOTEVIEW_DARK_INTENSITY)=1.0
04-17 18:01:29.683  5598  5598 V Navbar.Store: handleEvent [EventType] GET_BOOL_SHOW_KEYBOARD_BUTTON [Module] SamsungNavigationBarView  KEYS_DEFAULT=true  KEYS_PORTRAIT=true
04-17 18:01:29.683  5598  5598 V Navbar.Store: --[Band]GESTURE_PACK_SHOW_KEYBOARD_BUTTON
04-17 18:01:29.683  5598  5598 V Navbar.Store: ----getValue(BOOL_NAVBAR_GESTURAL_MODE)=false
04-17 18:01:29.683  6034  8099 I TouchInteractionService: onActiveNavBarRegionChanges, region : SkRegion((0,2214,388,2340)(389,2214,690,2340)(691,2214,961,2340)(962,2214,1084,2340)(962,2340,1084,2341))
04-17 18:01:29.683  5274  7530 V WindowManager: Relayout Window{b7541b2 u0 ScreenDecorOverlayBottom}: viewVisibility=0 req=1079x151 d0
04-17 18:01:29.684  6034  8099 I TouchInteractionService: onSystemUiStateChanged, stateFlags : 393216
04-17 18:01:29.685  6034  6034 I TouchInteractionService: onSystemUiFlagsChanged, userUnlocked
04-17 18:01:29.686  5274  7530 V WindowManager: Relayout hash=b7541b2, pid=5598: mAttrs={(0,0)(fillxwrap) gr=BOTTOM CENTER_VERTICAL sim={adjust=pan} layoutInDisplayCutoutMode=always ty=NAVIGATION_BAR_PANEL fmt=TRANSLUCENT
04-17 18:01:29.686  5274  7530 V WindowManager:   fl=20800128
04-17 18:01:29.686  5274  7530 V WindowManager:   pfl=13100050
04-17 18:01:29.686  5274  7530 V WindowManager:   vsysui=100
04-17 18:01:29.686  5274  7530 V WindowManager:   bhv=DEFAULT naviIconColor=0}
04-17 18:01:29.686  5598  6625 I ViewRootImpl@dd9c72a[ScreenDecorOverlayBottom]: Relayout returned: old=(0,2189,1080,2340) new=(0,2189,1080,2340) req=(1079,151)0 dur=4 res=0x1 s={true 485883961344} ch=false fn=163
04-17 18:01:29.691  5598  5598 V Navbar.Store: handleEvent [EventType] GET_BOOL_NAVBAR_CAN_MOVE_STATE [Module] SamsungNavigationBarView  KEYS_DEFAULT=true
04-17 18:01:29.691  5598  5598 V Navbar.Store: --[Band]CONFIG_PACK_GET_NAVBAR_CAN_MOVE
04-17 18:01:29.692  5598  5598 V Navbar.Store: ----getValue(BOOL_NAVBAR_CAN_MOVE)=true
04-17 18:01:29.692  6034  8099 I TouchInteractionService: onActiveNavBarRegionChanges, region : SkRegion((0,2214,388,2340)(389,2214,690,2340)(691,2214,961,2340)(962,2214,1084,2340)(962,2340,1084,2341))
04-17 18:01:29.692  5598  5598 V Navbar.Store: handleEvent [EventType] GET_BOOL_USE_NAVBAR_BACKGROUND_FRAME [Module] NavigationBarTransitions  KEYS_DEFAULT=false
04-17 18:01:29.692  5598  5598 V Navbar.Store: --[Band]COLOR_PACK_GET_USE_NAVBAR_BACKGROUND_FRAME
04-17 18:01:29.692  5598  5598 V Navbar.Store: ----getValue(BOOL_NAVBAR_GESTURAL_MODE)=false
04-17 18:01:29.692  5598  5598 V Navbar.Store: ----getValue(BOOL_NAVBAR_OPAQUE)=false
04-17 18:01:29.692  5598  5598 V Navbar.Store: ----getValue(BOOL_NAVBAR_PINNED_EDGE_ENABELD)=false
04-17 18:01:29.765 24018 24018 D UiControllerImpl: Injecting string: "Description 1"
04-17 18:01:29.766  5274  7530 D InputDispatcher: Inject key (24018): action=0, f=0x8, d=-1, time=10528281000000
04-17 18:01:29.767  5274  5414 I InputDispatcher: Delivering key to (24018): action: 0x0 (0), f=0x8, m=0x41, d=0, '7a5389d'
04-17 18:01:29.767  8190  8190 I HBD     : a skip onKeyDown as physical keyboard not connected
04-17 18:01:29.768  8190  8190 I HBD     : HoneyBoardService onKeyDown r:cc981382 consumed:false
04-17 18:01:29.768 24018 24018 I ViewRootImpl@dc4bce3[MainActivity]: ViewPostIme key 0
04-17 18:01:29.774  8190  8190 I HBD     : al EBD ex
04-17 18:01:29.781  5274  7530 D InputDispatcher: Inject key (24018): action=0, f=0x8, d=-1, time=10528295000000
04-17 18:01:29.781  5274  5414 I InputDispatcher: Delivering key to (24018): action: 0x0 (0), f=0x8, m=0x41, d=0, '7a5389d'
04-17 18:01:29.782  8190  8190 I HBD     : a skip onKeyDown as physical keyboard not connected
04-17 18:01:29.782  8190  8190 I HBD     : HoneyBoardService onKeyDown r:ae67f244 consumed:false
04-17 18:01:29.783 24018 24018 I ViewRootImpl@dc4bce3[MainActivity]: setInTouchMode(false), android.view.ViewRootImpl.checkForLeavingTouchModeAndConsume:9050 android.view.ViewRootImpl.access$3500:303 android.view.ViewRootImpl$EarlyPostImeInputStage.processKeyEvent:7399 android.view.ViewRootImpl$EarlyPostImeInputStage.onProcess:7383 android.view.ViewRootImpl$InputStage.deliver:6927 android.view.ViewRootImpl$InputStage.onDeliverToNext:6984 android.view.ViewRootImpl$InputStage.forward:6950 android.view.ViewRootImpl$AsyncInputStage.forward:7181 android.view.ViewRootImpl$ImeInputStage.onFinishedInputEvent:7368 android.view.inputmethod.InputMethodManager$PendingEvent.run:3411
04-17 18:01:29.784 24018 24018 I ViewRootImpl@dc4bce3[MainActivity]: ViewPostIme key 0
04-17 18:01:29.790  5274  5294 I GestureDetector: handleMessage TAP
04-17 18:01:29.791  5274  5274 I GestureDetector: handleMessage TAP
04-17 18:01:29.791  4929  4929 E SurfaceFlinger: Attempt to update InputPolicyFlags without permission ACCESS_SURFACE_FLINGER
04-17 18:01:29.811  8190  8190 I HBD     : bd ous -  0 ,  0 ,  1 ,  1 ,  -1 ,  -1
04-17 18:01:29.818  8190  8821 I HBD     : b getET , flag: 1 , start: 1 , end: 1 , length: 1 , composingLength: 0 , isKCC: false
04-17 18:01:29.818  8190  8190 I HBD     : b getTBC , flag: 1 , start: 1 , end: 1 , length: 1 , composingLength: 0 , isKCC: false
04-17 18:01:29.825  4929  4929 E SurfaceFlinger: Attempt to update InputPolicyFlags without permission ACCESS_SURFACE_FLINGER
04-17 18:01:29.835  8190  8190 I HBD     : b getTAC , flag: 1 , start: 1 , end: 1 , length: 1 , composingLength: 0 , isKCC: false
04-17 18:01:29.837  5274  7530 D InputDispatcher: Inject key (24018): action=1, f=0x8, d=-1, time=10528351000000
04-17 18:01:29.837  5274  5414 I InputDispatcher: Delivering key to (24018): action: 0x1 (0), f=0x8, m=0x41, d=0, '7a5389d'
04-17 18:01:29.840  8190  8190 I HBD     : al EBD cm f 1
04-17 18:01:29.840  8190  8190 I HBD     : HoneyBoardService onKeyUp r:6c641afb consumed:false
04-17 18:01:29.841 24018 24018 I ViewRootImpl@dc4bce3[MainActivity]: ViewPostIme key 1
04-17 18:01:29.841  4929  4929 E SurfaceFlinger: Attempt to update InputPolicyFlags without permission ACCESS_SURFACE_FLINGER
04-17 18:01:29.844  5274  7530 D InputDispatcher: Inject key (24018): action=1, f=0x8, d=-1, time=10528359000000
04-17 18:01:29.844  5274  5414 I InputDispatcher: Delivering key to (24018): action: 0x1 (0), f=0x8, m=0x0, d=0, '7a5389d'
04-17 18:01:29.845  8190  8190 I HBD     : HoneyBoardService onKeyUp r:3267b939 consumed:false
04-17 18:01:29.845 24018 24018 I ViewRootImpl@dc4bce3[MainActivity]: ViewPostIme key 1
04-17 18:01:29.864  5274  7530 D InputDispatcher: Inject key (24018): action=0, f=0x8, d=-1, time=10528378000000
04-17 18:01:29.864  5274  5414 I InputDispatcher: Delivering key to (24018): action: 0x0 (0), f=0x8, m=0x0, d=0, '7a5389d'
04-17 18:01:29.865  8190  8190 I HBD     : a skip onKeyDown as physical keyboard not connected
04-17 18:01:29.865  8190  8190 I HBD     : HoneyBoardService onKeyDown r:850bb710 consumed:false
04-17 18:01:29.866 24018 24018 I ViewRootImpl@dc4bce3[MainActivity]: ViewPostIme key 0
04-17 18:01:29.875  4929  4929 E SurfaceFlinger: Attempt to update InputPolicyFlags without permission ACCESS_SURFACE_FLINGER
04-17 18:01:29.883  7578  7578 I Utils   : isCurrentUser current = 0, ownerId = 0
04-17 18:01:29.883  7578  7578 I TrayVisibilityController: updateTrayVisible: State=4194305 visible=2 mCurrentVisible=1 specificMode=0
04-17 18:01:29.885  7578  7578 I MSHandlerLifeCycle: isMultiSplitHandlerRequested: ignored. pkg=com.samsung.android.app.cocktailbarservice isActivity=false callers=com.android.internal.policy.DecorView.setVisibility:4295 com.samsung.android.app.cocktailbarservice.controller.traystate.TrayStateHide.onUpdateVisible:66 com.samsung.android.app.cocktailbarservice.controller.traystate.TrayStateHide.onEnterState:29 com.samsung.android.app.cocktailbarservice.controller.traystate.TrayStateController.setUiState:793 com.samsung.android.app.cocktailbarservice.controller.traystate.TrayStateController$9.onNotifyUpdateTray:1492
04-17 18:01:29.885  7578  7578 I MSHandlerLifeCycle: removeMultiSplitHandler: no exist. decor=DecorView@2e85943[CocktailBarService]
04-17 18:01:29.886  7578  7578 I CapturedBlurController: updateBlurBackground: false false
04-17 18:01:29.886  7578  7578 I TrayStateController: setUiState 2 : 0 --> 2
04-17 18:01:29.891  4929  4929 E SurfaceFlinger: Attempt to update InputPolicyFlags without permission ACCESS_SURFACE_FLINGER
04-17 18:01:29.892  8190  8190 I HBD     : bd ous -  1 ,  1 ,  2 ,  2 ,  -1 ,  -1
04-17 18:01:29.896  5274  7530 V WindowManager: Relayout Window{efcd846 u0 com.samsung.android.app.cocktailbarservice/com.samsung.android.app.cocktailbarservice.CocktailBarService}: viewVisibility=8 req=67x362 d0
04-17 18:01:29.899  8190  8190 I HBD     : b getTBC , flag: 1 , start: 2 , end: 2 , length: 2 , composingLength: 0 , isKCC: false
04-17 18:01:29.900  5274  7530 V WindowManager: Relayout hash=efcd846, pid=7578: mAttrs={(0,1637)(67x362) gr=TOP RIGHT CENTER sim={adjust=nothing} layoutInDisplayCutoutMode=shortEdges ty=2226 fmt=TRANSPARENT
04-17 18:01:29.900  5274  7530 V WindowManager:   fl=81800548
04-17 18:01:29.900  5274  7530 V WindowManager:   pfl=2000050
04-17 18:01:29.900  5274  7530 V WindowManager:   vsysui=2000
04-17 18:01:29.900  5274  7530 V WindowManager:   apr=LIGHT_STATUS_BARS
04-17 18:01:29.900  5274  7530 V WindowManager:   bhv=SHOW_TRANSIENT_BARS_BY_SWIPE
04-17 18:01:29.900  5274  7530 V WindowManager:   fitTypes=NAVIGATION_BARS CAPTION_BAR dimAmount=0.0 dimDuration=0 naviIconColor=0
04-17 18:01:29.900  5274  7530 V WindowManager:   sfl=200000}
04-17 18:01:29.901  7578  7578 I ViewRootImpl@316fa20[CocktailBarService]: Relayout returned: old=(1013,1637,1080,1999) new=(1013,1637,1080,1999) req=(67,362)8 dur=4 res=0x4 s={false 0} ch=true fn=3
04-17 18:01:29.902  7578  7578 I TrayStateController: putInputRect mDynamicInputRegion=57491729@LastEvent=t=1681750889902Rect(25, 0 - 67, 362),Rect=Rect(0, 0 - 0, 0)
04-17 18:01:29.902  8190  8190 I HBD     : b getTAC , flag: 1 , start: 2 , end: 2 , length: 2 , composingLength: 0 , isKCC: false
04-17 18:01:29.902  7578  7578 I DecorView: notifyKeepScreenOnChanged: keepScreenOn=false
04-17 18:01:29.903  5274  7039 D InputDispatcher: Inject key (24018): action=1, f=0x8, d=-1, time=10528418000000
04-17 18:01:29.903  7578  7578 I MSHandlerLifeCycle: isMultiSplitHandlerRequested: ignored. pkg=com.samsung.android.app.cocktailbarservice isActivity=false callers=com.android.internal.policy.DecorView.hasMultiSplitHandlerInNonFreeformMode:891 com.android.internal.policy.DecorView.notifyKeepScreenOnChanged:885 android.view.ViewRootImpl.applyKeepScreenOnFlag:2945 android.view.ViewRootImpl.setLayoutParams:2108 android.view.WindowManagerGlobal.updateViewLayout:537
04-17 18:01:29.904  5274  5414 I InputDispatcher: Delivering key to (24018): action: 0x1 (0), f=0x8, m=0x0, d=0, '7a5389d'
04-17 18:01:29.907  8190  8190 I HBD     : al EBD cm f 1
04-17 18:01:29.908  8190  8190 I HBD     : HoneyBoardService onKeyUp r:97b74ce9 consumed:false
04-17 18:01:29.908 24018 24018 I ViewRootImpl@dc4bce3[MainActivity]: ViewPostIme key 1
04-17 18:01:29.908  4929  4929 I Layer   : id=6788 removeFromCurrentState com.samsung.android.app.cocktailbarservice/com.samsung.android.app.cocktailbarservice.CocktailBarService$_7578#0 (101)
04-17 18:01:29.908  4929  4929 E SurfaceFlinger: Attempt to update InputPolicyFlags without permission ACCESS_SURFACE_FLINGER
04-17 18:01:29.909  4929  4929 I SurfaceFlinger: id=6788 Removed com.samsung.android.app.cocktailbarservice/com.samsung.android.app.cocktailbarservice.CocktailBarService$_7578#0 (101)
04-17 18:01:29.910  4929  4929 I Layer   : id=6788 Destroyed com.samsung.android.app.cocktailbarservice/com.samsung.android.app.cocktailbarservice.CocktailBarService$_7578#0
04-17 18:01:29.910  5274  7039 V WindowManager: Relayout Window{efcd846 u0 com.samsung.android.app.cocktailbarservice/com.samsung.android.app.cocktailbarservice.CocktailBarService}: viewVisibility=8 req=67x362 d0
04-17 18:01:29.911  5274  7487 D InputDispatcher: Inject key (24018): action=0, f=0x8, d=-1, time=10528427000000
04-17 18:01:29.912  5274  5414 I InputDispatcher: Delivering key to (24018): action: 0x0 (0), f=0x8, m=0x0, d=0, '7a5389d'
04-17 18:01:29.912  4929  4929 D SurfaceFlinger: Display 0 HWC layers:
04-17 18:01:29.912  4929  4929 D SurfaceFlinger:      DEVICE | 0x716f176900 | 0102 | RGBA_8888    |    0.0    0.0 1080.0 2340.0 |    0    0 1080 2340 | com.myapp.alist/com.myapp.alist.ui.MainActivity$_24018#0
04-17 18:01:29.912  4929  4929 D SurfaceFlinger:      DEVICE | 0x7170161c40 | 0100 | RGBA_8888    |    0.0    0.0 1080.0 2257.0 |    0   83 1080 2340 | InputMethod$_8190#0
04-17 18:01:29.912  4929  4929 D SurfaceFlinger:      DEVICE | 0x71a58be580 | 0100 | RGBA_8888    |    0.0    0.0 1080.0   78.0 |    0    0 1080   78 | StatusBar$_5598#0
04-17 18:01:29.912  4929  4929 D SurfaceFlinger:      DEVICE | 0x71a58dae00 | 0100 | RGBA_8888    |    0.0    0.0 1080.0  126.0 |    0 2214 1080 2340 | NavigationBar0$_5598#0
04-17 18:01:29.912  4929  4929 D SurfaceFlinger:      DEVICE | 0x7170160d40 | 0140 | RGBA_8888    |    0.0    0.0 1080.0  151.0 |    0    0 1080  151 | ScreenDecorOverlay$_5598#0
04-17 18:01:29.912  4929  4929 D SurfaceFlinger:      DEVICE | 0x71a3dca740 | 0140 | RGBA_8888    |    0.0    0.0 1080.0  151.0 |    0 2189 1080 2340 | ScreenDecorOverlayBottom$_5598#0
04-17 18:01:29.912  4929  4929 D SurfaceFlinger:
04-17 18:01:29.912  8190  8190 I HBD     : a skip onKeyDown as physical keyboard not connected
04-17 18:01:29.913  8190  8190 I HBD     : HoneyBoardService onKeyDown r:1a87d441 consumed:false
04-17 18:01:29.914 24018 24018 I ViewRootImpl@dc4bce3[MainActivity]: ViewPostIme key 0
04-17 18:01:29.915  5274  7039 V WindowManager: Relayout hash=efcd846, pid=7578: mAttrs={(0,1637)(67x362) gr=TOP RIGHT CENTER sim={adjust=nothing} layoutInDisplayCutoutMode=shortEdges ty=2226 fmt=TRANSPARENT
04-17 18:01:29.915  5274  7039 V WindowManager:   fl=81800548
04-17 18:01:29.915  5274  7039 V WindowManager:   pfl=2000050
04-17 18:01:29.915  5274  7039 V WindowManager:   vsysui=2000
04-17 18:01:29.915  5274  7039 V WindowManager:   apr=LIGHT_STATUS_BARS
04-17 18:01:29.915  5274  7039 V WindowManager:   bhv=SHOW_TRANSIENT_BARS_BY_SWIPE
04-17 18:01:29.915  5274  7039 V WindowManager:   fitTypes=NAVIGATION_BARS CAPTION_BAR dimAmount=0.0 dimDuration=0 naviIconColor=0
04-17 18:01:29.915  5274  7039 V WindowManager:   sfl=200000}
04-17 18:01:29.915  7578  7578 I ViewRootImpl@316fa20[CocktailBarService]: Relayout returned: old=(1013,1637,1080,1999) new=(1013,1637,1080,1999) req=(67,362)8 dur=5 res=0x0 s={false 0} ch=false fn=-1
04-17 18:01:29.916  7578  7578 I CocktailBarUiController: onCocktailBarStateChanged: flag=0x1 vis=2 bgType= showTimeout=-1 activate=true
04-17 18:01:29.935  8190  8190 I HBD     : bd ous -  2 ,  2 ,  3 ,  3 ,  -1 ,  -1
04-17 18:01:29.936  5274  7487 D InputDispatcher: Inject key (24018): action=1, f=0x8, d=-1, time=10528451000000
04-17 18:01:29.936  5274  5414 I InputDispatcher: Delivering key to (24018): action: 0x1 (0), f=0x8, m=0x0, d=0, '7a5389d'
04-17 18:01:29.939  8190  8190 I HBD     : b getTBC , flag: 1 , start: 3 , end: 3 , length: 3 , composingLength: 0 , isKCC: false
04-17 18:01:29.940  8190  8190 I HBD     : b getTAC , flag: 1 , start: 3 , end: 3 , length: 3 , composingLength: 0 , isKCC: false
04-17 18:01:29.942  4929  4929 E SurfaceFlinger: Attempt to update InputPolicyFlags without permission ACCESS_SURFACE_FLINGER
04-17 18:01:29.945  8190  8190 I HBD     : al EBD cm f 1
04-17 18:01:29.945  8190  8190 I HBD     : HoneyBoardService onKeyUp r:9ffac949 consumed:false
04-17 18:01:29.946 24018 24018 I ViewRootImpl@dc4bce3[MainActivity]: ViewPostIme key 1
04-17 18:01:29.948  5274  7487 D InputDispatcher: Inject key (24018): action=0, f=0x8, d=-1, time=10528463000000
04-17 18:01:29.948  5274  5414 I InputDispatcher: Delivering key to (24018): action: 0x0 (0), f=0x8, m=0x0, d=0, '7a5389d'
04-17 18:01:29.949  8190  8190 I HBD     : a skip onKeyDown as physical keyboard not connected
04-17 18:01:29.950  8190  8190 I HBD     : HoneyBoardService onKeyDown r:0716df3c consumed:false
04-17 18:01:29.950 24018 24018 I ViewRootImpl@dc4bce3[MainActivity]: ViewPostIme key 0
04-17 18:01:29.953  4882 24119 I HYPER-HAL: [RequestManager.cpp]releaseLocked(): Released ID : 33550337
04-17 18:01:29.969  5274  7530 D InputDispatcher: Inject key (24018): action=1, f=0x8, d=-1, time=10528484000000
04-17 18:01:29.970  5274  5414 I InputDispatcher: Delivering key to (24018): action: 0x1 (0), f=0x8, m=0x0, d=0, '7a5389d'
04-17 18:01:29.971  8190  8190 I HBD     : bd ous -  3 ,  3 ,  4 ,  4 ,  -1 ,  -1
04-17 18:01:29.975  8190  8190 I HBD     : b getTBC , flag: 1 , start: 4 , end: 4 , length: 4 , composingLength: 0 , isKCC: false
04-17 18:01:29.975  4929  4929 E SurfaceFlinger: Attempt to update InputPolicyFlags without permission ACCESS_SURFACE_FLINGER
04-17 18:01:29.976  8190  8190 I HBD     : b getTAC , flag: 1 , start: 4 , end: 4 , length: 4 , composingLength: 0 , isKCC: false
04-17 18:01:29.981  8190  8190 I HBD     : al EBD cm f 1
04-17 18:01:29.982  8190  8190 I HBD     : HoneyBoardService onKeyUp r:70d2d12b consumed:false
04-17 18:01:29.982 24018 24018 I ViewRootImpl@dc4bce3[MainActivity]: ViewPostIme key 1
