04-19 15:55:17.348  5576  5576 E IndicatorGardenAlgorithmBasicCutout: NOT MATCH !!!! resourceHeight:78, cutoutHeight:83 ([IndicatorGardenInputProperty]  Rotation(0-0,90-1,180-2,270-3)0, Density:2.625, ScreenWidthSize:1080, CoverSidePadding:0, mIndicatorGardenCenterOffset:11, mCameraCutoutCropSize:80, mGardenPaddingStart:21, mIndicatorCornerPadding:0, mCameraSidePadding:0, mCameraTopMargin:0, DpCutout:DisplayCutout{insets=Rect(0, 83 - 0, 0) waterfall=Insets{left=0, top=0, right=0, bottom=0} boundingRect={Bounds=[Rect(0, 0 - 0, 0), Rect(443, 0 - 637, 83), Rect(0, 0 - 0, 0), Rect(0, 0 - 0, 0)]} cutoutPathParserInfo={CutoutPathParserInfo{displayWidth=1080 displayHeight=2340 density={2.625} cutoutSpec={M36.95,0C26.35,0,24.15,3.8,23.15,9.8 l-0.1,0.7c-1.7,9.6-9.3,17.2-18.9,18.9c-12.7,2.2-24.8-6.2-27-18.9 c0,0-0.1-0.7-0.1-0.7C-24.15,3.8,-26.25,0,-36.95,0Z @dp} rotation={0} scale={1.0}}}})
04-19 15:55:17.348  5576  5576 E IndicatorGardenAlgorithmBasicCutout: NOT MATCH !!!! resourceHeight:78, cutoutHeight:83 ([IndicatorGardenInputProperty]  Rotation(0-0,90-1,180-2,270-3)0, Density:2.625, ScreenWidthSize:1080, CoverSidePadding:0, mIndicatorGardenCenterOffset:11, mCameraCutoutCropSize:80, mGardenPaddingStart:21, mIndicatorCornerPadding:0, mCameraSidePadding:0, mCameraTopMargin:0, DpCutout:DisplayCutout{insets=Rect(0, 83 - 0, 0) waterfall=Insets{left=0, top=0, right=0, bottom=0} boundingRect={Bounds=[Rect(0, 0 - 0, 0), Rect(443, 0 - 637, 83), Rect(0, 0 - 0, 0), Rect(0, 0 - 0, 0)]} cutoutPathParserInfo={CutoutPathParserInfo{displayWidth=1080 displayHeight=2340 density={2.625} cutoutSpec={M36.95,0C26.35,0,24.15,3.8,23.15,9.8 l-0.1,0.7c-1.7,9.6-9.3,17.2-18.9,18.9c-12.7,2.2-24.8-6.2-27-18.9 c0,0-0.1-0.7-0.1-0.7C-24.15,3.8,-26.25,0,-36.95,0Z @dp} rotation={0} scale={1.0}}}})
04-19 15:55:17.353  6314  6314 I ViewRootImpl@e20f74[InstrumentationActivityInvoker$EmptyActivity]: handleAppVisibility mAppVisible=true visible=false
04-19 15:55:17.356  4894  4894 D SurfaceFlinger: Display 0 HWC layers:
04-19 15:55:17.356  4894  4894 D SurfaceFlinger:      DEVICE | 0x7d8143e540 | 0102 | RGBA_8888    |    0.0    0.0 1080.0 2340.0 |    0    0 1080 2340 | com.myapp.alist/com.myapp.alist.ui.MainActivity$_6061#0
04-19 15:55:17.356  4894  4894 D SurfaceFlinger:      DEVICE | 0x7da135d740 | 0100 | RGBA_8888    |    0.0    0.0 1080.0   78.0 |    0    0 1080   78 | StatusBar$_5576#0
04-19 15:55:17.356  4894  4894 D SurfaceFlinger:      DEVICE | 0x7d6cf6e580 | 0100 | RGBA_8888    |    0.0    0.0   67.0  362.0 | 1013 1637 1080 1999 | com.samsung.android.app.cocktailbars[...]rservice.CocktailBarService$_11163#0
04-19 15:55:17.356  4894  4894 D SurfaceFlinger:      DEVICE | 0x7da135d600 | 0100 | RGBA_8888    |    0.0    0.0 1080.0  126.0 |    0 2214 1080 2340 | NavigationBar0$_5576#0
04-19 15:55:17.356  4894  4894 D SurfaceFlinger:      DEVICE | 0x7da135d380 | 0140 | RGBA_8888    |    0.0    0.0 1080.0  151.0 |    0    0 1080  151 | ScreenDecorOverlay$_5576#0
04-19 15:55:17.356  4894  4894 D SurfaceFlinger:      DEVICE | 0x7da12bf700 | 0140 | RGBA_8888    |    0.0    0.0 1080.0  151.0 |    0 2189 1080 2340 | ScreenDecorOverlayBottom$_5576#0
04-19 15:55:17.356  4894  4894 D SurfaceFlinger:
04-19 15:55:17.367  4894  4894 I Layer   : id=4085 removeFromCurrentState Splash Screen com.myapp.alist.test$_5576#0 (113)
04-19 15:55:17.367  4894  4894 I Layer   : id=4098 removeFromCurrentState Surface(name=Task=49)/@0xc295c3f - animation-leash of app_transition#0 (113)
04-19 15:55:17.367  4894  4894 I Layer   : id=4099 removeFromCurrentState Dim Layer for - Task=49 - animating-dim#0 (113)
04-19 15:55:17.367  4894  4894 I Layer   : id=4084 removeFromCurrentState b41d802 Splash Screen com.myapp.alist.test#0 (113)
04-19 15:55:17.368  4894  4894 I SurfaceFlinger: id=4099 Removed Dim Layer for - Task=49 - animating-dim#0 (113)
04-19 15:55:17.368  4894  4894 I SurfaceFlinger: id=4084 Removed b41d802 Splash Screen com.myapp.alist.test#0 (113)
04-19 15:55:17.368  4894  4894 I SurfaceFlinger: id=4085 Removed Splash Screen com.myapp.alist.test$_5576#0 (113)
04-19 15:55:17.368  4894  4894 I SurfaceFlinger: id=4098 Removed Surface(name=Task=49)/@0xc295c3f - animation-leash of app_transition#0 (113)
04-19 15:55:17.368  4894  4894 I Layer   : id=4084 Destroyed b41d802 Splash Screen com.myapp.alist.test#0
04-19 15:55:17.368  4894  4894 I Layer   : id=4085 Destroyed Splash Screen com.myapp.alist.test$_5576#0
04-19 15:55:17.368  4894  4894 I Layer   : id=4099 Destroyed Dim Layer for - Task=49 - animating-dim#0
04-19 15:55:17.368  4894  4894 I Layer   : id=4098 Destroyed Surface(name=Task=49)/@0xc295c3f - animation-leash of app_transition#0
04-19 15:55:17.370  6314  6342 D OpenGLRenderer: setSurface called with nullptr
04-19 15:55:17.370  6314  6342 D OpenGLRenderer: setSurface() destroyed EGLSurface
04-19 15:55:17.370  6314  6342 D OpenGLRenderer: destroyEglSurface
04-19 15:55:17.375  5232  7403 V WindowManager: Relayout Window{433de2d u0 com.myapp.alist.test/androidx.test.core.app.InstrumentationActivityInvoker$EmptyActivity}: viewVisibility=8 req=1080x2340 d0
04-19 15:55:17.377  6061  6061 I ViewInteraction: Performing 'type text(Name 1)' action on view view.getId() is <2131296492/com.myapp.alist:id/input1EditText>
04-19 15:55:17.379  5232  5376 D InputDispatcher: Inject motion (6061): action=0x0, time=6877078000000, f=0x0, d=0
04-19 15:55:17.380  5232  7403 V WindowManager: Relayout hash=433de2d, pid=6314: mAttrs={(0,0)(fillxfill) sim={adjust=pan forwardNavigation} ty=BASE_APPLICATION
04-19 15:55:17.380  5232  7403 V WindowManager:   fl=81810100
04-19 15:55:17.380  5232  7403 V WindowManager:   pfl=12020040
04-19 15:55:17.380  5232  7403 V WindowManager:   apr=LIGHT_NAVIGATION_BARS
04-19 15:55:17.380  5232  7403 V WindowManager:   bhv=DEFAULT
04-19 15:55:17.380  5232  7403 V WindowManager:   fitSides= naviIconColor=0
04-19 15:55:17.380  5232  7403 V WindowManager:   sfl=100000}
04-19 15:55:17.380  5232  5378 I InputDispatcher: Delivering touch to (5576): action: 0x4, f=0x0, d=0, 'ec1a749', t=0
04-19 15:55:17.380  5232  5378 I InputDispatcher: Delivering touch to (6061): action: 0x0, f=0x0, d=0, '1b7ed40', t=0
04-19 15:55:17.380  6061  6061 I ViewRootImpl@1d4edff[MainActivity]: ViewPostIme pointer 0
04-19 15:55:17.381  6061  6061 I MSHandlerLifeCycle: isMultiSplitHandlerRequested: windowingMode=1 isFullscreen=true isPopOver=false isHidden=false skipActivityType=false isHandlerType=true this: DecorView@15f230f[MainActivity]
04-19 15:55:17.381  5232  5255 I GestureDetector: obtain mCurrentDownEvent. id: -842417349 caller: com.android.server.wm.SystemGesturesPointerEventListener.onPointerEvent:179 com.android.server.wm.PointerEventDispatcher.onInputEvent:71 android.view.InputEventReceiver.dispatchInputEvent:259
04-19 15:55:17.381  5232  5255 I GestureDetector: obtain mCurrentDownEvent. id: -842417349 caller: com.android.server.wm.SystemPerformancePointerEventListener.onPointerEvent:89 com.android.server.wm.PointerEventDispatcher.onInputEvent:71 android.view.InputEventReceiver.dispatchInputEvent:259
04-19 15:55:17.382  5232  7403 I InputMethodManagerService: isInputMethodShown: isShown=false
04-19 15:55:17.384  4894  4894 I Layer   : id=4101 removeFromCurrentState Surface(name=Task=50)/@0x21056c2 - animation-leash of app_transition#0 (109)
04-19 15:55:17.384  4894  4894 I SurfaceFlinger: id=4101 Removed Surface(name=Task=50)/@0x21056c2 - animation-leash of app_transition#0 (109)
04-19 15:55:17.384  4894  4894 I Layer   : id=4101 Destroyed Surface(name=Task=50)/@0x21056c2 - animation-leash of app_transition#0
04-19 15:55:17.385  6314  6314 I ViewRootImpl@e20f74[InstrumentationActivityInvoker$EmptyActivity]: Relayout returned: old=(0,0,1080,2340) new=(0,0,1080,2340) req=(1080,2340)8 dur=9 res=0x5 s={false 0} ch=true fn=2
04-19 15:55:17.386  6314  6314 I ViewRootImpl@e20f74[InstrumentationActivityInvoker$EmptyActivity]: stopped(true) old=false
04-19 15:55:17.390  6314  6314 I MSHandlerLifeCycle: isMultiSplitHandlerRequested: windowingMode=1 isFullscreen=true isPopOver=false isHidden=false skipActivityType=false isHandlerType=true this: DecorView@c8acec8[InstrumentationActivityInvoker$EmptyActivity]
04-19 15:55:17.390  6314  6314 I MSHandlerLifeCycle: removeMultiSplitHandler: no exist. decor=DecorView@c8acec8[InstrumentationActivityInvoker$EmptyActivity]
04-19 15:55:17.394  6314  6314 I MSHandlerLifeCycle: removeMultiSplitHandler: no exist. decor=DecorView@c8acec8[InstrumentationActivityInvoker$EmptyActivity]
04-19 15:55:17.395  6314  6342 D OpenGLRenderer: setSurface called with nullptr
04-19 15:55:17.395  6314  6314 I ViewRootImpl@e20f74[InstrumentationActivityInvoker$EmptyActivity]: dispatchDetachedFromWindow
04-19 15:55:17.396  5232  7403 D InputTransport: Input channel destroyed: '433de2d', fd=625
04-19 15:55:17.396  5232  7403 W InputManager-JNI: Input channel object '433de2d com.myapp.alist.test/androidx.test.core.app.InstrumentationActivityInvoker$EmptyActivity (client)' was disposed without first being removed with the input manager!
04-19 15:55:17.396  5232  7403 D InputTransport: Input channel destroyed: '433de2d', fd=901
04-19 15:55:17.399  6314  6314 D InputTransport: Input channel destroyed: '433de2d', fd=82
04-19 15:55:17.401  4894  4894 I Layer   : id=4093 removeFromCurrentState com.myapp.alist.test/androidx.test.core.app.InstrumentationActivityInvoker$EmptyActivity$_6314#0 (108)
04-19 15:55:17.401  4894  4894 I Layer   : id=4089 removeFromCurrentState 433de2d com.myapp.alist.test/androidx.test.core.app.InstrumentationActivityInvoker$EmptyActivity#0 (108)
04-19 15:55:17.401  4894  4894 I SurfaceFlinger: id=4089 Removed 433de2d com.myapp.alist.test/androidx.test.core.app.InstrumentationActivityInvoker$EmptyActivity#0 (108)
04-19 15:55:17.401  4894  4894 I SurfaceFlinger: id=4093 Removed com.myapp.alist.test/androidx.test.core.app.InstrumentationActivityInvoker$EmptyActivity$_6314#0 (108)
04-19 15:55:17.401  4894  4894 I Layer   : id=4089 Destroyed 433de2d com.myapp.alist.test/androidx.test.core.app.InstrumentationActivityInvoker$EmptyActivity#0
04-19 15:55:17.401  4894  4894 I Layer   : id=4093 Destroyed com.myapp.alist.test/androidx.test.core.app.InstrumentationActivityInvoker$EmptyActivity$_6314#0
04-19 15:55:17.404  4894  4926 I SurfaceFlinger: id=4111 createSurf (0x0),-1 flag=24004, Task=49#1
04-19 15:55:17.408  5983  5983 I RecentsView: onTaskRemoved() taskId : 49
04-19 15:55:17.408  5983  5983 I RecentsView: onTaskRemoved() taskId : 49
04-19 15:55:17.413  6163  6201 W ejqa    : [{0}] Failed to resolve name. status={1}
04-19 15:55:17.413  5232  5490 D NetdEventListenerService: DNS Requested by : 0, 10191, 7
04-19 15:55:17.417  4894  4894 I Layer   : id=4083 removeFromCurrentState ActivityRecord{8d99911 u0 com.myapp.alist.test/androidx.test.core.app.InstrumentationActivityInvoker$EmptyActivity t49}#0 (107)
04-19 15:55:17.417  4894  4894 I Layer   : id=4082 removeFromCurrentState Task=49#0 (107)
04-19 15:55:17.417  4894  4894 I Layer   : id=4111 removeFromCurrentState Task=49#1 (107)
04-19 15:55:17.417  4894  4894 I SurfaceFlinger: id=4083 Removed ActivityRecord{8d99911 u0 com.myapp.alist.test/androidx.test.core.app.InstrumentationActivityInvoker$EmptyActivity t49}#0 (107)
04-19 15:55:17.418  4894  4894 I SurfaceFlinger: id=4111 Removed Task=49#1 (107)
04-19 15:55:17.418  4894  4894 I Layer   : id=4111 Destroyed Task=49#1
04-19 15:55:17.418  4894  4894 I Layer   : id=4083 Destroyed ActivityRecord{8d99911 u0 com.myapp.alist.test/androidx.test.core.app.InstrumentationActivityInvoker$EmptyActivity t49}#0
04-19 15:55:17.421  5232  5376 D InputDispatcher: Inject motion (6061): action=0x1, time=6877120000000, f=0x0, d=0
04-19 15:55:17.421  5232  5378 I InputDispatcher: Delivering touch to (6061): action: 0x1, f=0x0, d=0, '1b7ed40', t=0
04-19 15:55:17.421  6061  6061 I ViewRootImpl@1d4edff[MainActivity]: ViewPostIme pointer 1
04-19 15:55:17.421  5232  5255 I GestureDetector: obtain mCurrentMotionEventRaw. action: 1 id: -296264554
04-19 15:55:17.422  5232  5255 I GestureDetector: obtain mCurrentMotionEventRaw. action: 1 id: -296264554
04-19 15:55:17.422  6061  6061 I MSHandlerLifeCycle: isMultiSplitHandlerRequested: windowingMode=1 isFullscreen=true isPopOver=false isHidden=false skipActivityType=false isHandlerType=true this: DecorView@15f230f[MainActivity]
04-19 15:55:17.428  6061  6061 D InputMethodManager: startInputInner - Id : 0
04-19 15:55:17.428  6061  6061 I InputMethodManager: startInputInner - mService.startInputOrWindowGainedFocus
04-19 15:55:17.429  5232  7403 D InputMethodManagerService: mDesktopModeManager null!
04-19 15:55:17.429  5232  7403 V InputMethodManagerService: getDisplayIdOfInputMethodWindowToBeAdded : 0
04-19 15:55:17.430  5232  7403 D InputMethodManagerService: checkDisplayOfStartInputAndUpdateKeyboard display Id 0last 0
04-19 15:55:17.430  5232  7403 D InputTransport: Input channel constructed: 'ClientS', fd=496
04-19 15:55:17.430  5232  7403 D InputTransport: Input channel destroyed: 'ClientS', fd=496
04-19 15:55:17.430  6061  6061 I IMM_LC  : showSoftInput(View,I)
04-19 15:55:17.431  6061  6061 I IMM_LC  : ssi() - flag : 0 view : com.myapp.alist reason = SHOW_SOFT_INPUT
04-19 15:55:17.431  7937  7937 I HBD     : HoneyBoardService onFinishInput
04-19 15:55:17.431  5232  7403 V InputMethodManagerService: Client requesting input be shown, flags : 0
04-19 15:55:17.431  5232  7403 D InputMethodManagerService: ACCESS_CONTROL_ENABLED = false, ACCESS_CONTROL_KEYBOARD_BLOCK = false
04-19 15:55:17.431  7937  7937 I HBD     : a IC have been unbinding,  InputConnectionWrapper{idHash=#e526992 mMissingMethods=}
04-19 15:55:17.431  7937  7937 I HBD     : HoneyBoardService [PF_CL][onFinishInput]  562692 ns
04-19 15:55:17.432  7937  7937 I HBD     : HoneyBoardService onInlineSuggestionsResponse
04-19 15:55:17.432  7937  7937 I HBD     : HoneyBoardService onCreateInlineSuggestionsRequest
04-19 15:55:17.435  7937  7937 I HBD     : HoneyBoardService [IMI] onStartInput - caller pid : 6061 , caller uid : 10423
04-19 15:55:17.435  7937  7937 I HBD     : j updateConfigs
04-19 15:55:17.435  7937  7937 I HBD     : j isEnabledNightMode : false
04-19 15:55:17.435  7937  7937 I HBD     : a IC have been binding, InputConnectionWrapper{idHash=#18e730c mMissingMethods=}
04-19 15:55:17.435  7937  7937 W HBD     : b [EditorInputType] undefined Enter action code : 0x40000005
04-19 15:55:17.435  7937  7937 I HBD     : h [EditorInputType]setPrivateImeOptionsToTable privateImeOptions ( null )
04-19 15:55:17.436  7937  7937 I HBD     : b incognitoMode : false
04-19 15:55:17.436  7937  7937 W HBD     : b [EditorInputType] undefined Enter action code : 0x40000005
04-19 15:55:17.436  7937  7937 I HBD     : a [CPS]isPredictionOnByLanguage :false, isForceOff : false, isPredictionOn : true , isOnPref : true
04-19 15:55:17.436  7937  7937 I HBD     : h getDefaultInputRange : UNKNOWN
04-19 15:55:17.436  7937  7937 I HBD     : h getDefaultInputRange : UNKNOWN
04-19 15:55:17.436  7937  7937 I HBD     : h getDefaultInputRange : UNKNOWN
04-19 15:55:17.437  6061  6061 D Editor  : waiting for the right moment
04-19 15:55:17.440  7937  7937 I HBD     : h getDefaultInputRange : UNKNOWN
04-19 15:55:17.441  7937  7937 I HBD     : a currentState : 0
04-19 15:55:17.441  7937  7937 I HBD     : h load selected json path : /data/user/0/com.samsung.android.honeyboard/files/selected.json
04-19 15:55:17.441  7937  7937 I HBD     : h load selected json info : {"version":"1.0","currentLanguageOrder":0,"selected":[{"activeOptionList":["auto_spacing","writing_assistant"],"engName":"English","id":65538,"inputType":"qwerty","isUsed":true}]}
04-19 15:55:17.442  7937  7937 I HBD     : a [UpdatePolicy] [post] a: 0 cl: 65538 kit: [0/0] vt: 0 ir: 1
04-19 15:55:17.442  7937  7937 I HBD     : HoneyBoardService [PF_OP][onStartInput]  7715423 ns
04-19 15:55:17.443  7937  7937 I InputMethod: showSoftInput(), flags : 1
04-19 15:55:17.443  5232  7701 I InputMethodManagerService: isAccessoryKeyboard 0
04-19 15:55:17.443  7937  7937 I HBD     : HoneyBoardService onEvaluateInputViewShown: true
04-19 15:55:17.445  7937  7937 I DecorView: notifyKeepScreenOnChanged: keepScreenOn=false
04-19 15:55:17.445  7937  7937 I MSHandlerLifeCycle: isMultiSplitHandlerRequested: ignored. pkg=com.samsung.android.honeyboard isActivity=false callers=com.android.internal.policy.DecorView.hasMultiSplitHandlerInNonFreeformMode:891 com.android.internal.policy.DecorView.notifyKeepScreenOnChanged:885 android.view.ViewRootImpl.applyKeepScreenOnFlag:2945 android.view.ViewRootImpl.setLayoutParams:2108 android.view.WindowManagerGlobal.updateViewLayout:537
04-19 15:55:17.445  5232  7701 I InputMethodManagerService: isAccessoryKeyboard 0
04-19 15:55:17.445  7937  7937 I HBD     : HoneyBoardService onEvaluateInputViewShown: true
04-19 15:55:17.446  7937  7937 I HBD     : HoneyBoardService onStartInputView : restarting = false, client = com.myapp.alist
04-19 15:55:17.446  7937  7937 W HBD     : b [EditorInputType] undefined Enter action code : 0x40000005
04-19 15:55:17.446  7937  7937 I HBD     : h [EditorInputType]setPrivateImeOptionsToTable privateImeOptions ( null )
04-19 15:55:17.446  7937  7937 I HBD     : b incognitoMode : false
04-19 15:55:17.446  7937  7937 W HBD     : b [EditorInputType] undefined Enter action code : 0x40000005
04-19 15:55:17.446  7937  7937 I HBD     : h getDefaultInputRange : UNKNOWN
04-19 15:55:17.446  7937  7937 I HBD     : h getDefaultInputRange : UNKNOWN
04-19 15:55:17.446  6061  6061 I AssistStructure: Flattened final assist data: 4780 bytes, containing 1 windows, 25 views
04-19 15:55:17.446  7937  7937 I HBD     : h getDefaultInputRange : UNKNOWN
04-19 15:55:17.446  7937  7937 I HBD     : HoneyBoardService onStartInputViewInternal: inputType=0x20001, imeOptions=0x48000005, initialSelStart=0, initialSelEnd=0
04-19 15:55:17.446  7937  7937 I HBD     : f applyThemesPolicy
04-19 15:55:17.447  7937  7937 I HBD     : e mUsedOpenTheme = false IsRequiredDarkTypeTheme = false night mode : false mIsEnabledHighContrast = false mIsOpenThemeForHoneyBoardInstalled = false mIsWallpaperThemeInstalled = false mIsThemeParkTheme = false
04-19 15:55:17.447  7937  8568 I SemDvfsHyPerManager: acquire hyper - SKBD_RE_ENTER_SHOW/7937@1, type = -999
04-19 15:55:17.447  7937  7937 I HBD     : f ThemeIndex By PolicyInternal theme index :  285212672 Light
04-19 15:55:17.447  7937  7937 I HBD     : f update KeyboardTheme themeIndex : 0x 11000000  theme :  Light
04-19 15:55:17.447  7937  7937 I HBD     : a set Theme convertedIndex : 2
04-19 15:55:17.447  7937  7937 I HBD     : a themeStyleSet :2
04-19 15:55:17.447  7937  7937 I HBD     : a updatePredictionStatus : 1, editorOpt
04-19 15:55:17.447  7937  7937 I HBD     : a updateForEditorClass isPredictionOn = true
04-19 15:55:17.447  4829  4883 I HYPER-HAL: [RequestManager.cpp]acquire(): Acquired ID : 31509892  [7937 / 1]    HINT : KBD_APP_RE_ENTER_VIEW    list : [TIMEOUT / 400]
04-19 15:55:17.451  4894  4894 E SurfaceFlinger: Attempt to update InputPolicyFlags without permission ACCESS_SURFACE_FLINGER
04-19 15:55:17.457  7937  7937 I HBD     : al EBD ssu f 1
04-19 15:55:17.459  7937  7937 I HBD     : a [UpdatePolicy] [post] a: 1 cl: 65538 kit: [0/0] vt: 0 ir: 1
04-19 15:55:17.460  5232  5376 D SecContentProvider: query(), uri = 17 selection = isSettingsChangesAllowed
04-19 15:55:17.461  5232  5376 D SecContentProvider: query(), uri = 17 selection = isSettingsChangesAllowed
04-19 15:55:17.462  7937  7937 I HBD     : a [SKE_TAM] Changed false
04-19 15:55:17.462  7937  7937 I HBD     : a refresh(), mParameterMode,  0
04-19 15:55:17.462  7937  8507 I HBD     : m updated Sub Types. English
04-19 15:55:17.462  7937  7937 I HBD     : ::BnR:: d HONEY_SUPPORT_DATA_MIGRATION_FROM_SKBD : true, isMigrateNotNeeded : true, isFinishMigPreferences : false, isPasswordInputType : falseisUserUnlocked : true
04-19 15:55:17.463  7937  7937 I HBD     : b updateMultiTapTimeValue
04-19 15:55:17.463  7937  7937 I HBD     : b getMultiTapTimeoutValue
04-19 15:55:17.463  7937  7937 I HBD     : b getSingleVowelMultiTapTimeoutValue
04-19 15:55:17.464  7937  7937 I HBD     : a onBind
04-19 15:55:17.464  7937  7937 I HBD     : b [EditorEnterActionItem] updateConfig: 0x40000006 to 0x40000005
04-19 15:55:17.464  7937  7937 I HBD     : b updateConfig: [LanguageItem] English / [KeyboardViewTypeItem] 0 / [KeyboardInputTypeItem] mainType(0), subType(0) / [CurrentLanguageInputTypeItem] mainType(0), subType(0) / [KeyboardInputRangeItem] 1 / [HandwritingModeItem] false / [SelectedLanguageItem] 1 / [LocaleItem] en-GB / [TextOrNullInputClassItem] true / [DateInputTypeItem] false / [DateTimeInputTypeItem] false /
04-19 15:55:17.464  7937  7937 I HBD     : b updateConfig: [DecimalNumberInputTypeItem] false / [NumberOnlyInputTypeItem] false / [NumberPasswordInputTypeItem] false / [PhoneNumberInputClassItem] false / [SignedDecimalNumberInputTypeItem] false / [SignedNumberInputTypeItem] false / [EmailInputTypeItem] false / [UrlInputTypeItem] false / [UrlEmailModeItem] false / [PasswordInputTypeItem] false / [WebPasswordEditorItem] false /
04-19 15:55:17.464  7937  7937 I HBD     : b updateConfig: [NumberInputClassItem] false / [DateTimeInputClassItem] false / [DigitEditorItem] false / [MonthInputTypeItem] false / [YearDateTimeInputTypeItem] false / [IPAddressInputTypeItem] false / [FileNameInputTypeItem] false / [CustomSymbolsForPeriodKeyItem] false / [OptionInputTypeItem] false / [DisableHanjaInputItem] false / [DisableCmKeyInputItem] false /
04-19 15:55:17.464  7937  7937 I HBD     : b updateConfig: [DisableCommaKeyInputItem] false / [DisableLanguageChangeKeyItem] false / [DisableSpaceKeyItem] false / [NumberPickerInputItem] false / [TimeInputTypeItem] false / [NumberKeyFirstLineItem] true / [AlternativeCharacterItem] false / [SimpleRowStyleItem] false / [HighContrastItem] false / [TouchAndHoldSpaceBarTypeItem] cursor_control / [UseContinuousInputItem] false /
04-19 15:55:17.464  7937  7937 I HBD     : b updateConfig: [UseToolBarItem] true / [OrientationItem] false / [DensityItem] 2.625 / [DisplayWidthItem] 0x1080 / [DisplayHeightItem] 0x2131 / [MainTextLabelItem] 1 / [LanguageSwitchingUsingSpaceBarItem] true / [LanguageSwitchingUsingKeyItem] false / [TransliterationTypingModeItem] false / [CoverDisplayModeItem] false / [TalkBackEnabledItem] false /
04-19 15:55:17.465  7937  7937 I HBD     : b updateConfig: [Japanese8FlickCustomisationItem] false / [VoiceEnabledItem] true / [SamsungVoiceImeItem] false / [PredictionStatusItem] true /
04-19 15:55:17.465  7937  7937 I HBD     : b updateKeyboardViewHolder: INVALIDATE
04-19 15:55:17.465  7937  6398 I HBD     : bd requestCursorUpdates returned  true ,  2
04-19 15:55:17.466  7937  7937 I HBD     : c [BoardScrapManager] sendBoardScrap
04-19 15:55:17.466  7937  7937 I HBD     : ci updateChangedBoard - [LC:false][TC:false][RC:false][RB:false]
04-19 15:55:17.466  7937  7937 I HBD     : d updateCurrentEngine,  65538 ,  SWIFTKEY
04-19 15:55:17.467  7937  7937 I HBD     : a [SKE_TAM] Changed false
04-19 15:55:17.467  7937  7937 I HBD     : a [SKE_TAM] custom = false , useEngine = true
04-19 15:55:17.467  7937  7937 I HBD     : a [SKE_TAM] Changed false
04-19 15:55:17.468  7937  7937 I HBD     : a refresh(), mParameterMode,  0
04-19 15:55:17.468  7937  7937 I HBD     : a [PF_EN] updateChangedBoard() 1
04-19 15:55:17.469  7937  6394 I HBD     : a InputMethodSubtype is set as local:en_GB
04-19 15:55:17.471  5232  7701 D SecContentProvider: query(), uri = 15 selection = isClipboardShareAllowedAsUser
04-19 15:55:17.474  6163  6163 W AutofillChimeraService: Pending fill request while another request in the same session was triggered. [CONTEXT service_id=177 ]
04-19 15:55:17.477  5232  7701 I AssistStructure: Flattened final assist data: 4376 bytes, containing 1 windows, 25 views
04-19 15:55:17.478  7937  7937 I HBD     : HoneyBoardService [PF_OP][onStartInputView]  32 ms
04-19 15:55:17.478  6163  8671 W tez     : Infinite Data has no result for com.myapp.alist [CONTEXT service_id=177 ]
04-19 15:55:17.478  5232  7701 D InputMethodManagerServicePhysicalKey: isConnectedDexOnPC false
04-19 15:55:17.478  5232  7701 D InputMethodManagerService: isImeSwitcherDisabledPackage : false
04-19 15:55:17.478  5232  7701 I InputMethodManagerService: setImeWindowStatus: vis=3, backDisposition=0
04-19 15:55:17.482  7937  7937 I HBD     : HoneyBoardService onWindowShown
04-19 15:55:17.482  5232  5601 D SecContentProvider: query(), uri = 15 selection = isClipboardShareAllowedAsUser
04-19 15:55:17.484  7937  7937 I HBD     : HoneyBoardService [PF_OP][onWindowShown]  1978385 ns
04-19 15:55:17.485  7937  7937 I MSHandlerLifeCycle: isMultiSplitHandlerRequested: ignored. pkg=com.samsung.android.honeyboard isActivity=false callers=com.android.internal.policy.DecorView.setVisibility:4295 android.app.Dialog.show:445 android.inputmethodservice.SoftInputWindow.show:302 android.inputmethodservice.InputMethodService.showWindow:2823 android.inputmethodservice.InputMethodService$InputMethodImpl.showSoftInput:963
04-19 15:55:17.485  7937  7937 I MSHandlerLifeCycle: removeMultiSplitHandler: no exist. decor=DecorView@79cf902[InputMethod]
04-19 15:55:17.485  7937  7937 I HBD     : HoneyBoardService onViewClicked
04-19 15:55:17.485  5232  5376 D InputMethodManagerServicePhysicalKey: isConnectedDexOnPC false
04-19 15:55:17.486  5232  5376 D InputMethodManagerService: isImeSwitcherDisabledPackage : false
04-19 15:55:17.486  5232  5376 I InputMethodManagerService: setImeWindowStatus: vis=3, backDisposition=0
04-19 15:55:17.486 11163 11163 I CocktailBarUiController: onReceive: action=ResponseAxT9Info isVisibleWindow=1
04-19 15:55:17.488  7937  7937 I HBD     : HoneyBoardService [PF_OP][onViewClicked]  149307 ns
04-19 15:55:17.511  5232  5601 V WindowManager: Relayout Window{877f4ea u0 InputMethod}: viewVisibility=0 req=1080x2257 d0
04-19 15:55:17.511  4894  4926 I SurfaceFlinger: id=4112 createSurf (1080x2257),-3 flag=40004, InputMethod$_7937#0
04-19 15:55:17.515  5232  5601 V WindowManager: Relayout hash=877f4ea, pid=7937: mAttrs={(0,0)(fillxfill) gr=BOTTOM CENTER_VERTICAL sim={adjust=pan} ty=INPUT_METHOD fmt=TRANSPARENT wanim=0x7f130170 preferredMinDisplayRefreshRate=60.0 receive insets ignoring z-order
04-19 15:55:17.515  5232  5601 V WindowManager:   fl=81800108
04-19 15:55:17.515  5232  5601 V WindowManager:   pfl=12000000
04-19 15:55:17.515  5232  5601 V WindowManager:   vsysui=10
04-19 15:55:17.515  5232  5601 V WindowManager:   apr=LIGHT_NAVIGATION_BARS
04-19 15:55:17.515  5232  5601 V WindowManager:   bhv=DEFAULT
04-19 15:55:17.515  5232  5601 V WindowManager:   fitTypes=STATUS_BARS NAVIGATION_BARS
04-19 15:55:17.515  5232  5601 V WindowManager:   fitSides=LEFT TOP RIGHT
04-19 15:55:17.515  5232  5601 V WindowManager:   fitIgnoreVis dimDuration=150 naviIconColor=0}
04-19 15:55:17.516  7937  7937 I ViewRootImpl@ec5d19[InputMethod]: Relayout returned: old=(0,83,1080,2340) new=(0,83,1080,2340) req=(1080,2257)0 dur=5 res=0x7 s={true 538122883072} ch=true fn=-1
04-19 15:55:17.517  7937  7937 I ViewRootImpl@ec5d19[InputMethod]: [DP] dp(1) 1 android.view.ViewRootImpl.reportNextDraw:11442 android.view.ViewRootImpl.performTraversals:4198 android.view.ViewRootImpl.doTraversal:2924
04-19 15:55:17.517  4894  4894 E SurfaceFlinger: Attempt to update InputPolicyFlags without permission ACCESS_SURFACE_FLINGER
04-19 15:55:17.527  7937  7937 I ViewRootImpl@ec5d19[InputMethod]: [DP] pdf(0) 1 android.view.ViewRootImpl.lambda$addFrameCompleteCallbackIfNeeded$3$ViewRootImpl:5000 android.view.ViewRootImpl$$ExternalSyntheticLambda16.run:6 android.os.Handler.handleCallback:938
04-19 15:55:17.527  7937  7937 I ViewRootImpl@ec5d19[InputMethod]: [DP] rdf()
04-19 15:55:17.529  6061  6061 D InsetsController: show(ime(), fromIme=true)
04-19 15:55:17.531  6061  6061 D InsetsSourceConsumer: setRequestedVisible: visible=true, type=19, host=com.myapp.alist/com.myapp.alist.ui.MainActivity, from=android.view.InsetsSourceConsumer.show:246 android.view.InsetsController.showDirectly:1489 android.view.InsetsController.controlAnimationUnchecked:1137 android.view.InsetsController.applyAnimation:1456 android.view.InsetsController.applyAnimation:1437 android.view.InsetsController.show:976 android.view.ViewRootImpl$ViewRootHandler.handleMessageImpl:6483 android.view.ViewRootImpl$ViewRootHandler.handleMessage:6408 android.os.Handler.dispatchMessage:106 androidx.test.espresso.base.Interrogator.loopAndInterrogate:14
04-19 15:55:17.537  7937  8507 E HBD     : g activeNetwork is null
04-19 15:55:17.538  7937  9396 I HBD     : b [SKE_KPM] load kpm : /data/user/0/com.samsung.android.honeyboard/app_KeyPressModel/model_0_0_-667254808.im
04-19 15:55:17.540  5576  5576 D PipMotionHelper: animateToOffset: originalBounds=Rect(533, 1020 - 1038, 1304) offset=-126 callers=
04-19 15:55:17.540  5576  5576 D PipMotionHelper:     com.android.wm.shell.pip.phone.PipTouchHandler.onMovementBoundsChanged:482
04-19 15:55:17.540  5576  5576 D PipMotionHelper:     com.android.wm.shell.pip.phone.PipController.updateMovementBounds:715
04-19 15:55:17.540  5576  5576 D PipMotionHelper:     com.android.wm.shell.pip.phone.PipController.access$600:99
04-19 15:55:17.540  5576  5576 D PipMotionHelper:     com.android.wm.shell.pip.phone.PipController$PipControllerPinnedTaskListener.onMovementBoundsChanged:238
04-19 15:55:17.540  5576  5576 D PipMotionHelper:     com.android.wm.shell.pip.PinnedStackListenerForwarder.onMovementBoundsChanged:65
04-19 15:55:17.541  7937  7937 I HBD     : al EBD si t 0
04-19 15:55:17.547  4894  4894 I SurfaceFlinger: Setting desired display mode specs: default mode ID: 0, allowGroupSwitching = 0, primary range: [60.00fps 120.00fps], app request range: [60.00fps 120.00fps]
04-19 15:55:17.549  5232  5601 V WindowManager: Relayout Window{4822353 u0 ScreenDecorOverlayBottom}: viewVisibility=0 req=1079x151 d0
04-19 15:55:17.551  4894  4894 I Layer   : id=4107 removeFromCurrentState Surface(name=ec1a749 NavigationBar0)/@0xfb3ebf7 - animation-leash of insets_animation#1 (106)
04-19 15:55:17.552  5232  5601 V WindowManager: Relayout hash=4822353, pid=5576: mAttrs={(0,0)(fillxwrap) gr=BOTTOM CENTER_VERTICAL sim={adjust=pan} layoutInDisplayCutoutMode=always ty=NAVIGATION_BAR_PANEL fmt=TRANSLUCENT
04-19 15:55:17.552  5232  5601 V WindowManager:   fl=20800128
04-19 15:55:17.552  5232  5601 V WindowManager:   pfl=13100050
04-19 15:55:17.552  5232  5601 V WindowManager:   vsysui=100
04-19 15:55:17.552  5232  5601 V WindowManager:   bhv=DEFAULT naviIconColor=0}
04-19 15:55:17.553  7937  8511 E IceCone : g isNetworkDisconnected net=null, getNetworkCapabilities.hasCapability() is false or null
04-19 15:55:17.553  5576  6511 I ViewRootImpl@60d6efe[ScreenDecorOverlayBottom]: Relayout returned: old=(0,2189,1080,2340) new=(0,2189,1080,2340) req=(1079,151)0 dur=5 res=0x1 s={true 535593426944} ch=false fn=108
04-19 15:55:17.559  6163  8671 W sfc     : Failed to retrieve prediction data. [CONTEXT service_id=177 ]
04-19 15:55:17.568  5232  5601 V WindowManager: Relayout Window{4822353 u0 ScreenDecorOverlayBottom}: viewVisibility=0 req=1079x151 d0
04-19 15:55:17.570  5937  5937 V InlineSuggestionRenderService: handleDestroySuggestionViews called for 0:547009950
04-19 15:55:17.570  6061  6061 D ScrollView:  onsize change changed
04-19 15:55:17.572  4894  4894 D SurfaceFlinger: Display 0 HWC layers:
04-19 15:55:17.572  4894  4894 D SurfaceFlinger:      DEVICE | 0x7d6cf6c780 | 0102 | RGBA_8888    |    0.0    0.0 1080.0 2340.0 |    0    0 1080 2340 | com.myapp.alist/com.myapp.alist.ui.MainActivity$_6061#0
04-19 15:55:17.572  4894  4894 D SurfaceFlinger:      DEVICE | 0x7d6cf6d540 | 0100 | RGBA_8888    |    0.0    0.0 1080.0 1527.0 |    0  813 1080 2340 | InputMethod$_7937#0
04-19 15:55:17.572  4894  4894 D SurfaceFlinger:      DEVICE | 0x7d8143fe40 | 0100 | RGBA_8888    |    0.0    0.0 1080.0   78.0 |    0    0 1080   78 | StatusBar$_5576#0
04-19 15:55:17.572  4894  4894 D SurfaceFlinger:      DEVICE | 0x7d6cf6e580 | 0100 | RGBA_8888    |    0.0    0.0   67.0  362.0 | 1013 1637 1080 1999 | com.samsung.android.app.cocktailbars[...]rservice.CocktailBarService$_11163#0
04-19 15:55:17.572  4894  4894 D SurfaceFlinger:      DEVICE | 0x7da135d600 | 0100 | RGBA_8888    |    0.0    0.0 1080.0  126.0 |    0 2214 1080 2340 | NavigationBar0$_5576#0
04-19 15:55:17.572  4894  4894 D SurfaceFlinger:      DEVICE | 0x7da135d380 | 0140 | RGBA_8888    |    0.0    0.0 1080.0  151.0 |    0    0 1080  151 | ScreenDecorOverlay$_5576#0
04-19 15:55:17.572  4894  4894 D SurfaceFlinger:      DEVICE | 0x7da12bf700 | 0140 | RGBA_8888    |    0.0    0.0 1080.0  151.0 |    0 2189 1080 2340 | ScreenDecorOverlayBottom$_5576#0
04-19 15:55:17.572  4894  4894 D SurfaceFlinger:
04-19 15:55:17.572  5232  5601 V WindowManager: Relayout hash=4822353, pid=5576: mAttrs={(0,0)(fillxwrap) gr=BOTTOM CENTER_VERTICAL sim={adjust=pan} layoutInDisplayCutoutMode=always ty=NAVIGATION_BAR_PANEL fmt=TRANSLUCENT
04-19 15:55:17.572  5232  5601 V WindowManager:   fl=20800128
04-19 15:55:17.572  5232  5601 V WindowManager:   pfl=13100050
04-19 15:55:17.572  5232  5601 V WindowManager:   vsysui=100
04-19 15:55:17.572  5232  5601 V WindowManager:   bhv=DEFAULT naviIconColor=0}
04-19 15:55:17.573  5576  6511 I ViewRootImpl@60d6efe[ScreenDecorOverlayBottom]: Relayout returned: old=(0,2189,1080,2340) new=(0,2189,1080,2340) req=(1079,151)0 dur=5 res=0x1 s={true 535593426944} ch=false fn=108
04-19 15:55:17.575  5232  7701 V WindowManager: Relayout Window{5338360 u0 ScreenDecorOverlay}: viewVisibility=0 req=1079x151 d0
04-19 15:55:17.577  4894  5668 I SurfaceFlinger: id=4107 Removed Surface(name=ec1a749 NavigationBar0)/@0xfb3ebf7 - animation-leash of insets_animation#1 (106)
04-19 15:55:17.579  5232  7701 V WindowManager: Relayout hash=5338360, pid=5576: mAttrs={(0,0)(fillxwrap) gr=TOP CENTER_VERTICAL sim={adjust=pan} layoutInDisplayCutoutMode=always ty=NAVIGATION_BAR_PANEL fmt=TRANSLUCENT
04-19 15:55:17.579  5232  7701 V WindowManager:   fl=20800128
04-19 15:55:17.579  5232  7701 V WindowManager:   pfl=13100050
04-19 15:55:17.579  5232  7701 V WindowManager:   vsysui=100
04-19 15:55:17.579  5232  7701 V WindowManager:   bhv=DEFAULT naviIconColor=0}
04-19 15:55:17.579  5576  6511 I ViewRootImpl@cb0095a[ScreenDecorOverlay]: Relayout returned: old=(0,0,1080,151) new=(0,0,1080,151) req=(1079,151)0 dur=6 res=0x1 s={true 535593418752} ch=false fn=112
04-19 15:55:17.584  4894  4894 E SurfaceFlinger: Attempt to update InputPolicyFlags without permission ACCESS_SURFACE_FLINGER
04-19 15:55:17.585  4894  4894 I Layer   : id=4107 Destroyed Surface(name=ec1a749 NavigationBar0)/@0xfb3ebf7 - animation-leash of insets_animation#1
04-19 15:55:17.586  5232  5601 D InputMethodManagerServicePhysicalKey: isConnectedDexOnPC false
04-19 15:55:17.586  5232  7701 V WindowManager: Relayout Window{4822353 u0 ScreenDecorOverlayBottom}: viewVisibility=0 req=1079x151 d0
04-19 15:55:17.589  5232  5601 D InputMethodManagerService: isImeSwitcherDisabledPackage : false
04-19 15:55:17.590  5232  7701 V WindowManager: Relayout hash=4822353, pid=5576: mAttrs={(0,0)(fillxwrap) gr=BOTTOM CENTER_VERTICAL sim={adjust=pan} layoutInDisplayCutoutMode=always ty=NAVIGATION_BAR_PANEL fmt=TRANSLUCENT
04-19 15:55:17.590  5232  7701 V WindowManager:   fl=20800128
04-19 15:55:17.590  5232  7701 V WindowManager:   pfl=13100050
04-19 15:55:17.590  5232  7701 V WindowManager:   vsysui=100
04-19 15:55:17.590  5232  7701 V WindowManager:   bhv=DEFAULT naviIconColor=0}
04-19 15:55:17.590  5576  6511 I ViewRootImpl@60d6efe[ScreenDecorOverlayBottom]: Relayout returned: old=(0,2189,1080,2340) new=(0,2189,1080,2340) req=(1079,151)0 dur=5 res=0x1 s={true 535593426944} ch=false fn=108
04-19 15:55:17.590  5576  5576 V Navbar.Store: handleEvent [EventType] ON_NAVBAR_ICON_HINT_CHANGED [Module] NavigationBar  KEYS_NAVBAR_ICON_HINT=3
04-19 15:55:17.591  5576  5576 V Navbar.Store: --[Band]SETUPWIZARD_PACK_SET_NAVBAR_ICON_HINT
04-19 15:55:17.591  5576  5576 V Navbar.Store: ----getValue(BOOL_NAVBAR_BUTTON_FORCED_VISIBLE)=false
04-19 15:55:17.591  5576  5576 V Navbar.Store: ----getValue(BOOL_NAVBAR_SETUPWIZARD_STYLE)=false
04-19 15:55:17.591  5576  5576 V Navbar.Store: --[Band]VIS_PACK_REEVAULATE_NAVBAR
04-19 15:55:17.591  5576  5576 V Navbar.Store: ----apply(REEVALUATE_NAVBAR)
04-19 15:55:17.591  5576  5576 V Navbar.Store: ----handleEvent [EventType] GET_BOOL_REGION_SAMPLING_ENABLED [Module] LightBarController  KEYS_DEFAULT=false
04-19 15:55:17.591  5576  5576 V Navbar.Store: ------[Band]COLOR_PACK_GET_REGION_SAMPLING_ENABLED
04-19 15:55:17.592  5576  5576 V Navbar.Store: --------getValue(BOOL_REGION_SAMPLING_ENABLED)=false
04-19 15:55:17.592  5576  5576 V Navbar.Store: handleEvent [EventType] GET_BOOL_SHOW_KEYBOARD_BUTTON [Module] SamsungNavigationBarView  KEYS_PORTRAIT=true  KEYS_DEFAULT=true
04-19 15:55:17.592  5232  5601 V WindowManager: Relayout Window{5338360 u0 ScreenDecorOverlay}: viewVisibility=0 req=1079x151 d0
04-19 15:55:17.592  5576  5576 V Navbar.Store: --[Band]GESTURE_PACK_SHOW_KEYBOARD_BUTTON
04-19 15:55:17.592  5576  5576 V Navbar.Store: ----getValue(BOOL_NAVBAR_GESTURAL_MODE)=false
04-19 15:55:17.594  5232  5601 V WindowManager: Relayout hash=5338360, pid=5576: mAttrs={(0,0)(fillxwrap) gr=TOP CENTER_VERTICAL sim={adjust=pan} layoutInDisplayCutoutMode=always ty=NAVIGATION_BAR_PANEL fmt=TRANSLUCENT
04-19 15:55:17.594  5232  5601 V WindowManager:   fl=20800128
04-19 15:55:17.594  5232  5601 V WindowManager:   pfl=13100050
04-19 15:55:17.594  5232  5601 V WindowManager:   vsysui=100
04-19 15:55:17.594  5232  5601 V WindowManager:   bhv=DEFAULT naviIconColor=0}
04-19 15:55:17.594  5983 21648 I TouchInteractionService: onActiveNavBarRegionChanges, region : SkRegion((0,2214,388,2340)(389,2214,690,2340)(691,2214,961,2340))
04-19 15:55:17.594  5576  5576 V Navbar.Store: ----handleEvent [EventType] ON_UPDATE_REMOTEVIEW [Module] SamsungNavigationBarView  KEYS_LEFT_REMOTEVIEW_CONTAINER=android.widget.LinearLayout{6ac3937 I.E...... ......ID 0,0-118,126 #7f0b0478 app:id/left_remoteview}  KEYS_NAVBAR_DARK_INTENSITY=1.0  KEYS_RIGHT_REMOTEVIEW_CONTAINER=android.widget.LinearLayout{84d4ea4 I.E...... ......ID 962,0-1080,126 #7f0b070a app:id/right_remoteview}  KEYS_CONTEXTUALBUTTON_VISIBLE=true
04-19 15:55:17.594  5576  6511 I ViewRootImpl@cb0095a[ScreenDecorOverlay]: Relayout returned: old=(0,0,1080,151) new=(0,0,1080,151) req=(1079,151)0 dur=3 res=0x1 s={true 535593418752} ch=false fn=112
04-19 15:55:17.594  5576  5576 V Navbar.Store: ------[Band]REMOTE_VIEW_PACK_SET_REMOTEVIEW_CONTAINER
04-19 15:55:17.594  5576  5576 V Navbar.Store: --------apply(UPDATE_NAVBAR_REMOTEVIEW_CONTAINER)
04-19 15:55:17.595  5576  5576 V Navbar.Store: --------apply(UPDATE_NAVBAR_RIGHT_REMOTEVIEW_VISIBILITY)
04-19 15:55:17.595  5576  5576 V Navbar.Store: --------getValue(FLOAT_REMOTEVIEW_DARK_INTENSITY)=1.0
04-19 15:55:17.595  5983 21648 I TouchInteractionService: onActiveNavBarRegionChanges, region : SkRegion((0,2214,388,2220)(389,2214,690,2220)(691,2214,961,2220)(0,2220,388,2340)(389,2220,690,2340)(691,2220,961,2340)(962,2220,1088,2340))
04-19 15:55:17.595  5576  5576 V Navbar.Store: handleEvent [EventType] GET_BOOL_SHOW_KEYBOARD_BUTTON [Module] SamsungNavigationBarView  KEYS_PORTRAIT=true  KEYS_DEFAULT=true
04-19 15:55:17.596  5576  5576 V Navbar.Store: --[Band]GESTURE_PACK_SHOW_KEYBOARD_BUTTON
04-19 15:55:17.596  5576  5576 V Navbar.Store: ----getValue(BOOL_NAVBAR_GESTURAL_MODE)=false
04-19 15:55:17.597  5983 21648 I TouchInteractionService: onSystemUiStateChanged, stateFlags : 393216
04-19 15:55:17.598  5983  5983 I TouchInteractionService: onSystemUiFlagsChanged, userUnlocked
04-19 15:55:17.601  5576  5576 V Navbar.Store: handleEvent [EventType] GET_BOOL_NAVBAR_CAN_MOVE_STATE [Module] SamsungNavigationBarView  KEYS_DEFAULT=true
04-19 15:55:17.602  5576  5576 V Navbar.Store: --[Band]CONFIG_PACK_GET_NAVBAR_CAN_MOVE
04-19 15:55:17.602  5576  5576 V Navbar.Store: ----getValue(BOOL_NAVBAR_CAN_MOVE)=true
04-19 15:55:17.602  5576  5576 V Navbar.Store: handleEvent [EventType] GET_BOOL_USE_NAVBAR_BACKGROUND_FRAME [Module] NavigationBarTransitions  KEYS_DEFAULT=false
04-19 15:55:17.602  5983 21648 I TouchInteractionService: onActiveNavBarRegionChanges, region : SkRegion((0,2214,388,2220)(389,2214,690,2220)(691,2214,961,2220)(0,2220,388,2340)(389,2220,690,2340)(691,2220,961,2340)(962,2220,1088,2340))
04-19 15:55:17.602  5576  5576 V Navbar.Store: --[Band]COLOR_PACK_GET_USE_NAVBAR_BACKGROUND_FRAME
04-19 15:55:17.602  5576  5576 V Navbar.Store: ----getValue(BOOL_NAVBAR_GESTURAL_MODE)=false
04-19 15:55:17.602  5576  5576 V Navbar.Store: ----getValue(BOOL_NAVBAR_OPAQUE)=false
04-19 15:55:17.602  5576  5576 V Navbar.Store: ----getValue(BOOL_NAVBAR_PINNED_EDGE_ENABELD)=false
04-19 15:55:17.632  2849  2849 I Finsky  : [2] rao.onDestroy(8): IPC-SERVER: Stopping gRPC host service...
04-19 15:55:17.664  6061  6061 D UiControllerImpl: Injecting string: "Name 1"
04-19 15:55:17.665  5232  5601 D InputDispatcher: Inject key (6061): action=0, f=0x8, d=-1, time=6877364000000
04-19 15:55:17.666  5232  5378 I InputDispatcher: Delivering key to (6061): action: 0x0 (0), f=0x8, m=0x41, d=0, '1b7ed40'
04-19 15:55:17.667  7937  7937 I HBD     : a skip onKeyDown as physical keyboard not connected
04-19 15:55:17.667  7937  7937 I HBD     : HoneyBoardService onKeyDown r:dba09ebe consumed:false
04-19 15:55:17.668  6061  6061 I ViewRootImpl@1d4edff[MainActivity]: ViewPostIme key 0
04-19 15:55:17.681  5232  5255 I GestureDetector: handleMessage TAP
04-19 15:55:17.682  5232  5232 I GestureDetector: handleMessage TAP
04-19 15:55:17.688  5232  7403 D InputDispatcher: Inject key (6061): action=0, f=0x8, d=-1, time=6877386000000
04-19 15:55:17.688  5232  5378 I InputDispatcher: Delivering key to (6061): action: 0x0 (0), f=0x8, m=0x41, d=0, '1b7ed40'
04-19 15:55:17.689  7937  7937 I HBD     : a skip onKeyDown as physical keyboard not connected
04-19 15:55:17.689  7937  7937 I HBD     : HoneyBoardService onKeyDown r:02fbc106 consumed:false
04-19 15:55:17.690  6061  6061 I ViewRootImpl@1d4edff[MainActivity]: setInTouchMode(false), android.view.ViewRootImpl.checkForLeavingTouchModeAndConsume:9050 android.view.ViewRootImpl.access$3500:303 android.view.ViewRootImpl$EarlyPostImeInputStage.processKeyEvent:7399 android.view.ViewRootImpl$EarlyPostImeInputStage.onProcess:7383 android.view.ViewRootImpl$InputStage.deliver:6927 android.view.ViewRootImpl$InputStage.onDeliverToNext:6984 android.view.ViewRootImpl$InputStage.forward:6950 android.view.ViewRootImpl$AsyncInputStage.forward:7181 android.view.ViewRootImpl$ImeInputStage.onFinishedInputEvent:7368 android.view.inputmethod.InputMethodManager$PendingEvent.run:3411
04-19 15:55:17.691  6061  6061 I ViewRootImpl@1d4edff[MainActivity]: ViewPostIme key 0
04-19 15:55:17.691  7937  7937 I HBD     : al EBD ex
04-19 15:55:17.701  4894  4894 E SurfaceFlinger: Attempt to update InputPolicyFlags without permission ACCESS_SURFACE_FLINGER
04-19 15:55:17.710  7937  7937 I HBD     : bd ous -  0 ,  0 ,  1 ,  1 ,  -1 ,  -1
04-19 15:55:17.716  7937  8511 I HBD     : b getET , flag: 1 , start: 1 , end: 1 , length: 1 , composingLength: 0 , isKCC: false
04-19 15:55:17.716  7937  7937 I HBD     : b getTBC , flag: 1 , start: 1 , end: 1 , length: 1 , composingLength: 0 , isKCC: false
04-19 15:55:17.718  4894  4894 E SurfaceFlinger: Attempt to update InputPolicyFlags without permission ACCESS_SURFACE_FLINGER
04-19 15:55:17.737  7937  7937 I HBD     : b getTAC , flag: 1 , start: 1 , end: 1 , length: 1 , composingLength: 0 , isKCC: false
04-19 15:55:17.737  5232  5601 D InputDispatcher: Inject key (6061): action=1, f=0x8, d=-1, time=6877436000000
04-19 15:55:17.737  5232  5378 I InputDispatcher: Delivering key to (6061): action: 0x1 (0), f=0x8, m=0x41, d=0, '1b7ed40'
04-19 15:55:17.741  7937  7937 I HBD     : al EBD cm f 1
04-19 15:55:17.742  7937  7937 I HBD     : HoneyBoardService onKeyUp r:e35f56a4 consumed:false
04-19 15:55:17.742  6061  6061 I ViewRootImpl@1d4edff[MainActivity]: ViewPostIme key 1
04-19 15:55:17.743  7937  7937 I HBD     : c displayAnimatedVectorDrawable bee animation started cnt=4 2131231879
04-19 15:55:17.744  5232  5601 D InputDispatcher: Inject key (6061): action=1, f=0x8, d=-1, time=6877443000000
04-19 15:55:17.745  5232  5378 I InputDispatcher: Delivering key to (6061): action: 0x1 (0), f=0x8, m=0x0, d=0, '1b7ed40'
04-19 15:55:17.745  7937  7937 I HBD     : HoneyBoardService onKeyUp r:5040b69a consumed:false
04-19 15:55:17.746  6061  6061 I ViewRootImpl@1d4edff[MainActivity]: ViewPostIme key 1
04-19 15:55:17.751  4894  4894 E SurfaceFlinger: Attempt to update InputPolicyFlags without permission ACCESS_SURFACE_FLINGER
04-19 15:55:17.755  5232  5601 D InputDispatcher: Inject key (6061): action=0, f=0x8, d=-1, time=6877454000000
04-19 15:55:17.756  5232  5378 I InputDispatcher: Delivering key to (6061): action: 0x0 (0), f=0x8, m=0x0, d=0, '1b7ed40'
04-19 15:55:17.757  7937  7937 I HBD     : a skip onKeyDown as physical keyboard not connected
04-19 15:55:17.757  7937  7937 I HBD     : HoneyBoardService onKeyDown r:30b255d4 consumed:false
04-19 15:55:17.758  6061  6061 I ViewRootImpl@1d4edff[MainActivity]: ViewPostIme key 0
04-19 15:55:17.768  4894  4894 E SurfaceFlinger: Attempt to update InputPolicyFlags without permission ACCESS_SURFACE_FLINGER
04-19 15:55:17.792  7937  7937 I HBD     : bd ous -  1 ,  1 ,  2 ,  2 ,  -1 ,  -1
04-19 15:55:17.794  5232  8700 D InputDispatcher: Inject key (6061): action=1, f=0x8, d=-1, time=6877492000000
04-19 15:55:17.795  5232  5378 I InputDispatcher: Delivering key to (6061): action: 0x1 (0), f=0x8, m=0x0, d=0, '1b7ed40'
04-19 15:55:17.795 11163 11163 I Utils   : isCurrentUser current = 0, ownerId = 0
04-19 15:55:17.795 11163 11163 I TrayVisibilityController: updateTrayVisible: State=4194305 visible=2 mCurrentVisible=1 specificMode=0
04-19 15:55:17.797  7937  7937 I HBD     : b getTBC , flag: 1 , start: 2 , end: 2 , length: 2 , composingLength: 0 , isKCC: false
04-19 15:55:17.797 11163 11163 I MSHandlerLifeCycle: isMultiSplitHandlerRequested: ignored. pkg=com.samsung.android.app.cocktailbarservice isActivity=false callers=com.android.internal.policy.DecorView.setVisibility:4295 com.samsung.android.app.cocktailbarservice.controller.traystate.TrayStateHide.onUpdateVisible:66 com.samsung.android.app.cocktailbarservice.controller.traystate.TrayStateHide.onEnterState:29 com.samsung.android.app.cocktailbarservice.controller.traystate.TrayStateController.setUiState:793 com.samsung.android.app.cocktailbarservice.controller.traystate.TrayStateController$9.onNotifyUpdateTray:1492
04-19 15:55:17.798 11163 11163 I MSHandlerLifeCycle: removeMultiSplitHandler: no exist. decor=DecorView@1169e96[CocktailBarService]
04-19 15:55:17.798  7937  7937 I HBD     : b getTAC , flag: 1 , start: 2 , end: 2 , length: 2 , composingLength: 0 , isKCC: false
04-19 15:55:17.801 11163 11163 I CapturedBlurController: updateBlurBackground: false false
04-19 15:55:17.801 11163 11163 I TrayStateController: setUiState 2 : 0 --> 2
04-19 15:55:17.802  4894  4894 E SurfaceFlinger: Attempt to update InputPolicyFlags without permission ACCESS_SURFACE_FLINGER
04-19 15:55:17.802  7937  7937 I HBD     : al EBD cm f 1
04-19 15:55:17.802  7937  7937 I HBD     : HoneyBoardService onKeyUp r:e67a1b5a consumed:false
04-19 15:55:17.803  6061  6061 I ViewRootImpl@1d4edff[MainActivity]: ViewPostIme key 1
04-19 15:55:17.804  5232  5601 V WindowManager: Relayout Window{baba372 u0 com.samsung.android.app.cocktailbarservice/com.samsung.android.app.cocktailbarservice.CocktailBarService}: viewVisibility=8 req=67x362 d0
04-19 15:55:17.806  5232  8700 D InputDispatcher: Inject key (6061): action=0, f=0x8, d=-1, time=6877504000000
04-19 15:55:17.806  5232  5378 I InputDispatcher: Delivering key to (6061): action: 0x0 (0), f=0x8, m=0x0, d=0, '1b7ed40'
04-19 15:55:17.807  7937  7937 I HBD     : a skip onKeyDown as physical keyboard not connected
04-19 15:55:17.807  7937  7937 I HBD     : HoneyBoardService onKeyDown r:c8042cc4 consumed:false
04-19 15:55:17.808  6061  6061 I ViewRootImpl@1d4edff[MainActivity]: ViewPostIme key 0
04-19 15:55:17.809  5232  5601 V WindowManager: Relayout hash=baba372, pid=11163: mAttrs={(0,1637)(67x362) gr=TOP RIGHT CENTER sim={adjust=nothing} layoutInDisplayCutoutMode=shortEdges ty=2226 fmt=TRANSPARENT
04-19 15:55:17.809  5232  5601 V WindowManager:   fl=81800548
04-19 15:55:17.809  5232  5601 V WindowManager:   pfl=2000050
04-19 15:55:17.809  5232  5601 V WindowManager:   vsysui=2000
04-19 15:55:17.809  5232  5601 V WindowManager:   apr=LIGHT_STATUS_BARS
04-19 15:55:17.809  5232  5601 V WindowManager:   bhv=SHOW_TRANSIENT_BARS_BY_SWIPE
04-19 15:55:17.809  5232  5601 V WindowManager:   fitTypes=NAVIGATION_BARS CAPTION_BAR dimAmount=0.0 dimDuration=0 naviIconColor=0
04-19 15:55:17.809  5232  5601 V WindowManager:   sfl=200000}
04-19 15:55:17.810 11163 11163 I ViewRootImpl@5e91ff6[CocktailBarService]: Relayout returned: old=(1013,1637,1080,1999) new=(1013,1637,1080,1999) req=(67,362)8 dur=6 res=0x4 s={false 0} ch=true fn=3
04-19 15:55:17.811 11163 11163 I TrayStateController: putInputRect mDynamicInputRegion=127722629@LastEvent=t=1681916117810Rect(25, 0 - 67, 362),Rect=Rect(0, 0 - 0, 0)
04-19 15:55:17.811 11163 11163 I DecorView: notifyKeepScreenOnChanged: keepScreenOn=false
04-19 15:55:17.811 11163 11163 I MSHandlerLifeCycle: isMultiSplitHandlerRequested: ignored. pkg=com.samsung.android.app.cocktailbarservice isActivity=false callers=com.android.internal.policy.DecorView.hasMultiSplitHandlerInNonFreeformMode:891 com.android.internal.policy.DecorView.notifyKeepScreenOnChanged:885 android.view.ViewRootImpl.applyKeepScreenOnFlag:2945 android.view.ViewRootImpl.setLayoutParams:2108 android.view.WindowManagerGlobal.updateViewLayout:537
