04-17 18:01:36.463  8190  8190 I HBD     : HoneyBoardService onKeyDown r:d2246cf6 consumed:false
04-17 18:01:36.464 24018 24018 I ViewRootImpl@90ba39b[MainActivity]: ViewPostIme key 0
04-17 18:01:36.491  8190  8190 I HBD     : bd ous -  12 ,  12 ,  13 ,  13 ,  -1 ,  -1
04-17 18:01:36.501  8190  8190 I HBD     : b getTBC , flag: 1 , start: 13 , end: 13 , length: 13 , composingLength: 0 , isKCC: false
04-17 18:01:36.506  4929  4929 E SurfaceFlinger: Attempt to update InputPolicyFlags without permission ACCESS_SURFACE_FLINGER
04-17 18:01:36.534  8190  8190 I HBD     : a [PF_KL][HBIC] getTextBeforeCursor t, 34
04-17 18:01:36.534  8190  8190 I HBD     : b getTAC , flag: 1 , start: 13 , end: 13 , length: 13 , composingLength: 0 , isKCC: false
04-17 18:01:36.536  5274  7486 D InputDispatcher: Inject key (24018): action=1, f=0x8, d=-1, time=10535050000000
04-17 18:01:36.537  5274  5414 I InputDispatcher: Delivering key to (24018): action: 0x1 (0), f=0x8, m=0x0, d=0, 'ae17f2d'
04-17 18:01:36.540  4929  4929 E SurfaceFlinger: Attempt to update InputPolicyFlags without permission ACCESS_SURFACE_FLINGER
04-17 18:01:36.546  8190  8190 I HBD     : al EBD cm f 1
04-17 18:01:36.547  8190  8190 I HBD     : HoneyBoardService onKeyUp r:a8beaaac consumed:false
04-17 18:01:36.548 24018 24018 I ViewRootImpl@90ba39b[MainActivity]: ViewPostIme key 1
04-17 18:01:36.555 24018 24018 I ViewInteraction: Performing 'close keyboard' action on view view.getId() is <2131296494/com.myapp.alist:id/input2EditText>
04-17 18:01:36.555 24018 24018 D IdlingRegistry: Registering idling resources: [androidx.test.espresso.action.CloseKeyboardAction$CloseKeyboardIdlingResult@8a21275]
04-17 18:01:36.555 24018 24018 I IMM_LC  : hsifw() - flags=0, caller=android.view.inputmethod.InputMethodManager.hideSoftInputFromWindow:1858 androidx.test.espresso.action.CloseKeyboardAction.tryToCloseKeyboard:6 androidx.test.espresso.action.CloseKeyboardAction.perform:2 androidx.test.espresso.ViewInteraction$SingleExecutionViewAction.perform:2 androidx.test.espresso.ViewInteraction.doPerform:25
04-17 18:01:36.556 24018 24018 I IMM_LC  : hideSoftInputFromWindow - mService.hideSoftInput
04-17 18:01:36.558  8190  8190 I InputMethod: hideSoftInput(), flags : 0
04-17 18:01:36.559  8190  8190 I HBD     : HoneyBoardService onFinishInputView finishingInput= false
04-17 18:01:36.560  8190  8190 I HBD     : a [UpdatePolicy] [post] a: 3 cl: 65538 kit: [0/0] vt: 0 ir: 1
04-17 18:01:36.560  8190  8190 I HBD     : b processFinishInputView
04-17 18:01:36.561  8190  8190 I HBD     : bd stopRunningTimers
04-17 18:01:36.563  5274  7487 D InputMethodManagerServicePhysicalKey: isConnectedDexOnPC false
04-17 18:01:36.563  8190  8190 I HBD     : e unbindCurrentHoneyBoard : text_board
04-17 18:01:36.564  8190  8190 I HBD     : a onUnbind
04-17 18:01:36.564  5274  7487 D InputMethodManagerService: isImeSwitcherDisabledPackage : false
04-17 18:01:36.564  5274  7487 I InputMethodManagerService: setImeWindowStatus: vis=0, backDisposition=0
04-17 18:01:36.565  8190  8190 I HBD     : a clear BaseLanguageRepo
04-17 18:01:36.565  8190  8190 I HBD     : HoneyBoardService [PF_CL][onFinishInputView]  6 ms
04-17 18:01:36.566  8190  8190 I HBD     : HoneyBoardService onWindowHidden
04-17 18:01:36.566  8190  8190 I HBD     : HoneyBoardService [PF_CL][onWindowHidden]  311231 ns
04-17 18:01:36.567  8190 24251 I HBD     : bd requestCursorUpdates(0),  4
04-17 18:01:36.567  8190  8190 I DecorView: notifyKeepScreenOnChanged: keepScreenOn=false
04-17 18:01:36.568  5598  5598 V Navbar.Store: handleEvent [EventType] ON_NAVBAR_ICON_HINT_CHANGED [Module] NavigationBar  KEYS_NAVBAR_ICON_HINT=0
04-17 18:01:36.568  8190  8190 I MSHandlerLifeCycle: isMultiSplitHandlerRequested: ignored. pkg=com.samsung.android.honeyboard isActivity=false callers=com.android.internal.policy.DecorView.hasMultiSplitHandlerInNonFreeformMode:891 com.android.internal.policy.DecorView.notifyKeepScreenOnChanged:885 android.view.ViewRootImpl.applyKeepScreenOnFlag:2945 android.view.ViewRootImpl.setLayoutParams:2108 android.view.WindowManagerGlobal.updateViewLayout:537
04-17 18:01:36.568  5598  5598 V Navbar.Store: --[Band]SETUPWIZARD_PACK_SET_NAVBAR_ICON_HINT
04-17 18:01:36.568  5598  5598 V Navbar.Store: ----getValue(BOOL_NAVBAR_BUTTON_FORCED_VISIBLE)=false
04-17 18:01:36.568  5598  5598 V Navbar.Store: ----getValue(BOOL_NAVBAR_SETUPWIZARD_STYLE)=false
04-17 18:01:36.568  5598  5598 V Navbar.Store: --[Band]VIS_PACK_REEVAULATE_NAVBAR
04-17 18:01:36.568  5598  5598 V Navbar.Store: ----apply(REEVALUATE_NAVBAR)
04-17 18:01:36.568  5598  5598 V Navbar.Store: ----handleEvent [EventType] GET_BOOL_REGION_SAMPLING_ENABLED [Module] LightBarController  KEYS_DEFAULT=false
04-17 18:01:36.568  5598  5598 V Navbar.Store: ------[Band]COLOR_PACK_GET_REGION_SAMPLING_ENABLED
04-17 18:01:36.568  5598  5598 V Navbar.Store: --------getValue(BOOL_REGION_SAMPLING_ENABLED)=false
04-17 18:01:36.569 24018 24018 D InsetsSourceConsumer: setRequestedVisible: visible=false, type=19, host=com.myapp.alist/com.myapp.alist.ui.MainActivity, from=android.view.InsetsSourceConsumer.hide:253 android.view.ImeInsetsSourceConsumer.hide:68 android.view.ImeInsetsSourceConsumer.hide:74 android.view.InsetsController.hideDirectly:1473 android.view.InsetsController.controlAnimationUnchecked:1139 android.view.InsetsController.applyAnimation:1456 android.view.InsetsController.applyAnimation:1437 android.view.InsetsController.hide:1006 android.view.ViewRootImpl$ViewRootHandler.handleMessageImpl:6487 android.view.ViewRootImpl$ViewRootHandler.handleMessage:6408
04-17 18:01:36.569  5598  5598 V Navbar.Store: ----handleEvent [EventType] ON_UPDATE_REMOTEVIEW [Module] SamsungNavigationBarView  KEYS_LEFT_REMOTEVIEW_CONTAINER=android.widget.LinearLayout{f974a1b I.E...... ......ID 0,0-118,126 #7f0b0478 app:id/left_remoteview}  KEYS_NAVBAR_DARK_INTENSITY=1.0  KEYS_CONTEXTUALBUTTON_VISIBLE=false  KEYS_RIGHT_REMOTEVIEW_CONTAINER=android.widget.LinearLayout{7e0f7b8 I.E...... ......ID 962,0-1080,126 #7f0b070a app:id/right_remoteview}
04-17 18:01:36.569  5598  5598 V Navbar.Store: ------[Band]REMOTE_VIEW_PACK_SET_REMOTEVIEW_CONTAINER
04-17 18:01:36.570  5598  5598 V Navbar.Store: --------apply(UPDATE_NAVBAR_REMOTEVIEW_CONTAINER)
04-17 18:01:36.570  5598  5598 V Navbar.Store: --------apply(UPDATE_NAVBAR_RIGHT_REMOTEVIEW_VISIBILITY)
04-17 18:01:36.570  5598  5598 V Navbar.Store: --------getValue(FLOAT_REMOTEVIEW_DARK_INTENSITY)=1.0
04-17 18:01:36.571  6034  6066 I TouchInteractionService: onActiveNavBarRegionChanges, region : SkRegion((0,2214,388,2340)(389,2214,690,2340)(691,2214,961,2340)(962,2214,1084,2340)(962,2340,1084,2341))
04-17 18:01:36.571  6034  6066 I TouchInteractionService: onActiveNavBarRegionChanges, region : SkRegion((0,2214,388,2340)(389,2214,690,2340)(691,2214,961,2340))
04-17 18:01:36.573  6034  6066 I TouchInteractionService: onSystemUiStateChanged, stateFlags : 131072
04-17 18:01:36.573  4929  6292 I SurfaceFlinger: id=6838 createSurf (0x0),-1 flag=24000, Surface(name=175e94d NavigationBar0)/@0xef769fd - animation-leash of insets_animation#0
04-17 18:01:36.574  6034  6034 I TouchInteractionService: onSystemUiFlagsChanged, userUnlocked
04-17 18:01:36.575  5598  5598 V Navbar.Store: handleEvent [EventType] GET_BOOL_NAVBAR_CAN_MOVE_STATE [Module] SamsungNavigationBarView  KEYS_DEFAULT=true
04-17 18:01:36.575  5598  5598 V Navbar.Store: --[Band]CONFIG_PACK_GET_NAVBAR_CAN_MOVE
04-17 18:01:36.575  5598  5598 V Navbar.Store: ----getValue(BOOL_NAVBAR_CAN_MOVE)=true
04-17 18:01:36.576  7578  7578 I CocktailBarUiController: onReceive: action=ResponseAxT9Info isVisibleWindow=0
04-17 18:01:36.576  6034  6066 I TouchInteractionService: onActiveNavBarRegionChanges, region : SkRegion((0,2214,388,2340)(389,2214,690,2340)(691,2214,961,2340))
04-17 18:01:36.576  5598  5598 V Navbar.Store: handleEvent [EventType] GET_BOOL_USE_NAVBAR_BACKGROUND_FRAME [Module] NavigationBarTransitions  KEYS_DEFAULT=false
04-17 18:01:36.577  5598  5598 V Navbar.Store: --[Band]COLOR_PACK_GET_USE_NAVBAR_BACKGROUND_FRAME
04-17 18:01:36.577  5598  5598 V Navbar.Store: ----getValue(BOOL_NAVBAR_GESTURAL_MODE)=false
04-17 18:01:36.577  5598  5598 V Navbar.Store: ----getValue(BOOL_NAVBAR_OPAQUE)=false
04-17 18:01:36.577  5598  5598 V Navbar.Store: ----getValue(BOOL_NAVBAR_PINNED_EDGE_ENABELD)=false
04-17 18:01:36.583  5598  5598 D PipMotionHelper: animateToOffset: originalBounds=Rect(533, 1888 - 1038, 2172) offset=0 callers=
04-17 18:01:36.583  5598  5598 D PipMotionHelper:     com.android.wm.shell.pip.phone.PipTouchHandler.onMovementBoundsChanged:477
04-17 18:01:36.583  5598  5598 D PipMotionHelper:     com.android.wm.shell.pip.phone.PipController.updateMovementBounds:715
04-17 18:01:36.583  5598  5598 D PipMotionHelper:     com.android.wm.shell.pip.phone.PipController.access$600:99
04-17 18:01:36.583  5598  5598 D PipMotionHelper:     com.android.wm.shell.pip.phone.PipController$PipControllerPinnedTaskListener.onMovementBoundsChanged:238
04-17 18:01:36.583  5598  5598 D PipMotionHelper:     com.android.wm.shell.pip.PinnedStackListenerForwarder.onMovementBoundsChanged:65
04-17 18:01:36.593  5274  7486 V WindowManager: Relayout Window{4b2d9f9 u0 InputMethod}: viewVisibility=0 req=1080x2257 d0
04-17 18:01:36.599  5274  5587 V WindowManager: Relayout Window{2f5398f u0 ScreenDecorOverlay}: viewVisibility=0 req=1079x151 d0
04-17 18:01:36.602  5274  7486 V WindowManager: Relayout hash=4b2d9f9, pid=8190: mAttrs={(0,0)(fillxfill) gr=BOTTOM CENTER_VERTICAL sim={adjust=pan} ty=INPUT_METHOD fmt=TRANSPARENT wanim=0x7f130170 preferredMinDisplayRefreshRate=60.0 receive insets ignoring z-order
04-17 18:01:36.602  5274  7486 V WindowManager:   fl=81800108
04-17 18:01:36.602  5274  7486 V WindowManager:   pfl=12000000
04-17 18:01:36.602  5274  7486 V WindowManager:   vsysui=10
04-17 18:01:36.602  5274  7486 V WindowManager:   apr=LIGHT_NAVIGATION_BARS
04-17 18:01:36.602  5274  7486 V WindowManager:   bhv=DEFAULT
04-17 18:01:36.602  5274  7486 V WindowManager:   fitTypes=STATUS_BARS NAVIGATION_BARS
04-17 18:01:36.602  5274  7486 V WindowManager:   fitSides=LEFT TOP RIGHT
04-17 18:01:36.602  5274  7486 V WindowManager:   fitIgnoreVis dimDuration=150 naviIconColor=0}
04-17 18:01:36.604  5274  5587 V WindowManager: Relayout hash=2f5398f, pid=5598: mAttrs={(0,0)(fillxwrap) gr=TOP CENTER_VERTICAL sim={adjust=pan} layoutInDisplayCutoutMode=always ty=NAVIGATION_BAR_PANEL fmt=TRANSLUCENT
04-17 18:01:36.604  5274  5587 V WindowManager:   fl=20800128
04-17 18:01:36.604  5274  5587 V WindowManager:   pfl=13100050
04-17 18:01:36.604  5274  5587 V WindowManager:   vsysui=100
04-17 18:01:36.604  5274  5587 V WindowManager:   bhv=DEFAULT naviIconColor=0}
04-17 18:01:36.605  8190  8190 I ViewRootImpl@e692e0[InputMethod]: Relayout returned: old=(0,83,1080,2340) new=(0,83,1080,2340) req=(1080,2257)0 dur=14 res=0x2 s={true 488344834048} ch=false fn=3
04-17 18:01:36.606  5598  6625 I ViewRootImpl@ce89bca[ScreenDecorOverlay]: Relayout returned: old=(0,0,1080,151) new=(0,0,1080,151) req=(1079,151)0 dur=13 res=0x0 s={true 485883396096} ch=false fn=212
04-17 18:01:36.610  8190  8190 I ViewRootImpl@e692e0[InputMethod]: [DP] dp(1) 1 android.view.ViewRootImpl.reportNextDraw:11442 android.view.ViewRootImpl.performTraversals:4198 android.view.ViewRootImpl.doTraversal:2924
04-17 18:01:36.614  5274  7486 V WindowManager: Relayout Window{2f5398f u0 ScreenDecorOverlay}: viewVisibility=0 req=1079x151 d0
04-17 18:01:36.617 24018 24018 D ScrollView:  onsize change changed
04-17 18:01:36.620  5274  7486 V WindowManager: Relayout hash=2f5398f, pid=5598: mAttrs={(0,0)(fillxwrap) gr=TOP CENTER_VERTICAL sim={adjust=pan} layoutInDisplayCutoutMode=always ty=NAVIGATION_BAR_PANEL fmt=TRANSLUCENT
04-17 18:01:36.620  5274  7486 V WindowManager:   fl=20800128
04-17 18:01:36.620  5274  7486 V WindowManager:   pfl=13100050
04-17 18:01:36.620  5274  7486 V WindowManager:   vsysui=100
04-17 18:01:36.620  5274  7486 V WindowManager:   bhv=DEFAULT naviIconColor=0}
04-17 18:01:36.621  5598  6625 I ViewRootImpl@ce89bca[ScreenDecorOverlay]: Relayout returned: old=(0,0,1080,151) new=(0,0,1080,151) req=(1079,151)0 dur=12 res=0x0 s={true 485883396096} ch=false fn=212
04-17 18:01:36.625 24018 24018 D InsetsSourceConsumer: ensureControlAlpha: for ITYPE_NAVIGATION_BAR on com.myapp.alist/com.myapp.alist.ui.MainActivity
04-17 18:01:36.628  5274  7487 V WindowManager: Relayout Window{b7541b2 u0 ScreenDecorOverlayBottom}: viewVisibility=0 req=1079x151 d0
04-17 18:01:36.631  5274  7487 V WindowManager: Relayout hash=b7541b2, pid=5598: mAttrs={(0,0)(fillxwrap) gr=BOTTOM CENTER_VERTICAL sim={adjust=pan} layoutInDisplayCutoutMode=always ty=NAVIGATION_BAR_PANEL fmt=TRANSLUCENT
04-17 18:01:36.631  5274  7487 V WindowManager:   fl=20800128
04-17 18:01:36.631  5274  7487 V WindowManager:   pfl=13100050
04-17 18:01:36.631  5274  7487 V WindowManager:   vsysui=100
04-17 18:01:36.631  5274  7487 V WindowManager:   bhv=DEFAULT naviIconColor=0}
04-17 18:01:36.634  5598  6625 I ViewRootImpl@dd9c72a[ScreenDecorOverlayBottom]: Relayout returned: old=(0,2189,1080,2340) new=(0,2189,1080,2340) req=(1079,151)0 dur=11 res=0x0 s={true 485883961344} ch=false fn=163
04-17 18:01:36.635  8190  8190 I ViewRootImpl@e692e0[InputMethod]: [DP] pdf(0) 1 android.view.ViewRootImpl.lambda$addFrameCompleteCallbackIfNeeded$3$ViewRootImpl:5000 android.view.ViewRootImpl$$ExternalSyntheticLambda16.run:6 android.os.Handler.handleCallback:938
04-17 18:01:36.635  8190  8190 I ViewRootImpl@e692e0[InputMethod]: [DP] rdf()
04-17 18:01:36.637  8190  8190 I HBD     : d Init expand button state by global layout listener
04-17 18:01:36.637  5274  5587 V WindowManager: Relayout Window{2f5398f u0 ScreenDecorOverlay}: viewVisibility=0 req=1079x151 d0
04-17 18:01:36.640  4929  4929 E SurfaceFlinger: Attempt to update InputPolicyFlags without permission ACCESS_SURFACE_FLINGER
04-17 18:01:36.643  5274  5587 V WindowManager: Relayout hash=2f5398f, pid=5598: mAttrs={(0,0)(fillxwrap) gr=TOP CENTER_VERTICAL sim={adjust=pan} layoutInDisplayCutoutMode=always ty=NAVIGATION_BAR_PANEL fmt=TRANSLUCENT
04-17 18:01:36.643  5274  5587 V WindowManager:   fl=20800128
04-17 18:01:36.643  5274  5587 V WindowManager:   pfl=13100050
04-17 18:01:36.643  5274  5587 V WindowManager:   vsysui=100
04-17 18:01:36.643  5274  5587 V WindowManager:   bhv=DEFAULT naviIconColor=0}
04-17 18:01:36.645  5598  6625 I ViewRootImpl@ce89bca[ScreenDecorOverlay]: Relayout returned: old=(0,0,1080,151) new=(0,0,1080,151) req=(1079,151)0 dur=9 res=0x0 s={true 485883396096} ch=false fn=212
04-17 18:01:36.650  5274  7486 V WindowManager: Relayout Window{b7541b2 u0 ScreenDecorOverlayBottom}: viewVisibility=0 req=1079x151 d0
04-17 18:01:36.655  5274  7486 V WindowManager: Relayout hash=b7541b2, pid=5598: mAttrs={(0,0)(fillxwrap) gr=BOTTOM CENTER_VERTICAL sim={adjust=pan} layoutInDisplayCutoutMode=always ty=NAVIGATION_BAR_PANEL fmt=TRANSLUCENT
04-17 18:01:36.655  5274  7486 V WindowManager:   fl=20800128
04-17 18:01:36.655  5274  7486 V WindowManager:   pfl=13100050
04-17 18:01:36.655  5274  7486 V WindowManager:   vsysui=100
04-17 18:01:36.655  5274  7486 V WindowManager:   bhv=DEFAULT naviIconColor=0}
04-17 18:01:36.656  5598  6625 I ViewRootImpl@dd9c72a[ScreenDecorOverlayBottom]: Relayout returned: old=(0,2189,1080,2340) new=(0,2189,1080,2340) req=(1079,151)0 dur=11 res=0x0 s={true 485883961344} ch=false fn=163
04-17 18:01:36.661  5274  7486 D InputMethodManagerServicePhysicalKey: isConnectedDexOnPC false
04-17 18:01:36.663  5274  7486 D InputMethodManagerService: isImeSwitcherDisabledPackage : false
04-17 18:01:36.778 24018 24018 I IMM_LC  : notifyImeHidden
04-17 18:01:36.787  8190  8190 I MSHandlerLifeCycle: isMultiSplitHandlerRequested: ignored. pkg=com.samsung.android.honeyboard isActivity=false callers=com.android.internal.policy.DecorView.setVisibility:4295 android.app.Dialog.hide:741 android.inputmethodservice.InputMethodService.removeImeSurface:1143 android.inputmethodservice.InputMethodService.scheduleImeSurfaceRemoval:1136 android.inputmethodservice.InputMethodService.access$1400:354
04-17 18:01:36.787  8190  8190 I MSHandlerLifeCycle: removeMultiSplitHandler: no exist. decor=DecorView@79765ce[InputMethod]
04-17 18:01:36.798  4929  4929 D SurfaceFlinger: Display 0 HWC layers:
04-17 18:01:36.798  4929  4929 D SurfaceFlinger:      DEVICE | 0x71a58dbf80 | 0102 | RGBA_8888    |    0.0    0.0 1080.0 2340.0 |    0    0 1080 2340 | com.myapp.alist/com.myapp.alist.ui.MainActivity$_24018#0
04-17 18:01:36.798  4929  4929 D SurfaceFlinger:      DEVICE | 0x71a58be580 | 0100 | RGBA_8888    |    0.0    0.0 1080.0   78.0 |    0    0 1080   78 | StatusBar$_5598#0
04-17 18:01:36.798  4929  4929 D SurfaceFlinger:      DEVICE | 0x71a58dcfc0 | 0100 | RGBA_8888    |    0.0    0.0 1080.0  126.0 |    0 2214 1080 2340 | NavigationBar0$_5598#0
04-17 18:01:36.798  4929  4929 D SurfaceFlinger:      DEVICE | 0x7170160d40 | 0140 | RGBA_8888    |    0.0    0.0 1080.0  151.0 |    0    0 1080  151 | ScreenDecorOverlay$_5598#0
04-17 18:01:36.798  4929  4929 D SurfaceFlinger:      DEVICE | 0x71a3dca740 | 0140 | RGBA_8888    |    0.0    0.0 1080.0  151.0 |    0 2189 1080 2340 | ScreenDecorOverlayBottom$_5598#0
04-17 18:01:36.798  4929  4929 D SurfaceFlinger:
04-17 18:01:36.802  5274  7487 V WindowManager: Relayout Window{4b2d9f9 u0 InputMethod}: viewVisibility=8 req=1080x2257 d0
04-17 18:01:36.807  4929  4929 I Layer   : id=6837 removeFromCurrentState InputMethod$_8190#0 (105)
04-17 18:01:36.813  5274  7487 V WindowManager: Relayout hash=4b2d9f9, pid=8190: mAttrs={(0,0)(fillxfill) gr=BOTTOM CENTER_VERTICAL sim={adjust=pan} ty=INPUT_METHOD fmt=TRANSPARENT wanim=0x7f130170 preferredMinDisplayRefreshRate=60.0 receive insets ignoring z-order
04-17 18:01:36.813  5274  7487 V WindowManager:   fl=81800108
04-17 18:01:36.813  5274  7487 V WindowManager:   pfl=12000000
04-17 18:01:36.813  5274  7487 V WindowManager:   vsysui=10
04-17 18:01:36.813  5274  7487 V WindowManager:   apr=LIGHT_NAVIGATION_BARS
04-17 18:01:36.813  5274  7487 V WindowManager:   bhv=DEFAULT
04-17 18:01:36.813  5274  7487 V WindowManager:   fitTypes=STATUS_BARS NAVIGATION_BARS
04-17 18:01:36.813  5274  7487 V WindowManager:   fitSides=LEFT TOP RIGHT
04-17 18:01:36.813  5274  7487 V WindowManager:   fitIgnoreVis dimDuration=150 naviIconColor=0}
04-17 18:01:36.814  4929  4929 I SurfaceFlinger: Setting desired display mode specs: default mode ID: 0, allowGroupSwitching = 0, primary range: [0.00fps 120.00fps], app request range: [0.00fps 120.00fps]
04-17 18:01:36.818  4929  4966 I SurfaceFlinger: id=6837 Removed InputMethod$_8190#0 (105)
04-17 18:01:36.818  8190  8190 I ViewRootImpl@e692e0[InputMethod]: Relayout returned: old=(0,83,1080,2340) new=(0,83,1080,2340) req=(1080,2257)8 dur=17 res=0x4 s={false 0} ch=true fn=4
04-17 18:01:36.824  4929  4929 I Layer   : id=6837 Destroyed InputMethod$_8190#0
04-17 18:01:36.832  5274  7486 V WindowManager: Relayout Window{b7541b2 u0 ScreenDecorOverlayBottom}: viewVisibility=0 req=1079x151 d0
04-17 18:01:36.837  5274  7486 V WindowManager: Relayout hash=b7541b2, pid=5598: mAttrs={(0,0)(fillxwrap) gr=BOTTOM CENTER_VERTICAL sim={adjust=pan} layoutInDisplayCutoutMode=always ty=NAVIGATION_BAR_PANEL fmt=TRANSLUCENT
04-17 18:01:36.837  5274  7486 V WindowManager:   fl=20800128
04-17 18:01:36.837  5274  7486 V WindowManager:   pfl=13100050
04-17 18:01:36.837  5274  7486 V WindowManager:   vsysui=100
04-17 18:01:36.837  5274  7486 V WindowManager:   bhv=DEFAULT naviIconColor=0}
04-17 18:01:36.839  5598  6625 I ViewRootImpl@dd9c72a[ScreenDecorOverlayBottom]: Relayout returned: old=(0,2189,1080,2340) new=(0,2189,1080,2340) req=(1079,151)0 dur=14 res=0x0 s={true 485883961344} ch=false fn=163
04-17 18:01:36.844  5274  7487 V WindowManager: Relayout Window{2f5398f u0 ScreenDecorOverlay}: viewVisibility=0 req=1079x151 d0
04-17 18:01:36.849  5274  7487 V WindowManager: Relayout hash=2f5398f, pid=5598: mAttrs={(0,0)(fillxwrap) gr=TOP CENTER_VERTICAL sim={adjust=pan} layoutInDisplayCutoutMode=always ty=NAVIGATION_BAR_PANEL fmt=TRANSLUCENT
04-17 18:01:36.849  5274  7487 V WindowManager:   fl=20800128
04-17 18:01:36.849  5274  7487 V WindowManager:   pfl=13100050
04-17 18:01:36.849  5274  7487 V WindowManager:   vsysui=100
04-17 18:01:36.849  5274  7487 V WindowManager:   bhv=DEFAULT naviIconColor=0}
04-17 18:01:36.850  5598  6625 I ViewRootImpl@ce89bca[ScreenDecorOverlay]: Relayout returned: old=(0,0,1080,151) new=(0,0,1080,151) req=(1079,151)0 dur=9 res=0x0 s={true 485883396096} ch=false fn=212
04-17 18:01:36.855  5274  7487 V WindowManager: Relayout Window{b7541b2 u0 ScreenDecorOverlayBottom}: viewVisibility=0 req=1079x151 d0
04-17 18:01:36.860  5274  7487 V WindowManager: Relayout hash=b7541b2, pid=5598: mAttrs={(0,0)(fillxwrap) gr=BOTTOM CENTER_VERTICAL sim={adjust=pan} layoutInDisplayCutoutMode=always ty=NAVIGATION_BAR_PANEL fmt=TRANSLUCENT
04-17 18:01:36.860  5274  7487 V WindowManager:   fl=20800128
04-17 18:01:36.860  5274  7487 V WindowManager:   pfl=13100050
04-17 18:01:36.860  5274  7487 V WindowManager:   vsysui=100
04-17 18:01:36.860  5274  7487 V WindowManager:   bhv=DEFAULT naviIconColor=0}
04-17 18:01:36.861  5598  6625 I ViewRootImpl@dd9c72a[ScreenDecorOverlayBottom]: Relayout returned: old=(0,2189,1080,2340) new=(0,2189,1080,2340) req=(1079,151)0 dur=8 res=0x0 s={true 485883961344} ch=false fn=163
04-17 18:01:36.865  5274  7487 V WindowManager: Relayout Window{2f5398f u0 ScreenDecorOverlay}: viewVisibility=0 req=1079x151 d0
04-17 18:01:36.870  5274  7487 V WindowManager: Relayout hash=2f5398f, pid=5598: mAttrs={(0,0)(fillxwrap) gr=TOP CENTER_VERTICAL sim={adjust=pan} layoutInDisplayCutoutMode=always ty=NAVIGATION_BAR_PANEL fmt=TRANSLUCENT
04-17 18:01:36.870  5274  7487 V WindowManager:   fl=20800128
04-17 18:01:36.870  5274  7487 V WindowManager:   pfl=13100050
04-17 18:01:36.870  5274  7487 V WindowManager:   vsysui=100
04-17 18:01:36.870  5274  7487 V WindowManager:   bhv=DEFAULT naviIconColor=0}
04-17 18:01:36.871  5598  6625 I ViewRootImpl@ce89bca[ScreenDecorOverlay]: Relayout returned: old=(0,0,1080,151) new=(0,0,1080,151) req=(1079,151)0 dur=9 res=0x0 s={true 485883396096} ch=false fn=212
04-17 18:01:36.877  7578  7578 I Utils   : isCurrentUser current = 0, ownerId = 0
04-17 18:01:36.878  7578  7578 I TrayVisibilityController: getComputedTrayVisible : keyguardState = 1
04-17 18:01:36.879  7578  7578 I TrayVisibilityController: updateTrayVisible: State=1 visible=1 mCurrentVisible=2 specificMode=0
04-17 18:01:36.879  7578  7578 I TrayStateController: onNotifyUpdateTray: state=2
04-17 18:01:36.880  7578  7578 I MSHandlerLifeCycle: isMultiSplitHandlerRequested: ignored. pkg=com.samsung.android.app.cocktailbarservice isActivity=false callers=com.android.internal.policy.DecorView.setVisibility:4295 com.samsung.android.app.cocktailbarservice.controller.traystate.TrayStateHide.onExitState:54 com.samsung.android.app.cocktailbarservice.controller.traystate.TrayStateController.setUiState:779 com.samsung.android.app.cocktailbarservice.controller.traystate.TrayStateController$9.onNotifyUpdateTray:1482 com.samsung.android.app.cocktailbarservice.controller.traystate.TrayVisibilityController.notifyUpdateTray:431
04-17 18:01:36.880  7578  7578 I MSHandlerLifeCycle: removeMultiSplitHandler: no exist. decor=DecorView@2e85943[CocktailBarService]
04-17 18:01:36.880  7578  7578 I MSHandlerLifeCycle: isMultiSplitHandlerRequested: ignored. pkg=com.samsung.android.app.cocktailbarservice isActivity=false callers=com.android.internal.policy.DecorView.setVisibility:4295 com.samsung.android.app.cocktailbarservice.controller.traystate.TrayStateTrigger.onEnterState:187 com.samsung.android.app.cocktailbarservice.controller.traystate.TrayStateController.setUiState:793 com.samsung.android.app.cocktailbarservice.controller.traystate.TrayStateController$9.onNotifyUpdateTray:1482 com.samsung.android.app.cocktailbarservice.controller.traystate.TrayVisibilityController.notifyUpdateTray:431
04-17 18:01:36.881  7578  7578 I MSHandlerLifeCycle: removeMultiSplitHandler: no exist. decor=DecorView@2e85943[CocktailBarService]
04-17 18:01:36.889  7578  7578 I TrayStateTrigger: getTriggerMarginOnTop retY=1637 halfHandleSize=181 getTriggerPosition=81.818184
04-17 18:01:36.890  7578  7578 I CapturedBlurController: updateBlurBackground: false false
04-17 18:01:36.890  7578  7578 I TrayStateController: setUiState 0 : 2 --> 0
04-17 18:01:36.893  5274  7487 V WindowManager: Relayout Window{efcd846 u0 com.samsung.android.app.cocktailbarservice/com.samsung.android.app.cocktailbarservice.CocktailBarService}: viewVisibility=0 req=67x362 d0
04-17 18:01:36.893  4929  6292 I SurfaceFlinger: id=6839 createSurf (67x362),-3 flag=40004, com.samsung.android.app.cocktailbarservice/com.samsung.android.app.cocktailbarservice.CocktailBarService$_7578#0
04-17 18:01:36.901  5274  7487 V WindowManager: Relayout hash=efcd846, pid=7578: mAttrs={(0,1637)(67x362) gr=TOP RIGHT CENTER sim={adjust=nothing} layoutInDisplayCutoutMode=shortEdges ty=2226 fmt=TRANSPARENT
04-17 18:01:36.901  5274  7487 V WindowManager:   fl=81800548
04-17 18:01:36.901  5274  7487 V WindowManager:   pfl=2000050
04-17 18:01:36.901  5274  7487 V WindowManager:   vsysui=2000
04-17 18:01:36.901  5274  7487 V WindowManager:   apr=LIGHT_STATUS_BARS
04-17 18:01:36.901  5274  7487 V WindowManager:   bhv=SHOW_TRANSIENT_BARS_BY_SWIPE
04-17 18:01:36.901  5274  7487 V WindowManager:   fitTypes=NAVIGATION_BARS CAPTION_BAR dimAmount=0.0 dimDuration=0 naviIconColor=0
04-17 18:01:36.901  5274  7487 V WindowManager:   sfl=200000}
04-17 18:01:36.905  7578  7578 I ViewRootImpl@316fa20[CocktailBarService]: Relayout returned: old=(1013,1637,1080,1999) new=(1013,1637,1080,1999) req=(67,362)0 dur=10 res=0x6 s={true 488271499264} ch=true fn=-1
04-17 18:01:36.907  7578  7578 I ViewRootImpl@316fa20[CocktailBarService]: [DP] dp(1) 1 android.view.ViewRootImpl.reportNextDraw:11442 android.view.ViewRootImpl.performTraversals:4198 android.view.ViewRootImpl.doTraversal:2924
04-17 18:01:36.915  7578  7578 I ViewRootImpl@316fa20[CocktailBarService]: [DP] pdf(0) 1 android.view.ViewRootImpl.lambda$addFrameCompleteCallbackIfNeeded$3$ViewRootImpl:5000 android.view.ViewRootImpl$$ExternalSyntheticLambda16.run:6 android.os.Handler.handleCallback:938
04-17 18:01:36.915  7578  7578 I ViewRootImpl@316fa20[CocktailBarService]: [DP] rdf()
04-17 18:01:36.916  7578  7578 I TrayStateController: putInputRect mDynamicInputRegion=57491729@LastEvent=t=1681750896906Rect(0, 0 - 0, 0),Rect=Rect(25, 0 - 67, 362)
04-17 18:01:36.917  7578  7578 I DecorView: notifyKeepScreenOnChanged: keepScreenOn=false
04-17 18:01:36.917  7578  7578 I MSHandlerLifeCycle: isMultiSplitHandlerRequested: ignored. pkg=com.samsung.android.app.cocktailbarservice isActivity=false callers=com.android.internal.policy.DecorView.hasMultiSplitHandlerInNonFreeformMode:891 com.android.internal.policy.DecorView.notifyKeepScreenOnChanged:885 android.view.ViewRootImpl.applyKeepScreenOnFlag:2945 android.view.ViewRootImpl.setLayoutParams:2108 android.view.WindowManagerGlobal.updateViewLayout:537
04-17 18:01:36.920  7578  7578 I TrayStateTrigger: showTriggerView
04-17 18:01:36.924  4929  4929 E SurfaceFlinger: Attempt to update InputPolicyFlags without permission ACCESS_SURFACE_FLINGER
04-17 18:01:36.931  5274  5587 V WindowManager: Relayout Window{efcd846 u0 com.samsung.android.app.cocktailbarservice/com.samsung.android.app.cocktailbarservice.CocktailBarService}: viewVisibility=0 req=67x362 d0
04-17 18:01:36.933  4929  4929 D SurfaceFlinger: Display 0 HWC layers:
04-17 18:01:36.933  4929  4929 D SurfaceFlinger:      DEVICE | 0x71a58dbf80 | 0102 | RGBA_8888    |    0.0    0.0 1080.0 2340.0 |    0    0 1080 2340 | com.myapp.alist/com.myapp.alist.ui.MainActivity$_24018#0
04-17 18:01:36.933  4929  4929 D SurfaceFlinger:      DEVICE | 0x71a58be580 | 0100 | RGBA_8888    |    0.0    0.0 1080.0   78.0 |    0    0 1080   78 | StatusBar$_5598#0
04-17 18:01:36.933  4929  4929 D SurfaceFlinger:      DEVICE | 0x71a599a1c0 | 0100 | RGBA_8888    |    0.0    0.0   67.0  362.0 | 1013 1637 1080 1999 | com.samsung.android.app.cocktailbars[...]arservice.CocktailBarService$_7578#0
04-17 18:01:36.933  4929  4929 D SurfaceFlinger:      DEVICE | 0x71a58dcfc0 | 0100 | RGBA_8888    |    0.0    0.0 1080.0  126.0 |    0 2214 1080 2340 | NavigationBar0$_5598#0
04-17 18:01:36.933  4929  4929 D SurfaceFlinger:      DEVICE | 0x7170160d40 | 0140 | RGBA_8888    |    0.0    0.0 1080.0  151.0 |    0    0 1080  151 | ScreenDecorOverlay$_5598#0
04-17 18:01:36.933  4929  4929 D SurfaceFlinger:      DEVICE | 0x71a3dca740 | 0140 | RGBA_8888    |    0.0    0.0 1080.0  151.0 |    0 2189 1080 2340 | ScreenDecorOverlayBottom$_5598#0
04-17 18:01:36.933  4929  4929 D SurfaceFlinger:
04-17 18:01:36.935 24018 24018 D IdlingRegistry: Unregistering idling resources: [androidx.test.espresso.action.CloseKeyboardAction$CloseKeyboardIdlingResult@8a21275]
04-17 18:01:36.939  5274  5587 V WindowManager: Relayout hash=efcd846, pid=7578: mAttrs={(0,1637)(67x362) gr=TOP RIGHT CENTER sim={adjust=nothing} layoutInDisplayCutoutMode=shortEdges ty=2226 fmt=TRANSPARENT
04-17 18:01:36.939  5274  5587 V WindowManager:   fl=81800548
04-17 18:01:36.939  5274  5587 V WindowManager:   pfl=2000050
04-17 18:01:36.939  5274  5587 V WindowManager:   vsysui=2000
04-17 18:01:36.939  5274  5587 V WindowManager:   apr=LIGHT_STATUS_BARS
04-17 18:01:36.939  5274  5587 V WindowManager:   bhv=SHOW_TRANSIENT_BARS_BY_SWIPE
04-17 18:01:36.939  5274  5587 V WindowManager:   fitTypes=NAVIGATION_BARS CAPTION_BAR dimAmount=0.0 dimDuration=0 naviIconColor=0
04-17 18:01:36.939  5274  5587 V WindowManager:   sfl=200000}
04-17 18:01:36.941  7578  7578 I ViewRootImpl@316fa20[CocktailBarService]: Relayout returned: old=(1013,1637,1080,1999) new=(1013,1637,1080,1999) req=(67,362)0 dur=15 res=0x0 s={true 488271499264} ch=false fn=2
04-17 18:01:36.943  7578  7578 I CocktailBarUiController: onCocktailBarStateChanged: flag=0x1 vis=1 bgType= showTimeout=-1 activate=true
04-17 18:01:36.949 24018 24018 I ViewInteraction: Checking 'MatchesViewAssertion{viewMatcher=an instance of android.widget.TextView and view.getText() with or without transformation to match: is "Description 1"}' assertion on view view.getId() is <2131296494/com.myapp.alist:id/input2EditText>
04-17 18:01:36.957  4929  4929 E SurfaceFlinger: Attempt to update InputPolicyFlags without permission ACCESS_SURFACE_FLINGER
04-17 18:01:36.962 24018 24018 I ViewInteraction: Performing 'single click' action on view view.getId() is <2131296686/com.myapp.alist:id/spinner1>
04-17 18:01:36.967  5274  5587 D InputDispatcher: Inject motion (24018): action=0x0, time=10535482000000, f=0x0, d=0
04-17 18:01:36.968  5274  5414 I InputDispatcher: Delivering touch to (5598): action: 0x4, f=0x0, d=0, '175e94d', t=0
04-17 18:01:36.968  5274  5414 I InputDispatcher: Delivering touch to (24018): action: 0x0, f=0x0, d=0, 'ae17f2d', t=0
04-17 18:01:36.969  5274  5294 I GestureDetector: obtain mCurrentDownEvent. id: -986049793 caller: com.android.server.wm.SystemGesturesPointerEventListener.onPointerEvent:179 com.android.server.wm.PointerEventDispatcher.onInputEvent:71 android.view.InputEventReceiver.dispatchInputEvent:259
04-17 18:01:36.970  5274  5294 I GestureDetector: obtain mCurrentDownEvent. id: -986049793 caller: com.android.server.wm.SystemPerformancePointerEventListener.onPointerEvent:89 com.android.server.wm.PointerEventDispatcher.onInputEvent:71 android.view.InputEventReceiver.dispatchInputEvent:259
04-17 18:01:36.970 24018 24018 I ViewRootImpl@90ba39b[MainActivity]: ViewPostIme pointer 0
04-17 18:01:36.971 24018 24018 I MSHandlerLifeCycle: isMultiSplitHandlerRequested: windowingMode=1 isFullscreen=true isPopOver=false isHidden=false skipActivityType=false isHandlerType=true this: DecorView@974f9ab[MainActivity]
04-17 18:01:36.991 24018 24027 W com.myapp.alis: Cleared Reference was only reachable from finalizer (only reported once)
04-17 18:01:36.997 24018 24028 D InputTransport: Input channel destroyed: 'ClientS', fd=120
04-17 18:01:36.997 24018 24028 D InputTransport: Input channel destroyed: 'ClientS', fd=126
04-17 18:01:37.000 24018 24028 D InputTransport: Input channel destroyed: 'ClientS', fd=146
04-17 18:01:37.004 24018 24028 D InputTransport: Input channel destroyed: 'ClientS', fd=121
04-17 18:01:37.004 24018 24028 D InputTransport: Input channel destroyed: 'ClientS', fd=168
04-17 18:01:37.005 24018 24051 D OpenGLRenderer: setSurface called with nullptr
04-17 18:01:37.006 24018 24051 D OpenGLRenderer: setSurface called with nullptr
04-17 18:01:37.007  4929  4929 E SurfaceFlinger: Attempt to update InputPolicyFlags without permission ACCESS_SURFACE_FLINGER
04-17 18:01:37.009 24018 24028 D InputTransport: Input channel destroyed: 'ClientS', fd=112
04-17 18:01:37.010  5274  5587 D InputDispatcher: Inject motion (24018): action=0x1, time=10535525000000, f=0x0, d=0
04-17 18:01:37.010 24018 24028 D InputTransport: Input channel destroyed: 'ClientS', fd=125
04-17 18:01:37.010  5274  5414 I InputDispatcher: Delivering touch to (24018): action: 0x1, f=0x0, d=0, 'ae17f2d', t=0
04-17 18:01:37.011 24018 24051 D OpenGLRenderer: setSurface called with nullptr
04-17 18:01:37.011  5274  5294 I GestureDetector: obtain mCurrentMotionEventRaw. action: 1 id: -848136015
04-17 18:01:37.011 24018 24018 I ViewRootImpl@90ba39b[MainActivity]: ViewPostIme pointer 1
04-17 18:01:37.011  5274  5294 I GestureDetector: obtain mCurrentMotionEventRaw. action: 1 id: -848136015
04-17 18:01:37.011 24018 24018 I MSHandlerLifeCycle: isMultiSplitHandlerRequested: windowingMode=1 isFullscreen=true isPopOver=false isHidden=false skipActivityType=false isHandlerType=true this: DecorView@974f9ab[MainActivity]
04-17 18:01:37.041  4929  4929 E SurfaceFlinger: Attempt to update InputPolicyFlags without permission ACCESS_SURFACE_FLINGER
04-17 18:01:37.057  4929  4929 E SurfaceFlinger: Attempt to update InputPolicyFlags without permission ACCESS_SURFACE_FLINGER
04-17 18:01:37.061  4929  4966 I SurfaceFlinger: id=6840 createSurf (0x0),-1 flag=80004, 212fd93 PopupWindow:9773d29#0
04-17 18:01:37.063  5274  5587 D InputTransport: Input channel constructed: '212fd93', fd=555
04-17 18:01:37.063  5274  5587 D InputTransport: Input channel constructed: '212fd93', fd=605
04-17 18:01:37.063  5274  5587 D InputTransport: Input channel constructed: '212fd93', fd=631
04-17 18:01:37.067  4929  6292 I SurfaceFlinger: id=6841 createSurf (0x0),-1 flag=24000, Surface(name=827a6a6 StatusBar)/@0x26f0a66 - animation-leash of insets_animation#0
04-17 18:01:37.070  4929  6292 I SurfaceFlinger: id=6842 createSurf (0x0),-1 flag=24000, Surface(name=175e94d NavigationBar0)/@0xef769fd - animation-leash of insets_animation#1
04-17 18:01:37.072  5274  5587 D InputTransport: Input channel destroyed: '212fd93', fd=631
04-17 18:01:37.074 24018 24018 I ViewRootImpl@31db8ae[PopupWindow:9773d29]: setView = android.widget.PopupWindow$PopupDecorView@b9d82e5 TM=true
04-17 18:01:37.074  4929  4929 E SurfaceFlinger: Attempt to update InputPolicyFlags without permission ACCESS_SURFACE_FLINGER
04-17 18:01:37.085  5274  5587 V WindowManager: Relayout Window{212fd93 u0 PopupWindow:9773d29}: viewVisibility=0 req=336x1668 d0
04-17 18:01:37.086  4929  6292 I SurfaceFlinger: id=6843 createSurf (169x169),-3 flag=40004, PopupWindow:9773d29$_24018#0
04-17 18:01:37.091  4929  4929 I Layer   : id=6828 removeFromCurrentState Surface(name=827a6a6 StatusBar)/@0x26f0a66 - animation-leash of insets_animation#1 (109)
04-17 18:01:37.091  4929  4929 I Layer   : id=6838 removeFromCurrentState Surface(name=175e94d NavigationBar0)/@0xef769fd - animation-leash of insets_animation#0 (109)
04-17 18:01:37.091  4929  4929 E SurfaceFlinger: Attempt to update InputPolicyFlags without permission ACCESS_SURFACE_FLINGER
04-17 18:01:37.092  5274  5587 V WindowManager: Relayout hash=212fd93, pid=24018: mAttrs={(576,546)(336x1668) gr=TOP START CENTER DISPLAY_CLIP_VERTICAL sim={state=unchanged adjust=resize} ty=APPLICATION_SUB_PANEL fmt=TRANSLUCENT surfaceInsets=Rect(84, 84 - 84, 84) (manual)
04-17 18:01:37.092  5274  5587 V WindowManager:   fl=41860200
04-17 18:01:37.092  5274  5587 V WindowManager:   pfl=2018000
04-17 18:01:37.092  5274  5587 V WindowManager:   bhv=DEFAULT
04-17 18:01:37.092  5274  5587 V WindowManager:   fitTypes=STATUS_BARS NAVIGATION_BARS CAPTION_BAR IME naviIconColor=0
04-17 18:01:37.092  5274  5587 V WindowManager:   sfl=20000}
04-17 18:01:37.093 24018 24076 I ViewRootImpl@31db8ae[PopupWindow:9773d29]: Resizing android.view.ViewRootImpl@210b1ba: frame=[576,546][912,2214] reportDraw=true forceLayout=false backDropFrame=Rect(0, 0 - 336, 1668)
04-17 18:01:37.098 24018 24018 D InsetsSourceConsumer: ensureControlAlpha: for ITYPE_NAVIGATION_BAR on PopupWindow:9773d29
04-17 18:01:37.100 24018 24018 D InsetsSourceConsumer: ensureControlAlpha: for ITYPE_STATUS_BAR on PopupWindow:9773d29
04-17 18:01:37.102 24018 24018 I ViewRootImpl@31db8ae[PopupWindow:9773d29]: Relayout returned: old=(0,83,1080,2214) new=(576,546,912,2214) req=(336,1668)0 dur=12 res=0x7 s={true 491573596160} ch=true fn=-1
04-17 18:01:37.104 24018 24051 D OpenGLRenderer: eglCreateWindowSurface
04-17 18:01:37.108  4929  4929 E SurfaceFlinger: Attempt to update InputPolicyFlags without permission ACCESS_SURFACE_FLINGER
04-17 18:01:37.110  5274  7487 D InputDispatcher: Focus request (0): 212fd93 PopupWindow:9773d29 but waiting because NOT_VISIBLE
04-17 18:01:37.110  5274  7487 D InputDispatcher: Focus left window (0): ae17f2d com.myapp.alist/com.myapp.alist.ui.MainActivity
04-17 18:01:37.124  4929  4929 E SurfaceFlinger: Attempt to update InputPolicyFlags without permission ACCESS_SURFACE_FLINGER
04-17 18:01:37.141  4929  4929 E SurfaceFlinger: Attempt to update InputPolicyFlags without permission ACCESS_SURFACE_FLINGER
04-17 18:01:37.156 24018 24018 D AbsListView:  in onLayout changed
04-17 18:01:37.157  4929  4929 E SurfaceFlinger: Attempt to update InputPolicyFlags without permission ACCESS_SURFACE_FLINGER
04-17 18:01:37.158 24018 24018 I ViewRootImpl@31db8ae[PopupWindow:9773d29]: [DP] dp(1) 0 android.view.ViewRootImpl.reportNextDraw:11442 android.view.ViewRootImpl.performTraversals:4198 android.view.ViewRootImpl.doTraversal:2924
04-17 18:01:37.161 24018 24018 D ViewRootImpl@31db8ae[PopupWindow:9773d29]: Creating frameDrawingCallback nextDrawUseBlastSync=false reportNextDraw=true hasBlurUpdates=false
04-17 18:01:37.161 24018 24018 D ViewRootImpl@31db8ae[PopupWindow:9773d29]: Creating frameCompleteCallback
04-17 18:01:37.172 24018 24077 D ViewRootImpl@31db8ae[PopupWindow:9773d29]: Received frameDrawingCallback frameNum=1. Creating transactionCompleteCallback=false
04-17 18:01:37.174  4929  4929 E SurfaceFlinger: Attempt to update InputPolicyFlags without permission ACCESS_SURFACE_FLINGER
04-17 18:01:37.178 24018 24051 D ViewRootImpl@31db8ae[PopupWindow:9773d29]: Received frameCompleteCallback  lastAcquiredFrameNum=1 lastAttemptedDrawFrameNum=1
04-17 18:01:37.181 24018 24018 I ViewRootImpl@31db8ae[PopupWindow:9773d29]: [DP] pdf(0) 0 android.view.ViewRootImpl.lambda$addFrameCompleteCallbackIfNeeded$3$ViewRootImpl:5000 android.view.ViewRootImpl$$ExternalSyntheticLambda16.run:6 android.os.Handler.handleCallback:938
04-17 18:01:37.181 24018 24018 I ViewRootImpl@31db8ae[PopupWindow:9773d29]: [DP] rdf()
04-17 18:01:37.182 24018 24018 D ViewRootImpl@31db8ae[PopupWindow:9773d29]: reportDrawFinished (fn: -1)
04-17 18:01:37.191  4929  4929 E SurfaceFlinger: Attempt to update InputPolicyFlags without permission ACCESS_SURFACE_FLINGER
04-17 18:01:37.191  4929  4929 E SurfaceFlinger: Attempt to update InputPolicyFlags without permission ACCESS_SURFACE_FLINGER
04-17 18:01:37.192  4929  4966 I SurfaceFlinger: id=6838 Removed Surface(name=175e94d NavigationBar0)/@0xef769fd - animation-leash of insets_animation#0 (109)
04-17 18:01:37.192  4929  4966 I SurfaceFlinger: id=6828 Removed Surface(name=827a6a6 StatusBar)/@0x26f0a66 - animation-leash of insets_animation#1 (109)
04-17 18:01:37.202 24018 24018 I ViewRootImpl@31db8ae[PopupWindow:9773d29]: handleResized, msg = 5 frames=ClientWindowFrames{frame=[576,546][912,2214] display=[-10000,-10000][10000,10000] backdrop=[0,0][336,1668]} forceNextWindowRelayout=false displayId=0 frameChanged=false backdropFrameChanged=true configChanged=false displayChanged=false mNextDrawUseBlastSync=false mergedConfiguration={mGlobalConfig={1.1 234mcc15mnc [en_GB] ldltr sw411dp w411dp h811dp 420dpi nrml long hdr port finger -keyb/v/h -nav/h winConfig={ mBounds=Rect(0, 0 - 1080, 2340) mAppBounds=Rect(0, 83 - 1080, 2214) mMaxBounds=Rect(0, 0 - 1080, 2340) mWindowingMode=fullscreen mDisplayWindowingMode=fullscreen mActivityType=undefined mAlwaysOnTop=undefined mRotation=ROTATION_0 mPopOver=off mFreeformTaskPinningState=unpinned} s.2031 fontWeightAdjustment=0 ff=0 bf=0 bts=0 enb/d themeSeq=0} mOverrideConfig={1.1 234mcc15mnc [en_GB] ldltr sw411dp w411dp h811dp 420dpi nrml long hdr port finger -keyb/v/h -nav/h winConfig={ mBounds=Rect(0, 0 - 1080, 2340) mAppBounds=Rect(0, 83 - 1080, 2214) mMaxBounds=Rect(0, 0 - 1080, 2340) mWindowingMode=fullscreen mDisplayWindowingMode=fullscreen mActivityType=standard mAlwaysOnTop=undefined mRotation=ROTATION_0 mPopOver=off mFreeformTaskPinningState=unpinned} s.1 fontWeightAdjustment=0 ff=0 bf=0 bts=0 enb/d themeSeq=0}}
04-17 18:01:37.202 24018 24018 I ViewRootImpl@31db8ae[PopupWindow:9773d29]: [DP] dp(1) 0 android.view.ViewRootImpl.reportNextDraw:11442 android.view.ViewRootImpl.handleResized:2235 android.view.ViewRootImpl.access$1200:303
04-17 18:01:37.205 24018 24018 I ViewRootImpl@90ba39b[MainActivity]: MSG_WINDOW_FOCUS_CHANGED 0 1
04-17 18:01:37.208  4929  4929 E SurfaceFlinger: Attempt to update InputPolicyFlags without permission ACCESS_SURFACE_FLINGER
04-17 18:01:37.208  4929  4929 I Layer   : id=6838 Destroyed Surface(name=175e94d NavigationBar0)/@0xef769fd - animation-leash of insets_animation#0
04-17 18:01:37.208  4929  4929 I Layer   : id=6828 Destroyed Surface(name=827a6a6 StatusBar)/@0x26f0a66 - animation-leash of insets_animation#1
04-17 18:01:37.209 24018 24018 D ViewRootImpl@31db8ae[PopupWindow:9773d29]: Creating frameDrawingCallback nextDrawUseBlastSync=false reportNextDraw=true hasBlurUpdates=false
04-17 18:01:37.210 24018 24018 D ViewRootImpl@31db8ae[PopupWindow:9773d29]: Creating frameCompleteCallback
04-17 18:01:37.210  5274  7487 D InputDispatcher: Focus entered window (0): 212fd93 PopupWindow:9773d29
04-17 18:01:37.212 24018 24078 D ViewRootImpl@31db8ae[PopupWindow:9773d29]: Received frameDrawingCallback frameNum=2. Creating transactionCompleteCallback=false
04-17 18:01:37.215  4929  4929 D SurfaceFlinger: Display 0 HWC layers:
04-17 18:01:37.215  4929  4929 D SurfaceFlinger:      DEVICE | 0x71a58dbf80 | 0102 | RGBA_8888    |    0.0    0.0 1080.0 2340.0 |    0    0 1080 2340 | com.myapp.alist/com.myapp.alist.ui.MainActivity$_24018#0
04-17 18:01:37.215  4929  4929 D SurfaceFlinger:      DEVICE | 0x71a58be800 | 0100 | RGBA_8888    |    0.0    0.0  504.0 1836.0 |  492  462  996 2298 | PopupWindow:9773d29$_24018#0
04-17 18:01:37.215  4929  4929 D SurfaceFlinger:      DEVICE | 0x71a58be580 | 0100 | RGBA_8888    |    0.0    0.0 1080.0   78.0 |    0    0 1080   78 | StatusBar$_5598#0
04-17 18:01:37.215  4929  4929 D SurfaceFlinger:      DEVICE | 0x71a599a6c0 | 0100 | RGBA_8888    |    0.0    0.0   67.0  362.0 | 1013 1637 1080 1999 | com.samsung.android.app.cocktailbars[...]arservice.CocktailBarService$_7578#0
04-17 18:01:37.215  4929  4929 D SurfaceFlinger:      DEVICE | 0x71a58dcfc0 | 0100 | RGBA_8888    |    0.0    0.0 1080.0  126.0 |    0 2214 1080 2340 | NavigationBar0$_5598#0
04-17 18:01:37.215  4929  4929 D SurfaceFlinger:      DEVICE | 0x7170160d40 | 0140 | RGBA_8888    |    0.0    0.0 1080.0  151.0 |    0    0 1080  151 | ScreenDecorOverlay$_5598#0
04-17 18:01:37.215  4929  4929 D SurfaceFlinger:      DEVICE | 0x71a3dca740 | 0140 | RGBA_8888    |    0.0    0.0 1080.0  151.0 |    0 2189 1080 2340 | ScreenDecorOverlayBottom$_5598#0
04-17 18:01:37.215  4929  4929 D SurfaceFlinger:
04-17 18:01:37.219 24018 24051 D ViewRootImpl@31db8ae[PopupWindow:9773d29]: Received frameCompleteCallback  lastAcquiredFrameNum=2 lastAttemptedDrawFrameNum=2
04-17 18:01:37.225  4929  4929 E SurfaceFlinger: Attempt to update InputPolicyFlags without permission ACCESS_SURFACE_FLINGER
04-17 18:01:37.229 24018 24018 I ViewRootImpl@31db8ae[PopupWindow:9773d29]: [DP] pdf(0) 0 android.view.ViewRootImpl.lambda$addFrameCompleteCallbackIfNeeded$3$ViewRootImpl:5000 android.view.ViewRootImpl$$ExternalSyntheticLambda16.run:6 android.os.Handler.handleCallback:938
04-17 18:01:37.229 24018 24018 I ViewRootImpl@31db8ae[PopupWindow:9773d29]: [DP] rdf()
04-17 18:01:37.229 24018 24018 D ViewRootImpl@31db8ae[PopupWindow:9773d29]: reportDrawFinished (fn: -1)
04-17 18:01:37.235 24018 24018 I ViewRootImpl@31db8ae[PopupWindow:9773d29]: MSG_WINDOW_FOCUS_CHANGED 1 1
04-17 18:01:37.241  4929  4929 E SurfaceFlinger: Attempt to update InputPolicyFlags without permission ACCESS_SURFACE_FLINGER
04-17 18:01:37.241  4929  4929 E SurfaceFlinger: Attempt to update InputPolicyFlags without permission ACCESS_SURFACE_FLINGER
04-17 18:01:37.258  4929  4929 E SurfaceFlinger: Attempt to update InputPolicyFlags without permission ACCESS_SURFACE_FLINGER
04-17 18:01:37.258  4929  4929 E SurfaceFlinger: Attempt to update InputPolicyFlags without permission ACCESS_SURFACE_FLINGER
04-17 18:01:37.269  5274  5274 I GestureDetector: handleMessage TAP
04-17 18:01:37.269  5274  5294 I GestureDetector: handleMessage TAP
04-17 18:01:37.274  4929  4929 E SurfaceFlinger: Attempt to update InputPolicyFlags without permission ACCESS_SURFACE_FLINGER
04-17 18:01:37.275  4929  4929 E SurfaceFlinger: Attempt to update InputPolicyFlags without permission ACCESS_SURFACE_FLINGER
04-17 18:01:37.292  4929  4929 E SurfaceFlinger: Attempt to update InputPolicyFlags without permission ACCESS_SURFACE_FLINGER
04-17 18:01:37.292  4929  4929 E SurfaceFlinger: Attempt to update InputPolicyFlags without permission ACCESS_SURFACE_FLINGER
04-17 18:01:37.308  4929  4929 E SurfaceFlinger: Attempt to update InputPolicyFlags without permission ACCESS_SURFACE_FLINGER
04-17 18:01:37.308  4929  4929 E SurfaceFlinger: Attempt to update InputPolicyFlags without permission ACCESS_SURFACE_FLINGER
04-17 18:01:37.325  4929  4929 E SurfaceFlinger: Attempt to update InputPolicyFlags without permission ACCESS_SURFACE_FLINGER
04-17 18:01:37.325  4929  4929 E SurfaceFlinger: Attempt to update InputPolicyFlags without permission ACCESS_SURFACE_FLINGER
04-17 18:01:37.341  4929  4929 E SurfaceFlinger: Attempt to update InputPolicyFlags without permission ACCESS_SURFACE_FLINGER
04-17 18:01:37.342  4929  4929 E SurfaceFlinger: Attempt to update InputPolicyFlags without permission ACCESS_SURFACE_FLINGER
04-17 18:01:37.358  4929  4929 E SurfaceFlinger: Attempt to update InputPolicyFlags without permission ACCESS_SURFACE_FLINGER
04-17 18:01:37.359  4929  4929 E SurfaceFlinger: Attempt to update InputPolicyFlags without permission ACCESS_SURFACE_FLINGER
04-17 18:01:37.375  4929  4929 E SurfaceFlinger: Attempt to update InputPolicyFlags without permission ACCESS_SURFACE_FLINGER
04-17 18:01:37.375  4929  4929 E SurfaceFlinger: Attempt to update InputPolicyFlags without permission ACCESS_SURFACE_FLINGER
04-17 18:01:37.391  4929  4929 E SurfaceFlinger: Attempt to update InputPolicyFlags without permission ACCESS_SURFACE_FLINGER
04-17 18:01:37.392  4929  4929 E SurfaceFlinger: Attempt to update InputPolicyFlags without permission ACCESS_SURFACE_FLINGER
04-17 18:01:37.408  4929  4929 E SurfaceFlinger: Attempt to update InputPolicyFlags without permission ACCESS_SURFACE_FLINGER
04-17 18:01:37.408  4929  4929 E SurfaceFlinger: Attempt to update InputPolicyFlags without permission ACCESS_SURFACE_FLINGER
04-17 18:01:37.425  4929  4929 E SurfaceFlinger: Attempt to update InputPolicyFlags without permission ACCESS_SURFACE_FLINGER
04-17 18:01:37.425  4929  4929 E SurfaceFlinger: Attempt to update InputPolicyFlags without permission ACCESS_SURFACE_FLINGER
04-17 18:01:37.442  4929  4929 E SurfaceFlinger: Attempt to update InputPolicyFlags without permission ACCESS_SURFACE_FLINGER
04-17 18:01:37.459  4929  4929 E SurfaceFlinger: Attempt to update InputPolicyFlags without permission ACCESS_SURFACE_FLINGER
04-17 18:01:37.464 24018 24018 I ViewInteraction: Performing 'load adapter data' action on view is assignable from class <class android.widget.AdapterView>
04-17 18:01:37.488 24018 24018 I ViewInteraction: Performing 'single click' action on view  displaying data matching: (is an instance of java.lang.String and is "To Do") within adapter view matching: is assignable from class <class android.widget.AdapterView>
04-17 18:01:37.492  4929  4929 E SurfaceFlinger: Attempt to update InputPolicyFlags without permission ACCESS_SURFACE_FLINGER
04-17 18:01:37.493  5274  5587 D InputDispatcher: Inject motion (24018): action=0x0, time=10536006000000, f=0x0, d=0
04-17 18:01:37.495  5274  5414 I InputDispatcher: Delivering touch to (5598): action: 0x4, f=0x0, d=0, '175e94d', t=0
04-17 18:01:37.495  5274  5414 I InputDispatcher: Delivering touch to (24018): action: 0x0, f=0x0, d=0, '212fd93', t=0 +(-576,-546)
04-17 18:01:37.496 24018 24018 I ViewRootImpl@31db8ae[PopupWindow:9773d29]: ViewPostIme pointer 0
04-17 18:01:37.496  5274  5294 I GestureDetector: obtain mCurrentDownEvent. id: -16756821 caller: com.android.server.wm.SystemGesturesPointerEventListener.onPointerEvent:179 com.android.server.wm.PointerEventDispatcher.onInputEvent:71 android.view.InputEventReceiver.dispatchInputEvent:259
04-17 18:01:37.497  5274  5294 I GestureDetector: obtain mCurrentDownEvent. id: -16756821 caller: com.android.server.wm.SystemPerformancePointerEventListener.onPointerEvent:89 com.android.server.wm.PointerEventDispatcher.onInputEvent:71 android.view.InputEventReceiver.dispatchInputEvent:259
