04-17 18:01:28.376  5598  6296 I ViewRootImpl@3eeb280[alist]: mWNT: t = android.view.SurfaceControl$Transaction@dfb42f3 fN = 4 android.view.SyncRtSurfaceTransactionApplier.applyTransaction:94 android.view.SyncRtSurfaceTransactionApplier.lambda$scheduleApply$0$SyncRtSurfaceTransactionApplier:71 android.view.SyncRtSurfaceTransactionApplier$$ExternalSyntheticLambda0.onFrameDraw:4
04-17 18:01:28.376  5598  6296 I ViewRootImpl@3eeb280[alist]: mWNT: merge t to BBQ
04-17 18:01:28.376 24018 24018 D InsetsSourceConsumer: ensureControlAlpha: for ITYPE_NAVIGATION_BAR on com.myapp.alist/com.myapp.alist.ui.MainActivity
04-17 18:01:28.378 24018 24018 D InsetsSourceConsumer: ensureControlAlpha: for ITYPE_STATUS_BAR on com.myapp.alist/com.myapp.alist.ui.MainActivity
04-17 18:01:28.390  5598  5701 D OpenGLRenderer: setSurface called with nullptr
04-17 18:01:28.390  5598  5701 D OpenGLRenderer: setSurface() destroyed EGLSurface
04-17 18:01:28.390  5598  5701 D OpenGLRenderer: destroyEglSurface
04-17 18:01:28.396  5274  7528 V WindowManager: Relayout Window{8ec414d u0 Splash Screen com.myapp.alist}: viewVisibility=8 req=1080x2340 d0
04-17 18:01:28.397  4929  5194 I SurfaceFlinger: id=6784 createSurf (0x0),-1 flag=24000, Surface(name=8ec414d Splash Screen com.myapp.alist)/@0xa5b88a3 - animation-leash of window_animation#0
04-17 18:01:28.400  5274  7528 V WindowManager: Relayout hash=8ec414d, pid=5598: mAttrs={(0,0)(fillxfill) sim={adjust=pan} ty=APPLICATION_STARTING fmt=TRANSLUCENT wanim=0x1030303
04-17 18:01:28.400  5274  7528 V WindowManager:   fl=81030118
04-17 18:01:28.400  5274  7528 V WindowManager:   pfl=36000010
04-17 18:01:28.400  5274  7528 V WindowManager:   apr=LIGHT_STATUS_BARS LIGHT_NAVIGATION_BARS
04-17 18:01:28.400  5274  7528 V WindowManager:   bhv=DEFAULT
04-17 18:01:28.400  5274  7528 V WindowManager:   fitSides= naviIconColor=0}
04-17 18:01:28.402  5598  5675 I ViewRootImpl@3eeb280[alist]: Relayout returned: old=(0,0,1080,2340) new=(0,0,1080,2340) req=(1080,2340)8 dur=5 res=0x5 s={false 0} ch=true fn=5
04-17 18:01:28.402  5598  5675 I ViewRootImpl@3eeb280[alist]: dispatchDetachedFromWindow
04-17 18:01:28.402  5274  7528 D InputTransport: Input channel destroyed: '8ec414d', fd=899
04-17 18:01:28.403 24018 24026 I com.myapp.alis: Compiler allocated 4148KB to compile void android.widget.TextView.<init>(android.content.Context, android.util.AttributeSet, int, int)
04-17 18:01:28.403  5274  7528 W InputManager-JNI: Input channel object '8ec414d Splash Screen com.myapp.alist (client)' was disposed without first being removed with the input manager!
04-17 18:01:28.403  5274  7528 D InputTransport: Input channel destroyed: '8ec414d', fd=900
04-17 18:01:28.405  5598  5675 D InputTransport: Input channel destroyed: '8ec414d', fd=150
04-17 18:01:28.405  4929  4929 E SurfaceFlinger: Attempt to update InputPolicyFlags without permission ACCESS_SURFACE_FLINGER
04-17 18:01:28.405  4929  4929 I Layer   : id=6783 removeFromCurrentState Surface(name=7a5389d com.myapp.alist/com.myapp.alist.ui.MainActivity)/@0x6b0f59c - animation-leash of starting_reveal#0 (104)
04-17 18:01:28.415 24018 24018 I ViewRootImpl@dc4bce3[MainActivity]: MSG_WINDOW_FOCUS_CHANGED 1 1
04-17 18:01:28.418 24018 24018 D InputMethodManager: startInputInner - Id : 0
04-17 18:01:28.418 24018 24018 I InputMethodManager: startInputInner - mService.startInputOrWindowGainedFocus
04-17 18:01:28.419  5274  7528 D InputMethodManagerService: mDesktopModeManager null!
04-17 18:01:28.419  5274  7528 V InputMethodManagerService: getDisplayIdOfInputMethodWindowToBeAdded : 0
04-17 18:01:28.419  5274  7528 D InputTransport: Input channel constructed: 'ClientS', fd=899
04-17 18:01:28.419  5274  7528 D InputTransport: Input channel constructed: 'ClientS', fd=900
04-17 18:01:28.420  5274  7528 D InputTransport: Input channel destroyed: 'ClientS', fd=900
04-17 18:01:28.421  5274  7528 W InputMethodManagerService: onSessionCreated
04-17 18:01:28.422  4929  4929 E SurfaceFlinger: Attempt to update InputPolicyFlags without permission ACCESS_SURFACE_FLINGER
04-17 18:01:28.423  5274  7528 D InputMethodManagerService: checkDisplayOfStartInputAndUpdateKeyboard display Id 0last 0
04-17 18:01:28.423  5274  7528 D InputTransport: Input channel constructed: 'ClientS', fd=900
04-17 18:01:28.424  5274  7528 D InputTransport: Input channel destroyed: 'ClientS', fd=900
04-17 18:01:28.424 24018 24018 W Choreographer: Already have a pending vsync event.  There should only be one at a time.
04-17 18:01:28.424  8190  8190 I HBD     : HoneyBoardService onFinishInput
04-17 18:01:28.425  8190  8190 I HBD     : a IC have been unbinding,  InputConnectionWrapper{idHash=#5d1c9db mMissingMethods=}
04-17 18:01:28.425  8190  8190 I HBD     : HoneyBoardService [PF_CL][onFinishInput]  596192 ns
04-17 18:01:28.425  8190  8190 I HBD     : HoneyBoardService [IMI] onStartInput - caller pid : 24018 , caller uid : 10422
04-17 18:01:28.425  4929  5194 I SurfaceFlinger: id=6785 createSurf (0x0),-1 flag=24004, Surface(name=4b2d9f9 InputMethod)/@0x9e9479f - animation-leash of insets_animation#1
04-17 18:01:28.426  8190  8190 I HBD     : j updateConfigs
04-17 18:01:28.426  8190  8190 I HBD     : j isEnabledNightMode : false
04-17 18:01:28.426  8190  8190 I HBD     : a IC have been binding, InputConnectionWrapper{idHash=#ceb9f51 mMissingMethods=}
04-17 18:01:28.426  8190  8190 I HBD     : h [EditorInputType]setPrivateImeOptionsToTable privateImeOptions ( null )
04-17 18:01:28.426  8190  8190 I HBD     : b incognitoMode : false
04-17 18:01:28.426  8190  8190 I HBD     : a needOff = true , isForceOff = false, isNullInputClass : true
04-17 18:01:28.426  8190  8190 I HBD     : h getDefaultInputRange : UNKNOWN
04-17 18:01:28.426  8190  8190 I HBD     : h getDefaultInputRange : UNKNOWN
04-17 18:01:28.427  8190  8190 I HBD     : h getDefaultInputRange : UNKNOWN
04-17 18:01:28.428  8190  8190 I HBD     : h getDefaultInputRange : UNKNOWN
04-17 18:01:28.428  8190  8190 I HBD     : a currentState : 0
04-17 18:01:28.430  8190  8190 I HBD     : h load selected json path : /data/user/0/com.samsung.android.honeyboard/files/selected.json
04-17 18:01:28.430  8190  8190 I HBD     : h load selected json info : {"version":"1.0","currentLanguageOrder":0,"selected":[{"activeOptionList":["auto_spacing","writing_assistant"],"engName":"English","id":65538,"inputType":"qwerty","isUsed":true}]}
04-17 18:01:28.431  8190  8190 I HBD     : a [UpdatePolicy] [post] a: 0 cl: 65538 kit: [0/0] vt: 0 ir: 1
04-17 18:01:28.432  8190  8190 I HBD     : HoneyBoardService [PF_OP][onStartInput]  6255346 ns
04-17 18:01:28.433 24018 24018 D InputMethodManager: startInputInner - Id : 0
04-17 18:01:28.435  5274  7486 D InputMethodManagerServicePhysicalKey: isConnectedDexOnPC false
04-17 18:01:28.435  5274  7486 D InputMethodManagerService: isImeSwitcherDisabledPackage : false
04-17 18:01:28.436  8190  8190 I MSHandlerLifeCycle: isMultiSplitHandlerRequested: ignored. pkg=com.samsung.android.honeyboard isActivity=false callers=com.android.internal.policy.DecorView.setVisibility:4295 android.app.Dialog.hide:741 android.inputmethodservice.InputMethodService.removeImeSurface:1143 android.inputmethodservice.InputMethodService.scheduleImeSurfaceRemoval:1136 android.inputmethodservice.InputMethodService.access$1400:354
04-17 18:01:28.436  8190  8190 I MSHandlerLifeCycle: removeMultiSplitHandler: no exist. decor=DecorView@79765ce[InputMethod]
04-17 18:01:28.438  4929  4929 I Layer   : id=6769 removeFromCurrentState Surface(name=4b2d9f9 InputMethod)/@0x9e9479f - animation-leash of insets_animation#0 (105)
04-17 18:01:28.438  4929  4929 E SurfaceFlinger: Attempt to update InputPolicyFlags without permission ACCESS_SURFACE_FLINGER
04-17 18:01:28.439  4929  4929 I SurfaceFlinger: id=6769 Removed Surface(name=4b2d9f9 InputMethod)/@0x9e9479f - animation-leash of insets_animation#0 (105)
04-17 18:01:28.439  4929  4929 I Layer   : id=6769 Destroyed Surface(name=4b2d9f9 InputMethod)/@0x9e9479f - animation-leash of insets_animation#0
04-17 18:01:28.455  4929  4929 E SurfaceFlinger: Attempt to update InputPolicyFlags without permission ACCESS_SURFACE_FLINGER
04-17 18:01:28.459  5598  5598 D SecLightBarControlHelper: updateStatus(WHITE icon) NumLightStacks:0, NumStacks:1, IndexLightStack:-1, StatusBarMode:0, StatusBarState:SHD, NeedDarkFontFromWallpaper:false, isWhiteKeyguardStatusBarBySettings:false
04-17 18:01:28.472  4929  4929 I Layer   : id=6774 removeFromCurrentState Splash Screen com.myapp.alist$_5598#0 (104)
04-17 18:01:28.472  4929  4929 I Layer   : id=6773 removeFromCurrentState 8ec414d Splash Screen com.myapp.alist#0 (104)
04-17 18:01:28.472  4929  4929 I Layer   : id=6784 removeFromCurrentState Surface(name=8ec414d Splash Screen com.myapp.alist)/@0xa5b88a3 - animation-leash of window_animation#0 (104)
04-17 18:01:28.472  4929  4929 I SurfaceFlinger: id=6773 Removed 8ec414d Splash Screen com.myapp.alist#0 (104)
04-17 18:01:28.472  4929  4929 I SurfaceFlinger: id=6774 Removed Splash Screen com.myapp.alist$_5598#0 (104)
04-17 18:01:28.472  4929  4929 I SurfaceFlinger: id=6784 Removed Surface(name=8ec414d Splash Screen com.myapp.alist)/@0xa5b88a3 - animation-leash of window_animation#0 (104)
04-17 18:01:28.472  4929  4929 I Layer   : id=6784 Destroyed Surface(name=8ec414d Splash Screen com.myapp.alist)/@0xa5b88a3 - animation-leash of window_animation#0
04-17 18:01:28.472  4929  4929 I Layer   : id=6773 Destroyed 8ec414d Splash Screen com.myapp.alist#0
04-17 18:01:28.474  4929  4929 I Layer   : id=6774 Destroyed Splash Screen com.myapp.alist$_5598#0
04-17 18:01:28.477  4929  4929 D SurfaceFlinger: Display 0 HWC layers:
04-17 18:01:28.477  4929  4929 D SurfaceFlinger:      DEVICE | 0x716f176cc0 | 0102 | RGBA_8888    |    0.0    0.0 1080.0 2340.0 |    0    0 1080 2340 | com.myapp.alist/com.myapp.alist.ui.MainActivity$_24018#0
04-17 18:01:28.477  4929  4929 D SurfaceFlinger:      DEVICE | 0x71a58be580 | 0100 | RGBA_8888    |    0.0    0.0 1080.0   78.0 |    0    0 1080   78 | StatusBar$_5598#0
04-17 18:01:28.477  4929  4929 D SurfaceFlinger:      DEVICE | 0x71a58dc0c0 | 0100 | RGBA_8888    |    0.0    0.0   67.0  362.0 | 1013 1637 1080 1999 | com.samsung.android.app.cocktailbars[...]arservice.CocktailBarService$_7578#0
04-17 18:01:28.477  4929  4929 D SurfaceFlinger:      DEVICE | 0x71a58dae00 | 0100 | RGBA_8888    |    0.0    0.0 1080.0  126.0 |    0 2214 1080 2340 | NavigationBar0$_5598#0
04-17 18:01:28.477  4929  4929 D SurfaceFlinger:      DEVICE | 0x7170160d40 | 0140 | RGBA_8888    |    0.0    0.0 1080.0  151.0 |    0    0 1080  151 | ScreenDecorOverlay$_5598#0
04-17 18:01:28.477  4929  4929 D SurfaceFlinger:      DEVICE | 0x71a3dca740 | 0140 | RGBA_8888    |    0.0    0.0 1080.0  151.0 |    0 2189 1080 2340 | ScreenDecorOverlayBottom$_5598#0
04-17 18:01:28.477  4929  4929 D SurfaceFlinger:
04-17 18:01:28.477 24018 24045 W FileTestStorage: Output properties is not supported.
04-17 18:01:28.479 24018 24045 I Tracing : Tracer added: class androidx.test.platform.tracing.AndroidXTracer
04-17 18:01:28.480  5274  7528 V WindowManager: Relayout Window{b9d2885 u0 NotificationShade}: viewVisibility=4 req=1080x2340 d0
04-17 18:01:28.483  5274  7528 V WindowManager: Relayout hash=b9d2885, pid=5598: mAttrs={(0,0)(fillxfill) gr=TOP CENTER_VERTICAL sim={adjust=resize} layoutInDisplayCutoutMode=always ty=2040 fmt=TRANSLUCENT
04-17 18:01:28.483  5274  7528 V WindowManager:   fl=81840048
04-17 18:01:28.483  5274  7528 V WindowManager:   pfl=1b000000
04-17 18:01:28.483  5274  7528 V WindowManager:   bhv=SHOW_TRANSIENT_BARS_BY_SWIPE naviIconColor=0
04-17 18:01:28.483  5274  7528 V WindowManager:   sfl=42000}
04-17 18:01:28.483  5598  5598 I ViewRootImpl@928f5d7[NotificationShade]: Relayout returned: old=(0,0,1080,2340) new=(0,0,1080,2340) req=(1080,2340)4 dur=4 res=0x1 s={false 0} ch=false fn=-1
04-17 18:01:28.485  5598  5598 D KeyguardBottomAreaShortcutView: updateCameraVisibility isCameraDisabled:false visible:true
04-17 18:01:28.485  5598  5598 D KeyguardBottomAreaShortcutView: mIndicationArea margin start : 163, end : 163, bottom : 150
04-17 18:01:28.486  5598  5598 D QS      : setQSExpansion 0.0 -108.325
04-17 18:01:28.486  5598  5598 D QS      : setQSExpansion 0.0 -108.325
04-17 18:01:28.487  5598  5598 D IndicatorGardenInputProperty: updateRotation() prv:-1 >> new:0
04-17 18:01:28.487  5598  5598 D DeviceState: getDeviceResolutionPixelSize - currentDensity = 420 deviceDensity = 420 initialDisplaySizeFactor = 1080 currentDisplaySizeFactor = 1080 initialDisplayDensity = 420 proportionalDensity = 420 proportionalPixel = 0
04-17 18:01:28.487  5598  5598 D DeviceState: getDeviceResolutionPixelSize - currentDensity = 420 deviceDensity = 420 initialDisplaySizeFactor = 1080 currentDisplaySizeFactor = 1080 initialDisplayDensity = 420 proportionalDensity = 420 proportionalPixel = 0
04-17 18:01:28.487  5598  5598 D DeviceState: getDeviceResolutionPixelSize - currentDensity = 420 deviceDensity = 420 initialDisplaySizeFactor = 1080 currentDisplaySizeFactor = 1080 initialDisplayDensity = 420 proportionalDensity = 420 proportionalPixel = 0
04-17 18:01:28.487  5598  5598 E IndicatorGardenAlgorithmBasicCutout: NOT MATCH !!!! resourceHeight:78, cutoutHeight:83 ([IndicatorGardenInputProperty]  Rotation(0-0,90-1,180-2,270-3)0, Density:2.625, ScreenWidthSize:1080, CoverSidePadding:0, mIndicatorGardenCenterOffset:11, mCameraCutoutCropSize:80, mGardenPaddingStart:21, mIndicatorCornerPadding:0, mCameraSidePadding:0, mCameraTopMargin:0, DpCutout:DisplayCutout{insets=Rect(0, 83 - 0, 0) waterfall=Insets{left=0, top=0, right=0, bottom=0} boundingRect={Bounds=[Rect(0, 0 - 0, 0), Rect(443, 0 - 637, 83), Rect(0, 0 - 0, 0), Rect(0, 0 - 0, 0)]} cutoutPathParserInfo={CutoutPathParserInfo{displayWidth=1080 displayHeight=2340 density={2.625} cutoutSpec={M36.95,0C26.35,0,24.15,3.8,23.15,9.8 l-0.1,0.7c-1.7,9.6-9.3,17.2-18.9,18.9c-12.7,2.2-24.8-6.2-27-18.9 c0,0-0.1-0.7-0.1-0.7C-24.15,3.8,-26.25,0,-36.95,0Z @dp} rotation={0} scale={1.0}}}})
04-17 18:01:28.487  5598  5598 E IndicatorGardenAlgorithmBasicCutout: NOT MATCH !!!! resourceHeight:78, cutoutHeight:83 ([IndicatorGardenInputProperty]  Rotation(0-0,90-1,180-2,270-3)0, Density:2.625, ScreenWidthSize:1080, CoverSidePadding:0, mIndicatorGardenCenterOffset:11, mCameraCutoutCropSize:80, mGardenPaddingStart:21, mIndicatorCornerPadding:0, mCameraSidePadding:0, mCameraTopMargin:0, DpCutout:DisplayCutout{insets=Rect(0, 83 - 0, 0) waterfall=Insets{left=0, top=0, right=0, bottom=0} boundingRect={Bounds=[Rect(0, 0 - 0, 0), Rect(443, 0 - 637, 83), Rect(0, 0 - 0, 0), Rect(0, 0 - 0, 0)]} cutoutPathParserInfo={CutoutPathParserInfo{displayWidth=1080 displayHeight=2340 density={2.625} cutoutSpec={M36.95,0C26.35,0,24.15,3.8,23.15,9.8 l-0.1,0.7c-1.7,9.6-9.3,17.2-18.9,18.9c-12.7,2.2-24.8-6.2-27-18.9 c0,0-0.1-0.7-0.1-0.7C-24.15,3.8,-26.25,0,-36.95,0Z @dp} rotation={0} scale={1.0}}}})
04-17 18:01:28.491 24018 24045 D EventInjectionStrategy: Creating injection strategy with input manager.
04-17 18:01:28.491 24018 24045 W com.myapp.alis: Accessing hidden method Landroid/hardware/input/InputManager;->getInstance()Landroid/hardware/input/InputManager; (unsupported, reflection, allowed)
04-17 18:01:28.491 24018 24045 W com.myapp.alis: Accessing hidden method Landroid/hardware/input/InputManager;->injectInputEvent(Landroid/view/InputEvent;I)Z (unsupported, reflection, allowed)
04-17 18:01:28.491 24018 24045 W com.myapp.alis: Accessing hidden field Landroid/hardware/input/InputManager;->INJECT_INPUT_EVENT_MODE_WAIT_FOR_FINISH:I (unsupported, reflection, allowed)
04-17 18:01:28.508 24018 24045 W com.myapp.alis: Accessing hidden method Landroid/view/ViewConfiguration;->getDoubleTapMinTime()I (unsupported, reflection, allowed)
04-17 18:01:28.516 24018 24018 W com.myapp.alis: Accessing hidden method Landroid/os/MessageQueue;->next()Landroid/os/Message; (unsupported, reflection, allowed)
04-17 18:01:28.516 24018 24018 W com.myapp.alis: Accessing hidden field Landroid/os/MessageQueue;->mMessages:Landroid/os/Message; (unsupported, reflection, allowed)
04-17 18:01:28.516 24018 24018 W com.myapp.alis: Accessing hidden method Landroid/os/Message;->recycleUnchecked()V (unsupported, reflection, allowed)
04-17 18:01:28.519 24018 24018 W com.myapp.alis: Accessing hidden method Landroid/view/WindowManagerGlobal;->getInstance()Landroid/view/WindowManagerGlobal; (unsupported, reflection, allowed)
04-17 18:01:28.519 24018 24018 W com.myapp.alis: Accessing hidden field Landroid/view/WindowManagerGlobal;->mViews:Ljava/util/ArrayList; (unsupported, reflection, allowed)
04-17 18:01:28.519 24018 24018 W com.myapp.alis: Accessing hidden field Landroid/view/WindowManagerGlobal;->mParams:Ljava/util/ArrayList; (unsupported, reflection, allowed)
04-17 18:01:28.524 24018 24018 I ViewInteraction: Performing 'type text(Name 1)' action on view view.getId() is <2131296492/com.myapp.alist:id/input1EditText>
04-17 18:01:28.531  5274  7528 D InputDispatcher: Inject motion (24018): action=0x0, time=10527045000000, f=0x0, d=0
04-17 18:01:28.531  5274  5414 I InputDispatcher: Delivering touch to (5598): action: 0x4, f=0x0, d=0, '175e94d', t=0
04-17 18:01:28.531  5274  5414 I InputDispatcher: Delivering touch to (24018): action: 0x0, f=0x0, d=0, '7a5389d', t=0
04-17 18:01:28.532  5274  5294 I GestureDetector: obtain mCurrentDownEvent. id: -916323972 caller: com.android.server.wm.SystemGesturesPointerEventListener.onPointerEvent:179 com.android.server.wm.PointerEventDispatcher.onInputEvent:71 android.view.InputEventReceiver.dispatchInputEvent:259
04-17 18:01:28.532  5274  5294 I GestureDetector: obtain mCurrentDownEvent. id: -916323972 caller: com.android.server.wm.SystemPerformancePointerEventListener.onPointerEvent:89 com.android.server.wm.PointerEventDispatcher.onInputEvent:71 android.view.InputEventReceiver.dispatchInputEvent:259
04-17 18:01:28.532 24018 24018 I ViewRootImpl@dc4bce3[MainActivity]: ViewPostIme pointer 0
04-17 18:01:28.532 24018 24018 I MSHandlerLifeCycle: isMultiSplitHandlerRequested: windowingMode=1 isFullscreen=true isPopOver=false isHidden=false skipActivityType=false isHandlerType=true this: DecorView@853dd4d[MainActivity]
04-17 18:01:28.535  5274  7486 I InputMethodManagerService: isInputMethodShown: isShown=false
04-17 18:01:28.570  5274  7528 D InputDispatcher: Inject motion (24018): action=0x1, time=10527086000000, f=0x0, d=0
04-17 18:01:28.570  5274  5414 I InputDispatcher: Delivering touch to (24018): action: 0x1, f=0x0, d=0, '7a5389d', t=0
04-17 18:01:28.571  5274  5294 I GestureDetector: obtain mCurrentMotionEventRaw. action: 1 id: -687108017
04-17 18:01:28.571 24018 24018 I ViewRootImpl@dc4bce3[MainActivity]: ViewPostIme pointer 1
04-17 18:01:28.571 24018 24018 I MSHandlerLifeCycle: isMultiSplitHandlerRequested: windowingMode=1 isFullscreen=true isPopOver=false isHidden=false skipActivityType=false isHandlerType=true this: DecorView@853dd4d[MainActivity]
04-17 18:01:28.571  5274  5294 I GestureDetector: obtain mCurrentMotionEventRaw. action: 1 id: -687108017
04-17 18:01:28.578 24018 24018 D InputMethodManager: startInputInner - Id : 0
04-17 18:01:28.578 24018 24018 I InputMethodManager: startInputInner - mService.startInputOrWindowGainedFocus
04-17 18:01:28.579  5274  7486 D InputMethodManagerService: mDesktopModeManager null!
04-17 18:01:28.579  5274  7486 V InputMethodManagerService: getDisplayIdOfInputMethodWindowToBeAdded : 0
04-17 18:01:28.580  5274  7486 D InputMethodManagerService: checkDisplayOfStartInputAndUpdateKeyboard display Id 0last 0
04-17 18:01:28.580  5274  7486 D InputTransport: Input channel constructed: 'ClientS', fd=900
04-17 18:01:28.580  5274  7486 D InputTransport: Input channel destroyed: 'ClientS', fd=900
04-17 18:01:28.580  8190  8190 I HBD     : HoneyBoardService onFinishInput
04-17 18:01:28.581 24018 24018 D CompatibilityChangeReporter: Compat change id reported: 163400105; UID 10422; state: ENABLED
04-17 18:01:28.581 24018 24018 I IMM_LC  : showSoftInput(View,I)
04-17 18:01:28.581  8190  8190 I HBD     : a IC have been unbinding,  InputConnectionWrapper{idHash=#ceb9f51 mMissingMethods=}
04-17 18:01:28.581  8190  8190 I HBD     : HoneyBoardService [PF_CL][onFinishInput]  434461 ns
04-17 18:01:28.581 24018 24018 I IMM_LC  : ssi() - flag : 0 view : com.myapp.alist reason = SHOW_SOFT_INPUT
04-17 18:01:28.581  8190  8190 I HBD     : HoneyBoardService onInlineSuggestionsResponse
04-17 18:01:28.581  5274  7486 V InputMethodManagerService: Client requesting input be shown, flags : 0
04-17 18:01:28.581  5274  7486 D InputMethodManagerService: ACCESS_CONTROL_ENABLED = false, ACCESS_CONTROL_KEYBOARD_BLOCK = false
04-17 18:01:28.581  8190  8190 I HBD     : HoneyBoardService onCreateInlineSuggestionsRequest
04-17 18:01:28.583  8190  8190 I HBD     : HoneyBoardService [IMI] onStartInput - caller pid : 24018 , caller uid : 10422
04-17 18:01:28.583  8190  8190 I HBD     : j updateConfigs
04-17 18:01:28.583  8190  8190 I HBD     : j isEnabledNightMode : false
04-17 18:01:28.584  8190  8190 I HBD     : a IC have been binding, InputConnectionWrapper{idHash=#19928b7 mMissingMethods=}
04-17 18:01:28.584  8190  8190 W HBD     : b [EditorInputType] undefined Enter action code : 0x40000005
04-17 18:01:28.584  8190  8190 I HBD     : h [EditorInputType]setPrivateImeOptionsToTable privateImeOptions ( null )
04-17 18:01:28.584  8190  8190 I HBD     : b incognitoMode : false
04-17 18:01:28.584  8190  8190 W HBD     : b [EditorInputType] undefined Enter action code : 0x40000005
04-17 18:01:28.584  8190  8190 I HBD     : a [CPS]isPredictionOnByLanguage :false, isForceOff : false, isPredictionOn : true , isOnPref : true
04-17 18:01:28.585  8190  8190 I HBD     : h getDefaultInputRange : UNKNOWN
04-17 18:01:28.585  8190  8190 I HBD     : h getDefaultInputRange : UNKNOWN
04-17 18:01:28.585  8190  8190 I HBD     : h getDefaultInputRange : UNKNOWN
04-17 18:01:28.585 24018 24018 D Editor  : waiting for the right moment
04-17 18:01:28.586  8190  8190 I HBD     : h getDefaultInputRange : UNKNOWN
04-17 18:01:28.586  8190  8190 I HBD     : a currentState : 0
04-17 18:01:28.586  8190  8190 I HBD     : h load selected json path : /data/user/0/com.samsung.android.honeyboard/files/selected.json
04-17 18:01:28.587  8190  8190 I HBD     : h load selected json info : {"version":"1.0","currentLanguageOrder":0,"selected":[{"activeOptionList":["auto_spacing","writing_assistant"],"engName":"English","id":65538,"inputType":"qwerty","isUsed":true}]}
04-17 18:01:28.587  8190  8190 I HBD     : a [UpdatePolicy] [post] a: 0 cl: 65538 kit: [0/0] vt: 0 ir: 1
04-17 18:01:28.588  8190  8190 I HBD     : HoneyBoardService [PF_OP][onStartInput]  4794577 ns
04-17 18:01:28.588  8190  8190 I InputMethod: showSoftInput(), flags : 1
04-17 18:01:28.594  5274  7528 I InputMethodManagerService: isAccessoryKeyboard 0
04-17 18:01:28.594 24018 24018 I AssistStructure: Flattened final assist data: 4780 bytes, containing 1 windows, 25 views
04-17 18:01:28.594  8190  8190 I HBD     : HoneyBoardService onEvaluateInputViewShown: true
04-17 18:01:28.600  8190  8190 I DecorView: notifyKeepScreenOnChanged: keepScreenOn=false
04-17 18:01:28.600  8190  8190 I MSHandlerLifeCycle: isMultiSplitHandlerRequested: ignored. pkg=com.samsung.android.honeyboard isActivity=false callers=com.android.internal.policy.DecorView.hasMultiSplitHandlerInNonFreeformMode:891 com.android.internal.policy.DecorView.notifyKeepScreenOnChanged:885 android.view.ViewRootImpl.applyKeepScreenOnFlag:2945 android.view.ViewRootImpl.setLayoutParams:2108 android.view.WindowManagerGlobal.updateViewLayout:537
04-17 18:01:28.600  5274  7530 I InputMethodManagerService: isAccessoryKeyboard 0
04-17 18:01:28.600  8190  8190 I HBD     : HoneyBoardService onEvaluateInputViewShown: true
04-17 18:01:28.601  8190  8190 I HBD     : HoneyBoardService onStartInputView : restarting = false, client = com.myapp.alist
04-17 18:01:28.601  8190  9047 I SemDvfsHyPerManager: acquire hyper - SKBD_RE_ENTER_SHOW/8190@1, type = -999
04-17 18:01:28.601  8190  8190 W HBD     : b [EditorInputType] undefined Enter action code : 0x40000005
04-17 18:01:28.601  8190  8190 I HBD     : h [EditorInputType]setPrivateImeOptionsToTable privateImeOptions ( null )
04-17 18:01:28.601  8190  8190 I HBD     : b incognitoMode : false
04-17 18:01:28.601  8190  8190 W HBD     : b [EditorInputType] undefined Enter action code : 0x40000005
04-17 18:01:28.601  8190  8190 I HBD     : h getDefaultInputRange : UNKNOWN
04-17 18:01:28.601  8190  8190 I HBD     : h getDefaultInputRange : UNKNOWN
04-17 18:01:28.601  4882  4921 I HYPER-HAL: [RequestManager.cpp]acquire(): Acquired ID : 33550337  [8190 / 1]    HINT : KBD_APP_RE_ENTER_VIEW    list : [TIMEOUT / 400]
04-17 18:01:28.601  8190  8190 I HBD     : h getDefaultInputRange : UNKNOWN
04-17 18:01:28.601  8190  8190 I HBD     : HoneyBoardService onStartInputViewInternal: inputType=0x20001, imeOptions=0x48000005, initialSelStart=0, initialSelEnd=0
04-17 18:01:28.601  8190  8190 I HBD     : f applyThemesPolicy
04-17 18:01:28.601  8190  8190 I HBD     : e mUsedOpenTheme = false IsRequiredDarkTypeTheme = false night mode : false mIsEnabledHighContrast = false mIsOpenThemeForHoneyBoardInstalled = false mIsWallpaperThemeInstalled = false mIsThemeParkTheme = false
04-17 18:01:28.601  8190  8190 I HBD     : f ThemeIndex By PolicyInternal theme index :  285212672 Light
04-17 18:01:28.601  8190  8190 I HBD     : f update KeyboardTheme themeIndex : 0x 11000000  theme :  Light
04-17 18:01:28.601  8190  8190 I HBD     : a set Theme convertedIndex : 2
04-17 18:01:28.602  8190  8190 I HBD     : a themeStyleSet :2
04-17 18:01:28.602  8190  8190 I HBD     : a updatePredictionStatus : 1, editorOpt
04-17 18:01:28.602  8190  8190 I HBD     : a updateForEditorClass isPredictionOn = true
04-17 18:01:28.605  4929  4929 E SurfaceFlinger: Attempt to update InputPolicyFlags without permission ACCESS_SURFACE_FLINGER
04-17 18:01:28.609  6239  6239 W AutofillChimeraService: Pending fill request while another request in the same session was triggered. [CONTEXT service_id=177 ]
04-17 18:01:28.616  8190  8190 I HBD     : al EBD ssu f 1
04-17 18:01:28.619  8190  8190 I HBD     : a [UpdatePolicy] [post] a: 1 cl: 65538 kit: [0/0] vt: 0 ir: 1
04-17 18:01:28.620  5274  7486 D SecContentProvider: query(), uri = 17 selection = isSettingsChangesAllowed
04-17 18:01:28.621  6239  6271 I FontLog : Received query Noto Color Emoji Compat, URI content://com.google.android.gms.fonts [CONTEXT service_id=132 ]
04-17 18:01:28.621  8190  8190 I HBD     : a [SKE_TAM] Changed false
04-17 18:01:28.621  6239  6271 I FontLog : Query [emojicompat-emoji-font] resolved to {Noto Color Emoji Compat, wdth 100.0, wght 400, ital 0.0, bestEffort false} [CONTEXT service_id=132 ]
04-17 18:01:28.621  8190  8190 I HBD     : a refresh(), mParameterMode,  0
04-17 18:01:28.622  5274  7486 D SecContentProvider: query(), uri = 17 selection = isSettingsChangesAllowed
04-17 18:01:28.623  8190  8821 I HBD     : m updated Sub Types. English
04-17 18:01:28.623  6239  6271 I FontLog : Fetch {Noto Color Emoji Compat, wdth 100.0, wght 400, ital 0.0, bestEffort false} end status Status{statusCode=SUCCESS, resolution=null} [CONTEXT service_id=132 ]
04-17 18:01:28.623  8190  8190 I HBD     : ::BnR:: d HONEY_SUPPORT_DATA_MIGRATION_FROM_SKBD : true, isMigrateNotNeeded : true, isFinishMigPreferences : false, isPasswordInputType : falseisUserUnlocked : true
04-17 18:01:28.624  8190  8190 I HBD     : b updateMultiTapTimeValue
04-17 18:01:28.624  8190  8190 I HBD     : b getMultiTapTimeoutValue
04-17 18:01:28.624  8190  8190 I HBD     : b getSingleVowelMultiTapTimeoutValue
04-17 18:01:28.625  8190  8190 I HBD     : a onBind
04-17 18:01:28.625  8190  8190 I HBD     : b updateConfig: [LanguageItem] English / [KeyboardViewTypeItem] 0 / [KeyboardInputTypeItem] mainType(0), subType(0) / [CurrentLanguageInputTypeItem] mainType(0), subType(0) / [KeyboardInputRangeItem] 1 / [HandwritingModeItem] false / [SelectedLanguageItem] 1 / [LocaleItem] en-GB / [TextOrNullInputClassItem] true / [DateInputTypeItem] false / [DateTimeInputTypeItem] false /
04-17 18:01:28.625  8190  8190 I HBD     : b updateConfig: [DecimalNumberInputTypeItem] false / [NumberOnlyInputTypeItem] false / [NumberPasswordInputTypeItem] false / [PhoneNumberInputClassItem] false / [SignedDecimalNumberInputTypeItem] false / [SignedNumberInputTypeItem] false / [EmailInputTypeItem] false / [UrlInputTypeItem] false / [UrlEmailModeItem] false / [PasswordInputTypeItem] false / [WebPasswordEditorItem] false /
04-17 18:01:28.625  8190  8190 I HBD     : b updateConfig: [NumberInputClassItem] false / [DateTimeInputClassItem] false / [DigitEditorItem] false / [MonthInputTypeItem] false / [YearDateTimeInputTypeItem] false / [IPAddressInputTypeItem] false / [FileNameInputTypeItem] false / [CustomSymbolsForPeriodKeyItem] false / [OptionInputTypeItem] false / [DisableHanjaInputItem] false / [DisableCmKeyInputItem] false /
04-17 18:01:28.625  8190  8190 I HBD     : b updateConfig: [DisableCommaKeyInputItem] false / [DisableLanguageChangeKeyItem] false / [DisableSpaceKeyItem] false / [NumberPickerInputItem] false / [TimeInputTypeItem] false / [NumberKeyFirstLineItem] true / [AlternativeCharacterItem] false / [SimpleRowStyleItem] false / [HighContrastItem] false / [TouchAndHoldSpaceBarTypeItem] cursor_control / [UseContinuousInputItem] false /
04-17 18:01:28.626  8190  8190 I HBD     : b updateConfig: [UseToolBarItem] true / [OrientationItem] false / [DensityItem] 2.625 / [DisplayWidthItem] 0x1080 / [DisplayHeightItem] 0x2131 / [MainTextLabelItem] 1 / [LanguageSwitchingUsingSpaceBarItem] true / [LanguageSwitchingUsingKeyItem] false / [TransliterationTypingModeItem] false / [CoverDisplayModeItem] false / [TalkBackEnabledItem] false /
04-17 18:01:28.626  8190  8190 I HBD     : b updateConfig: [Japanese8FlickCustomisationItem] false / [VoiceEnabledItem] true / [SamsungVoiceImeItem] false / [PredictionStatusItem] true /
04-17 18:01:28.626  8190  8190 I HBD     : b updateKeyboardViewHolder: INVALIDATE
04-17 18:01:28.627  8190  8190 I HBD     : c [BoardScrapManager] sendBoardScrap
04-17 18:01:28.628  8190  8190 I HBD     : ci updateChangedBoard - [LC:false][TC:false][RC:false][RB:false]
04-17 18:01:28.628  8190  8190 I HBD     : d updateCurrentEngine,  65538 ,  SWIFTKEY
04-17 18:01:28.628  8190  8190 I HBD     : a [SKE_TAM] Changed false
04-17 18:01:28.628  8190  8190 I HBD     : a [SKE_TAM] custom = false , useEngine = true
04-17 18:01:28.628  8190  8190 I HBD     : a [SKE_TAM] Changed false
04-17 18:01:28.629  8190  8190 I HBD     : a refresh(), mParameterMode,  0
04-17 18:01:28.629  8190  8190 I HBD     : a [PF_EN] updateChangedBoard() 1
04-17 18:01:28.630  8190 24097 I HBD     : bd requestCursorUpdates returned  true ,  2
04-17 18:01:28.631  5274  7486 D SecContentProvider: query(), uri = 15 selection = isClipboardShareAllowedAsUser
04-17 18:01:28.632  8190 24095 I HBD     : a InputMethodSubtype is set as local:en_GB
04-17 18:01:28.636  6239  6271 I FontLog : Pulling font file for id = 204, cache size = 6 [CONTEXT service_id=132 ]
04-17 18:01:28.639  8190  8190 I HBD     : HoneyBoardService [PF_OP][onStartInputView]  38 ms
04-17 18:01:28.640  5274  7486 D InputMethodManagerServicePhysicalKey: isConnectedDexOnPC false
04-17 18:01:28.641  5274  7486 D InputMethodManagerService: isImeSwitcherDisabledPackage : false
04-17 18:01:28.641  8190  8190 I HBD     : HoneyBoardService onWindowShown
04-17 18:01:28.641  5274  7486 I InputMethodManagerService: setImeWindowStatus: vis=3, backDisposition=0
04-17 18:01:28.641  7578  7578 I CocktailBarUiController: onReceive: action=ResponseAxT9Info isVisibleWindow=1
04-17 18:01:28.642  6239  6271 I FontLog : Pulling font file for id = 204, cache size = 6 [CONTEXT service_id=132 ]
04-17 18:01:28.643  5274  7530 D SecContentProvider: query(), uri = 15 selection = isClipboardShareAllowedAsUser
04-17 18:01:28.644  8190  8190 I HBD     : HoneyBoardService [PF_OP][onWindowShown]  3032192 ns
04-17 18:01:28.644  8190  8190 I MSHandlerLifeCycle: isMultiSplitHandlerRequested: ignored. pkg=com.samsung.android.honeyboard isActivity=false callers=com.android.internal.policy.DecorView.setVisibility:4295 android.app.Dialog.show:445 android.inputmethodservice.SoftInputWindow.show:302 android.inputmethodservice.InputMethodService.showWindow:2823 android.inputmethodservice.InputMethodService$InputMethodImpl.showSoftInput:963
04-17 18:01:28.645  8190  8190 I MSHandlerLifeCycle: removeMultiSplitHandler: no exist. decor=DecorView@79765ce[InputMethod]
04-17 18:01:28.645  8190  8190 I HBD     : HoneyBoardService onViewClicked
04-17 18:01:28.646  8190  8190 I HBD     : HoneyBoardService [PF_OP][onViewClicked]  133654 ns
04-17 18:01:28.646  5274  7486 D InputMethodManagerServicePhysicalKey: isConnectedDexOnPC false
04-17 18:01:28.647  5274  7486 D InputMethodManagerService: isImeSwitcherDisabledPackage : false
04-17 18:01:28.647  5274  7486 I InputMethodManagerService: setImeWindowStatus: vis=3, backDisposition=0
04-17 18:01:28.667  5274  7486 V WindowManager: Relayout Window{4b2d9f9 u0 InputMethod}: viewVisibility=0 req=1080x2257 d0
04-17 18:01:28.667  4929  5194 I SurfaceFlinger: id=6786 createSurf (1080x2257),-3 flag=40004, InputMethod$_8190#0
04-17 18:01:28.670  5274  7486 V WindowManager: Relayout hash=4b2d9f9, pid=8190: mAttrs={(0,0)(fillxfill) gr=BOTTOM CENTER_VERTICAL sim={adjust=pan} ty=INPUT_METHOD fmt=TRANSPARENT wanim=0x7f130170 preferredMinDisplayRefreshRate=60.0 receive insets ignoring z-order
04-17 18:01:28.670  5274  7486 V WindowManager:   fl=81800108
04-17 18:01:28.670  5274  7486 V WindowManager:   pfl=12000000
04-17 18:01:28.670  5274  7486 V WindowManager:   vsysui=10
04-17 18:01:28.670  5274  7486 V WindowManager:   apr=LIGHT_NAVIGATION_BARS
04-17 18:01:28.670  5274  7486 V WindowManager:   bhv=DEFAULT
04-17 18:01:28.670  5274  7486 V WindowManager:   fitTypes=STATUS_BARS NAVIGATION_BARS
04-17 18:01:28.670  5274  7486 V WindowManager:   fitSides=LEFT TOP RIGHT
04-17 18:01:28.670  5274  7486 V WindowManager:   fitIgnoreVis dimDuration=150 naviIconColor=0}
04-17 18:01:28.671  8190  8190 I ViewRootImpl@e692e0[InputMethod]: Relayout returned: old=(0,83,1080,2340) new=(0,83,1080,2340) req=(1080,2257)0 dur=5 res=0x7 s={true 488344834048} ch=true fn=-1
04-17 18:01:28.672  8190  8190 I ViewRootImpl@e692e0[InputMethod]: [DP] dp(1) 1 android.view.ViewRootImpl.reportNextDraw:11442 android.view.ViewRootImpl.performTraversals:4198 android.view.ViewRootImpl.doTraversal:2924
04-17 18:01:28.672  4929  4929 E SurfaceFlinger: Attempt to update InputPolicyFlags without permission ACCESS_SURFACE_FLINGER
04-17 18:01:28.684  8190  8190 I ViewRootImpl@e692e0[InputMethod]: [DP] pdf(0) 1 android.view.ViewRootImpl.lambda$addFrameCompleteCallbackIfNeeded$3$ViewRootImpl:5000 android.view.ViewRootImpl$$ExternalSyntheticLambda16.run:6 android.os.Handler.handleCallback:938
04-17 18:01:28.684  8190  8190 I ViewRootImpl@e692e0[InputMethod]: [DP] rdf()
04-17 18:01:28.687 24018 24018 D InsetsController: show(ime(), fromIme=true)
04-17 18:01:28.690  8190  8816 E HBD     : g activeNetwork is null
04-17 18:01:28.691  8190  8828 E IceCone : g isNetworkDisconnected net=null, getNetworkCapabilities.hasCapability() is false or null
04-17 18:01:28.692  5274  7486 V WindowManager: Relayout Window{b7541b2 u0 ScreenDecorOverlayBottom}: viewVisibility=0 req=1079x151 d0
04-17 18:01:28.695 24018 24018 D InsetsSourceConsumer: setRequestedVisible: visible=true, type=19, host=com.myapp.alist/com.myapp.alist.ui.MainActivity, from=android.view.InsetsSourceConsumer.show:246 android.view.InsetsController.showDirectly:1489 android.view.InsetsController.controlAnimationUnchecked:1137 android.view.InsetsController.applyAnimation:1456 android.view.InsetsController.applyAnimation:1437 android.view.InsetsController.show:976 android.view.ViewRootImpl$ViewRootHandler.handleMessageImpl:6483 android.view.ViewRootImpl$ViewRootHandler.handleMessage:6408 android.os.Handler.dispatchMessage:106 androidx.test.espresso.base.Interrogator.loopAndInterrogate:14
04-17 18:01:28.695  8190  8190 I HBD     : al EBD si t 0
04-17 18:01:28.697  8190  9490 I HBD     : b [SKE_KPM] load kpm : /data/user/0/com.samsung.android.honeyboard/app_KeyPressModel/model_0_0_-667254808.im
04-17 18:01:28.701  4929  4929 I SurfaceFlinger: Setting desired display mode specs: default mode ID: 0, allowGroupSwitching = 0, primary range: [60.00fps 120.00fps], app request range: [60.00fps 120.00fps]
04-17 18:01:28.702  5274  7486 V WindowManager: Relayout hash=b7541b2, pid=5598: mAttrs={(0,0)(fillxwrap) gr=BOTTOM CENTER_VERTICAL sim={adjust=pan} layoutInDisplayCutoutMode=always ty=NAVIGATION_BAR_PANEL fmt=TRANSLUCENT
04-17 18:01:28.702  5274  7486 V WindowManager:   fl=20800128
04-17 18:01:28.702  5274  7486 V WindowManager:   pfl=13100050
04-17 18:01:28.702  5274  7486 V WindowManager:   vsysui=100
04-17 18:01:28.702  5274  7486 V WindowManager:   bhv=DEFAULT naviIconColor=0}
04-17 18:01:28.704  5598  6625 I ViewRootImpl@dd9c72a[ScreenDecorOverlayBottom]: Relayout returned: old=(0,2189,1080,2340) new=(0,2189,1080,2340) req=(1079,151)0 dur=13 res=0x1 s={true 485883961344} ch=false fn=163
04-17 18:01:28.713  5598  5598 D PipMotionHelper: animateToOffset: originalBounds=Rect(533, 1020 - 1038, 1304) offset=-126 callers=
04-17 18:01:28.713  5598  5598 D PipMotionHelper:     com.android.wm.shell.pip.phone.PipTouchHandler.onMovementBoundsChanged:482
04-17 18:01:28.713  5598  5598 D PipMotionHelper:     com.android.wm.shell.pip.phone.PipController.updateMovementBounds:715
04-17 18:01:28.713  5598  5598 D PipMotionHelper:     com.android.wm.shell.pip.phone.PipController.access$600:99
04-17 18:01:28.713  5598  5598 D PipMotionHelper:     com.android.wm.shell.pip.phone.PipController$PipControllerPinnedTaskListener.onMovementBoundsChanged:238
04-17 18:01:28.713  5598  5598 D PipMotionHelper:     com.android.wm.shell.pip.PinnedStackListenerForwarder.onMovementBoundsChanged:65
04-17 18:01:28.719  5274  7530 V WindowManager: Relayout Window{b7541b2 u0 ScreenDecorOverlayBottom}: viewVisibility=0 req=1079x151 d0
04-17 18:01:28.722  5274  7530 V WindowManager: Relayout hash=b7541b2, pid=5598: mAttrs={(0,0)(fillxwrap) gr=BOTTOM CENTER_VERTICAL sim={adjust=pan} layoutInDisplayCutoutMode=always ty=NAVIGATION_BAR_PANEL fmt=TRANSLUCENT
04-17 18:01:28.722  5274  7530 V WindowManager:   fl=20800128
04-17 18:01:28.722  5274  7530 V WindowManager:   pfl=13100050
04-17 18:01:28.722  5274  7530 V WindowManager:   vsysui=100
04-17 18:01:28.722  5274  7530 V WindowManager:   bhv=DEFAULT naviIconColor=0}
04-17 18:01:28.722  4929  4929 I Layer   : id=6782 removeFromCurrentState Surface(name=175e94d NavigationBar0)/@0xef769fd - animation-leash of insets_animation#0 (102)
04-17 18:01:28.723  5598  6625 I ViewRootImpl@dd9c72a[ScreenDecorOverlayBottom]: Relayout returned: old=(0,2189,1080,2340) new=(0,2189,1080,2340) req=(1079,151)0 dur=14 res=0x1 s={true 485883961344} ch=false fn=163
04-17 18:01:28.728  5274  7486 V WindowManager: Relayout Window{2f5398f u0 ScreenDecorOverlay}: viewVisibility=0 req=1079x151 d0
04-17 18:01:28.734  5274  7486 V WindowManager: Relayout hash=2f5398f, pid=5598: mAttrs={(0,0)(fillxwrap) gr=TOP CENTER_VERTICAL sim={adjust=pan} layoutInDisplayCutoutMode=always ty=NAVIGATION_BAR_PANEL fmt=TRANSLUCENT
04-17 18:01:28.734  5274  7486 V WindowManager:   fl=20800128
04-17 18:01:28.734  5274  7486 V WindowManager:   pfl=13100050
04-17 18:01:28.734  5274  7486 V WindowManager:   vsysui=100
04-17 18:01:28.734  5274  7486 V WindowManager:   bhv=DEFAULT naviIconColor=0}
04-17 18:01:28.735  5598  6625 I ViewRootImpl@ce89bca[ScreenDecorOverlay]: Relayout returned: old=(0,0,1080,151) new=(0,0,1080,151) req=(1079,151)0 dur=9 res=0x1 s={true 485883396096} ch=false fn=212
04-17 18:01:28.740 24018 24018 D ScrollView:  onsize change changed
04-17 18:01:28.745  5274  5587 V WindowManager: Relayout Window{b7541b2 u0 ScreenDecorOverlayBottom}: viewVisibility=0 req=1079x151 d0
04-17 18:01:28.748  4929  4966 I SurfaceFlinger: id=6782 Removed Surface(name=175e94d NavigationBar0)/@0xef769fd - animation-leash of insets_animation#0 (102)
04-17 18:01:28.751  5274  5587 V WindowManager: Relayout hash=b7541b2, pid=5598: mAttrs={(0,0)(fillxwrap) gr=BOTTOM CENTER_VERTICAL sim={adjust=pan} layoutInDisplayCutoutMode=always ty=NAVIGATION_BAR_PANEL fmt=TRANSLUCENT
04-17 18:01:28.751  5274  5587 V WindowManager:   fl=20800128
04-17 18:01:28.751  5274  5587 V WindowManager:   pfl=13100050
04-17 18:01:28.751  5274  5587 V WindowManager:   vsysui=100
04-17 18:01:28.751  5274  5587 V WindowManager:   bhv=DEFAULT naviIconColor=0}
04-17 18:01:28.752  5598  6625 I ViewRootImpl@dd9c72a[ScreenDecorOverlayBottom]: Relayout returned: old=(0,2189,1080,2340) new=(0,2189,1080,2340) req=(1079,151)0 dur=8 res=0x1 s={true 485883961344} ch=false fn=163
04-17 18:01:28.754  5274  7528 V WindowManager: Relayout Window{2f5398f u0 ScreenDecorOverlay}: viewVisibility=0 req=1079x151 d0
04-17 18:01:28.756  4929  4929 E SurfaceFlinger: Attempt to update InputPolicyFlags without permission ACCESS_SURFACE_FLINGER
04-17 18:01:28.756  4929  4929 I Layer   : id=6782 Destroyed Surface(name=175e94d NavigationBar0)/@0xef769fd - animation-leash of insets_animation#0
04-17 18:01:28.759  5274  7486 I AssistStructure: Flattened final assist data: 4376 bytes, containing 1 windows, 25 views
04-17 18:01:28.761  5274  7528 V WindowManager: Relayout hash=2f5398f, pid=5598: mAttrs={(0,0)(fillxwrap) gr=TOP CENTER_VERTICAL sim={adjust=pan} layoutInDisplayCutoutMode=always ty=NAVIGATION_BAR_PANEL fmt=TRANSLUCENT
04-17 18:01:28.761  5274  7528 V WindowManager:   fl=20800128
04-17 18:01:28.761  5274  7528 V WindowManager:   pfl=13100050
04-17 18:01:28.761  5274  7528 V WindowManager:   vsysui=100
04-17 18:01:28.761  5274  7528 V WindowManager:   bhv=DEFAULT naviIconColor=0}
04-17 18:01:28.760  6239 23512 W tez     : Infinite Data has no result for com.myapp.alist [CONTEXT service_id=177 ]
04-17 18:01:28.762  5598  6625 I ViewRootImpl@ce89bca[ScreenDecorOverlay]: Relayout returned: old=(0,0,1080,151) new=(0,0,1080,151) req=(1079,151)0 dur=10 res=0x1 s={true 485883396096} ch=false fn=212
04-17 18:01:28.763  4929  4929 D SurfaceFlinger: Display 0 HWC layers:
04-17 18:01:28.763  4929  4929 D SurfaceFlinger:      DEVICE | 0x716f176cc0 | 0102 | RGBA_8888    |    0.0    0.0 1080.0 2340.0 |    0    0 1080 2340 | com.myapp.alist/com.myapp.alist.ui.MainActivity$_24018#0
04-17 18:01:28.763  4929  4929 D SurfaceFlinger:      DEVICE | 0x716f176e00 | 0100 | RGBA_8888    |    0.0    0.0 1080.0 1527.0 |    0  813 1080 2340 | InputMethod$_8190#0
04-17 18:01:28.763  4929  4929 D SurfaceFlinger:      DEVICE | 0x71a58be580 | 0100 | RGBA_8888    |    0.0    0.0 1080.0   78.0 |    0    0 1080   78 | StatusBar$_5598#0
04-17 18:01:28.763  4929  4929 D SurfaceFlinger:      DEVICE | 0x71a58dc0c0 | 0100 | RGBA_8888    |    0.0    0.0   67.0  362.0 | 1013 1637 1080 1999 | com.samsung.android.app.cocktailbars[...]arservice.CocktailBarService$_7578#0
04-17 18:01:28.763  4929  4929 D SurfaceFlinger:      DEVICE | 0x71a58dae00 | 0100 | RGBA_8888    |    0.0    0.0 1080.0  126.0 |    0 2214 1080 2340 | NavigationBar0$_5598#0
04-17 18:01:28.763  4929  4929 D SurfaceFlinger:      DEVICE | 0x7170160d40 | 0140 | RGBA_8888    |    0.0    0.0 1080.0  151.0 |    0    0 1080  151 | ScreenDecorOverlay$_5598#0
04-17 18:01:28.763  4929  4929 D SurfaceFlinger:      DEVICE | 0x71a3dca740 | 0140 | RGBA_8888    |    0.0    0.0 1080.0  151.0 |    0 2189 1080 2340 | ScreenDecorOverlayBottom$_5598#0
04-17 18:01:28.763  4929  4929 D SurfaceFlinger:
04-17 18:01:28.766  5274  7530 V WindowManager: Relayout Window{b7541b2 u0 ScreenDecorOverlayBottom}: viewVisibility=0 req=1079x151 d0
04-17 18:01:28.769  5274  7530 V WindowManager: Relayout hash=b7541b2, pid=5598: mAttrs={(0,0)(fillxwrap) gr=BOTTOM CENTER_VERTICAL sim={adjust=pan} layoutInDisplayCutoutMode=always ty=NAVIGATION_BAR_PANEL fmt=TRANSLUCENT
04-17 18:01:28.769  5274  7530 V WindowManager:   fl=20800128
04-17 18:01:28.769  5274  7530 V WindowManager:   pfl=13100050
04-17 18:01:28.769  5274  7530 V WindowManager:   vsysui=100
04-17 18:01:28.769  5274  7530 V WindowManager:   bhv=DEFAULT naviIconColor=0}
04-17 18:01:28.771  5598  6625 I ViewRootImpl@dd9c72a[ScreenDecorOverlayBottom]: Relayout returned: old=(0,2189,1080,2340) new=(0,2189,1080,2340) req=(1079,151)0 dur=5 res=0x1 s={true 485883961344} ch=false fn=163
04-17 18:01:28.772  7411  7411 D BoundBrokerSvc: onBind: Intent { act=com.google.android.gms.wallet.service.BIND pkg=com.google.android.gms }
04-17 18:01:28.772  7411  7411 D BoundBrokerSvc: Loading bound service for intent: Intent { act=com.google.android.gms.wallet.service.BIND pkg=com.google.android.gms }
04-17 18:01:28.774  5274  7486 V WindowManager: Relayout Window{2f5398f u0 ScreenDecorOverlay}: viewVisibility=0 req=1079x151 d0
04-17 18:01:28.776  5274  5587 D InputMethodManagerServicePhysicalKey: isConnectedDexOnPC false
04-17 18:01:28.776  5274  7486 V WindowManager: Relayout hash=2f5398f, pid=5598: mAttrs={(0,0)(fillxwrap) gr=TOP CENTER_VERTICAL sim={adjust=pan} layoutInDisplayCutoutMode=always ty=NAVIGATION_BAR_PANEL fmt=TRANSLUCENT
04-17 18:01:28.776  5274  7486 V WindowManager:   fl=20800128
04-17 18:01:28.776  5274  7486 V WindowManager:   pfl=13100050
04-17 18:01:28.776  5274  7486 V WindowManager:   vsysui=100
04-17 18:01:28.776  5274  7486 V WindowManager:   bhv=DEFAULT naviIconColor=0}
04-17 18:01:28.777  5598  6625 I ViewRootImpl@ce89bca[ScreenDecorOverlay]: Relayout returned: old=(0,0,1080,151) new=(0,0,1080,151) req=(1079,151)0 dur=5 res=0x1 s={true 485883396096} ch=false fn=212
04-17 18:01:28.778  5274  5587 D InputMethodManagerService: isImeSwitcherDisabledPackage : false
04-17 18:01:28.780  5598  5598 V Navbar.Store: handleEvent [EventType] ON_NAVBAR_ICON_HINT_CHANGED [Module] NavigationBar  KEYS_NAVBAR_ICON_HINT=3
04-17 18:01:28.780  5598  5598 V Navbar.Store: --[Band]SETUPWIZARD_PACK_SET_NAVBAR_ICON_HINT
04-17 18:01:28.780  5598  5598 V Navbar.Store: ----getValue(BOOL_NAVBAR_BUTTON_FORCED_VISIBLE)=false
04-17 18:01:28.780  5598  5598 V Navbar.Store: ----getValue(BOOL_NAVBAR_SETUPWIZARD_STYLE)=false
04-17 18:01:28.780  5598  5598 V Navbar.Store: --[Band]VIS_PACK_REEVAULATE_NAVBAR
04-17 18:01:28.780  5598  5598 V Navbar.Store: ----apply(REEVALUATE_NAVBAR)
04-17 18:01:28.780  5598  5598 V Navbar.Store: ----handleEvent [EventType] GET_BOOL_REGION_SAMPLING_ENABLED [Module] LightBarController  KEYS_DEFAULT=false
04-17 18:01:28.780  5598  5598 V Navbar.Store: ------[Band]COLOR_PACK_GET_REGION_SAMPLING_ENABLED
04-17 18:01:28.780  5598  5598 V Navbar.Store: --------getValue(BOOL_REGION_SAMPLING_ENABLED)=false
04-17 18:01:28.780  5598  5598 V Navbar.Store: handleEvent [EventType] GET_BOOL_SHOW_KEYBOARD_BUTTON [Module] SamsungNavigationBarView  KEYS_DEFAULT=true  KEYS_PORTRAIT=true
04-17 18:01:28.780  5598  5598 V Navbar.Store: --[Band]GESTURE_PACK_SHOW_KEYBOARD_BUTTON
04-17 18:01:28.780  5598  5598 V Navbar.Store: ----getValue(BOOL_NAVBAR_GESTURAL_MODE)=false
04-17 18:01:28.781  5598  5598 V Navbar.Store: ----handleEvent [EventType] ON_UPDATE_REMOTEVIEW [Module] SamsungNavigationBarView  KEYS_LEFT_REMOTEVIEW_CONTAINER=android.widget.LinearLayout{f974a1b I.E...... ......ID 0,0-118,126 #7f0b0478 app:id/left_remoteview}  KEYS_NAVBAR_DARK_INTENSITY=1.0  KEYS_CONTEXTUALBUTTON_VISIBLE=true  KEYS_RIGHT_REMOTEVIEW_CONTAINER=android.widget.LinearLayout{7e0f7b8 I.E...... ......ID 962,0-1080,126 #7f0b070a app:id/right_remoteview}
04-17 18:01:28.781  5598  5598 V Navbar.Store: ------[Band]REMOTE_VIEW_PACK_SET_REMOTEVIEW_CONTAINER
04-17 18:01:28.781  5598  5598 V Navbar.Store: --------apply(UPDATE_NAVBAR_REMOTEVIEW_CONTAINER)
04-17 18:01:28.781  5598  5598 V Navbar.Store: --------apply(UPDATE_NAVBAR_RIGHT_REMOTEVIEW_VISIBILITY)
04-17 18:01:28.781  5598  5598 V Navbar.Store: --------getValue(FLOAT_REMOTEVIEW_DARK_INTENSITY)=1.0
04-17 18:01:28.782  5598  5598 V Navbar.Store: handleEvent [EventType] GET_BOOL_SHOW_KEYBOARD_BUTTON [Module] SamsungNavigationBarView  KEYS_DEFAULT=true  KEYS_PORTRAIT=true
04-17 18:01:28.782  5598  5598 V Navbar.Store: --[Band]GESTURE_PACK_SHOW_KEYBOARD_BUTTON
04-17 18:01:28.782  5598  5598 V Navbar.Store: ----getValue(BOOL_NAVBAR_GESTURAL_MODE)=false
04-17 18:01:28.783  6034  6066 I TouchInteractionService: onActiveNavBarRegionChanges, region : SkRegion((0,2214,388,2340)(389,2214,690,2340)(691,2214,961,2340))
04-17 18:01:28.783  6034  6066 I TouchInteractionService: onActiveNavBarRegionChanges, region : SkRegion((0,2214,388,2340)(389,2214,690,2340)(691,2214,961,2340)(962,2214,1084,2340)(962,2340,1084,2341))
04-17 18:01:28.783  7411 31112 W GmsStrictMode: DISK_READ [CONTEXT service_id=256 ]
04-17 18:01:28.783  7411 31112 W GmsStrictMode: android.os.strictmode.DiskReadViolation
04-17 18:01:28.783  7411 31112 W GmsStrictMode: 	at android.os.StrictMode$AndroidBlockGuardPolicy.onReadFromDisk(StrictMode.java:1659)
04-17 18:01:28.783  7411 31112 W GmsStrictMode: 	at android.app.SharedPreferencesImpl.hasFileChangedUnexpectedly(SharedPreferencesImpl.java:244)
04-17 18:01:28.783  7411 31112 W GmsStrictMode: 	at android.app.SharedPreferencesImpl.startReloadIfChangedUnexpectedly(SharedPreferencesImpl.java:220)
04-17 18:01:28.783  7411 31112 W GmsStrictMode: 	at android.app.ContextImpl.getSharedPreferences(ContextImpl.java:606)
04-17 18:01:28.783  7411 31112 W GmsStrictMode: 	at android.app.ContextImpl.getSharedPreferences(ContextImpl.java:566)
04-17 18:01:28.783  7411 31112 W GmsStrictMode: 	at android.content.ContextWrapper.getSharedPreferences(ContextWrapper.java:205)
04-17 18:01:28.783  7411 31112 W GmsStrictMode: 	at android.content.ContextWrapper.getSharedPreferences(ContextWrapper.java:205)
04-17 18:01:28.783  7411 31112 W GmsStrictMode: 	at android.content.ContextWrapper.getSharedPreferences(ContextWrapper.java:205)
