04-19 15:55:13.348  7937  7937 I HBD     : b getTAC , flag: 1 , start: 8 , end: 8 , length: 8 , composingLength: 0 , isKCC: false
04-19 15:55:13.354  7937  7937 I HBD     : al EBD cm f 1
04-19 15:55:13.355  7937  7937 I HBD     : HoneyBoardService onKeyUp r:f289f3ed consumed:false
04-19 15:55:13.356  6061  6061 I ViewRootImpl@79cdf24[MainActivity]: ViewPostIme key 1
04-19 15:55:13.358  4894  4894 E SurfaceFlinger: Attempt to update InputPolicyFlags without permission ACCESS_SURFACE_FLINGER
04-19 15:55:13.359  5232  5376 D InputDispatcher: Inject key (6061): action=0, f=0x8, d=-1, time=6873057000000
04-19 15:55:13.360  5232  5378 I InputDispatcher: Delivering key to (6061): action: 0x0 (0), f=0x8, m=0x0, d=0, 'e615793'
04-19 15:55:13.361  7937  7937 I HBD     : a skip onKeyDown as physical keyboard not connected
04-19 15:55:13.361  7937  7937 I HBD     : HoneyBoardService onKeyDown r:0389ae3e consumed:false
04-19 15:55:13.362  6061  6061 I ViewRootImpl@79cdf24[MainActivity]: ViewPostIme key 0
04-19 15:55:13.391  7937  7937 I HBD     : bd ous -  8 ,  8 ,  9 ,  9 ,  -1 ,  -1
04-19 15:55:13.392  5232  7403 D InputDispatcher: Inject key (6061): action=1, f=0x8, d=-1, time=6873090000000
04-19 15:55:13.393  5232  5378 I InputDispatcher: Delivering key to (6061): action: 0x1 (0), f=0x8, m=0x0, d=0, 'e615793'
04-19 15:55:13.397  7937  7937 I HBD     : b getTBC , flag: 1 , start: 9 , end: 9 , length: 9 , composingLength: 0 , isKCC: false
04-19 15:55:13.399  7937  7937 I HBD     : b getTAC , flag: 1 , start: 9 , end: 9 , length: 9 , composingLength: 0 , isKCC: false
04-19 15:55:13.405  7937  7937 I HBD     : al EBD cm f 1
04-19 15:55:13.405  7937  7937 I HBD     : HoneyBoardService onKeyUp r:18e76a9e consumed:false
04-19 15:55:13.406  6061  6061 I ViewRootImpl@79cdf24[MainActivity]: ViewPostIme key 1
04-19 15:55:13.408  4894  4894 E SurfaceFlinger: Attempt to update InputPolicyFlags without permission ACCESS_SURFACE_FLINGER
04-19 15:55:13.409  5232  7403 D InputDispatcher: Inject key (6061): action=0, f=0x8, d=-1, time=6873107000000
04-19 15:55:13.409  5232  5378 I InputDispatcher: Delivering key to (6061): action: 0x0 (0), f=0x8, m=0x0, d=0, 'e615793'
04-19 15:55:13.410  7937  7937 I HBD     : a skip onKeyDown as physical keyboard not connected
04-19 15:55:13.410  7937  7937 I HBD     : HoneyBoardService onKeyDown r:180b3037 consumed:false
04-19 15:55:13.411  6061  6061 I ViewRootImpl@79cdf24[MainActivity]: ViewPostIme key 0
04-19 15:55:13.440  7937  7937 I HBD     : bd ous -  9 ,  9 ,  10 ,  10 ,  -1 ,  -1
04-19 15:55:13.440  5232  7403 D InputDispatcher: Inject key (6061): action=1, f=0x8, d=-1, time=6873138000000
04-19 15:55:13.440  5232  5378 I InputDispatcher: Delivering key to (6061): action: 0x1 (0), f=0x8, m=0x0, d=0, 'e615793'
04-19 15:55:13.445  7937  7937 I HBD     : b getTBC , flag: 1 , start: 10 , end: 10 , length: 10 , composingLength: 0 , isKCC: false
04-19 15:55:13.447  7937  7937 I HBD     : b getTAC , flag: 1 , start: 10 , end: 10 , length: 10 , composingLength: 0 , isKCC: false
04-19 15:55:13.452  7937  7937 I HBD     : al EBD cm f 1
04-19 15:55:13.452  7937  7937 I HBD     : HoneyBoardService onKeyUp r:07a21cc7 consumed:false
04-19 15:55:13.453  6061  6061 I ViewRootImpl@79cdf24[MainActivity]: ViewPostIme key 1
04-19 15:55:13.455  5232  7403 D InputDispatcher: Inject key (6061): action=0, f=0x8, d=-1, time=6873154000000
04-19 15:55:13.456  5232  5378 I InputDispatcher: Delivering key to (6061): action: 0x0 (0), f=0x8, m=0x0, d=0, 'e615793'
04-19 15:55:13.456  7937  7937 I HBD     : a skip onKeyDown as physical keyboard not connected
04-19 15:55:13.457  7937  7937 I HBD     : HoneyBoardService onKeyDown r:b4fa58c5 consumed:false
04-19 15:55:13.457  6061  6061 I ViewRootImpl@79cdf24[MainActivity]: ViewPostIme key 0
04-19 15:55:13.459  4894  4894 E SurfaceFlinger: Attempt to update InputPolicyFlags without permission ACCESS_SURFACE_FLINGER
04-19 15:55:13.489  7937  7937 I HBD     : bd ous -  10 ,  10 ,  11 ,  11 ,  -1 ,  -1
04-19 15:55:13.492  5232  7403 D InputDispatcher: Inject key (6061): action=1, f=0x8, d=-1, time=6873188000000
04-19 15:55:13.492  5232  5378 I InputDispatcher: Delivering key to (6061): action: 0x1 (0), f=0x8, m=0x0, d=0, 'e615793'
04-19 15:55:13.493  7937  7937 I HBD     : b getTBC , flag: 1 , start: 11 , end: 11 , length: 11 , composingLength: 0 , isKCC: false
04-19 15:55:13.496  7937  7937 I HBD     : b getTAC , flag: 1 , start: 11 , end: 11 , length: 11 , composingLength: 0 , isKCC: false
04-19 15:55:13.505  7937  7937 I HBD     : al EBD cm f 1
04-19 15:55:13.505  7937  7937 I HBD     : HoneyBoardService onKeyUp r:94fa5707 consumed:false
04-19 15:55:13.506  6061  6061 I ViewRootImpl@79cdf24[MainActivity]: ViewPostIme key 1
04-19 15:55:13.509  4894  4894 E SurfaceFlinger: Attempt to update InputPolicyFlags without permission ACCESS_SURFACE_FLINGER
04-19 15:55:13.510  5232  7403 D InputDispatcher: Inject key (6061): action=0, f=0x8, d=-1, time=6873208000000
04-19 15:55:13.511  5232  5378 I InputDispatcher: Delivering key to (6061): action: 0x0 (0), f=0x8, m=0x0, d=0, 'e615793'
04-19 15:55:13.511  7937  7937 I HBD     : a skip onKeyDown as physical keyboard not connected
04-19 15:55:13.512  7937  7937 I HBD     : HoneyBoardService onKeyDown r:b3299e1b consumed:false
04-19 15:55:13.513  6061  6061 I ViewRootImpl@79cdf24[MainActivity]: ViewPostIme key 0
04-19 15:55:13.544  7937  7937 I HBD     : bd ous -  11 ,  11 ,  12 ,  12 ,  -1 ,  -1
04-19 15:55:13.550  5232  7403 D InputDispatcher: Inject key (6061): action=1, f=0x8, d=-1, time=6873243000000
04-19 15:55:13.551  5232  5378 I InputDispatcher: Delivering key to (6061): action: 0x1 (0), f=0x8, m=0x0, d=0, 'e615793'
04-19 15:55:13.559  4894  4894 E SurfaceFlinger: Attempt to update InputPolicyFlags without permission ACCESS_SURFACE_FLINGER
04-19 15:55:13.566  7937  7937 I HBD     : b getTBC , flag: 1 , start: 12 , end: 12 , length: 12 , composingLength: 0 , isKCC: false
04-19 15:55:13.572  7937  7937 I HBD     : b getTAC , flag: 1 , start: 12 , end: 12 , length: 12 , composingLength: 0 , isKCC: false
04-19 15:55:13.575  4894  4894 E SurfaceFlinger: Attempt to update InputPolicyFlags without permission ACCESS_SURFACE_FLINGER
04-19 15:55:13.579 11163 11505 I AppsEdge.Badge: getBadgeIconType 0
04-19 15:55:13.585  7937  7937 I HBD     : al EBD cm f 1
04-19 15:55:13.587  7937  7937 I HBD     : HoneyBoardService onKeyUp r:7ad7dc2e consumed:false
04-19 15:55:13.588  6061  6061 I ViewRootImpl@79cdf24[MainActivity]: ViewPostIme key 1
04-19 15:55:13.592  5232  7403 D InputDispatcher: Inject key (6061): action=0, f=0x8, d=-1, time=6873290000000
04-19 15:55:13.594  5232  5378 I InputDispatcher: Delivering key to (6061): action: 0x0 (0), f=0x8, m=0x0, d=0, 'e615793'
04-19 15:55:13.594  3832  3851 I BadgeProvider: query, [selection] : null
04-19 15:55:13.595  7937  7937 I HBD     : a skip onKeyDown as physical keyboard not connected
04-19 15:55:13.595  7937  7937 I HBD     : HoneyBoardService onKeyDown r:6d4f1864 consumed:false
04-19 15:55:13.596  6061  6061 I ViewRootImpl@79cdf24[MainActivity]: ViewPostIme key 0
04-19 15:55:13.597 11163 11505 I AppsEdge.Badge: key=com.wsandroid.suite/com.mcafee.app.LauncherDelegateActivity:0 count=4
04-19 15:55:13.628  7937  7937 I HBD     : bd ous -  12 ,  12 ,  13 ,  13 ,  -1 ,  -1
04-19 15:55:13.633  7937  7937 I HBD     : b getTBC , flag: 1 , start: 13 , end: 13 , length: 13 , composingLength: 0 , isKCC: false
04-19 15:55:13.637  7937  7937 I HBD     : b getTAC , flag: 1 , start: 13 , end: 13 , length: 13 , composingLength: 0 , isKCC: false
04-19 15:55:13.638  5232  7403 D InputDispatcher: Inject key (6061): action=1, f=0x8, d=-1, time=6873336000000
04-19 15:55:13.639  5232  5378 I InputDispatcher: Delivering key to (6061): action: 0x1 (0), f=0x8, m=0x0, d=0, 'e615793'
04-19 15:55:13.642  4894  4894 E SurfaceFlinger: Attempt to update InputPolicyFlags without permission ACCESS_SURFACE_FLINGER
04-19 15:55:13.642  7937  7937 I HBD     : al EBD cm f 1
04-19 15:55:13.643  7937  7937 I HBD     : HoneyBoardService onKeyUp r:e7d2d008 consumed:false
04-19 15:55:13.644  6061  6061 I ViewRootImpl@79cdf24[MainActivity]: ViewPostIme key 1
04-19 15:55:13.648  6061  6061 I ViewInteraction: Performing 'close keyboard' action on view view.getId() is <2131296494/com.myapp.alist:id/input2EditText>
04-19 15:55:13.649  6061  6061 D IdlingRegistry: Registering idling resources: [androidx.test.espresso.action.CloseKeyboardAction$CloseKeyboardIdlingResult@7bebb8f]
04-19 15:55:13.649  6061  6061 I IMM_LC  : hsifw() - flags=0, caller=android.view.inputmethod.InputMethodManager.hideSoftInputFromWindow:1858 androidx.test.espresso.action.CloseKeyboardAction.tryToCloseKeyboard:6 androidx.test.espresso.action.CloseKeyboardAction.perform:2 androidx.test.espresso.ViewInteraction$SingleExecutionViewAction.perform:2 androidx.test.espresso.ViewInteraction.doPerform:25
04-19 15:55:13.649  6061  6061 I IMM_LC  : hideSoftInputFromWindow - mService.hideSoftInput
04-19 15:55:13.650  7937  7937 I InputMethod: hideSoftInput(), flags : 0
04-19 15:55:13.651  7937  7937 I HBD     : HoneyBoardService onFinishInputView finishingInput= false
04-19 15:55:13.651  7937  7937 I HBD     : a [UpdatePolicy] [post] a: 3 cl: 65538 kit: [0/0] vt: 0 ir: 1
04-19 15:55:13.651  7937  7937 I HBD     : b processFinishInputView
04-19 15:55:13.651  7937  7937 I HBD     : bd stopRunningTimers
04-19 15:55:13.652  7937  7937 I HBD     : e unbindCurrentHoneyBoard : text_board
04-19 15:55:13.652  7937  7937 I HBD     : a onUnbind
04-19 15:55:13.652  7937  7937 I HBD     : a clear BaseLanguageRepo
04-19 15:55:13.652  7937  7937 I HBD     : HoneyBoardService [PF_CL][onFinishInputView]  1 ms
04-19 15:55:13.653  7937  7937 I HBD     : HoneyBoardService onWindowHidden
04-19 15:55:13.653  7937  7937 I HBD     : HoneyBoardService [PF_CL][onWindowHidden]  106269 ns
04-19 15:55:13.653  7937  7937 I DecorView: notifyKeepScreenOnChanged: keepScreenOn=false
04-19 15:55:13.653  7937  7937 I MSHandlerLifeCycle: isMultiSplitHandlerRequested: ignored. pkg=com.samsung.android.honeyboard isActivity=false callers=com.android.internal.policy.DecorView.hasMultiSplitHandlerInNonFreeformMode:891 com.android.internal.policy.DecorView.notifyKeepScreenOnChanged:885 android.view.ViewRootImpl.applyKeepScreenOnFlag:2945 android.view.ViewRootImpl.setLayoutParams:2108 android.view.WindowManagerGlobal.updateViewLayout:537
04-19 15:55:13.659  4894  4894 E SurfaceFlinger: Attempt to update InputPolicyFlags without permission ACCESS_SURFACE_FLINGER
04-19 15:55:13.661  5232  5376 D InputMethodManagerServicePhysicalKey: isConnectedDexOnPC false
04-19 15:55:13.661  5232  5376 D InputMethodManagerService: isImeSwitcherDisabledPackage : false
04-19 15:55:13.662  5232  5376 I InputMethodManagerService: setImeWindowStatus: vis=0, backDisposition=0
04-19 15:55:13.664  5576  5576 V Navbar.Store: handleEvent [EventType] ON_NAVBAR_ICON_HINT_CHANGED [Module] NavigationBar  KEYS_NAVBAR_ICON_HINT=0
04-19 15:55:13.664  5576  5576 V Navbar.Store: --[Band]SETUPWIZARD_PACK_SET_NAVBAR_ICON_HINT
04-19 15:55:13.664  5576  5576 V Navbar.Store: ----getValue(BOOL_NAVBAR_BUTTON_FORCED_VISIBLE)=false
04-19 15:55:13.664  5576  5576 V Navbar.Store: ----getValue(BOOL_NAVBAR_SETUPWIZARD_STYLE)=false
04-19 15:55:13.664  5576  5576 V Navbar.Store: --[Band]VIS_PACK_REEVAULATE_NAVBAR
04-19 15:55:13.664  5576  5576 V Navbar.Store: ----apply(REEVALUATE_NAVBAR)
04-19 15:55:13.665  5576  5576 V Navbar.Store: ----handleEvent [EventType] GET_BOOL_REGION_SAMPLING_ENABLED [Module] LightBarController  KEYS_DEFAULT=false
04-19 15:55:13.665  5576  5576 V Navbar.Store: ------[Band]COLOR_PACK_GET_REGION_SAMPLING_ENABLED
04-19 15:55:13.665  5576  5576 V Navbar.Store: --------getValue(BOOL_REGION_SAMPLING_ENABLED)=false
04-19 15:55:13.666  5576  5576 V Navbar.Store: ----handleEvent [EventType] ON_UPDATE_REMOTEVIEW [Module] SamsungNavigationBarView  KEYS_LEFT_REMOTEVIEW_CONTAINER=android.widget.LinearLayout{6ac3937 I.E...... ......ID 0,0-118,126 #7f0b0478 app:id/left_remoteview}  KEYS_NAVBAR_DARK_INTENSITY=1.0  KEYS_RIGHT_REMOTEVIEW_CONTAINER=android.widget.LinearLayout{84d4ea4 I.E...... ......ID 962,0-1080,126 #7f0b070a app:id/right_remoteview}  KEYS_CONTEXTUALBUTTON_VISIBLE=false
04-19 15:55:13.666  5576  5576 V Navbar.Store: ------[Band]REMOTE_VIEW_PACK_SET_REMOTEVIEW_CONTAINER
04-19 15:55:13.666  5576  5576 V Navbar.Store: --------apply(UPDATE_NAVBAR_REMOTEVIEW_CONTAINER)
04-19 15:55:13.666  6061  6061 D InsetsSourceConsumer: setRequestedVisible: visible=false, type=19, host=com.myapp.alist/com.myapp.alist.ui.MainActivity, from=android.view.InsetsSourceConsumer.hide:253 android.view.ImeInsetsSourceConsumer.hide:68 android.view.ImeInsetsSourceConsumer.hide:74 android.view.InsetsController.hideDirectly:1473 android.view.InsetsController.controlAnimationUnchecked:1139 android.view.InsetsController.applyAnimation:1456 android.view.InsetsController.applyAnimation:1437 android.view.InsetsController.hide:1006 android.view.ViewRootImpl$ViewRootHandler.handleMessageImpl:6487 android.view.ViewRootImpl$ViewRootHandler.handleMessage:6408
04-19 15:55:13.666  5576  5576 V Navbar.Store: --------apply(UPDATE_NAVBAR_RIGHT_REMOTEVIEW_VISIBILITY)
04-19 15:55:13.666  5576  5576 V Navbar.Store: --------getValue(FLOAT_REMOTEVIEW_DARK_INTENSITY)=1.0
04-19 15:55:13.667 11163 11163 I CocktailBarUiController: onReceive: action=ResponseAxT9Info isVisibleWindow=0
04-19 15:55:13.668  5983  8271 I TouchInteractionService: onActiveNavBarRegionChanges, region : SkRegion((0,2214,388,2220)(389,2214,690,2220)(691,2214,961,2220)(0,2220,388,2340)(389,2220,690,2340)(691,2220,961,2340)(962,2220,1088,2340))
04-19 15:55:13.668  5983  8271 I TouchInteractionService: onActiveNavBarRegionChanges, region : SkRegion((0,2214,388,2340)(389,2214,690,2340)(691,2214,961,2340))
04-19 15:55:13.668  7937  6276 I HBD     : bd requestCursorUpdates(0),  16
04-19 15:55:13.669  4894  5668 I SurfaceFlinger: id=4068 createSurf (0x0),-1 flag=24000, Surface(name=ec1a749 NavigationBar0)/@0xfb3ebf7 - animation-leash of insets_animation#0
04-19 15:55:13.671  5983 21648 I TouchInteractionService: onSystemUiStateChanged, stateFlags : 131072
04-19 15:55:13.674  5983  5983 I TouchInteractionService: onSystemUiFlagsChanged, userUnlocked
04-19 15:55:13.676  5232  5376 V WindowManager: Relayout Window{4822353 u0 ScreenDecorOverlayBottom}: viewVisibility=0 req=1079x151 d0
04-19 15:55:13.678  5576  5576 V Navbar.Store: handleEvent [EventType] GET_BOOL_NAVBAR_CAN_MOVE_STATE [Module] SamsungNavigationBarView  KEYS_DEFAULT=true
04-19 15:55:13.678  5576  5576 V Navbar.Store: --[Band]CONFIG_PACK_GET_NAVBAR_CAN_MOVE
04-19 15:55:13.678  5576  5576 V Navbar.Store: ----getValue(BOOL_NAVBAR_CAN_MOVE)=true
04-19 15:55:13.678  5983 21648 I TouchInteractionService: onActiveNavBarRegionChanges, region : SkRegion((0,2214,388,2340)(389,2214,690,2340)(691,2214,961,2340))
04-19 15:55:13.679  5576  5576 V Navbar.Store: handleEvent [EventType] GET_BOOL_USE_NAVBAR_BACKGROUND_FRAME [Module] NavigationBarTransitions  KEYS_DEFAULT=false
04-19 15:55:13.679  5576  5576 V Navbar.Store: --[Band]COLOR_PACK_GET_USE_NAVBAR_BACKGROUND_FRAME
04-19 15:55:13.679  5576  5576 V Navbar.Store: ----getValue(BOOL_NAVBAR_GESTURAL_MODE)=false
04-19 15:55:13.679  5576  5576 V Navbar.Store: ----getValue(BOOL_NAVBAR_OPAQUE)=false
04-19 15:55:13.679  5576  5576 V Navbar.Store: ----getValue(BOOL_NAVBAR_PINNED_EDGE_ENABELD)=false
04-19 15:55:13.679  5232  7403 V WindowManager: Relayout Window{877f4ea u0 InputMethod}: viewVisibility=0 req=1080x2257 d0
04-19 15:55:13.682  5232  5376 V WindowManager: Relayout hash=4822353, pid=5576: mAttrs={(0,0)(fillxwrap) gr=BOTTOM CENTER_VERTICAL sim={adjust=pan} layoutInDisplayCutoutMode=always ty=NAVIGATION_BAR_PANEL fmt=TRANSLUCENT
04-19 15:55:13.682  5232  5376 V WindowManager:   fl=20800128
04-19 15:55:13.682  5232  5376 V WindowManager:   pfl=13100050
04-19 15:55:13.682  5232  5376 V WindowManager:   vsysui=100
04-19 15:55:13.682  5232  5376 V WindowManager:   bhv=DEFAULT naviIconColor=0}
04-19 15:55:13.683  5576  6511 I ViewRootImpl@60d6efe[ScreenDecorOverlayBottom]: Relayout returned: old=(0,2189,1080,2340) new=(0,2189,1080,2340) req=(1079,151)0 dur=6 res=0x0 s={true 535593426944} ch=false fn=108
04-19 15:55:13.686  5232  7403 V WindowManager: Relayout hash=877f4ea, pid=7937: mAttrs={(0,0)(fillxfill) gr=BOTTOM CENTER_VERTICAL sim={adjust=pan} ty=INPUT_METHOD fmt=TRANSPARENT wanim=0x7f130170 preferredMinDisplayRefreshRate=60.0 receive insets ignoring z-order
04-19 15:55:13.686  5232  7403 V WindowManager:   fl=81800108
04-19 15:55:13.686  5232  7403 V WindowManager:   pfl=12000000
04-19 15:55:13.686  5232  7403 V WindowManager:   vsysui=10
04-19 15:55:13.686  5232  7403 V WindowManager:   apr=LIGHT_NAVIGATION_BARS
04-19 15:55:13.686  5232  7403 V WindowManager:   bhv=DEFAULT
04-19 15:55:13.686  5232  7403 V WindowManager:   fitTypes=STATUS_BARS NAVIGATION_BARS
04-19 15:55:13.686  5232  7403 V WindowManager:   fitSides=LEFT TOP RIGHT
04-19 15:55:13.686  5232  7403 V WindowManager:   fitIgnoreVis dimDuration=150 naviIconColor=0}
04-19 15:55:13.687  5576  5576 D PipMotionHelper: animateToOffset: originalBounds=Rect(533, 1888 - 1038, 2172) offset=0 callers=
04-19 15:55:13.687  5576  5576 D PipMotionHelper:     com.android.wm.shell.pip.phone.PipTouchHandler.onMovementBoundsChanged:477
04-19 15:55:13.687  5576  5576 D PipMotionHelper:     com.android.wm.shell.pip.phone.PipController.updateMovementBounds:715
04-19 15:55:13.687  5576  5576 D PipMotionHelper:     com.android.wm.shell.pip.phone.PipController.access$600:99
04-19 15:55:13.687  5576  5576 D PipMotionHelper:     com.android.wm.shell.pip.phone.PipController$PipControllerPinnedTaskListener.onMovementBoundsChanged:238
04-19 15:55:13.687  5576  5576 D PipMotionHelper:     com.android.wm.shell.pip.PinnedStackListenerForwarder.onMovementBoundsChanged:65
04-19 15:55:13.689  7937  7937 I ViewRootImpl@ec5d19[InputMethod]: Relayout returned: old=(0,83,1080,2340) new=(0,83,1080,2340) req=(1080,2257)0 dur=17 res=0x2 s={true 538122883072} ch=false fn=58
04-19 15:55:13.690  7937  7937 I ViewRootImpl@ec5d19[InputMethod]: [DP] dp(1) 1 android.view.ViewRootImpl.reportNextDraw:11442 android.view.ViewRootImpl.performTraversals:4198 android.view.ViewRootImpl.doTraversal:2924
04-19 15:55:13.693  5232  7403 V WindowManager: Relayout Window{4822353 u0 ScreenDecorOverlayBottom}: viewVisibility=0 req=1079x151 d0
04-19 15:55:13.697  5232  7403 V WindowManager: Relayout hash=4822353, pid=5576: mAttrs={(0,0)(fillxwrap) gr=BOTTOM CENTER_VERTICAL sim={adjust=pan} layoutInDisplayCutoutMode=always ty=NAVIGATION_BAR_PANEL fmt=TRANSLUCENT
04-19 15:55:13.697  5232  7403 V WindowManager:   fl=20800128
04-19 15:55:13.697  5232  7403 V WindowManager:   pfl=13100050
04-19 15:55:13.697  5232  7403 V WindowManager:   vsysui=100
04-19 15:55:13.697  5232  7403 V WindowManager:   bhv=DEFAULT naviIconColor=0}
04-19 15:55:13.698  5576  6511 I ViewRootImpl@60d6efe[ScreenDecorOverlayBottom]: Relayout returned: old=(0,2189,1080,2340) new=(0,2189,1080,2340) req=(1079,151)0 dur=4 res=0x0 s={true 535593426944} ch=false fn=108
04-19 15:55:13.701  5232  8700 V WindowManager: Relayout Window{5338360 u0 ScreenDecorOverlay}: viewVisibility=0 req=1079x151 d0
04-19 15:55:13.708  5232  8700 V WindowManager: Relayout hash=5338360, pid=5576: mAttrs={(0,0)(fillxwrap) gr=TOP CENTER_VERTICAL sim={adjust=pan} layoutInDisplayCutoutMode=always ty=NAVIGATION_BAR_PANEL fmt=TRANSLUCENT
04-19 15:55:13.708  5232  8700 V WindowManager:   fl=20800128
04-19 15:55:13.708  5232  8700 V WindowManager:   pfl=13100050
04-19 15:55:13.708  5232  8700 V WindowManager:   vsysui=100
04-19 15:55:13.708  5232  8700 V WindowManager:   bhv=DEFAULT naviIconColor=0}
04-19 15:55:13.712  6061  6061 D ScrollView:  onsize change changed
04-19 15:55:13.712  5576  6511 I ViewRootImpl@cb0095a[ScreenDecorOverlay]: Relayout returned: old=(0,0,1080,151) new=(0,0,1080,151) req=(1079,151)0 dur=11 res=0x0 s={true 535593418752} ch=false fn=112
04-19 15:55:13.714  5232  5376 V WindowManager: Relayout Window{4822353 u0 ScreenDecorOverlayBottom}: viewVisibility=0 req=1079x151 d0
04-19 15:55:13.717  5232  5376 V WindowManager: Relayout hash=4822353, pid=5576: mAttrs={(0,0)(fillxwrap) gr=BOTTOM CENTER_VERTICAL sim={adjust=pan} layoutInDisplayCutoutMode=always ty=NAVIGATION_BAR_PANEL fmt=TRANSLUCENT
04-19 15:55:13.717  5232  5376 V WindowManager:   fl=20800128
04-19 15:55:13.717  5232  5376 V WindowManager:   pfl=13100050
04-19 15:55:13.717  5232  5376 V WindowManager:   vsysui=100
04-19 15:55:13.717  5232  5376 V WindowManager:   bhv=DEFAULT naviIconColor=0}
04-19 15:55:13.719  6061  6061 D InsetsSourceConsumer: ensureControlAlpha: for ITYPE_NAVIGATION_BAR on com.myapp.alist/com.myapp.alist.ui.MainActivity
04-19 15:55:13.720  5576  6511 I ViewRootImpl@60d6efe[ScreenDecorOverlayBottom]: Relayout returned: old=(0,2189,1080,2340) new=(0,2189,1080,2340) req=(1079,151)0 dur=8 res=0x0 s={true 535593426944} ch=false fn=108
04-19 15:55:13.722  7937  7937 I ViewRootImpl@ec5d19[InputMethod]: [DP] pdf(0) 1 android.view.ViewRootImpl.lambda$addFrameCompleteCallbackIfNeeded$3$ViewRootImpl:5000 android.view.ViewRootImpl$$ExternalSyntheticLambda16.run:6 android.os.Handler.handleCallback:938
04-19 15:55:13.722  7937  7937 I ViewRootImpl@ec5d19[InputMethod]: [DP] rdf()
04-19 15:55:13.723  7937  7937 I HBD     : d Init expand button state by global layout listener
04-19 15:55:13.723  5232  5376 V WindowManager: Relayout Window{5338360 u0 ScreenDecorOverlay}: viewVisibility=0 req=1079x151 d0
04-19 15:55:13.726  5232  5376 V WindowManager: Relayout hash=5338360, pid=5576: mAttrs={(0,0)(fillxwrap) gr=TOP CENTER_VERTICAL sim={adjust=pan} layoutInDisplayCutoutMode=always ty=NAVIGATION_BAR_PANEL fmt=TRANSLUCENT
04-19 15:55:13.726  5232  5376 V WindowManager:   fl=20800128
04-19 15:55:13.726  5232  5376 V WindowManager:   pfl=13100050
04-19 15:55:13.726  5232  5376 V WindowManager:   vsysui=100
04-19 15:55:13.726  5232  5376 V WindowManager:   bhv=DEFAULT naviIconColor=0}
04-19 15:55:13.726  4894  4894 E SurfaceFlinger: Attempt to update InputPolicyFlags without permission ACCESS_SURFACE_FLINGER
04-19 15:55:13.727  5576  6511 I ViewRootImpl@cb0095a[ScreenDecorOverlay]: Relayout returned: old=(0,0,1080,151) new=(0,0,1080,151) req=(1079,151)0 dur=5 res=0x0 s={true 535593418752} ch=false fn=112
04-19 15:55:13.754  6061  6072 I com.myapp.alis: Compiler allocated 4148KB to compile void android.widget.TextView.<init>(android.content.Context, android.util.AttributeSet, int, int)
04-19 15:55:13.763  5232  7403 D InputMethodManagerServicePhysicalKey: isConnectedDexOnPC false
04-19 15:55:13.764  5232  7403 D InputMethodManagerService: isImeSwitcherDisabledPackage : false
04-19 15:55:13.784  5232  5490 D NetdEventListenerService: DNS Requested by : 0, 10225, 7
04-19 15:55:13.882  6061  6061 I IMM_LC  : notifyImeHidden
04-19 15:55:13.886  7937  7937 I MSHandlerLifeCycle: isMultiSplitHandlerRequested: ignored. pkg=com.samsung.android.honeyboard isActivity=false callers=com.android.internal.policy.DecorView.setVisibility:4295 android.app.Dialog.hide:741 android.inputmethodservice.InputMethodService.removeImeSurface:1143 android.inputmethodservice.InputMethodService.scheduleImeSurfaceRemoval:1136 android.inputmethodservice.InputMethodService.access$1400:354
04-19 15:55:13.886  7937  7937 I MSHandlerLifeCycle: removeMultiSplitHandler: no exist. decor=DecorView@79cf902[InputMethod]
04-19 15:55:13.901  4894  4894 D SurfaceFlinger: Display 0 HWC layers:
04-19 15:55:13.901  4894  4894 D SurfaceFlinger:      DEVICE | 0x7da12c04c0 | 0102 | RGBA_8888    |    0.0    0.0 1080.0 2340.0 |    0    0 1080 2340 | com.myapp.alist/com.myapp.alist.ui.MainActivity$_6061#0
04-19 15:55:13.901  4894  4894 D SurfaceFlinger:      DEVICE | 0x7d8143fe40 | 0100 | RGBA_8888    |    0.0    0.0 1080.0   78.0 |    0    0 1080   78 | StatusBar$_5576#0
04-19 15:55:13.901  4894  4894 D SurfaceFlinger:      DEVICE | 0x7da135d600 | 0100 | RGBA_8888    |    0.0    0.0 1080.0  126.0 |    0 2214 1080 2340 | NavigationBar0$_5576#0
04-19 15:55:13.901  4894  4894 D SurfaceFlinger:      DEVICE | 0x7da135d380 | 0140 | RGBA_8888    |    0.0    0.0 1080.0  151.0 |    0    0 1080  151 | ScreenDecorOverlay$_5576#0
04-19 15:55:13.901  4894  4894 D SurfaceFlinger:      DEVICE | 0x7da12bf700 | 0140 | RGBA_8888    |    0.0    0.0 1080.0  151.0 |    0 2189 1080 2340 | ScreenDecorOverlayBottom$_5576#0
04-19 15:55:13.901  4894  4894 D SurfaceFlinger:
04-19 15:55:13.903  5232  5376 V WindowManager: Relayout Window{877f4ea u0 InputMethod}: viewVisibility=8 req=1080x2257 d0
04-19 15:55:13.910  4894  4894 I Layer   : id=4067 removeFromCurrentState InputMethod$_7937#0 (101)
04-19 15:55:13.912  5232  5376 V WindowManager: Relayout hash=877f4ea, pid=7937: mAttrs={(0,0)(fillxfill) gr=BOTTOM CENTER_VERTICAL sim={adjust=pan} ty=INPUT_METHOD fmt=TRANSPARENT wanim=0x7f130170 preferredMinDisplayRefreshRate=60.0 receive insets ignoring z-order
04-19 15:55:13.912  5232  5376 V WindowManager:   fl=81800108
04-19 15:55:13.912  5232  5376 V WindowManager:   pfl=12000000
04-19 15:55:13.912  5232  5376 V WindowManager:   vsysui=10
04-19 15:55:13.912  5232  5376 V WindowManager:   apr=LIGHT_NAVIGATION_BARS
04-19 15:55:13.912  5232  5376 V WindowManager:   bhv=DEFAULT
04-19 15:55:13.912  5232  5376 V WindowManager:   fitTypes=STATUS_BARS NAVIGATION_BARS
04-19 15:55:13.912  5232  5376 V WindowManager:   fitSides=LEFT TOP RIGHT
04-19 15:55:13.912  5232  5376 V WindowManager:   fitIgnoreVis dimDuration=150 naviIconColor=0}
04-19 15:55:13.914  7937  7937 I ViewRootImpl@ec5d19[InputMethod]: Relayout returned: old=(0,83,1080,2340) new=(0,83,1080,2340) req=(1080,2257)8 dur=12 res=0x4 s={false 0} ch=true fn=69
04-19 15:55:13.914  4894  4894 I SurfaceFlinger: Setting desired display mode specs: default mode ID: 0, allowGroupSwitching = 0, primary range: [0.00fps 120.00fps], app request range: [0.00fps 120.00fps]
04-19 15:55:13.919  4894  5668 I SurfaceFlinger: id=4067 Removed InputMethod$_7937#0 (101)
04-19 15:55:13.927  4894  4894 I Layer   : id=4067 Destroyed InputMethod$_7937#0
04-19 15:55:13.931  5232  5376 V WindowManager: Relayout Window{4822353 u0 ScreenDecorOverlayBottom}: viewVisibility=0 req=1079x151 d0
04-19 15:55:13.938  5232  5376 V WindowManager: Relayout hash=4822353, pid=5576: mAttrs={(0,0)(fillxwrap) gr=BOTTOM CENTER_VERTICAL sim={adjust=pan} layoutInDisplayCutoutMode=always ty=NAVIGATION_BAR_PANEL fmt=TRANSLUCENT
04-19 15:55:13.938  5232  5376 V WindowManager:   fl=20800128
04-19 15:55:13.938  5232  5376 V WindowManager:   pfl=13100050
04-19 15:55:13.938  5232  5376 V WindowManager:   vsysui=100
04-19 15:55:13.938  5232  5376 V WindowManager:   bhv=DEFAULT naviIconColor=0}
04-19 15:55:13.940  5576  6511 I ViewRootImpl@60d6efe[ScreenDecorOverlayBottom]: Relayout returned: old=(0,2189,1080,2340) new=(0,2189,1080,2340) req=(1079,151)0 dur=10 res=0x0 s={true 535593426944} ch=false fn=108
04-19 15:55:13.946  5232  7403 V WindowManager: Relayout Window{4822353 u0 ScreenDecorOverlayBottom}: viewVisibility=0 req=1079x151 d0
04-19 15:55:13.950  5232  7403 V WindowManager: Relayout hash=4822353, pid=5576: mAttrs={(0,0)(fillxwrap) gr=BOTTOM CENTER_VERTICAL sim={adjust=pan} layoutInDisplayCutoutMode=always ty=NAVIGATION_BAR_PANEL fmt=TRANSLUCENT
04-19 15:55:13.950  5232  7403 V WindowManager:   fl=20800128
04-19 15:55:13.950  5232  7403 V WindowManager:   pfl=13100050
04-19 15:55:13.950  5232  7403 V WindowManager:   vsysui=100
04-19 15:55:13.950  5232  7403 V WindowManager:   bhv=DEFAULT naviIconColor=0}
04-19 15:55:13.952  5576  6511 I ViewRootImpl@60d6efe[ScreenDecorOverlayBottom]: Relayout returned: old=(0,2189,1080,2340) new=(0,2189,1080,2340) req=(1079,151)0 dur=7 res=0x0 s={true 535593426944} ch=false fn=108
04-19 15:55:13.956  5232  5376 V WindowManager: Relayout Window{5338360 u0 ScreenDecorOverlay}: viewVisibility=0 req=1079x151 d0
04-19 15:55:13.960  5232  5376 V WindowManager: Relayout hash=5338360, pid=5576: mAttrs={(0,0)(fillxwrap) gr=TOP CENTER_VERTICAL sim={adjust=pan} layoutInDisplayCutoutMode=always ty=NAVIGATION_BAR_PANEL fmt=TRANSLUCENT
04-19 15:55:13.960  5232  5376 V WindowManager:   fl=20800128
04-19 15:55:13.960  5232  5376 V WindowManager:   pfl=13100050
04-19 15:55:13.960  5232  5376 V WindowManager:   vsysui=100
04-19 15:55:13.960  5232  5376 V WindowManager:   bhv=DEFAULT naviIconColor=0}
04-19 15:55:13.962  5576  6511 I ViewRootImpl@cb0095a[ScreenDecorOverlay]: Relayout returned: old=(0,0,1080,151) new=(0,0,1080,151) req=(1079,151)0 dur=9 res=0x0 s={true 535593418752} ch=false fn=112
04-19 15:55:13.969 11163 11163 I Utils   : isCurrentUser current = 0, ownerId = 0
04-19 15:55:13.970 11163 11163 I TrayVisibilityController: getComputedTrayVisible : keyguardState = 1
04-19 15:55:13.970 11163 11163 I TrayVisibilityController: updateTrayVisible: State=1 visible=1 mCurrentVisible=2 specificMode=0
04-19 15:55:13.970 11163 11163 I TrayStateController: onNotifyUpdateTray: state=2
04-19 15:55:13.971 11163 11163 I MSHandlerLifeCycle: isMultiSplitHandlerRequested: ignored. pkg=com.samsung.android.app.cocktailbarservice isActivity=false callers=com.android.internal.policy.DecorView.setVisibility:4295 com.samsung.android.app.cocktailbarservice.controller.traystate.TrayStateHide.onExitState:54 com.samsung.android.app.cocktailbarservice.controller.traystate.TrayStateController.setUiState:779 com.samsung.android.app.cocktailbarservice.controller.traystate.TrayStateController$9.onNotifyUpdateTray:1482 com.samsung.android.app.cocktailbarservice.controller.traystate.TrayVisibilityController.notifyUpdateTray:431
04-19 15:55:13.971 11163 11163 I MSHandlerLifeCycle: removeMultiSplitHandler: no exist. decor=DecorView@1169e96[CocktailBarService]
04-19 15:55:13.973 11163 11163 I MSHandlerLifeCycle: isMultiSplitHandlerRequested: ignored. pkg=com.samsung.android.app.cocktailbarservice isActivity=false callers=com.android.internal.policy.DecorView.setVisibility:4295 com.samsung.android.app.cocktailbarservice.controller.traystate.TrayStateTrigger.onEnterState:187 com.samsung.android.app.cocktailbarservice.controller.traystate.TrayStateController.setUiState:793 com.samsung.android.app.cocktailbarservice.controller.traystate.TrayStateController$9.onNotifyUpdateTray:1482 com.samsung.android.app.cocktailbarservice.controller.traystate.TrayVisibilityController.notifyUpdateTray:431
04-19 15:55:13.973 11163 11163 I MSHandlerLifeCycle: removeMultiSplitHandler: no exist. decor=DecorView@1169e96[CocktailBarService]
04-19 15:55:13.979  5232  5376 V WindowManager: Relayout Window{5338360 u0 ScreenDecorOverlay}: viewVisibility=0 req=1079x151 d0
04-19 15:55:13.982 11163 11163 I TrayStateTrigger: getTriggerMarginOnTop retY=1637 halfHandleSize=181 getTriggerPosition=81.818184
04-19 15:55:13.982 11163 11163 I CapturedBlurController: updateBlurBackground: false false
04-19 15:55:13.982 11163 11163 I TrayStateController: setUiState 0 : 2 --> 0
04-19 15:55:13.984  5232  7403 V WindowManager: Relayout Window{baba372 u0 com.samsung.android.app.cocktailbarservice/com.samsung.android.app.cocktailbarservice.CocktailBarService}: viewVisibility=0 req=67x362 d0
04-19 15:55:13.985  4894  5668 I SurfaceFlinger: id=4069 createSurf (67x362),-3 flag=40004, com.samsung.android.app.cocktailbarservice/com.samsung.android.app.cocktailbarservice.CocktailBarService$_11163#0
04-19 15:55:13.985  5232  5376 V WindowManager: Relayout hash=5338360, pid=5576: mAttrs={(0,0)(fillxwrap) gr=TOP CENTER_VERTICAL sim={adjust=pan} layoutInDisplayCutoutMode=always ty=NAVIGATION_BAR_PANEL fmt=TRANSLUCENT
04-19 15:55:13.985  5232  5376 V WindowManager:   fl=20800128
04-19 15:55:13.985  5232  5376 V WindowManager:   pfl=13100050
04-19 15:55:13.985  5232  5376 V WindowManager:   vsysui=100
04-19 15:55:13.985  5232  5376 V WindowManager:   bhv=DEFAULT naviIconColor=0}
04-19 15:55:13.987  5576  6511 I ViewRootImpl@cb0095a[ScreenDecorOverlay]: Relayout returned: old=(0,0,1080,151) new=(0,0,1080,151) req=(1079,151)0 dur=10 res=0x0 s={true 535593418752} ch=false fn=112
04-19 15:55:13.993  5232  7403 V WindowManager: Relayout hash=baba372, pid=11163: mAttrs={(0,1637)(67x362) gr=TOP RIGHT CENTER sim={adjust=nothing} layoutInDisplayCutoutMode=shortEdges ty=2226 fmt=TRANSPARENT
04-19 15:55:13.993  5232  7403 V WindowManager:   fl=81800548
04-19 15:55:13.993  5232  7403 V WindowManager:   pfl=2000050
04-19 15:55:13.993  5232  7403 V WindowManager:   vsysui=2000
04-19 15:55:13.993  5232  7403 V WindowManager:   apr=LIGHT_STATUS_BARS
04-19 15:55:13.993  5232  7403 V WindowManager:   bhv=SHOW_TRANSIENT_BARS_BY_SWIPE
04-19 15:55:13.993  5232  7403 V WindowManager:   fitTypes=NAVIGATION_BARS CAPTION_BAR dimAmount=0.0 dimDuration=0 naviIconColor=0
04-19 15:55:13.993  5232  7403 V WindowManager:   sfl=200000}
04-19 15:55:13.997 11163 11163 I ViewRootImpl@5e91ff6[CocktailBarService]: Relayout returned: old=(1013,1637,1080,1999) new=(1013,1637,1080,1999) req=(67,362)0 dur=11 res=0x6 s={true 536460369920} ch=true fn=-1
04-19 15:55:13.998 11163 11163 I ViewRootImpl@5e91ff6[CocktailBarService]: [DP] dp(1) 1 android.view.ViewRootImpl.reportNextDraw:11442 android.view.ViewRootImpl.performTraversals:4198 android.view.ViewRootImpl.doTraversal:2924
04-19 15:55:14.005 11163 11163 I ViewRootImpl@5e91ff6[CocktailBarService]: [DP] pdf(0) 1 android.view.ViewRootImpl.lambda$addFrameCompleteCallbackIfNeeded$3$ViewRootImpl:5000 android.view.ViewRootImpl$$ExternalSyntheticLambda16.run:6 android.os.Handler.handleCallback:938
04-19 15:55:14.005 11163 11163 I ViewRootImpl@5e91ff6[CocktailBarService]: [DP] rdf()
04-19 15:55:14.006 11163 11163 I TrayStateController: putInputRect mDynamicInputRegion=127722629@LastEvent=t=1681916113997Rect(0, 0 - 0, 0),Rect=Rect(25, 0 - 67, 362)
04-19 15:55:14.006 11163 11163 I DecorView: notifyKeepScreenOnChanged: keepScreenOn=false
04-19 15:55:14.007 11163 11163 I MSHandlerLifeCycle: isMultiSplitHandlerRequested: ignored. pkg=com.samsung.android.app.cocktailbarservice isActivity=false callers=com.android.internal.policy.DecorView.hasMultiSplitHandlerInNonFreeformMode:891 com.android.internal.policy.DecorView.notifyKeepScreenOnChanged:885 android.view.ViewRootImpl.applyKeepScreenOnFlag:2945 android.view.ViewRootImpl.setLayoutParams:2108 android.view.WindowManagerGlobal.updateViewLayout:537
04-19 15:55:14.008 11163 11163 I TrayStateTrigger: showTriggerView
04-19 15:55:14.010  4894  4894 E SurfaceFlinger: Attempt to update InputPolicyFlags without permission ACCESS_SURFACE_FLINGER
04-19 15:55:14.014  5232  8700 V WindowManager: Relayout Window{baba372 u0 com.samsung.android.app.cocktailbarservice/com.samsung.android.app.cocktailbarservice.CocktailBarService}: viewVisibility=0 req=67x362 d0
04-19 15:55:14.019  6061  6061 D IdlingRegistry: Unregistering idling resources: [androidx.test.espresso.action.CloseKeyboardAction$CloseKeyboardIdlingResult@7bebb8f]
04-19 15:55:14.021  5232  8700 V WindowManager: Relayout hash=baba372, pid=11163: mAttrs={(0,1637)(67x362) gr=TOP RIGHT CENTER sim={adjust=nothing} layoutInDisplayCutoutMode=shortEdges ty=2226 fmt=TRANSPARENT
04-19 15:55:14.021  5232  8700 V WindowManager:   fl=81800548
04-19 15:55:14.021  5232  8700 V WindowManager:   pfl=2000050
04-19 15:55:14.021  5232  8700 V WindowManager:   vsysui=2000
04-19 15:55:14.021  5232  8700 V WindowManager:   apr=LIGHT_STATUS_BARS
04-19 15:55:14.021  5232  8700 V WindowManager:   bhv=SHOW_TRANSIENT_BARS_BY_SWIPE
04-19 15:55:14.021  5232  8700 V WindowManager:   fitTypes=NAVIGATION_BARS CAPTION_BAR dimAmount=0.0 dimDuration=0 naviIconColor=0
04-19 15:55:14.021  5232  8700 V WindowManager:   sfl=200000}
04-19 15:55:14.023 11163 11163 I ViewRootImpl@5e91ff6[CocktailBarService]: Relayout returned: old=(1013,1637,1080,1999) new=(1013,1637,1080,1999) req=(67,362)0 dur=10 res=0x0 s={true 536460369920} ch=false fn=2
04-19 15:55:14.024  6061  6061 I ViewInteraction: Checking 'MatchesViewAssertion{viewMatcher=an instance of android.widget.TextView and view.getText() with or without transformation to match: is "Description 1"}' assertion on view view.getId() is <2131296494/com.myapp.alist:id/input2EditText>
04-19 15:55:14.026 11163 11163 I CocktailBarUiController: onCocktailBarStateChanged: flag=0x1 vis=1 bgType= showTimeout=-1 activate=true
04-19 15:55:14.036  6061  6061 I ViewInteraction: Performing 'single click' action on view view.getId() is <2131296686/com.myapp.alist:id/spinner1>
04-19 15:55:14.036  4894  4894 D SurfaceFlinger: Display 0 HWC layers:
04-19 15:55:14.036  4894  4894 D SurfaceFlinger:      DEVICE | 0x7da12c04c0 | 0102 | RGBA_8888    |    0.0    0.0 1080.0 2340.0 |    0    0 1080 2340 | com.myapp.alist/com.myapp.alist.ui.MainActivity$_6061#0
04-19 15:55:14.036  4894  4894 D SurfaceFlinger:      DEVICE | 0x7d8143fe40 | 0100 | RGBA_8888    |    0.0    0.0 1080.0   78.0 |    0    0 1080   78 | StatusBar$_5576#0
04-19 15:55:14.036  4894  4894 D SurfaceFlinger:      DEVICE | 0x7d6cf6de00 | 0100 | RGBA_8888    |    0.0    0.0   67.0  362.0 | 1013 1637 1080 1999 | com.samsung.android.app.cocktailbars[...]rservice.CocktailBarService$_11163#0
04-19 15:55:14.036  4894  4894 D SurfaceFlinger:      DEVICE | 0x7da135d600 | 0100 | RGBA_8888    |    0.0    0.0 1080.0  126.0 |    0 2214 1080 2340 | NavigationBar0$_5576#0
04-19 15:55:14.036  4894  4894 D SurfaceFlinger:      DEVICE | 0x7da135d380 | 0140 | RGBA_8888    |    0.0    0.0 1080.0  151.0 |    0    0 1080  151 | ScreenDecorOverlay$_5576#0
04-19 15:55:14.036  4894  4894 D SurfaceFlinger:      DEVICE | 0x7da12bf700 | 0140 | RGBA_8888    |    0.0    0.0 1080.0  151.0 |    0 2189 1080 2340 | ScreenDecorOverlayBottom$_5576#0
04-19 15:55:14.036  4894  4894 D SurfaceFlinger:
04-19 15:55:14.041  5232  8700 D InputDispatcher: Inject motion (6061): action=0x0, time=6873739000000, f=0x0, d=0
04-19 15:55:14.041  5232  5378 I InputDispatcher: Delivering touch to (5576): action: 0x4, f=0x0, d=0, 'ec1a749', t=0
04-19 15:55:14.042  5232  5378 I InputDispatcher: Delivering touch to (6061): action: 0x0, f=0x0, d=0, 'e615793', t=0
04-19 15:55:14.043  5232  5255 I GestureDetector: obtain mCurrentDownEvent. id: -379680008 caller: com.android.server.wm.SystemGesturesPointerEventListener.onPointerEvent:179 com.android.server.wm.PointerEventDispatcher.onInputEvent:71 android.view.InputEventReceiver.dispatchInputEvent:259
04-19 15:55:14.043  4894  4894 E SurfaceFlinger: Attempt to update InputPolicyFlags without permission ACCESS_SURFACE_FLINGER
04-19 15:55:14.044  6061  6061 I ViewRootImpl@79cdf24[MainActivity]: ViewPostIme pointer 0
04-19 15:55:14.045  6061  6061 I MSHandlerLifeCycle: isMultiSplitHandlerRequested: windowingMode=1 isFullscreen=true isPopOver=false isHidden=false skipActivityType=false isHandlerType=true this: DecorView@e4c4401[MainActivity]
04-19 15:55:14.045  5232  5255 I GestureDetector: obtain mCurrentDownEvent. id: -379680008 caller: com.android.server.wm.SystemPerformancePointerEventListener.onPointerEvent:89 com.android.server.wm.PointerEventDispatcher.onInputEvent:71 android.view.InputEventReceiver.dispatchInputEvent:259
04-19 15:55:14.083  5232  8700 D InputDispatcher: Inject motion (6061): action=0x1, time=6873780000000, f=0x0, d=0
04-19 15:55:14.084  5232  5378 I InputDispatcher: Delivering touch to (6061): action: 0x1, f=0x0, d=0, 'e615793', t=0
04-19 15:55:14.085  5232  5255 I GestureDetector: obtain mCurrentMotionEventRaw. action: 1 id: -614025126
04-19 15:55:14.085  6061  6061 I ViewRootImpl@79cdf24[MainActivity]: ViewPostIme pointer 1
04-19 15:55:14.085  5232  5255 I GestureDetector: obtain mCurrentMotionEventRaw. action: 1 id: -614025126
04-19 15:55:14.086  6061  6061 I MSHandlerLifeCycle: isMultiSplitHandlerRequested: windowingMode=1 isFullscreen=true isPopOver=false isHidden=false skipActivityType=false isHandlerType=true this: DecorView@e4c4401[MainActivity]
04-19 15:55:14.110  4894  4894 E SurfaceFlinger: Attempt to update InputPolicyFlags without permission ACCESS_SURFACE_FLINGER
04-19 15:55:14.143  4894  4894 E SurfaceFlinger: Attempt to update InputPolicyFlags without permission ACCESS_SURFACE_FLINGER
04-19 15:55:14.144  4894  6600 I SurfaceFlinger: id=4070 createSurf (0x0),-1 flag=80004, a2e95ab PopupWindow:b6a5c52#0
04-19 15:55:14.145  5232  8700 D InputTransport: Input channel constructed: 'a2e95ab', fd=810
04-19 15:55:14.145  5232  8700 D InputTransport: Input channel constructed: 'a2e95ab', fd=899
04-19 15:55:14.145  5232  8700 D InputTransport: Input channel constructed: 'a2e95ab', fd=900
04-19 15:55:14.147  4894  6600 I SurfaceFlinger: id=4071 createSurf (0x0),-1 flag=24000, Surface(name=2bb52fa StatusBar)/@0xde6dab8 - animation-leash of insets_animation#1
04-19 15:55:14.149  4894  6600 I SurfaceFlinger: id=4072 createSurf (0x0),-1 flag=24000, Surface(name=ec1a749 NavigationBar0)/@0xfb3ebf7 - animation-leash of insets_animation#1
04-19 15:55:14.152  5232  8700 D InputTransport: Input channel destroyed: 'a2e95ab', fd=900
04-19 15:55:14.155  6061  6061 I ViewRootImpl@dd67b23[PopupWindow:b6a5c52]: setView = android.widget.PopupWindow$PopupDecorView@22deb9e TM=true
04-19 15:55:14.160  4894  4894 E SurfaceFlinger: Attempt to update InputPolicyFlags without permission ACCESS_SURFACE_FLINGER
04-19 15:55:14.161  5232  8700 V WindowManager: Relayout Window{a2e95ab u0 PopupWindow:b6a5c52}: viewVisibility=0 req=336x1668 d0
04-19 15:55:14.164  4894  6600 I SurfaceFlinger: id=4073 createSurf (169x169),-3 flag=40004, PopupWindow:b6a5c52$_6061#0
04-19 15:55:14.171  5232  8700 V WindowManager: Relayout hash=a2e95ab, pid=6061: mAttrs={(576,546)(336x1668) gr=TOP START CENTER DISPLAY_CLIP_VERTICAL sim={state=unchanged adjust=resize} ty=APPLICATION_SUB_PANEL fmt=TRANSLUCENT surfaceInsets=Rect(84, 84 - 84, 84) (manual)
04-19 15:55:14.171  5232  8700 V WindowManager:   fl=41860200
04-19 15:55:14.171  5232  8700 V WindowManager:   pfl=2018000
04-19 15:55:14.171  5232  8700 V WindowManager:   bhv=DEFAULT
04-19 15:55:14.171  5232  8700 V WindowManager:   fitTypes=STATUS_BARS NAVIGATION_BARS CAPTION_BAR IME naviIconColor=0
04-19 15:55:14.171  5232  8700 V WindowManager:   sfl=20000}
04-19 15:55:14.172  6061  6127 I ViewRootImpl@dd67b23[PopupWindow:b6a5c52]: Resizing android.view.ViewRootImpl@58ba67f: frame=[576,546][912,2214] reportDraw=true forceLayout=false backDropFrame=Rect(0, 0 - 336, 1668)
04-19 15:55:14.175  6061  6061 D InsetsSourceConsumer: ensureControlAlpha: for ITYPE_NAVIGATION_BAR on PopupWindow:b6a5c52
04-19 15:55:14.177  6061  6061 D InsetsSourceConsumer: ensureControlAlpha: for ITYPE_STATUS_BAR on PopupWindow:b6a5c52
04-19 15:55:14.177  4894  4894 E SurfaceFlinger: Attempt to update InputPolicyFlags without permission ACCESS_SURFACE_FLINGER
04-19 15:55:14.178  4894  4894 I Layer   : id=4059 removeFromCurrentState Surface(name=2bb52fa StatusBar)/@0xde6dab8 - animation-leash of insets_animation#0 (105)
04-19 15:55:14.178  4894  4894 I Layer   : id=4068 removeFromCurrentState Surface(name=ec1a749 NavigationBar0)/@0xfb3ebf7 - animation-leash of insets_animation#0 (105)
04-19 15:55:14.178  6061  6061 I ViewRootImpl@dd67b23[PopupWindow:b6a5c52]: Relayout returned: old=(0,83,1080,2214) new=(576,546,912,2214) req=(336,1668)0 dur=13 res=0x7 s={true 536530497536} ch=true fn=-1
04-19 15:55:14.180  6061  6097 D OpenGLRenderer: eglCreateWindowSurface
04-19 15:55:14.194  4894  4894 E SurfaceFlinger: Attempt to update InputPolicyFlags without permission ACCESS_SURFACE_FLINGER
04-19 15:55:14.195  5232  5376 D InputDispatcher: Focus request (0): a2e95ab PopupWindow:b6a5c52 but waiting because NOT_VISIBLE
04-19 15:55:14.196  5232  5376 D InputDispatcher: Focus left window (0): e615793 com.myapp.alist/com.myapp.alist.ui.MainActivity
04-19 15:55:14.210  4894  4894 E SurfaceFlinger: Attempt to update InputPolicyFlags without permission ACCESS_SURFACE_FLINGER
04-19 15:55:14.227  4894  4894 E SurfaceFlinger: Attempt to update InputPolicyFlags without permission ACCESS_SURFACE_FLINGER
04-19 15:55:14.236  6061  6061 D AbsListView:  in onLayout changed
04-19 15:55:14.238  6061  6061 I ViewRootImpl@dd67b23[PopupWindow:b6a5c52]: [DP] dp(1) 0 android.view.ViewRootImpl.reportNextDraw:11442 android.view.ViewRootImpl.performTraversals:4198 android.view.ViewRootImpl.doTraversal:2924
04-19 15:55:14.244  6061  6061 D ViewRootImpl@dd67b23[PopupWindow:b6a5c52]: Creating frameDrawingCallback nextDrawUseBlastSync=false reportNextDraw=true hasBlurUpdates=false
04-19 15:55:14.244  4894  4894 E SurfaceFlinger: Attempt to update InputPolicyFlags without permission ACCESS_SURFACE_FLINGER
04-19 15:55:14.244  6061  6061 D ViewRootImpl@dd67b23[PopupWindow:b6a5c52]: Creating frameCompleteCallback
04-19 15:55:14.247  6061  6129 D ViewRootImpl@dd67b23[PopupWindow:b6a5c52]: Received frameDrawingCallback frameNum=1. Creating transactionCompleteCallback=false
04-19 15:55:14.261  4894  4894 E SurfaceFlinger: Attempt to update InputPolicyFlags without permission ACCESS_SURFACE_FLINGER
04-19 15:55:14.279  6061  6097 D ViewRootImpl@dd67b23[PopupWindow:b6a5c52]: Received frameCompleteCallback  lastAcquiredFrameNum=1 lastAttemptedDrawFrameNum=1
04-19 15:55:14.285  6061  6061 I ViewRootImpl@dd67b23[PopupWindow:b6a5c52]: [DP] pdf(0) 0 android.view.ViewRootImpl.lambda$addFrameCompleteCallbackIfNeeded$3$ViewRootImpl:5000 android.view.ViewRootImpl$$ExternalSyntheticLambda16.run:6 android.os.Handler.handleCallback:938
04-19 15:55:14.285  6061  6061 I ViewRootImpl@dd67b23[PopupWindow:b6a5c52]: [DP] rdf()
04-19 15:55:14.285  6061  6061 D ViewRootImpl@dd67b23[PopupWindow:b6a5c52]: reportDrawFinished (fn: -1)
04-19 15:55:14.290  4894  5668 I SurfaceFlinger: id=4068 Removed Surface(name=ec1a749 NavigationBar0)/@0xfb3ebf7 - animation-leash of insets_animation#0 (105)
04-19 15:55:14.290  4894  5668 I SurfaceFlinger: id=4059 Removed Surface(name=2bb52fa StatusBar)/@0xde6dab8 - animation-leash of insets_animation#0 (105)
04-19 15:55:14.292  6061  6061 I ViewRootImpl@dd67b23[PopupWindow:b6a5c52]: handleResized, msg = 5 frames=ClientWindowFrames{frame=[576,546][912,2214] display=[-10000,-10000][10000,10000] backdrop=[0,0][336,1668]} forceNextWindowRelayout=false displayId=0 frameChanged=false backdropFrameChanged=true configChanged=false displayChanged=false mNextDrawUseBlastSync=false mergedConfiguration={mGlobalConfig={1.1 234mcc15mnc [en_GB] ldltr sw411dp w411dp h811dp 420dpi nrml long hdr port finger -keyb/v/h -nav/h winConfig={ mBounds=Rect(0, 0 - 1080, 2340) mAppBounds=Rect(0, 83 - 1080, 2214) mMaxBounds=Rect(0, 0 - 1080, 2340) mWindowingMode=fullscreen mDisplayWindowingMode=fullscreen mActivityType=undefined mAlwaysOnTop=undefined mRotation=ROTATION_0 mPopOver=off mFreeformTaskPinningState=unpinned} s.767 fontWeightAdjustment=0 ff=0 bf=0 bts=0 enb/d themeSeq=0} mOverrideConfig={1.1 234mcc15mnc [en_GB] ldltr sw411dp w411dp h811dp 420dpi nrml long hdr port finger -keyb/v/h -nav/h winConfig={ mBounds=Rect(0, 0 - 1080, 2340) mAppBounds=Rect(0, 83 - 1080, 2214) mMaxBounds=Rect(0, 0 - 1080, 2340) mWindowingMode=fullscreen mDisplayWindowingMode=fullscreen mActivityType=standard mAlwaysOnTop=undefined mRotation=ROTATION_0 mPopOver=off mFreeformTaskPinningState=unpinned} s.1 fontWeightAdjustment=0 ff=0 bf=0 bts=0 enb/d themeSeq=0}}
04-19 15:55:14.293  6061  6061 I ViewRootImpl@dd67b23[PopupWindow:b6a5c52]: [DP] dp(1) 0 android.view.ViewRootImpl.reportNextDraw:11442 android.view.ViewRootImpl.handleResized:2235 android.view.ViewRootImpl.access$1200:303
04-19 15:55:14.294  4894  4894 E SurfaceFlinger: Attempt to update InputPolicyFlags without permission ACCESS_SURFACE_FLINGER
04-19 15:55:14.294  4894  4894 E SurfaceFlinger: Attempt to update InputPolicyFlags without permission ACCESS_SURFACE_FLINGER
04-19 15:55:14.294  4894  4894 I Layer   : id=4068 Destroyed Surface(name=ec1a749 NavigationBar0)/@0xfb3ebf7 - animation-leash of insets_animation#0
04-19 15:55:14.294  4894  4894 I Layer   : id=4059 Destroyed Surface(name=2bb52fa StatusBar)/@0xde6dab8 - animation-leash of insets_animation#0
04-19 15:55:14.295  6061  6061 I ViewRootImpl@79cdf24[MainActivity]: MSG_WINDOW_FOCUS_CHANGED 0 1
04-19 15:55:14.296  5232  5376 D InputDispatcher: Focus entered window (0): a2e95ab PopupWindow:b6a5c52
04-19 15:55:14.301  6061  6061 D ViewRootImpl@dd67b23[PopupWindow:b6a5c52]: Creating frameDrawingCallback nextDrawUseBlastSync=false reportNextDraw=true hasBlurUpdates=false
04-19 15:55:14.301  6061  6061 D ViewRootImpl@dd67b23[PopupWindow:b6a5c52]: Creating frameCompleteCallback
04-19 15:55:14.302  4894  4894 D SurfaceFlinger: Display 0 HWC layers:
04-19 15:55:14.302  4894  4894 D SurfaceFlinger:      DEVICE | 0x7d9f7c7680 | 0102 | RGBA_8888    |    0.0    0.0 1080.0 2340.0 |    0    0 1080 2340 | com.myapp.alist/com.myapp.alist.ui.MainActivity$_6061#0
04-19 15:55:14.302  4894  4894 D SurfaceFlinger:      DEVICE | 0x7da134ef80 | 0100 | RGBA_8888    |    0.0    0.0  504.0 1836.0 |  492  462  996 2298 | PopupWindow:b6a5c52$_6061#0
04-19 15:55:14.302  4894  4894 D SurfaceFlinger:      DEVICE | 0x7d8143fe40 | 0100 | RGBA_8888    |    0.0    0.0 1080.0   78.0 |    0    0 1080   78 | StatusBar$_5576#0
04-19 15:55:14.302  4894  4894 D SurfaceFlinger:      DEVICE | 0x7d6cf6e580 | 0100 | RGBA_8888    |    0.0    0.0   67.0  362.0 | 1013 1637 1080 1999 | com.samsung.android.app.cocktailbars[...]rservice.CocktailBarService$_11163#0
04-19 15:55:14.302  4894  4894 D SurfaceFlinger:      DEVICE | 0x7da135d600 | 0100 | RGBA_8888    |    0.0    0.0 1080.0  126.0 |    0 2214 1080 2340 | NavigationBar0$_5576#0
04-19 15:55:14.302  4894  4894 D SurfaceFlinger:      DEVICE | 0x7da135d380 | 0140 | RGBA_8888    |    0.0    0.0 1080.0  151.0 |    0    0 1080  151 | ScreenDecorOverlay$_5576#0
04-19 15:55:14.302  4894  4894 D SurfaceFlinger:      DEVICE | 0x7da12bf700 | 0140 | RGBA_8888    |    0.0    0.0 1080.0  151.0 |    0 2189 1080 2340 | ScreenDecorOverlayBottom$_5576#0
04-19 15:55:14.302  4894  4894 D SurfaceFlinger:
