04-17 18:01:31.180  5274  7486 D InputDispatcher: Focus left window (0): 7a5389d com.myapp.alist/com.myapp.alist.ui.MainActivity
04-17 18:01:31.195  4929  4929 E SurfaceFlinger: Attempt to update InputPolicyFlags without permission ACCESS_SURFACE_FLINGER
04-17 18:01:31.211  4929  4929 E SurfaceFlinger: Attempt to update InputPolicyFlags without permission ACCESS_SURFACE_FLINGER
04-17 18:01:31.224 24018 24018 D AbsListView:  in onLayout changed
04-17 18:01:31.226 24018 24018 I ViewRootImpl@a53eccc[PopupWindow:15f56ff]: [DP] dp(1) 0 android.view.ViewRootImpl.reportNextDraw:11442 android.view.ViewRootImpl.performTraversals:4198 android.view.ViewRootImpl.doTraversal:2924
04-17 18:01:31.228  4929  4929 E SurfaceFlinger: Attempt to update InputPolicyFlags without permission ACCESS_SURFACE_FLINGER
04-17 18:01:31.230 24018 24018 D ViewRootImpl@a53eccc[PopupWindow:15f56ff]: Creating frameDrawingCallback nextDrawUseBlastSync=false reportNextDraw=true hasBlurUpdates=false
04-17 18:01:31.230 24018 24018 D ViewRootImpl@a53eccc[PopupWindow:15f56ff]: Creating frameCompleteCallback
04-17 18:01:31.236 24018 24026 I com.myapp.alis: Compiler allocated 4564KB to compile void android.view.ViewRootImpl.performTraversals()
04-17 18:01:31.239 24018 24078 D ViewRootImpl@a53eccc[PopupWindow:15f56ff]: Received frameDrawingCallback frameNum=1. Creating transactionCompleteCallback=false
04-17 18:01:31.245  4929  4929 E SurfaceFlinger: Attempt to update InputPolicyFlags without permission ACCESS_SURFACE_FLINGER
04-17 18:01:31.262  4929  4929 E SurfaceFlinger: Attempt to update InputPolicyFlags without permission ACCESS_SURFACE_FLINGER
04-17 18:01:31.264 24018 24051 D ViewRootImpl@a53eccc[PopupWindow:15f56ff]: Received frameCompleteCallback  lastAcquiredFrameNum=1 lastAttemptedDrawFrameNum=1
04-17 18:01:31.267 24018 24018 I ViewRootImpl@a53eccc[PopupWindow:15f56ff]: [DP] pdf(0) 0 android.view.ViewRootImpl.lambda$addFrameCompleteCallbackIfNeeded$3$ViewRootImpl:5000 android.view.ViewRootImpl$$ExternalSyntheticLambda16.run:6 android.os.Handler.handleCallback:938
04-17 18:01:31.267 24018 24018 I ViewRootImpl@a53eccc[PopupWindow:15f56ff]: [DP] rdf()
04-17 18:01:31.267 24018 24018 D ViewRootImpl@a53eccc[PopupWindow:15f56ff]: reportDrawFinished (fn: -1)
04-17 18:01:31.271  4929  4965 I SurfaceFlinger: id=6790 Removed Surface(name=175e94d NavigationBar0)/@0xef769fd - animation-leash of insets_animation#0 (105)
04-17 18:01:31.271  4929  4965 I SurfaceFlinger: id=6781 Removed Surface(name=827a6a6 StatusBar)/@0x26f0a66 - animation-leash of insets_animation#0 (105)
04-17 18:01:31.275 24018 24018 I ViewRootImpl@a53eccc[PopupWindow:15f56ff]: handleResized, msg = 5 frames=ClientWindowFrames{frame=[576,546][912,2214] display=[-10000,-10000][10000,10000] backdrop=[0,0][336,1668]} forceNextWindowRelayout=false displayId=0 frameChanged=false backdropFrameChanged=true configChanged=false displayChanged=false mNextDrawUseBlastSync=false mergedConfiguration={mGlobalConfig={1.1 234mcc15mnc [en_GB] ldltr sw411dp w411dp h811dp 420dpi nrml long hdr port finger -keyb/v/h -nav/h winConfig={ mBounds=Rect(0, 0 - 1080, 2340) mAppBounds=Rect(0, 83 - 1080, 2214) mMaxBounds=Rect(0, 0 - 1080, 2340) mWindowingMode=fullscreen mDisplayWindowingMode=fullscreen mActivityType=undefined mAlwaysOnTop=undefined mRotation=ROTATION_0 mPopOver=off mFreeformTaskPinningState=unpinned} s.2099 fontWeightAdjustment=0 ff=0 bf=0 bts=0 enb/d themeSeq=0} mOverrideConfig={1.1 234mcc15mnc [en_GB] ldltr sw411dp w411dp h811dp 420dpi nrml long hdr port finger -keyb/v/h -nav/h winConfig={ mBounds=Rect(0, 0 - 1080, 2340) mAppBounds=Rect(0, 83 - 1080, 2214) mMaxBounds=Rect(0, 0 - 1080, 2340) mWindowingMode=fullscreen mDisplayWindowingMode=fullscreen mActivityType=standard mAlwaysOnTop=undefined mRotation=ROTATION_0 mPopOver=off mFreeformTaskPinningState=unpinned} s.1 fontWeightAdjustment=0 ff=0 bf=0 bts=0 enb/d themeSeq=0}}
04-17 18:01:31.276 24018 24018 I ViewRootImpl@a53eccc[PopupWindow:15f56ff]: [DP] dp(1) 0 android.view.ViewRootImpl.reportNextDraw:11442 android.view.ViewRootImpl.handleResized:2235 android.view.ViewRootImpl.access$1200:303
04-17 18:01:31.277 24018 24018 I ViewRootImpl@dc4bce3[MainActivity]: MSG_WINDOW_FOCUS_CHANGED 0 1
04-17 18:01:31.278  4929  4929 E SurfaceFlinger: Attempt to update InputPolicyFlags without permission ACCESS_SURFACE_FLINGER
04-17 18:01:31.278  4929  4929 E SurfaceFlinger: Attempt to update InputPolicyFlags without permission ACCESS_SURFACE_FLINGER
04-17 18:01:31.279  4929  4929 I Layer   : id=6790 Destroyed Surface(name=175e94d NavigationBar0)/@0xef769fd - animation-leash of insets_animation#0
04-17 18:01:31.279  4929  4929 I Layer   : id=6781 Destroyed Surface(name=827a6a6 StatusBar)/@0x26f0a66 - animation-leash of insets_animation#0
04-17 18:01:31.280  5274  7486 D InputDispatcher: Focus entered window (0): 65777b7 PopupWindow:15f56ff
04-17 18:01:31.280 24018 24018 D ViewRootImpl@a53eccc[PopupWindow:15f56ff]: Creating frameDrawingCallback nextDrawUseBlastSync=false reportNextDraw=true hasBlurUpdates=false
04-17 18:01:31.280 24018 24018 D ViewRootImpl@a53eccc[PopupWindow:15f56ff]: Creating frameCompleteCallback
04-17 18:01:31.281 24018 24077 D ViewRootImpl@a53eccc[PopupWindow:15f56ff]: Received frameDrawingCallback frameNum=2. Creating transactionCompleteCallback=false
04-17 18:01:31.285  4929  4929 D SurfaceFlinger: Display 0 HWC layers:
04-17 18:01:31.285  4929  4929 D SurfaceFlinger:      DEVICE | 0x716f176900 | 0102 | RGBA_8888    |    0.0    0.0 1080.0 2340.0 |    0    0 1080 2340 | com.myapp.alist/com.myapp.alist.ui.MainActivity$_24018#0
04-17 18:01:31.285  4929  4929 D SurfaceFlinger:      DEVICE | 0x716f176e00 | 0100 | RGBA_8888    |    0.0    0.0  504.0 1836.0 |  492  462  996 2298 | PopupWindow:15f56ff$_24018#0
04-17 18:01:31.285  4929  4929 D SurfaceFlinger:      DEVICE | 0x71a58be580 | 0100 | RGBA_8888    |    0.0    0.0 1080.0   78.0 |    0    0 1080   78 | StatusBar$_5598#0
04-17 18:01:31.285  4929  4929 D SurfaceFlinger:      DEVICE | 0x716f175500 | 0100 | RGBA_8888    |    0.0    0.0   67.0  362.0 | 1013 1637 1080 1999 | com.samsung.android.app.cocktailbars[...]arservice.CocktailBarService$_7578#0
04-17 18:01:31.285  4929  4929 D SurfaceFlinger:      DEVICE | 0x716f176680 | 0100 | RGBA_8888    |    0.0    0.0 1080.0  126.0 |    0 2214 1080 2340 | NavigationBar0$_5598#0
04-17 18:01:31.285  4929  4929 D SurfaceFlinger:      DEVICE | 0x7170160d40 | 0140 | RGBA_8888    |    0.0    0.0 1080.0  151.0 |    0    0 1080  151 | ScreenDecorOverlay$_5598#0
04-17 18:01:31.285  4929  4929 D SurfaceFlinger:      DEVICE | 0x71a3dca740 | 0140 | RGBA_8888    |    0.0    0.0 1080.0  151.0 |    0 2189 1080 2340 | ScreenDecorOverlayBottom$_5598#0
04-17 18:01:31.285  4929  4929 D SurfaceFlinger:
04-17 18:01:31.297 24018 24051 D ViewRootImpl@a53eccc[PopupWindow:15f56ff]: Received frameCompleteCallback  lastAcquiredFrameNum=2 lastAttemptedDrawFrameNum=2
04-17 18:01:31.303 24018 24018 I ViewRootImpl@a53eccc[PopupWindow:15f56ff]: [DP] pdf(0) 0 android.view.ViewRootImpl.lambda$addFrameCompleteCallbackIfNeeded$3$ViewRootImpl:5000 android.view.ViewRootImpl$$ExternalSyntheticLambda16.run:6 android.os.Handler.handleCallback:938
04-17 18:01:31.303 24018 24018 I ViewRootImpl@a53eccc[PopupWindow:15f56ff]: [DP] rdf()
04-17 18:01:31.303 24018 24018 D ViewRootImpl@a53eccc[PopupWindow:15f56ff]: reportDrawFinished (fn: -1)
04-17 18:01:31.305 24018 24018 I ViewRootImpl@a53eccc[PopupWindow:15f56ff]: MSG_WINDOW_FOCUS_CHANGED 1 1
04-17 18:01:31.311  5274  5294 I GestureDetector: handleMessage TAP
04-17 18:01:31.311  5274  5274 I GestureDetector: handleMessage TAP
04-17 18:01:31.312  4929  4929 E SurfaceFlinger: Attempt to update InputPolicyFlags without permission ACCESS_SURFACE_FLINGER
04-17 18:01:31.312  4929  4929 E SurfaceFlinger: Attempt to update InputPolicyFlags without permission ACCESS_SURFACE_FLINGER
04-17 18:01:31.329  4929  4929 E SurfaceFlinger: Attempt to update InputPolicyFlags without permission ACCESS_SURFACE_FLINGER
04-17 18:01:31.329  4929  4929 E SurfaceFlinger: Attempt to update InputPolicyFlags without permission ACCESS_SURFACE_FLINGER
04-17 18:01:31.346  4929  4929 E SurfaceFlinger: Attempt to update InputPolicyFlags without permission ACCESS_SURFACE_FLINGER
04-17 18:01:31.346  4929  4929 E SurfaceFlinger: Attempt to update InputPolicyFlags without permission ACCESS_SURFACE_FLINGER
04-17 18:01:31.362  4929  4929 E SurfaceFlinger: Attempt to update InputPolicyFlags without permission ACCESS_SURFACE_FLINGER
04-17 18:01:31.362  4929  4929 E SurfaceFlinger: Attempt to update InputPolicyFlags without permission ACCESS_SURFACE_FLINGER
04-17 18:01:31.378  4929  4929 E SurfaceFlinger: Attempt to update InputPolicyFlags without permission ACCESS_SURFACE_FLINGER
04-17 18:01:31.379  4929  4929 E SurfaceFlinger: Attempt to update InputPolicyFlags without permission ACCESS_SURFACE_FLINGER
04-17 18:01:31.395  4929  4929 E SurfaceFlinger: Attempt to update InputPolicyFlags without permission ACCESS_SURFACE_FLINGER
04-17 18:01:31.396  4929  4929 E SurfaceFlinger: Attempt to update InputPolicyFlags without permission ACCESS_SURFACE_FLINGER
04-17 18:01:31.412  4929  4929 E SurfaceFlinger: Attempt to update InputPolicyFlags without permission ACCESS_SURFACE_FLINGER
04-17 18:01:31.412  4929  4929 E SurfaceFlinger: Attempt to update InputPolicyFlags without permission ACCESS_SURFACE_FLINGER
04-17 18:01:31.429  4929  4929 E SurfaceFlinger: Attempt to update InputPolicyFlags without permission ACCESS_SURFACE_FLINGER
04-17 18:01:31.429  4929  4929 E SurfaceFlinger: Attempt to update InputPolicyFlags without permission ACCESS_SURFACE_FLINGER
04-17 18:01:31.446  4929  4929 E SurfaceFlinger: Attempt to update InputPolicyFlags without permission ACCESS_SURFACE_FLINGER
04-17 18:01:31.446  4929  4929 E SurfaceFlinger: Attempt to update InputPolicyFlags without permission ACCESS_SURFACE_FLINGER
04-17 18:01:31.462  4929  4929 E SurfaceFlinger: Attempt to update InputPolicyFlags without permission ACCESS_SURFACE_FLINGER
04-17 18:01:31.479  4929  4929 E SurfaceFlinger: Attempt to update InputPolicyFlags without permission ACCESS_SURFACE_FLINGER
04-17 18:01:31.495  4929  4929 E SurfaceFlinger: Attempt to update InputPolicyFlags without permission ACCESS_SURFACE_FLINGER
04-17 18:01:31.513  4929  4929 E SurfaceFlinger: Attempt to update InputPolicyFlags without permission ACCESS_SURFACE_FLINGER
04-17 18:01:31.546  4929  4929 E SurfaceFlinger: Attempt to update InputPolicyFlags without permission ACCESS_SURFACE_FLINGER
04-17 18:01:31.553 24018 24018 I ViewInteraction: Performing 'load adapter data' action on view is assignable from class <class android.widget.AdapterView>
04-17 18:01:31.563  4929  4929 E SurfaceFlinger: Attempt to update InputPolicyFlags without permission ACCESS_SURFACE_FLINGER
04-17 18:01:31.602 24018 24018 I ViewInteraction: Performing 'single click' action on view  displaying data matching: (is an instance of java.lang.String and is "To Do") within adapter view matching: is assignable from class <class android.widget.AdapterView>
04-17 18:01:31.606  5274  7486 D InputDispatcher: Inject motion (24018): action=0x0, time=10530121000000, f=0x0, d=0
04-17 18:01:31.607  5274  5414 I InputDispatcher: Delivering touch to (5598): action: 0x4, f=0x0, d=0, '175e94d', t=0
04-17 18:01:31.607  5274  5414 I InputDispatcher: Delivering touch to (24018): action: 0x0, f=0x0, d=0, '65777b7', t=0 +(-576,-546)
04-17 18:01:31.608  5274  5294 I GestureDetector: obtain mCurrentDownEvent. id: -519963097 caller: com.android.server.wm.SystemGesturesPointerEventListener.onPointerEvent:179 com.android.server.wm.PointerEventDispatcher.onInputEvent:71 android.view.InputEventReceiver.dispatchInputEvent:259
04-17 18:01:31.608 24018 24018 I ViewRootImpl@a53eccc[PopupWindow:15f56ff]: ViewPostIme pointer 0
04-17 18:01:31.608  5274  5294 I GestureDetector: obtain mCurrentDownEvent. id: -519963097 caller: com.android.server.wm.SystemPerformancePointerEventListener.onPointerEvent:89 com.android.server.wm.PointerEventDispatcher.onInputEvent:71 android.view.InputEventReceiver.dispatchInputEvent:259
04-17 18:01:31.612  4929  4929 E SurfaceFlinger: Attempt to update InputPolicyFlags without permission ACCESS_SURFACE_FLINGER
04-17 18:01:31.639  4882 24050 I HYPER-HAL: [RequestManager.cpp]releaseLocked(): Released ID : 27487419
04-17 18:01:31.649  5274  7486 D InputDispatcher: Inject motion (24018): action=0x1, time=10530163000000, f=0x0, d=0
04-17 18:01:31.649  5274  5414 I InputDispatcher: Delivering touch to (24018): action: 0x1, f=0x0, d=0, '65777b7', t=0 +(-576,-546)
04-17 18:01:31.650 24018 24018 I ViewRootImpl@a53eccc[PopupWindow:15f56ff]: ViewPostIme pointer 1
04-17 18:01:31.651  5274  5294 I GestureDetector: obtain mCurrentMotionEventRaw. action: 1 id: -789338562
04-17 18:01:31.651 24018 24018 D AbsListView: onTouchUp() mTouchMode : 0
04-17 18:01:31.651  5274  5294 I GestureDetector: obtain mCurrentMotionEventRaw. action: 1 id: -789338562
04-17 18:01:31.664 10972 10985 I wsandroid.suit: Background concurrent copying GC freed 294263(10MB) AllocSpace objects, 3(152KB) LOS objects, 49% free, 11MB/22MB, paused 370us,163us total 336.289ms
04-17 18:01:31.679  4929  4929 E SurfaceFlinger: Attempt to update InputPolicyFlags without permission ACCESS_SURFACE_FLINGER
04-17 18:01:31.696  4929  4929 E SurfaceFlinger: Attempt to update InputPolicyFlags without permission ACCESS_SURFACE_FLINGER
04-17 18:01:31.712  4929  4929 E SurfaceFlinger: Attempt to update InputPolicyFlags without permission ACCESS_SURFACE_FLINGER
04-17 18:01:31.729  4929  4929 E SurfaceFlinger: Attempt to update InputPolicyFlags without permission ACCESS_SURFACE_FLINGER
04-17 18:01:31.732  5274  7487 V WindowManager: Relayout Window{65777b7 u0 PopupWindow:15f56ff}: viewVisibility=0 req=336x1668 d0
04-17 18:01:31.738  4929  5194 I SurfaceFlinger: id=6796 createSurf (0x0),-1 flag=24000, Surface(name=827a6a6 StatusBar)/@0x26f0a66 - animation-leash of insets_animation#0
04-17 18:01:31.739  4929  5194 I SurfaceFlinger: id=6797 createSurf (0x0),-1 flag=24000, Surface(name=175e94d NavigationBar0)/@0xef769fd - animation-leash of insets_animation#0
04-17 18:01:31.742  5274  7487 V WindowManager: Relayout hash=65777b7, pid=24018: mAttrs={(576,546)(336x1668) gr=TOP START CENTER DISPLAY_CLIP_VERTICAL sim={state=unchanged adjust=pan} ty=APPLICATION_SUB_PANEL fmt=TRANSLUCENT surfaceInsets=Rect(84, 84 - 84, 84) (manual)
04-17 18:01:31.742  5274  7487 V WindowManager:   fl=41840218
04-17 18:01:31.742  5274  7487 V WindowManager:   pfl=42018000
04-17 18:01:31.742  5274  7487 V WindowManager:   bhv=DEFAULT
04-17 18:01:31.742  5274  7487 V WindowManager:   fitTypes=STATUS_BARS NAVIGATION_BARS CAPTION_BAR naviIconColor=0
04-17 18:01:31.742  5274  7487 V WindowManager:   sfl=20000}
04-17 18:01:31.751 24018 24018 I ViewRootImpl@a53eccc[PopupWindow:15f56ff]: Relayout returned: old=(576,546,912,2214) new=(576,546,912,2214) req=(336,1668)0 dur=14 res=0x1 s={true 488622227456} ch=false fn=22
04-17 18:01:31.762  4929  4929 I Layer   : id=6793 removeFromCurrentState Surface(name=827a6a6 StatusBar)/@0x26f0a66 - animation-leash of insets_animation#1 (105)
04-17 18:01:31.763  4929  4929 I Layer   : id=6794 removeFromCurrentState Surface(name=175e94d NavigationBar0)/@0xef769fd - animation-leash of insets_animation#1 (105)
04-17 18:01:31.763  4929  4929 E SurfaceFlinger: Attempt to update InputPolicyFlags without permission ACCESS_SURFACE_FLINGER
04-17 18:01:31.763  4929  4929 I SurfaceFlinger: id=6793 Removed Surface(name=827a6a6 StatusBar)/@0x26f0a66 - animation-leash of insets_animation#1 (105)
04-17 18:01:31.763  4929  4929 I SurfaceFlinger: id=6794 Removed Surface(name=175e94d NavigationBar0)/@0xef769fd - animation-leash of insets_animation#1 (105)
04-17 18:01:31.764  4929  4929 I Layer   : id=6793 Destroyed Surface(name=827a6a6 StatusBar)/@0x26f0a66 - animation-leash of insets_animation#1
04-17 18:01:31.764  4929  4929 I Layer   : id=6794 Destroyed Surface(name=175e94d NavigationBar0)/@0xef769fd - animation-leash of insets_animation#1
04-17 18:01:31.765  5274  7487 D InputDispatcher: Focus left window (0): 65777b7 PopupWindow:15f56ff
04-17 18:01:31.767  5274  7487 D InputDispatcher: Focus entered window (0): 7a5389d com.myapp.alist/com.myapp.alist.ui.MainActivity
04-17 18:01:31.802 24018 24018 D InsetsSourceConsumer: ensureControlAlpha: for ITYPE_NAVIGATION_BAR on com.myapp.alist/com.myapp.alist.ui.MainActivity
04-17 18:01:31.803 24018 24018 D InsetsSourceConsumer: ensureControlAlpha: for ITYPE_STATUS_BAR on com.myapp.alist/com.myapp.alist.ui.MainActivity
04-17 18:01:31.812 24018 24018 I ViewRootImpl@a53eccc[PopupWindow:15f56ff]: MSG_WINDOW_FOCUS_CHANGED 0 1
04-17 18:01:31.813  4929  4929 E SurfaceFlinger: Attempt to update InputPolicyFlags without permission ACCESS_SURFACE_FLINGER
04-17 18:01:31.813  4929  4929 E SurfaceFlinger: Attempt to update InputPolicyFlags without permission ACCESS_SURFACE_FLINGER
04-17 18:01:31.814 24018 24018 I ViewRootImpl@dc4bce3[MainActivity]: MSG_WINDOW_FOCUS_CHANGED 1 1
04-17 18:01:31.818 24018 24018 I InputMethodManager: startInputAsyncOnWindowFocusGain - mService.startInputOrWindowGainedFocus
04-17 18:01:31.829  4929  4929 E SurfaceFlinger: Attempt to update InputPolicyFlags without permission ACCESS_SURFACE_FLINGER
04-17 18:01:31.846  4929  4929 E SurfaceFlinger: Attempt to update InputPolicyFlags without permission ACCESS_SURFACE_FLINGER
04-17 18:01:31.863  4929  4929 E SurfaceFlinger: Attempt to update InputPolicyFlags without permission ACCESS_SURFACE_FLINGER
04-17 18:01:31.863  4929  4929 E SurfaceFlinger: Attempt to update InputPolicyFlags without permission ACCESS_SURFACE_FLINGER
04-17 18:01:31.879  4929  4929 E SurfaceFlinger: Attempt to update InputPolicyFlags without permission ACCESS_SURFACE_FLINGER
04-17 18:01:31.879  4929  4929 E SurfaceFlinger: Attempt to update InputPolicyFlags without permission ACCESS_SURFACE_FLINGER
04-17 18:01:31.896  4929  4929 E SurfaceFlinger: Attempt to update InputPolicyFlags without permission ACCESS_SURFACE_FLINGER
04-17 18:01:31.907  5274  5294 I GestureDetector: handleMessage TAP
04-17 18:01:31.908  5274  5274 I GestureDetector: handleMessage TAP
04-17 18:01:31.913  4929  4929 E SurfaceFlinger: Attempt to update InputPolicyFlags without permission ACCESS_SURFACE_FLINGER
04-17 18:01:31.929  4929  4929 E SurfaceFlinger: Attempt to update InputPolicyFlags without permission ACCESS_SURFACE_FLINGER
04-17 18:01:31.946  4929  4929 E SurfaceFlinger: Attempt to update InputPolicyFlags without permission ACCESS_SURFACE_FLINGER
04-17 18:01:31.947 24018 24018 I ViewInteraction: Checking 'MatchesViewAssertion{viewMatcher=an instance of android.widget.Spinner and spinner.getSelectedItem().toString() to match a string containing "To Do"}' assertion on view view.getId() is <2131296686/com.myapp.alist:id/spinner1>
04-17 18:01:31.953 24018 24018 I ViewInteraction: Performing 'single click' action on view view.getId() is <2131296687/com.myapp.alist:id/spinner2>
04-17 18:01:31.955  5274  7487 D InputDispatcher: Inject motion (24018): action=0x0, time=10530470000000, f=0x0, d=0
04-17 18:01:31.955  5274  5414 I InputDispatcher: Delivering touch to (5598): action: 0x4, f=0x0, d=0, '175e94d', t=0
04-17 18:01:31.956  5274  5414 I InputDispatcher: Delivering touch to (24018): action: 0x4, f=0x0, d=0, '65777b7', t=0
04-17 18:01:31.956  5274  5414 I InputDispatcher: Delivering touch to (24018): action: 0x0, f=0x0, d=0, '7a5389d', t=0
04-17 18:01:31.956 24018 24018 I ViewRootImpl@dc4bce3[MainActivity]: ViewPostIme pointer 0
04-17 18:01:31.957 24018 24018 I MSHandlerLifeCycle: isMultiSplitHandlerRequested: windowingMode=1 isFullscreen=true isPopOver=false isHidden=false skipActivityType=false isHandlerType=true this: DecorView@853dd4d[MainActivity]
04-17 18:01:31.958  5274  5294 I GestureDetector: obtain mCurrentDownEvent. id: -879904164 caller: com.android.server.wm.SystemGesturesPointerEventListener.onPointerEvent:179 com.android.server.wm.PointerEventDispatcher.onInputEvent:71 android.view.InputEventReceiver.dispatchInputEvent:259
04-17 18:01:31.958  5274  5294 I GestureDetector: obtain mCurrentDownEvent. id: -879904164 caller: com.android.server.wm.SystemPerformancePointerEventListener.onPointerEvent:89 com.android.server.wm.PointerEventDispatcher.onInputEvent:71 android.view.InputEventReceiver.dispatchInputEvent:259
04-17 18:01:31.963  4929  4929 E SurfaceFlinger: Attempt to update InputPolicyFlags without permission ACCESS_SURFACE_FLINGER
04-17 18:01:31.979  4929  4929 E SurfaceFlinger: Attempt to update InputPolicyFlags without permission ACCESS_SURFACE_FLINGER
04-17 18:01:31.996  4929  4929 E SurfaceFlinger: Attempt to update InputPolicyFlags without permission ACCESS_SURFACE_FLINGER
04-17 18:01:31.997  5274  7487 D InputDispatcher: Inject motion (24018): action=0x1, time=10530512000000, f=0x0, d=0
04-17 18:01:31.997  5274  5414 I InputDispatcher: Delivering touch to (24018): action: 0x1, f=0x0, d=0, '7a5389d', t=0
04-17 18:01:31.998  5274  5294 I GestureDetector: obtain mCurrentMotionEventRaw. action: 1 id: -704732763
04-17 18:01:31.998 24018 24018 I ViewRootImpl@dc4bce3[MainActivity]: ViewPostIme pointer 1
04-17 18:01:31.998  5274  5294 I GestureDetector: obtain mCurrentMotionEventRaw. action: 1 id: -704732763
04-17 18:01:31.998 24018 24018 I MSHandlerLifeCycle: isMultiSplitHandlerRequested: windowingMode=1 isFullscreen=true isPopOver=false isHidden=false skipActivityType=false isHandlerType=true this: DecorView@853dd4d[MainActivity]
04-17 18:01:32.013  4929  4929 E SurfaceFlinger: Attempt to update InputPolicyFlags without permission ACCESS_SURFACE_FLINGER
04-17 18:01:32.030  4929  4929 E SurfaceFlinger: Attempt to update InputPolicyFlags without permission ACCESS_SURFACE_FLINGER
04-17 18:01:32.030  4929  4929 E SurfaceFlinger: Attempt to update InputPolicyFlags without permission ACCESS_SURFACE_FLINGER
04-17 18:01:32.046  4929  4929 E SurfaceFlinger: Attempt to update InputPolicyFlags without permission ACCESS_SURFACE_FLINGER
04-17 18:01:32.047  4929  4929 E SurfaceFlinger: Attempt to update InputPolicyFlags without permission ACCESS_SURFACE_FLINGER
04-17 18:01:32.061  4929  4965 I SurfaceFlinger: id=6798 createSurf (0x0),-1 flag=80004, f886554 PopupWindow:8885500#0
04-17 18:01:32.063  4929  4929 E SurfaceFlinger: Attempt to update InputPolicyFlags without permission ACCESS_SURFACE_FLINGER
04-17 18:01:32.063  5274  7487 D InputTransport: Input channel constructed: 'f886554', fd=913
04-17 18:01:32.063  5274  7487 D InputTransport: Input channel constructed: 'f886554', fd=914
04-17 18:01:32.064  5274  7487 D InputTransport: Input channel constructed: 'f886554', fd=915
04-17 18:01:32.066  4929  4965 I SurfaceFlinger: id=6799 createSurf (0x0),-1 flag=24000, Surface(name=827a6a6 StatusBar)/@0x26f0a66 - animation-leash of insets_animation#1
04-17 18:01:32.069  4929  5194 I SurfaceFlinger: id=6800 createSurf (0x0),-1 flag=24000, Surface(name=175e94d NavigationBar0)/@0xef769fd - animation-leash of insets_animation#1
04-17 18:01:32.072  5274  7487 D InputTransport: Input channel destroyed: 'f886554', fd=915
04-17 18:01:32.075 24018 24018 I ViewRootImpl@9f26139[PopupWindow:8885500]: setView = android.widget.PopupWindow$PopupDecorView@79dc12c TM=true
04-17 18:01:32.080  4929  4929 E SurfaceFlinger: Attempt to update InputPolicyFlags without permission ACCESS_SURFACE_FLINGER
04-17 18:01:32.080  4929  4929 I Layer   : id=6796 removeFromCurrentState Surface(name=827a6a6 StatusBar)/@0x26f0a66 - animation-leash of insets_animation#0 (106)
04-17 18:01:32.081  4929  4929 I Layer   : id=6797 removeFromCurrentState Surface(name=175e94d NavigationBar0)/@0xef769fd - animation-leash of insets_animation#0 (106)
04-17 18:01:32.081  4929  4929 I Layer   : id=68 removeFromCurrentState 175e94d NavigationBar0#0 (106)
04-17 18:01:32.081  4929  4929 I Layer   : id=79 removeFromCurrentState NavigationBar0$_5598#0 (106)
04-17 18:01:32.081  4929  4929 I Layer   : id=68 addToCurrentState 175e94d NavigationBar0#0 (106)
04-17 18:01:32.081  4929  4929 I Layer   : id=79 addToCurrentState NavigationBar0$_5598#0 (106)
04-17 18:01:32.092  5274  7487 V WindowManager: Relayout Window{f886554 u0 PopupWindow:8885500}: viewVisibility=0 req=336x1260 d0
04-17 18:01:32.093  4929  4965 I SurfaceFlinger: id=6801 createSurf (169x169),-3 flag=40004, PopupWindow:8885500$_24018#0
04-17 18:01:32.097  4929  4929 E SurfaceFlinger: Attempt to update InputPolicyFlags without permission ACCESS_SURFACE_FLINGER
04-17 18:01:32.102 24018 24076 I ViewRootImpl@9f26139[PopupWindow:8885500]: Resizing android.view.ViewRootImpl@30ed7f5: frame=[576,756][912,2016] reportDraw=true forceLayout=false backDropFrame=Rect(0, 0 - 336, 1260)
04-17 18:01:32.103  5274  7487 V WindowManager: Relayout hash=f886554, pid=24018: mAttrs={(576,756)(336x1260) gr=TOP START CENTER DISPLAY_CLIP_VERTICAL sim={state=unchanged adjust=resize} ty=APPLICATION_SUB_PANEL fmt=TRANSLUCENT surfaceInsets=Rect(84, 84 - 84, 84) (manual)
04-17 18:01:32.103  5274  7487 V WindowManager:   fl=41860200
04-17 18:01:32.103  5274  7487 V WindowManager:   pfl=2018000
04-17 18:01:32.103  5274  7487 V WindowManager:   bhv=DEFAULT
04-17 18:01:32.103  5274  7487 V WindowManager:   fitTypes=STATUS_BARS NAVIGATION_BARS CAPTION_BAR IME naviIconColor=0
04-17 18:01:32.103  5274  7487 V WindowManager:   sfl=20000}
04-17 18:01:32.110 24018 24018 D InsetsSourceConsumer: ensureControlAlpha: for ITYPE_NAVIGATION_BAR on PopupWindow:8885500
04-17 18:01:32.111 24018 24018 D InsetsSourceConsumer: ensureControlAlpha: for ITYPE_STATUS_BAR on PopupWindow:8885500
04-17 18:01:32.113 24018 24018 I ViewRootImpl@9f26139[PopupWindow:8885500]: Relayout returned: old=(0,83,1080,2214) new=(576,756,912,2016) req=(336,1260)0 dur=15 res=0x7 s={true 486829539328} ch=true fn=-1
04-17 18:01:32.113  4929  4929 E SurfaceFlinger: Attempt to update InputPolicyFlags without permission ACCESS_SURFACE_FLINGER
04-17 18:01:32.116 24018 24051 D OpenGLRenderer: eglCreateWindowSurface
04-17 18:01:32.130  4929  4929 E SurfaceFlinger: Attempt to update InputPolicyFlags without permission ACCESS_SURFACE_FLINGER
04-17 18:01:32.132  5274  7487 D InputDispatcher: Focus request (0): f886554 PopupWindow:8885500 but waiting because NOT_VISIBLE
04-17 18:01:32.132  5274  7487 D InputDispatcher: Focus left window (0): 7a5389d com.myapp.alist/com.myapp.alist.ui.MainActivity
04-17 18:01:32.147  4929  4929 E SurfaceFlinger: Attempt to update InputPolicyFlags without permission ACCESS_SURFACE_FLINGER
04-17 18:01:32.164  4929  4929 E SurfaceFlinger: Attempt to update InputPolicyFlags without permission ACCESS_SURFACE_FLINGER
04-17 18:01:32.169 24018 24018 D AbsListView:  in onLayout changed
04-17 18:01:32.172 24018 24018 I ViewRootImpl@9f26139[PopupWindow:8885500]: [DP] dp(1) 0 android.view.ViewRootImpl.reportNextDraw:11442 android.view.ViewRootImpl.performTraversals:4198 android.view.ViewRootImpl.doTraversal:2924
04-17 18:01:32.176 24018 24018 D ViewRootImpl@9f26139[PopupWindow:8885500]: Creating frameDrawingCallback nextDrawUseBlastSync=false reportNextDraw=true hasBlurUpdates=false
04-17 18:01:32.176 24018 24018 D ViewRootImpl@9f26139[PopupWindow:8885500]: Creating frameCompleteCallback
04-17 18:01:32.180  4929  4929 E SurfaceFlinger: Attempt to update InputPolicyFlags without permission ACCESS_SURFACE_FLINGER
04-17 18:01:32.182 24018 24078 D ViewRootImpl@9f26139[PopupWindow:8885500]: Received frameDrawingCallback frameNum=1. Creating transactionCompleteCallback=false
04-17 18:01:32.189 24018 24051 D ViewRootImpl@9f26139[PopupWindow:8885500]: Received frameCompleteCallback  lastAcquiredFrameNum=1 lastAttemptedDrawFrameNum=1
04-17 18:01:32.197  4929  4929 E SurfaceFlinger: Attempt to update InputPolicyFlags without permission ACCESS_SURFACE_FLINGER
04-17 18:01:32.197  4929  4929 E SurfaceFlinger: Attempt to update InputPolicyFlags without permission ACCESS_SURFACE_FLINGER
04-17 18:01:32.200 24018 24018 I ViewRootImpl@9f26139[PopupWindow:8885500]: [DP] pdf(0) 0 android.view.ViewRootImpl.lambda$addFrameCompleteCallbackIfNeeded$3$ViewRootImpl:5000 android.view.ViewRootImpl$$ExternalSyntheticLambda16.run:6 android.os.Handler.handleCallback:938
04-17 18:01:32.200 24018 24018 I ViewRootImpl@9f26139[PopupWindow:8885500]: [DP] rdf()
04-17 18:01:32.200 24018 24018 D ViewRootImpl@9f26139[PopupWindow:8885500]: reportDrawFinished (fn: -1)
04-17 18:01:32.210  4929  6292 I SurfaceFlinger: id=6797 Removed Surface(name=175e94d NavigationBar0)/@0xef769fd - animation-leash of insets_animation#0 (107)
04-17 18:01:32.210  4929  6292 I SurfaceFlinger: id=6796 Removed Surface(name=827a6a6 StatusBar)/@0x26f0a66 - animation-leash of insets_animation#0 (107)
04-17 18:01:32.213  4929  4929 E SurfaceFlinger: Attempt to update InputPolicyFlags without permission ACCESS_SURFACE_FLINGER
04-17 18:01:32.214  4929  4929 E SurfaceFlinger: Attempt to update InputPolicyFlags without permission ACCESS_SURFACE_FLINGER
04-17 18:01:32.214  4929  4929 I Layer   : id=6796 Destroyed Surface(name=827a6a6 StatusBar)/@0x26f0a66 - animation-leash of insets_animation#0
04-17 18:01:32.214  4929  4929 I Layer   : id=6797 Destroyed Surface(name=175e94d NavigationBar0)/@0xef769fd - animation-leash of insets_animation#0
04-17 18:01:32.215  5274  7486 D InputDispatcher: Focus entered window (0): f886554 PopupWindow:8885500
04-17 18:01:32.217 24018 24051 D OpenGLRenderer: setSurface called with nullptr
04-17 18:01:32.217 24018 24051 D OpenGLRenderer: setSurface() destroyed EGLSurface
04-17 18:01:32.217 24018 24051 D OpenGLRenderer: destroyEglSurface
04-17 18:01:32.219  4929  4929 D SurfaceFlinger: Display 0 HWC layers:
04-17 18:01:32.219  4929  4929 D SurfaceFlinger:      DEVICE | 0x716f176900 | 0102 | RGBA_8888    |    0.0    0.0 1080.0 2340.0 |    0    0 1080 2340 | com.myapp.alist/com.myapp.alist.ui.MainActivity$_24018#0
04-17 18:01:32.219  4929  4929 D SurfaceFlinger:      DEVICE | 0x716f176f40 | 0100 | RGBA_8888    |    0.0    0.0  504.0 1836.0 |  492  462  996 2298 | PopupWindow:15f56ff$_24018#0
04-17 18:01:32.219  4929  4929 D SurfaceFlinger:      DEVICE | 0x716f177080 | 0100 | RGBA_8888    |    0.0    0.0  504.0 1428.0 |  492  672  996 2100 | PopupWindow:8885500$_24018#0
04-17 18:01:32.219  4929  4929 D SurfaceFlinger:      DEVICE | 0x71a58be580 | 0100 | RGBA_8888    |    0.0    0.0 1080.0   78.0 |    0    0 1080   78 | StatusBar$_5598#0
04-17 18:01:32.219  4929  4929 D SurfaceFlinger:      DEVICE | 0x716f175500 | 0100 | RGBA_8888    |    0.0    0.0   67.0  362.0 | 1013 1637 1080 1999 | com.samsung.android.app.cocktailbars[...]arservice.CocktailBarService$_7578#0
04-17 18:01:32.219  4929  4929 D SurfaceFlinger:      DEVICE | 0x716f176680 | 0100 | RGBA_8888    |    0.0    0.0 1080.0  126.0 |    0 2214 1080 2340 | NavigationBar0$_5598#0
04-17 18:01:32.219  4929  4929 D SurfaceFlinger:      DEVICE | 0x7170160d40 | 0140 | RGBA_8888    |    0.0    0.0 1080.0  151.0 |    0    0 1080  151 | ScreenDecorOverlay$_5598#0
04-17 18:01:32.219  4929  4929 D SurfaceFlinger:      DEVICE | 0x71a
04-17 18:01:32.219  4929  4929 D SurfaceFlinger: 3dca740 | 0140 | RGBA_8888    |    0.0    0.0 1080.0  151.0 |    0 2189 1080 2340 | ScreenDecorOverlayBottom$_5598#0
04-17 18:01:32.219  4929  4929 D SurfaceFlinger:
04-17 18:01:32.221 24018 24018 I ViewRootImpl@a53eccc[PopupWindow:15f56ff]: dispatchDetachedFromWindow
04-17 18:01:32.230  4929  4929 E SurfaceFlinger: Attempt to update InputPolicyFlags without permission ACCESS_SURFACE_FLINGER
04-17 18:01:32.247  4929  4929 E SurfaceFlinger: Attempt to update InputPolicyFlags without permission ACCESS_SURFACE_FLINGER
04-17 18:01:32.258  5274  5274 I GestureDetector: handleMessage TAP
04-17 18:01:32.258  5274  5294 I GestureDetector: handleMessage TAP
04-17 18:01:32.264  4929  4929 E SurfaceFlinger: Attempt to update InputPolicyFlags without permission ACCESS_SURFACE_FLINGER
04-17 18:01:32.291  5274  7486 D InputTransport: Input channel destroyed: '65777b7', fd=905
04-17 18:01:32.291  5274  7486 W InputManager-JNI: Input channel object '65777b7 PopupWindow:15f56ff (client)' was disposed without first being removed with the input manager!
04-17 18:01:32.291  5274  7486 D InputTransport: Input channel destroyed: '65777b7', fd=912
04-17 18:01:32.297  4929  4929 I Layer   : id=6795 removeFromCurrentState PopupWindow:15f56ff$_24018#0 (105)
04-17 18:01:32.297 24018 24018 D InputTransport: Input channel destroyed: '65777b7', fd=126
04-17 18:01:32.297  4929  4929 I Layer   : id=6792 removeFromCurrentState 65777b7 PopupWindow:15f56ff#0 (105)
04-17 18:01:32.297  4929  4929 I SurfaceFlinger: id=6795 Removed PopupWindow:15f56ff$_24018#0 (105)
04-17 18:01:32.298  4929  5194 I SurfaceFlinger: id=6792 Removed 65777b7 PopupWindow:15f56ff#0 (105)
04-17 18:01:32.300  4929  4929 I Layer   : id=6795 Destroyed PopupWindow:15f56ff$_24018#0
04-17 18:01:32.305 24018 24018 I ViewRootImpl@9f26139[PopupWindow:8885500]: handleResized, msg = 5 frames=ClientWindowFrames{frame=[576,756][912,2016] display=[-10000,-10000][10000,10000] backdrop=[0,0][336,1260]} forceNextWindowRelayout=false displayId=0 frameChanged=false backdropFrameChanged=true configChanged=false displayChanged=false mNextDrawUseBlastSync=false mergedConfiguration={mGlobalConfig={1.1 234mcc15mnc [en_GB] ldltr sw411dp w411dp h811dp 420dpi nrml long hdr port finger -keyb/v/h -nav/h winConfig={ mBounds=Rect(0, 0 - 1080, 2340) mAppBounds=Rect(0, 83 - 1080, 2214) mMaxBounds=Rect(0, 0 - 1080, 2340) mWindowingMode=fullscreen mDisplayWindowingMode=fullscreen mActivityType=undefined mAlwaysOnTop=undefined mRotation=ROTATION_0 mPopOver=off mFreeformTaskPinningState=unpinned} s.2099 fontWeightAdjustment=0 ff=0 bf=0 bts=0 enb/d themeSeq=0} mOverrideConfig={1.1 234mcc15mnc [en_GB] ldltr sw411dp w411dp h811dp 420dpi nrml long hdr port finger -keyb/v/h -nav/h winConfig={ mBounds=Rect(0, 0 - 1080, 2340) mAppBounds=Rect(0, 83 - 1080, 2214) mMaxBounds=Rect(0, 0 - 1080, 2340) mWindowingMode=fullscreen mDisplayWindowingMode=fullscreen mActivityType=standard mAlwaysOnTop=undefined mRotation=ROTATION_0 mPopOver=off mFreeformTaskPinningState=unpinned} s.1 fontWeightAdjustment=0 ff=0 bf=0 bts=0 enb/d themeSeq=0}}
04-17 18:01:32.305 24018 24018 I ViewRootImpl@9f26139[PopupWindow:8885500]: [DP] dp(1) 0 android.view.ViewRootImpl.reportNextDraw:11442 android.view.ViewRootImpl.handleResized:2235 android.view.ViewRootImpl.access$1200:303
04-17 18:01:32.306  4929  4929 D SurfaceFlinger: Display 0 HWC layers:
04-17 18:01:32.306  4929  4929 D SurfaceFlinger:      DEVICE | 0x716f176900 | 0102 | RGBA_8888    |    0.0    0.0 1080.0 2340.0 |    0    0 1080 2340 | com.myapp.alist/com.myapp.alist.ui.MainActivity$_24018#0
04-17 18:01:32.306  4929  4929 D SurfaceFlinger:      DEVICE | 0x716f177080 | 0100 | RGBA_8888    |    0.0    0.0  504.0 1428.0 |  492  672  996 2100 | PopupWindow:8885500$_24018#0
04-17 18:01:32.306  4929  4929 D SurfaceFlinger:      DEVICE | 0x71a58be580 | 0100 | RGBA_8888    |    0.0    0.0 1080.0   78.0 |    0    0 1080   78 | StatusBar$_5598#0
04-17 18:01:32.306  4929  4929 D SurfaceFlinger:      DEVICE | 0x716f175500 | 0100 | RGBA_8888    |    0.0    0.0   67.0  362.0 | 1013 1637 1080 1999 | com.samsung.android.app.cocktailbars[...]arservice.CocktailBarService$_7578#0
04-17 18:01:32.306  4929  4929 D SurfaceFlinger:      DEVICE | 0x716f176680 | 0100 | RGBA_8888    |    0.0    0.0 1080.0  126.0 |    0 2214 1080 2340 | NavigationBar0$_5598#0
04-17 18:01:32.306  4929  4929 D SurfaceFlinger:      DEVICE | 0x7170160d40 | 0140 | RGBA_8888    |    0.0    0.0 1080.0  151.0 |    0    0 1080  151 | ScreenDecorOverlay$_5598#0
04-17 18:01:32.306  4929  4929 D SurfaceFlinger:      DEVICE | 0x71a3dca740 | 0140 | RGBA_8888    |    0.0    0.0 1080.0  151.0 |    0 2189 1080 2340 | ScreenDecorOverlayBottom$_5598#0
04-17 18:01:32.306  4929  4929 D SurfaceFlinger:
04-17 18:01:32.307 24018 24018 I ViewRootImpl@dc4bce3[MainActivity]: MSG_WINDOW_FOCUS_CHANGED 0 1
04-17 18:01:32.313 24018 24018 D ViewRootImpl@9f26139[PopupWindow:8885500]: Creating frameDrawingCallback nextDrawUseBlastSync=false reportNextDraw=true hasBlurUpdates=false
04-17 18:01:32.313 24018 24018 D ViewRootImpl@9f26139[PopupWindow:8885500]: Creating frameCompleteCallback
04-17 18:01:32.314  4929  4929 E SurfaceFlinger: Attempt to update InputPolicyFlags without permission ACCESS_SURFACE_FLINGER
04-17 18:01:32.314  4929  4929 I Layer   : id=6792 Destroyed 65777b7 PopupWindow:15f56ff#0
04-17 18:01:32.316 24018 24077 D ViewRootImpl@9f26139[PopupWindow:8885500]: Received frameDrawingCallback frameNum=2. Creating transactionCompleteCallback=false
04-17 18:01:32.322 24018 24051 D ViewRootImpl@9f26139[PopupWindow:8885500]: Received frameCompleteCallback  lastAcquiredFrameNum=2 lastAttemptedDrawFrameNum=2
04-17 18:01:32.330  4929  4929 E SurfaceFlinger: Attempt to update InputPolicyFlags without permission ACCESS_SURFACE_FLINGER
04-17 18:01:32.330  4929  4929 E SurfaceFlinger: Attempt to update InputPolicyFlags without permission ACCESS_SURFACE_FLINGER
04-17 18:01:32.332 24018 24018 I ViewRootImpl@9f26139[PopupWindow:8885500]: [DP] pdf(0) 0 android.view.ViewRootImpl.lambda$addFrameCompleteCallbackIfNeeded$3$ViewRootImpl:5000 android.view.ViewRootImpl$$ExternalSyntheticLambda16.run:6 android.os.Handler.handleCallback:938
04-17 18:01:32.332 24018 24018 I ViewRootImpl@9f26139[PopupWindow:8885500]: [DP] rdf()
04-17 18:01:32.332 24018 24018 D ViewRootImpl@9f26139[PopupWindow:8885500]: reportDrawFinished (fn: -1)
04-17 18:01:32.334 24018 24018 I ViewRootImpl@9f26139[PopupWindow:8885500]: MSG_WINDOW_FOCUS_CHANGED 1 1
04-17 18:01:32.347  4929  4929 E SurfaceFlinger: Attempt to update InputPolicyFlags without permission ACCESS_SURFACE_FLINGER
04-17 18:01:32.347  4929  4929 E SurfaceFlinger: Attempt to update InputPolicyFlags without permission ACCESS_SURFACE_FLINGER
04-17 18:01:32.364  4929  4929 E SurfaceFlinger: Attempt to update InputPolicyFlags without permission ACCESS_SURFACE_FLINGER
04-17 18:01:32.364  4929  4929 E SurfaceFlinger: Attempt to update InputPolicyFlags without permission ACCESS_SURFACE_FLINGER
04-17 18:01:32.380  4929  4929 E SurfaceFlinger: Attempt to update InputPolicyFlags without permission ACCESS_SURFACE_FLINGER
04-17 18:01:32.381  4929  4929 E SurfaceFlinger: Attempt to update InputPolicyFlags without permission ACCESS_SURFACE_FLINGER
04-17 18:01:32.397  4929  4929 E SurfaceFlinger: Attempt to update InputPolicyFlags without permission ACCESS_SURFACE_FLINGER
04-17 18:01:32.397  4929  4929 E SurfaceFlinger: Attempt to update InputPolicyFlags without permission ACCESS_SURFACE_FLINGER
04-17 18:01:32.414  4929  4929 E SurfaceFlinger: Attempt to update InputPolicyFlags without permission ACCESS_SURFACE_FLINGER
04-17 18:01:32.414  4929  4929 E SurfaceFlinger: Attempt to update InputPolicyFlags without permission ACCESS_SURFACE_FLINGER
04-17 18:01:32.431  4929  4929 E SurfaceFlinger: Attempt to update InputPolicyFlags without permission ACCESS_SURFACE_FLINGER
04-17 18:01:32.431  4929  4929 E SurfaceFlinger: Attempt to update InputPolicyFlags without permission ACCESS_SURFACE_FLINGER
04-17 18:01:32.447  4929  4929 E SurfaceFlinger: Attempt to update InputPolicyFlags without permission ACCESS_SURFACE_FLINGER
04-17 18:01:32.448  4929  4929 E SurfaceFlinger: Attempt to update InputPolicyFlags without permission ACCESS_SURFACE_FLINGER
04-17 18:01:32.464  4929  4929 E SurfaceFlinger: Attempt to update InputPolicyFlags without permission ACCESS_SURFACE_FLINGER
04-17 18:01:32.496 24018 24026 I com.myapp.alis: Compiler allocated 4564KB to compile void android.view.ViewRootImpl.performTraversals()
04-17 18:01:32.570 24018 24018 I ViewInteraction: Performing 'load adapter data' action on view is assignable from class <class android.widget.AdapterView>
04-17 18:01:32.596 24018 24018 I ViewInteraction: Performing 'single click' action on view  displaying data matching: (is an instance of java.lang.String and is "Current") within adapter view matching: is assignable from class <class android.widget.AdapterView>
04-17 18:01:32.598  4929  4929 E SurfaceFlinger: Attempt to update InputPolicyFlags without permission ACCESS_SURFACE_FLINGER
04-17 18:01:32.601  5274  7487 D ApplicationPolicy: isStatusBarNotificationAllowedAsUser: packageName = com.wsandroid.suite,userId = 0
04-17 18:01:32.602  5274  7487 D ApplicationPolicy: isStatusBarNotificationAllowedAsUser: packageName = com.wsandroid.suite,userId = 0
04-17 18:01:32.604  5274  7486 D InputDispatcher: Inject motion (24018): action=0x0, time=10531115000000, f=0x0, d=0
04-17 18:01:32.605  5274  5414 I InputDispatcher: Delivering touch to (5598): action: 0x4, f=0x0, d=0, '175e94d', t=0
04-17 18:01:32.605  5274  5414 I InputDispatcher: Delivering touch to (24018): action: 0x0, f=0x0, d=0, 'f886554', t=0 +(-576,-756)
04-17 18:01:32.606 24018 24018 I ViewRootImpl@9f26139[PopupWindow:8885500]: ViewPostIme pointer 0
04-17 18:01:32.607  5274  5294 I GestureDetector: obtain mCurrentDownEvent. id: -738747601 caller: com.android.server.wm.SystemGesturesPointerEventListener.onPointerEvent:179 com.android.server.wm.PointerEventDispatcher.onInputEvent:71 android.view.InputEventReceiver.dispatchInputEvent:259
04-17 18:01:32.608  5274  5294 I GestureDetector: obtain mCurrentDownEvent. id: -738747601 caller: com.android.server.wm.SystemPerformancePointerEventListener.onPointerEvent:89 com.android.server.wm.PointerEventDispatcher.onInputEvent:71 android.view.InputEventReceiver.dispatchInputEvent:259
04-17 18:01:32.643  5274  7486 D InputDispatcher: Inject motion (24018): action=0x1, time=10531158000000, f=0x0, d=0
04-17 18:01:32.644  5274  5414 I InputDispatcher: Delivering touch to (24018): action: 0x1, f=0x0, d=0, 'f886554', t=0 +(-576,-756)
04-17 18:01:32.645 24018 24018 I ViewRootImpl@9f26139[PopupWindow:8885500]: ViewPostIme pointer 1
04-17 18:01:32.645  5274  5294 I GestureDetector: obtain mCurrentMotionEventRaw. action: 1 id: -1025815859
04-17 18:01:32.646  5274  5294 I GestureDetector: obtain mCurrentMotionEventRaw. action: 1 id: -1025815859
04-17 18:01:32.646 24018 24018 D AbsListView: onTouchUp() mTouchMode : 0
04-17 18:01:32.681  4929  4929 E SurfaceFlinger: Attempt to update InputPolicyFlags without permission ACCESS_SURFACE_FLINGER
04-17 18:01:32.698  4929  4929 E SurfaceFlinger: Attempt to update InputPolicyFlags without permission ACCESS_SURFACE_FLINGER
04-17 18:01:32.714  4929  4929 E SurfaceFlinger: Attempt to update InputPolicyFlags without permission ACCESS_SURFACE_FLINGER
04-17 18:01:32.737  5274  7486 V WindowManager: Relayout Window{f886554 u0 PopupWindow:8885500}: viewVisibility=0 req=336x1260 d0
04-17 18:01:32.746  4929  6292 I SurfaceFlinger: id=6802 createSurf (0x0),-1 flag=24000, Surface(name=827a6a6 StatusBar)/@0x26f0a66 - animation-leash of insets_animation#0
04-17 18:01:32.748  4929  6292 I SurfaceFlinger: id=6803 createSurf (0x0),-1 flag=24000, Surface(name=175e94d NavigationBar0)/@0xef769fd - animation-leash of insets_animation#0
04-17 18:01:32.755  5274  7486 V WindowManager: Relayout hash=f886554, pid=24018: mAttrs={(576,756)(336x1260) gr=TOP START CENTER DISPLAY_CLIP_VERTICAL sim={state=unchanged adjust=pan} ty=APPLICATION_SUB_PANEL fmt=TRANSLUCENT surfaceInsets=Rect(84, 84 - 84, 84) (manual)
04-17 18:01:32.755  5274  7486 V WindowManager:   fl=41840218
04-17 18:01:32.755  5274  7486 V WindowManager:   pfl=42018000
04-17 18:01:32.755  5274  7486 V WindowManager:   bhv=DEFAULT
04-17 18:01:32.755  5274  7486 V WindowManager:   fitTypes=STATUS_BARS NAVIGATION_BARS CAPTION_BAR naviIconColor=0
04-17 18:01:32.755  5274  7486 V WindowManager:   sfl=20000}
04-17 18:01:32.760 24018 24018 I ViewRootImpl@9f26139[PopupWindow:8885500]: Relayout returned: old=(576,756,912,2016) new=(576,756,912,2016) req=(336,1260)0 dur=24 res=0x1 s={true 486829539328} ch=false fn=15
04-17 18:01:32.782  4929  4929 I Layer   : id=6799 removeFromCurrentState Surface(name=827a6a6 StatusBar)/@0x26f0a66 - animation-leash of insets_animation#1 (105)
04-17 18:01:32.782  4929  4929 I Layer   : id=6800 removeFromCurrentState Surface(name=175e94d NavigationBar0)/@0xef769fd - animation-leash of insets_animation#1 (105)
04-17 18:01:32.782  4929  4929 E SurfaceFlinger: Attempt to update InputPolicyFlags without permission ACCESS_SURFACE_FLINGER
04-17 18:01:32.782  4929  4929 I SurfaceFlinger: id=6799 Removed Surface(name=827a6a6 StatusBar)/@0x26f0a66 - animation-leash of insets_animation#1 (105)
04-17 18:01:32.782  4929  4929 I SurfaceFlinger: id=6800 Removed Surface(name=175e94d NavigationBar0)/@0xef769fd - animation-leash of insets_animation#1 (105)
04-17 18:01:32.783  4929  4929 I Layer   : id=6799 Destroyed Surface(name=827a6a6 StatusBar)/@0x26f0a66 - animation-leash of insets_animation#1
04-17 18:01:32.783  4929  4929 I Layer   : id=6800 Destroyed Surface(name=175e94d NavigationBar0)/@0xef769fd - animation-leash of insets_animation#1
04-17 18:01:32.784  5274  7486 D InputDispatcher: Focus left window (0): f886554 PopupWindow:8885500
04-17 18:01:32.785  5274  7486 D InputDispatcher: Focus entered window (0): 7a5389d com.myapp.alist/com.myapp.alist.ui.MainActivity
04-17 18:01:32.798  4929  4929 E SurfaceFlinger: Attempt to update InputPolicyFlags without permission ACCESS_SURFACE_FLINGER
04-17 18:01:32.801 24018 24018 D InsetsSourceConsumer: ensureControlAlpha: for ITYPE_NAVIGATION_BAR on com.myapp.alist/com.myapp.alist.ui.MainActivity
04-17 18:01:32.803 24018 24018 D InsetsSourceConsumer: ensureControlAlpha: for ITYPE_STATUS_BAR on com.myapp.alist/com.myapp.alist.ui.MainActivity
04-17 18:01:32.809 24018 24018 I ViewRootImpl@9f26139[PopupWindow:8885500]: MSG_WINDOW_FOCUS_CHANGED 0 1
04-17 18:01:32.810 24018 24018 I ViewRootImpl@dc4bce3[MainActivity]: MSG_WINDOW_FOCUS_CHANGED 1 1
04-17 18:01:32.813 24018 24018 I InputMethodManager: startInputAsyncOnWindowFocusGain - mService.startInputOrWindowGainedFocus
04-17 18:01:32.815  4929  4929 E SurfaceFlinger: Attempt to update InputPolicyFlags without permission ACCESS_SURFACE_FLINGER
04-17 18:01:32.823  7578  7578 I Edge.badge: updateBadge item = com.wsandroid.suite:0 1
04-17 18:01:32.825  6034  6034 I Launcher.NotificationListener: onNotificationPosted : com.wsandroid.suite number : 0
04-17 18:01:32.826  6034  6187 I Launcher.NotificationListener: notificationIsValidForUI : com.wsandroid.suite missingTitleAndText : false isGroupHeader : false
04-17 18:01:32.832  4929  4929 E SurfaceFlinger: Attempt to update InputPolicyFlags without permission ACCESS_SURFACE_FLINGER
04-17 18:01:32.832  5598  5598 D InterruptionStateProvider: No bubble up: not allowed to bubble: 0|com.wsandroid.suite|189024081|null|10225
04-17 18:01:32.835  5598  5598 D InterruptionStateProvider:  no Heads up : edgelighting enabled app. 0|com.wsandroid.suite|189024081|null|10225
04-17 18:01:32.848  4929  4929 E SurfaceFlinger: Attempt to update InputPolicyFlags without permission ACCESS_SURFACE_FLINGER
04-17 18:01:32.848  4929  4929 E SurfaceFlinger: Attempt to update InputPolicyFlags without permission ACCESS_SURFACE_FLINGER
04-17 18:01:32.854  5598  5685 D PeopleSpaceWidgetMgr: Sbn doesn't contain valid PeopleTileKey: null/0/com.wsandroid.suite
04-17 18:01:32.863  5598  5598 D QS      : setQSExpansion 0.0 -108.325
04-17 18:01:32.863  5598  5598 D QS      : setQSExpansion 0.0 -108.325
04-17 18:01:32.867  5598  5598 D IndicatorGardenInputProperty: updateRotation() prv:-1 >> new:0
04-17 18:01:32.867  5598  5598 D DeviceState: getDeviceResolutionPixelSize - currentDensity = 420 deviceDensity = 420 initialDisplaySizeFactor = 1080 currentDisplaySizeFactor = 1080 initialDisplayDensity = 420 proportionalDensity = 420 proportionalPixel = 0
04-17 18:01:32.867  5598  5598 D DeviceState: getDeviceResolutionPixelSize - currentDensity = 420 deviceDensity = 420 initialDisplaySizeFactor = 1080 currentDisplaySizeFactor = 1080 initialDisplayDensity = 420 proportionalDensity = 420 proportionalPixel = 0
04-17 18:01:32.867  5598  5598 D DeviceState: getDeviceResolutionPixelSize - currentDensity = 420 deviceDensity = 420 initialDisplaySizeFactor = 1080 currentDisplaySizeFactor = 1080 initialDisplayDensity = 420 proportionalDensity = 420 proportionalPixel = 0
04-17 18:01:32.867  5598  5598 E IndicatorGardenAlgorithmBasicCutout: NOT MATCH !!!! resourceHeight:78, cutoutHeight:83 ([IndicatorGardenInputProperty]  Rotation(0-0,90-1,180-2,270-3)0, Density:2.625, ScreenWidthSize:1080, CoverSidePadding:0, mIndicatorGardenCenterOffset:11, mCameraCutoutCropSize:80, mGardenPaddingStart:21, mIndicatorCornerPadding:0, mCameraSidePadding:0, mCameraTopMargin:0, DpCutout:DisplayCutout{insets=Rect(0, 83 - 0, 0) waterfall=Insets{left=0, top=0, right=0, bottom=0} boundingRect={Bounds=[Rect(0, 0 - 0, 0), Rect(443, 0 - 637, 83), Rect(0, 0 - 0, 0), Rect(0, 0 - 0, 0)]} cutoutPathParserInfo={CutoutPathParserInfo{displayWidth=1080 displayHeight=2340 density={2.625} cutoutSpec={M36.95,0C26.35,0,24.15,3.8,23.15,9.8 l-0.1,0.7c-1.7,9.6-9.3,17.2-18.9,18.9c-12.7,2.2-24.8-6.2-27-18.9 c0,0-0.1-0.7-0.1-0.7C-24.15,3.8,-26.25,0,-36.95,0Z @dp} rotation={0} scale={1.0}}}})
04-17 18:01:32.868  5598  5598 E IndicatorGardenAlgorithmBasicCutout: NOT MATCH !!!! resourceHeight:78, cutoutHeight:83 ([IndicatorGardenInputProperty]  Rotation(0-0,90-1,180-2,270-3)0, Density:2.625, ScreenWidthSize:1080, CoverSidePadding:0, mIndicatorGardenCenterOffset:11, mCameraCutoutCropSize:80, mGardenPaddingStart:21, mIndicatorCornerPadding:0, mCameraSidePadding:0, mCameraTopMargin:0, DpCutout:DisplayCutout{insets=Rect(0, 83 - 0, 0) waterfall=Insets{left=0, top=0, right=0, bottom=0} boundingRect={Bounds=[Rect(0, 0 - 0, 0), Rect(443, 0 - 637, 83), Rect(0, 0 - 0, 0), Rect(0, 0 - 0, 0)]} cutoutPathParserInfo={CutoutPathParserInfo{displayWidth=1080 displayHeight=2340 density={2.625} cutoutSpec={M36.95,0C26.35,0,24.15,3.8,23.15,9.8 l-0.1,0.7c-1.7,9.6-9.3,17.2-18.9,18.9c-12.7,2.2-24.8-6.2-27-18.9 c0,0-0.1-0.7-0.1-0.7C-24.15,3.8,-26.25,0,-36.95,0Z @dp} rotation={0} scale={1.0}}}})
